[2026-10-05T12:06:21Z] job=sf30-q1-controls session=macroflow3d-SF-30-sf30-q1-controls started
[2026-10-05T12:06:21Z] GPU=0 (CUDA_VISIBLE_DEVICES=0, request=auto)
[2026-10-05T12:06:21Z] cwd=/home/sesquerre/MacroFlow3D-SF-30
[2026-10-05T12:06:21Z] command=set -e; G=./build/v100-release/closure_gate; O=output_sf30/q1; for N in 64 128 256; do for F in lester2021:1 lester_brk:1 control2d:1 two_mode:0.5 generic3d:0.5; do f=${F%%:*}; e=${F##*:}; echo "### probe16 $f eps=$e N=$N"; $G --field $f --eps $e --n $N --pcg-rtol 1e-12 --seeds-file output_sf30/probe_seeds16.csv --tols 1e-6,1e-8,1e-10,1e-12 --working-tol 1e-10 --out $O/p16_${f}_$N; echo "### s1024 $f eps=$e N=$N"; $G --field $f --eps $e --n $N --pcg-rtol 1e-12 --out $O/s1024_${f}_$N; cat $O/s1024_${f}_$N/timing.json | tr -d "\n"; echo; done; done
### probe16 lester2021 eps=1 N=64
command: ./build/v100-release/closure_gate --field lester2021 --eps 1 --n 64 --pcg-rtol 1e-12 --seeds-file output_sf30/probe_seeds16.csv --tols 1e-6,1e-8,1e-10,1e-12 --working-tol 1e-10 --out output_sf30/q1/p16_lester2021_64
closure_gate: field=lester2021 grid=64^3 h=0.015625 eps=1 seeds=16 threads=32
  Y: mean=1.844150e-19 var=1.650000e-01 min=-1.331119e+00 max=1.331119e+00
  Darcy: mg_levels=5 (coarsest 4^3) pcg_rtol=1.0e-12 max_iter=1000 iterations=(10,10,10) rel_res=(2.71e-13,3.71e-13,3.93e-13) converged=yes
  G=(9.6442016596e-01, -1.6931771094e-20, 1.5109055484e-20) mean_flux=(1.000e+00, 1.486e-20, 6.480e-20) div_max=6.15e-12
  spline gpu-vs-host prefilter rel=4.33e-15  g: min_g1=6.4175e-01 min|g|=6.4175e-01 max|g|=1.2927e+00 backflow_fraction=0.0000e+00 v_rms=1.0585e+00
  tol=1e-06  ok=16/16 (seed_backflow=0, non_ok_fraction=0.000e+00, ok_with_backflow=0) nfev/streamline-period=409.9
    n=1: R=8.3017e-09 mean=(1.4591e-09, 4.9502e-10) max|d|=1.7993e-08 rms|d|=8.4434e-09 | flux-weighted: R=8.3591e-09 mean=(1.4535e-09, 4.4417e-10) <tau>_w=1.0090926235
    ladder vs 1e-12 at n=1: max=1.803e-08 rms=8.450e-09 (both_ok=16, status_differs=0)
  tol=1e-08  ok=16/16 (seed_backflow=0, non_ok_fraction=0.000e+00, ok_with_backflow=0) nfev/streamline-period=409.9
    n=1: R=8.3017e-09 mean=(1.4591e-09, 4.9502e-10) max|d|=1.7993e-08 rms|d|=8.4434e-09 | flux-weighted: R=8.3591e-09 mean=(1.4535e-09, 4.4417e-10) <tau>_w=1.0090926235
    ladder vs 1e-12 at n=1: max=1.803e-08 rms=8.450e-09 (both_ok=16, status_differs=0)
  tol=1e-10  ok=16/16 (seed_backflow=0, non_ok_fraction=0.000e+00, ok_with_backflow=0) nfev/streamline-period=444.0
    n=1: R=7.9965e-09 mean=(-9.9815e-10, -5.0142e-11) max|d|=1.3800e-08 rms|d|=8.0587e-09 | flux-weighted: R=7.9929e-09 mean=(-1.0080e-09, -2.8652e-11) <tau>_w=1.0090926054
    ladder vs 1e-12 at n=1: max=1.350e-08 rms=7.969e-09 (both_ok=16, status_differs=0)
  tol=1e-12  ok=16/16 (seed_backflow=0, non_ok_fraction=0.000e+00, ok_with_backflow=0) nfev/streamline-period=1606.1
    n=1: R=3.2515e-10 mean=(-5.9190e-11, 8.7815e-12) max|d|=6.3722e-10 rms|d|=3.3061e-10 | flux-weighted: R=3.2260e-10 mean=(-5.7078e-11, 9.6854e-12) <tau>_w=1.0090926195
  round trip (tol=1e-10): eligible=16 backward_ok=16 max=2.996e-08 rms=1.280e-08
  outputs: output_sf30/q1/p16_lester2021_64/{summary.json,streamlines.csv,timing.json}  wall 1.12 s
### s1024 lester2021 eps=1 N=64
command: ./build/v100-release/closure_gate --field lester2021 --eps 1 --n 64 --pcg-rtol 1e-12 --out output_sf30/q1/s1024_lester2021_64
closure_gate: field=lester2021 grid=64^3 h=0.015625 eps=1 seeds=1024 threads=32
  Y: mean=1.844150e-19 var=1.650000e-01 min=-1.331119e+00 max=1.331119e+00
  Darcy: mg_levels=5 (coarsest 4^3) pcg_rtol=1.0e-12 max_iter=1000 iterations=(10,10,10) rel_res=(2.71e-13,3.71e-13,3.93e-13) converged=yes
  G=(9.6442016596e-01, -1.6931771094e-20, 1.5109055484e-20) mean_flux=(1.000e+00, 1.486e-20, 6.480e-20) div_max=6.15e-12
  spline gpu-vs-host prefilter rel=4.33e-15  g: min_g1=6.4175e-01 min|g|=6.4175e-01 max|g|=1.2927e+00 backflow_fraction=0.0000e+00 v_rms=1.0585e+00
  tol=1e-06  ok=1024/1024 (seed_backflow=0, non_ok_fraction=0.000e+00, ok_with_backflow=0) nfev/streamline-period=409.4
    n=1: R=7.2083e-09 mean=(6.1730e-12, 2.7928e-10) max|d|=3.3291e-08 rms|d|=7.2137e-09 | flux-weighted: R=7.2402e-09 mean=(7.2678e-12, 2.8088e-10) <tau>_w=1.0046159332
    ladder vs 1e-10 at n=1: max=4.965e-08 rms=1.126e-08 (both_ok=1024, status_differs=0)
  tol=1e-08  ok=1024/1024 (seed_backflow=0, non_ok_fraction=0.000e+00, ok_with_backflow=0) nfev/streamline-period=409.4
    n=1: R=7.2083e-09 mean=(6.1730e-12, 2.7928e-10) max|d|=3.3291e-08 rms|d|=7.2137e-09 | flux-weighted: R=7.2402e-09 mean=(7.2678e-12, 2.8088e-10) <tau>_w=1.0046159332
    ladder vs 1e-10 at n=1: max=4.965e-08 rms=1.126e-08 (both_ok=1024, status_differs=0)
  tol=1e-10  ok=1024/1024 (seed_backflow=0, non_ok_fraction=0.000e+00, ok_with_backflow=0) nfev/streamline-period=438.6
    n=1: R=7.4074e-09 mean=(3.8748e-10, -1.4034e-10) max|d|=2.4528e-08 rms|d|=7.4188e-09 | flux-weighted: R=7.4082e-09 mean=(3.8505e-10, -1.3544e-10) <tau>_w=1.0046159207
  round trip (tol=1e-08): eligible=1024 backward_ok=1024 max=7.495e-08 rms=8.566e-09
  outputs: output_sf30/q1/s1024_lester2021_64/{summary.json,streamlines.csv,timing.json}  wall 1.18 s
{  "schema_version": "sf30-closure-gate-timing-1",  "threads": 32,  "host": "localhost.localdomain",  "field_s": 0.026880965,  "darcy_s": 1.03113996,  "splines_s": 0.057958215,  "diagnostics_s": 0.010906038999999999,  "tolerances": [    {      "tol": 9.9999999999999995e-07,      "seconds": 0.01713228    },    {      "tol": 1e-08,      "seconds": 0.013977369    },    {      "tol": 1e-10,      "seconds": 0.013700831    }  ],  "round_trip_s": 0.011904968,  "total_s": 1.184330283}
### probe16 lester_brk eps=1 N=64
command: ./build/v100-release/closure_gate --field lester_brk --eps 1 --n 64 --pcg-rtol 1e-12 --seeds-file output_sf30/probe_seeds16.csv --tols 1e-6,1e-8,1e-10,1e-12 --working-tol 1e-10 --out output_sf30/q1/p16_lester_brk_64
closure_gate: field=lester_brk grid=64^3 h=0.015625 eps=1 seeds=16 threads=32
  Y: mean=1.163082e-19 var=1.650000e-01 min=-1.223455e+00 max=1.223455e+00
  Darcy: mg_levels=5 (coarsest 4^3) pcg_rtol=1.0e-12 max_iter=1000 iterations=(10,10,10) rel_res=(4.43e-13,3.77e-13,3.46e-13) converged=yes
  G=(9.6378116830e-01, -2.9824446611e-20, 5.3392825115e-21) mean_flux=(1.000e+00, -1.863e-20, -3.780e-20) div_max=9.29e-12
  spline gpu-vs-host prefilter rel=3.87e-15  g: min_g1=6.5992e-01 min|g|=6.6046e-01 max|g|=1.3165e+00 backflow_fraction=0.0000e+00 v_rms=1.0587e+00
  tol=1e-06  ok=16/16 (seed_backflow=0, non_ok_fraction=0.000e+00, ok_with_backflow=0) nfev/streamline-period=409.9
    n=1: R=8.7894e-03 mean=(-2.0579e-03, -4.6860e-04) max|d|=1.5466e-02 rms|d|=9.0393e-03 | flux-weighted: R=8.3868e-03 mean=(-2.3543e-03, -4.5878e-04) <tau>_w=1.0165971696
    ladder vs 1e-12 at n=1: max=1.540e-08 rms=5.619e-09 (both_ok=16, status_differs=0)
  tol=1e-08  ok=16/16 (seed_backflow=0, non_ok_fraction=0.000e+00, ok_with_backflow=0) nfev/streamline-period=409.9
    n=1: R=8.7894e-03 mean=(-2.0579e-03, -4.6860e-04) max|d|=1.5466e-02 rms|d|=9.0393e-03 | flux-weighted: R=8.3868e-03 mean=(-2.3543e-03, -4.5878e-04) <tau>_w=1.0165971696
    ladder vs 1e-12 at n=1: max=1.540e-08 rms=5.619e-09 (both_ok=16, status_differs=0)
  tol=1e-10  ok=16/16 (seed_backflow=0, non_ok_fraction=0.000e+00, ok_with_backflow=0) nfev/streamline-period=437.6
    n=1: R=8.7894e-03 mean=(-2.0579e-03, -4.6860e-04) max|d|=1.5466e-02 rms|d|=9.0393e-03 | flux-weighted: R=8.3868e-03 mean=(-2.3543e-03, -4.5878e-04) <tau>_w=1.0165971945
    ladder vs 1e-12 at n=1: max=7.193e-09 rms=4.146e-09 (both_ok=16, status_differs=0)
  tol=1e-12  ok=16/16 (seed_backflow=0, non_ok_fraction=0.000e+00, ok_with_backflow=0) nfev/streamline-period=1554.8
    n=1: R=8.7894e-03 mean=(-2.0579e-03, -4.6860e-04) max|d|=1.5466e-02 rms|d|=9.0393e-03 | flux-weighted: R=8.3868e-03 mean=(-2.3543e-03, -4.5878e-04) <tau>_w=1.0165971752
  round trip (tol=1e-10): eligible=16 backward_ok=16 max=1.059e-08 rms=6.570e-09
  outputs: output_sf30/q1/p16_lester_brk_64/{summary.json,streamlines.csv,timing.json}  wall 1.13 s
### s1024 lester_brk eps=1 N=64
command: ./build/v100-release/closure_gate --field lester_brk --eps 1 --n 64 --pcg-rtol 1e-12 --out output_sf30/q1/s1024_lester_brk_64
closure_gate: field=lester_brk grid=64^3 h=0.015625 eps=1 seeds=1024 threads=32
  Y: mean=1.163082e-19 var=1.650000e-01 min=-1.223455e+00 max=1.223455e+00
  Darcy: mg_levels=5 (coarsest 4^3) pcg_rtol=1.0e-12 max_iter=1000 iterations=(10,10,10) rel_res=(4.43e-13,3.77e-13,3.46e-13) converged=yes
  G=(9.6378116830e-01, -2.9824446611e-20, 5.3392825115e-21) mean_flux=(1.000e+00, -1.863e-20, -3.780e-20) div_max=9.29e-12
  spline gpu-vs-host prefilter rel=3.87e-15  g: min_g1=6.5992e-01 min|g|=6.6046e-01 max|g|=1.3165e+00 backflow_fraction=0.0000e+00 v_rms=1.0587e+00
  tol=1e-06  ok=1024/1024 (seed_backflow=0, non_ok_fraction=0.000e+00, ok_with_backflow=0) nfev/streamline-period=409.7
    n=1: R=9.4948e-03 mean=(-1.4620e-04, -2.4381e-05) max|d|=2.4633e-02 rms|d|=9.4959e-03 | flux-weighted: R=9.4846e-03 mean=(-2.0974e-04, -3.3265e-06) <tau>_w=1.0046608744
    ladder vs 1e-10 at n=1: max=3.811e-08 rms=9.125e-09 (both_ok=1024, status_differs=0)
  tol=1e-08  ok=1024/1024 (seed_backflow=0, non_ok_fraction=0.000e+00, ok_with_backflow=0) nfev/streamline-period=409.7
    n=1: R=9.4948e-03 mean=(-1.4620e-04, -2.4381e-05) max|d|=2.4633e-02 rms|d|=9.4959e-03 | flux-weighted: R=9.4846e-03 mean=(-2.0974e-04, -3.3265e-06) <tau>_w=1.0046608744
    ladder vs 1e-10 at n=1: max=3.811e-08 rms=9.125e-09 (both_ok=1024, status_differs=0)
  tol=1e-10  ok=1024/1024 (seed_backflow=0, non_ok_fraction=0.000e+00, ok_with_backflow=0) nfev/streamline-period=433.2
    n=1: R=9.4948e-03 mean=(-1.4620e-04, -2.4381e-05) max|d|=2.4633e-02 rms|d|=9.4960e-03 | flux-weighted: R=9.4846e-03 mean=(-2.0974e-04, -3.3260e-06) <tau>_w=1.0046608819
  round trip (tol=1e-08): eligible=1024 backward_ok=1024 max=5.490e-08 rms=8.156e-09
  outputs: output_sf30/q1/s1024_lester_brk_64/{summary.json,streamlines.csv,timing.json}  wall 1.17 s
{  "schema_version": "sf30-closure-gate-timing-1",  "threads": 32,  "host": "localhost.localdomain",  "field_s": 0.030666981999999999,  "darcy_s": 1.01450784,  "splines_s": 0.057987326999999998,  "diagnostics_s": 0.010532566,  "tolerances": [    {      "tol": 9.9999999999999995e-07,      "seconds": 0.016191436999999999    },    {      "tol": 1e-08,      "seconds": 0.013992798000000001    },    {      "tol": 1e-10,      "seconds": 0.013576337000000001    }  ],  "round_trip_s": 0.01198785,  "total_s": 1.170187141}
### probe16 control2d eps=1 N=64
command: ./build/v100-release/closure_gate --field control2d --eps 1 --n 64 --pcg-rtol 1e-12 --seeds-file output_sf30/probe_seeds16.csv --tols 1e-6,1e-8,1e-10,1e-12 --working-tol 1e-10 --out output_sf30/q1/p16_control2d_64
closure_gate: field=control2d grid=64^3 h=0.015625 eps=1 seeds=16 threads=32
  Y: mean=7.962110e-20 var=9.450000e-01 min=-2.265103e+00 max=2.265103e+00
  Darcy: mg_levels=5 (coarsest 4^3) pcg_rtol=1.0e-12 max_iter=1000 iterations=(20,20,0) rel_res=(1.69e-14,3.13e-14,0.00e+00) converged=yes
  G=(1.0256998762e+00, 1.0027594147e-01, -4.9813177700e-34) mean_flux=(1.000e+00, 4.532e-16, -6.500e-34) div_max=3.52e-12
  spline gpu-vs-host prefilter rel=3.16e-15  g: min_g1=2.3247e-01 min|g|=2.3838e-01 max|g|=2.6343e+00 backflow_fraction=0.0000e+00 v_rms=1.1914e+00
  tol=1e-06  ok=16/16 (seed_backflow=0, non_ok_fraction=0.000e+00, ok_with_backflow=0) nfev/streamline-period=429.4
    n=1: R=7.1037e-04 mean=(-7.9302e-04, -2.3039e-19) max|d|=1.9684e-03 rms|d|=1.0647e-03 | flux-weighted: R=4.8243e-04 mean=(-4.4912e-04, -5.1567e-17) <tau>_w=1.0841052241
    ladder vs 1e-12 at n=1: max=2.695e-07 rms=1.129e-07 (both_ok=16, status_differs=0)
  tol=1e-08  ok=16/16 (seed_backflow=0, non_ok_fraction=0.000e+00, ok_with_backflow=0) nfev/streamline-period=429.8
    n=1: R=7.1035e-04 mean=(-7.9306e-04, -1.1289e-17) max|d|=1.9685e-03 rms|d|=1.0647e-03 | flux-weighted: R=4.8242e-04 mean=(-4.4915e-04, -7.5889e-17) <tau>_w=1.0841054335
    ladder vs 1e-12 at n=1: max=4.688e-07 rms=2.106e-07 (both_ok=16, status_differs=0)
  tol=1e-10  ok=16/16 (seed_backflow=0, non_ok_fraction=0.000e+00, ok_with_backflow=0) nfev/streamline-period=1259.2
    n=1: R=7.1029e-04 mean=(-7.9301e-04, 2.7512e-17) max|d|=1.9681e-03 rms|d|=1.0646e-03 | flux-weighted: R=4.8238e-04 mean=(-4.4915e-04, -8.1163e-17) <tau>_w=1.0841055262
    ladder vs 1e-12 at n=1: max=2.049e-07 rms=6.471e-08 (both_ok=16, status_differs=0)
  tol=1e-12  ok=16/16 (seed_backflow=0, non_ok_fraction=0.000e+00, ok_with_backflow=0) nfev/streamline-period=3012.4
    n=1: R=7.1029e-04 mean=(-7.9300e-04, 1.3241e-17) max|d|=1.9681e-03 rms|d|=1.0646e-03 | flux-weighted: R=4.8237e-04 mean=(-4.4915e-04, 1.1873e-18) <tau>_w=1.0841055720
  round trip (tol=1e-10): eligible=16 backward_ok=16 max=7.611e-08 rms=3.391e-08
  outputs: output_sf30/q1/p16_control2d_64/{summary.json,streamlines.csv,timing.json}  wall 1.46 s
### s1024 control2d eps=1 N=64
command: ./build/v100-release/closure_gate --field control2d --eps 1 --n 64 --pcg-rtol 1e-12 --out output_sf30/q1/s1024_control2d_64
closure_gate: field=control2d grid=64^3 h=0.015625 eps=1 seeds=1024 threads=32
  Y: mean=7.962110e-20 var=9.450000e-01 min=-2.265103e+00 max=2.265103e+00
  Darcy: mg_levels=5 (coarsest 4^3) pcg_rtol=1.0e-12 max_iter=1000 iterations=(20,20,0) rel_res=(1.69e-14,3.13e-14,0.00e+00) converged=yes
  G=(1.0256998762e+00, 1.0027594147e-01, -4.9813177700e-34) mean_flux=(1.000e+00, 4.532e-16, -6.500e-34) div_max=3.52e-12
  spline gpu-vs-host prefilter rel=3.16e-15  g: min_g1=2.3247e-01 min|g|=2.3838e-01 max|g|=2.6343e+00 backflow_fraction=0.0000e+00 v_rms=1.1914e+00
  tol=1e-06  ok=1024/1024 (seed_backflow=0, non_ok_fraction=0.000e+00, ok_with_backflow=0) nfev/streamline-period=431.1
    n=1: R=6.2503e-04 mean=(-6.3786e-04, -1.4160e-17) max|d|=1.9684e-03 rms|d|=8.9304e-04 | flux-weighted: R=4.0781e-04 mean=(-3.9616e-04, -1.2432e-17) <tau>_w=0.9964542367
    ladder vs 1e-10 at n=1: max=6.645e-07 rms=1.411e-07 (both_ok=1024, status_differs=0)
  tol=1e-08  ok=1024/1024 (seed_backflow=0, non_ok_fraction=0.000e+00, ok_with_backflow=0) nfev/streamline-period=431.3
    n=1: R=6.2500e-04 mean=(-6.3786e-04, -1.3700e-17) max|d|=1.9686e-03 rms|d|=8.9302e-04 | flux-weighted: R=4.0782e-04 mean=(-3.9614e-04, -8.4913e-18) <tau>_w=0.9964542081
    ladder vs 1e-10 at n=1: max=6.413e-07 rms=1.586e-07 (both_ok=1024, status_differs=0)
  tol=1e-10  ok=1024/1024 (seed_backflow=0, non_ok_fraction=0.000e+00, ok_with_backflow=0) nfev/streamline-period=1240.2
    n=1: R=6.2502e-04 mean=(-6.3785e-04, -1.2476e-17) max|d|=1.9682e-03 rms|d|=8.9303e-04 | flux-weighted: R=4.0782e-04 mean=(-3.9613e-04, -1.0416e-17) <tau>_w=0.9964541412
  round trip (tol=1e-08): eligible=1024 backward_ok=1024 max=6.861e-07 rms=1.901e-07
  outputs: output_sf30/q1/s1024_control2d_64/{summary.json,streamlines.csv,timing.json}  wall 1.55 s
{  "schema_version": "sf30-closure-gate-timing-1",  "threads": 32,  "host": "localhost.localdomain",  "field_s": 0.032104066000000001,  "darcy_s": 1.360996943,  "splines_s": 0.057296508000000003,  "diagnostics_s": 0.010558526,  "tolerances": [    {      "tol": 9.9999999999999995e-07,      "seconds": 0.019113132000000001    },    {      "tol": 1e-08,      "seconds": 0.017288437    },    {      "tol": 1e-10,      "seconds": 0.035474658999999999    }  ],  "round_trip_s": 0.012082911,  "total_s": 1.546615173}
### probe16 two_mode eps=0.5 N=64
command: ./build/v100-release/closure_gate --field two_mode --eps 0.5 --n 64 --pcg-rtol 1e-12 --seeds-file output_sf30/probe_seeds16.csv --tols 1e-6,1e-8,1e-10,1e-12 --working-tol 1e-10 --out output_sf30/q1/p16_two_mode_64
closure_gate: field=two_mode grid=64^3 h=0.015625 eps=0.5 seeds=16 threads=32
  Y: mean=3.049742e-18 var=2.500000e-01 min=-1.000000e+00 max=1.000000e+00
  Darcy: mg_levels=5 (coarsest 4^3) pcg_rtol=1.0e-12 max_iter=1000 iterations=(10,10,10) rel_res=(8.28e-14,1.43e-13,1.43e-13) converged=yes
  G=(1.0014221621e+00, 5.8365129577e-02, 5.8365129577e-02) mean_flux=(1.000e+00, -7.959e-17, 1.472e-17) div_max=3.54e-12
  spline gpu-vs-host prefilter rel=4.67e-15  g: min_g1=5.9238e-01 min|g|=6.2741e-01 max|g|=1.6952e+00 backflow_fraction=0.0000e+00 v_rms=1.0624e+00
  tol=1e-06  ok=16/16 (seed_backflow=0, non_ok_fraction=0.000e+00, ok_with_backflow=0) nfev/streamline-period=417.0
    n=1: R=2.8418e-02 mean=(-4.6169e-03, -5.2698e-03) max|d|=4.7939e-02 rms|d|=2.9269e-02 | flux-weighted: R=2.7685e-02 mean=(-3.9259e-03, -4.7611e-03) <tau>_w=1.0092410879
    ladder vs 1e-12 at n=1: max=1.657e-08 rms=7.538e-09 (both_ok=16, status_differs=0)
  tol=1e-08  ok=16/16 (seed_backflow=0, non_ok_fraction=0.000e+00, ok_with_backflow=0) nfev/streamline-period=417.0
    n=1: R=2.8418e-02 mean=(-4.6169e-03, -5.2698e-03) max|d|=4.7939e-02 rms|d|=2.9269e-02 | flux-weighted: R=2.7685e-02 mean=(-3.9259e-03, -4.7611e-03) <tau>_w=1.0092410879
    ladder vs 1e-12 at n=1: max=1.657e-08 rms=7.538e-09 (both_ok=16, status_differs=0)
  tol=1e-10  ok=16/16 (seed_backflow=0, non_ok_fraction=0.000e+00, ok_with_backflow=0) nfev/streamline-period=439.9
    n=1: R=2.8418e-02 mean=(-4.6169e-03, -5.2698e-03) max|d|=4.7939e-02 rms|d|=2.9269e-02 | flux-weighted: R=2.7685e-02 mean=(-3.9259e-03, -4.7611e-03) <tau>_w=1.0092410828
    ladder vs 1e-12 at n=1: max=1.341e-08 rms=6.486e-09 (both_ok=16, status_differs=0)
  tol=1e-12  ok=16/16 (seed_backflow=0, non_ok_fraction=0.000e+00, ok_with_backflow=0) nfev/streamline-period=1690.1
    n=1: R=2.8418e-02 mean=(-4.6169e-03, -5.2698e-03) max|d|=4.7939e-02 rms|d|=2.9269e-02 | flux-weighted: R=2.7685e-02 mean=(-3.9259e-03, -4.7611e-03) <tau>_w=1.0092410808
  round trip (tol=1e-10): eligible=16 backward_ok=16 max=1.669e-08 rms=9.153e-09
  outputs: output_sf30/q1/p16_two_mode_64/{summary.json,streamlines.csv,timing.json}  wall 1.16 s
### s1024 two_mode eps=0.5 N=64
command: ./build/v100-release/closure_gate --field two_mode --eps 0.5 --n 64 --pcg-rtol 1e-12 --out output_sf30/q1/s1024_two_mode_64
closure_gate: field=two_mode grid=64^3 h=0.015625 eps=0.5 seeds=1024 threads=32
  Y: mean=3.049742e-18 var=2.500000e-01 min=-1.000000e+00 max=1.000000e+00
  Darcy: mg_levels=5 (coarsest 4^3) pcg_rtol=1.0e-12 max_iter=1000 iterations=(10,10,10) rel_res=(8.28e-14,1.43e-13,1.43e-13) converged=yes
  G=(1.0014221621e+00, 5.8365129577e-02, 5.8365129577e-02) mean_flux=(1.000e+00, -7.959e-17, 1.472e-17) div_max=3.54e-12
  spline gpu-vs-host prefilter rel=4.67e-15  g: min_g1=5.9238e-01 min|g|=6.2741e-01 max|g|=1.6952e+00 backflow_fraction=0.0000e+00 v_rms=1.0624e+00
  tol=1e-06  ok=1024/1024 (seed_backflow=0, non_ok_fraction=0.000e+00, ok_with_backflow=0) nfev/streamline-period=417.0
    n=1: R=3.1207e-02 mean=(-2.0523e-03, -1.9153e-03) max|d|=5.3256e-02 rms|d|=3.1333e-02 | flux-weighted: R=3.0329e-02 mean=(-6.0839e-04, -4.9482e-04) <tau>_w=1.0008729805
    ladder vs 1e-10 at n=1: max=3.825e-08 rms=8.783e-09 (both_ok=1024, status_differs=0)
  tol=1e-08  ok=1024/1024 (seed_backflow=0, non_ok_fraction=0.000e+00, ok_with_backflow=0) nfev/streamline-period=417.0
    n=1: R=3.1207e-02 mean=(-2.0523e-03, -1.9153e-03) max|d|=5.3256e-02 rms|d|=3.1333e-02 | flux-weighted: R=3.0329e-02 mean=(-6.0839e-04, -4.9482e-04) <tau>_w=1.0008729805
    ladder vs 1e-10 at n=1: max=3.825e-08 rms=8.783e-09 (both_ok=1024, status_differs=0)
  tol=1e-10  ok=1024/1024 (seed_backflow=0, non_ok_fraction=0.000e+00, ok_with_backflow=0) nfev/streamline-period=433.1
    n=1: R=3.1207e-02 mean=(-2.0523e-03, -1.9153e-03) max|d|=5.3256e-02 rms|d|=3.1333e-02 | flux-weighted: R=3.0329e-02 mean=(-6.0839e-04, -4.9482e-04) <tau>_w=1.0008729828
  round trip (tol=1e-08): eligible=1024 backward_ok=1024 max=3.470e-08 rms=1.217e-08
  outputs: output_sf30/q1/s1024_two_mode_64/{summary.json,streamlines.csv,timing.json}  wall 1.21 s
{  "schema_version": "sf30-closure-gate-timing-1",  "threads": 32,  "host": "localhost.localdomain",  "field_s": 0.066460856999999998,  "darcy_s": 1.013796076,  "splines_s": 0.059617870000000003,  "diagnostics_s": 0.010895508,  "tolerances": [    {      "tol": 9.9999999999999995e-07,      "seconds": 0.015769879000000001    },    {      "tol": 1e-08,      "seconds": 0.013809597999999999    },    {      "tol": 1e-10,      "seconds": 0.013248243999999999    }  ],  "round_trip_s": 0.01182072,  "total_s": 1.2061577109999999}
### probe16 generic3d eps=0.5 N=64
command: ./build/v100-release/closure_gate --field generic3d --eps 0.5 --n 64 --pcg-rtol 1e-12 --seeds-file output_sf30/probe_seeds16.csv --tols 1e-6,1e-8,1e-10,1e-12 --working-tol 1e-10 --out output_sf30/q1/p16_generic3d_64
closure_gate: field=generic3d grid=64^3 h=0.015625 eps=0.5 seeds=16 threads=32
  Y: mean=-3.417778e-18 var=3.750000e-01 min=-1.685745e+00 max=1.654831e+00
  Darcy: mg_levels=5 (coarsest 4^3) pcg_rtol=1.0e-12 max_iter=1000 iterations=(20,20,10) rel_res=(1.75e-14,2.16e-14,9.56e-13) converged=yes
  G=(9.9317238555e-01, 4.6643273457e-02, 6.7168996221e-02) mean_flux=(1.000e+00, -1.605e-17, 5.042e-18) div_max=4.54e-12
  spline gpu-vs-host prefilter rel=3.49e-15  g: min_g1=4.1163e-01 min|g|=4.5556e-01 max|g|=2.0837e+00 backflow_fraction=0.0000e+00 v_rms=1.1005e+00
  tol=1e-06  ok=16/16 (seed_backflow=0, non_ok_fraction=0.000e+00, ok_with_backflow=0) nfev/streamline-period=419.6
    n=1: R=5.3896e-02 mean=(4.3992e-03, 9.3119e-03) max|d|=8.2839e-02 rms|d|=5.4871e-02 | flux-weighted: R=5.4301e-02 mean=(1.2877e-03, 5.5086e-03) <tau>_w=1.0018304345
    ladder vs 1e-12 at n=1: max=5.658e-08 rms=3.118e-08 (both_ok=16, status_differs=0)
  tol=1e-08  ok=16/16 (seed_backflow=0, non_ok_fraction=0.000e+00, ok_with_backflow=0) nfev/streamline-period=419.6
    n=1: R=5.3896e-02 mean=(4.3992e-03, 9.3119e-03) max|d|=8.2839e-02 rms|d|=5.4871e-02 | flux-weighted: R=5.4301e-02 mean=(1.2877e-03, 5.5086e-03) <tau>_w=1.0018304345
    ladder vs 1e-12 at n=1: max=5.658e-08 rms=3.118e-08 (both_ok=16, status_differs=0)
  tol=1e-10  ok=16/16 (seed_backflow=0, non_ok_fraction=0.000e+00, ok_with_backflow=0) nfev/streamline-period=604.9
    n=1: R=5.3896e-02 mean=(4.3992e-03, 9.3119e-03) max|d|=8.2839e-02 rms|d|=5.4871e-02 | flux-weighted: R=5.4301e-02 mean=(1.2877e-03, 5.5086e-03) <tau>_w=1.0018303608
    ladder vs 1e-12 at n=1: max=4.028e-08 rms=1.772e-08 (both_ok=16, status_differs=0)
  tol=1e-12  ok=16/16 (seed_backflow=0, non_ok_fraction=0.000e+00, ok_with_backflow=0) nfev/streamline-period=2195.2
    n=1: R=5.3896e-02 mean=(4.3992e-03, 9.3119e-03) max|d|=8.2839e-02 rms|d|=5.4871e-02 | flux-weighted: R=5.4301e-02 mean=(1.2877e-03, 5.5086e-03) <tau>_w=1.0018303972
  round trip (tol=1e-10): eligible=16 backward_ok=16 max=5.344e-08 rms=2.801e-08
  outputs: output_sf30/q1/p16_generic3d_64/{summary.json,streamlines.csv,timing.json}  wall 1.79 s
### s1024 generic3d eps=0.5 N=64
command: ./build/v100-release/closure_gate --field generic3d --eps 0.5 --n 64 --pcg-rtol 1e-12 --out output_sf30/q1/s1024_generic3d_64
closure_gate: field=generic3d grid=64^3 h=0.015625 eps=0.5 seeds=1024 threads=32
  Y: mean=-3.417778e-18 var=3.750000e-01 min=-1.685745e+00 max=1.654831e+00
  Darcy: mg_levels=5 (coarsest 4^3) pcg_rtol=1.0e-12 max_iter=1000 iterations=(20,20,10) rel_res=(1.75e-14,2.16e-14,9.56e-13) converged=yes
  G=(9.9317238555e-01, 4.6643273457e-02, 6.7168996221e-02) mean_flux=(1.000e+00, -1.605e-17, 5.042e-18) div_max=4.54e-12
  spline gpu-vs-host prefilter rel=3.49e-15  g: min_g1=4.1163e-01 min|g|=4.5556e-01 max|g|=2.0837e+00 backflow_fraction=0.0000e+00 v_rms=1.1005e+00
  tol=1e-06  ok=1024/1024 (seed_backflow=0, non_ok_fraction=0.000e+00, ok_with_backflow=0) nfev/streamline-period=420.2
    n=1: R=5.2047e-02 mean=(3.1011e-03, 7.6252e-03) max|d|=9.4729e-02 rms|d|=5.2694e-02 | flux-weighted: R=5.0576e-02 mean=(-8.6508e-05, 9.6664e-05) <tau>_w=0.9951170394
    ladder vs 1e-10 at n=1: max=1.145e-07 rms=3.592e-08 (both_ok=1024, status_differs=0)
  tol=1e-08  ok=1024/1024 (seed_backflow=0, non_ok_fraction=0.000e+00, ok_with_backflow=0) nfev/streamline-period=420.2
    n=1: R=5.2047e-02 mean=(3.1011e-03, 7.6252e-03) max|d|=9.4729e-02 rms|d|=5.2694e-02 | flux-weighted: R=5.0576e-02 mean=(-8.6508e-05, 9.6664e-05) <tau>_w=0.9951170394
    ladder vs 1e-10 at n=1: max=1.145e-07 rms=3.593e-08 (both_ok=1024, status_differs=0)
  tol=1e-10  ok=1024/1024 (seed_backflow=0, non_ok_fraction=0.000e+00, ok_with_backflow=0) nfev/streamline-period=629.4
    n=1: R=5.2047e-02 mean=(3.1011e-03, 7.6252e-03) max|d|=9.4729e-02 rms|d|=5.2694e-02 | flux-weighted: R=5.0576e-02 mean=(-8.6513e-05, 9.6666e-05) <tau>_w=0.9951170395
  round trip (tol=1e-08): eligible=1024 backward_ok=1024 max=1.596e-07 rms=4.609e-08
  outputs: output_sf30/q1/s1024_generic3d_64/{summary.json,streamlines.csv,timing.json}  wall 1.87 s
{  "schema_version": "sf30-closure-gate-timing-1",  "threads": 32,  "host": "localhost.localdomain",  "field_s": 0.049952969,  "darcy_s": 1.686100594,  "splines_s": 0.058241181000000003,  "diagnostics_s": 0.010463383,  "tolerances": [    {      "tol": 9.9999999999999995e-07,      "seconds": 0.016600724000000001    },    {      "tol": 1e-08,      "seconds": 0.014188912    },    {      "tol": 1e-10,      "seconds": 0.018479219000000002    }  ],  "round_trip_s": 0.011819533,  "total_s": 1.8665931979999999}
### probe16 lester2021 eps=1 N=128
command: ./build/v100-release/closure_gate --field lester2021 --eps 1 --n 128 --pcg-rtol 1e-12 --seeds-file output_sf30/probe_seeds16.csv --tols 1e-6,1e-8,1e-10,1e-12 --working-tol 1e-10 --out output_sf30/q1/p16_lester2021_128
closure_gate: field=lester2021 grid=128^3 h=0.0078125 eps=1 seeds=16 threads=32
  Y: mean=-1.947835e-20 var=1.650000e-01 min=-1.331617e+00 max=1.331617e+00
  Darcy: mg_levels=6 (coarsest 4^3) pcg_rtol=1.0e-12 max_iter=1000 iterations=(10,10,10) rel_res=(6.13e-13,8.72e-13,7.88e-13) converged=yes
  G=(9.6419146555e-01, 5.0950569088e-21, -1.1612559999e-20) mean_flux=(1.000e+00, -6.530e-20, 2.605e-20) div_max=1.83e-11
  spline gpu-vs-host prefilter rel=4.60e-15  g: min_g1=6.4132e-01 min|g|=6.4132e-01 max|g|=1.2936e+00 backflow_fraction=0.0000e+00 v_rms=1.0582e+00
  tol=1e-06  ok=16/16 (seed_backflow=0, non_ok_fraction=0.000e+00, ok_with_backflow=0) nfev/streamline-period=799.9
    n=1: R=3.3015e-10 mean=(-1.4715e-10, -6.0666e-11) max|d|=6.2671e-10 rms|d|=3.6651e-10 | flux-weighted: R=3.2994e-10 mean=(-1.4770e-10, -6.2574e-11) <tau>_w=1.0094789764
    ladder vs 1e-12 at n=1: max=1.012e-09 rms=5.291e-10 (both_ok=16, status_differs=0)
  tol=1e-08  ok=16/16 (seed_backflow=0, non_ok_fraction=0.000e+00, ok_with_backflow=0) nfev/streamline-period=799.9
    n=1: R=3.3015e-10 mean=(-1.4715e-10, -6.0666e-11) max|d|=6.2671e-10 rms|d|=3.6651e-10 | flux-weighted: R=3.2994e-10 mean=(-1.4770e-10, -6.2574e-11) <tau>_w=1.0094789764
    ladder vs 1e-12 at n=1: max=1.012e-09 rms=5.291e-10 (both_ok=16, status_differs=0)
  tol=1e-10  ok=16/16 (seed_backflow=0, non_ok_fraction=0.000e+00, ok_with_backflow=0) nfev/streamline-period=799.9
    n=1: R=3.3054e-10 mean=(-1.4761e-10, -5.9481e-11) max|d|=6.2671e-10 rms|d|=3.6685e-10 | flux-weighted: R=3.3033e-10 mean=(-1.4816e-10, -6.1392e-11) <tau>_w=1.0094789764
    ladder vs 1e-12 at n=1: max=1.012e-09 rms=5.296e-10 (both_ok=16, status_differs=0)
  tol=1e-12  ok=16/16 (seed_backflow=0, non_ok_fraction=0.000e+00, ok_with_backflow=0) nfev/streamline-period=1306.5
    n=1: R=3.4541e-10 mean=(-6.4704e-11, 2.7162e-12) max|d|=6.5932e-10 rms|d|=3.5143e-10 | flux-weighted: R=3.4213e-10 mean=(-6.1643e-11, 2.0803e-12) <tau>_w=1.0094789765
  round trip (tol=1e-10): eligible=16 backward_ok=16 max=1.722e-09 rms=6.830e-10
  outputs: output_sf30/q1/p16_lester2021_128/{summary.json,streamlines.csv,timing.json}  wall 1.66 s
### s1024 lester2021 eps=1 N=128
command: ./build/v100-release/closure_gate --field lester2021 --eps 1 --n 128 --pcg-rtol 1e-12 --out output_sf30/q1/s1024_lester2021_128
closure_gate: field=lester2021 grid=128^3 h=0.0078125 eps=1 seeds=1024 threads=32
  Y: mean=-1.947835e-20 var=1.650000e-01 min=-1.331617e+00 max=1.331617e+00
  Darcy: mg_levels=6 (coarsest 4^3) pcg_rtol=1.0e-12 max_iter=1000 iterations=(10,10,10) rel_res=(6.13e-13,8.72e-13,7.88e-13) converged=yes
  G=(9.6419146555e-01, 5.0950569088e-21, -1.1612559999e-20) mean_flux=(1.000e+00, -6.530e-20, 2.605e-20) div_max=1.83e-11
  spline gpu-vs-host prefilter rel=4.60e-15  g: min_g1=6.4132e-01 min|g|=6.4132e-01 max|g|=1.2936e+00 backflow_fraction=0.0000e+00 v_rms=1.0582e+00
  tol=1e-06  ok=1024/1024 (seed_backflow=0, non_ok_fraction=0.000e+00, ok_with_backflow=0) nfev/streamline-period=798.9
    n=1: R=5.0187e-10 mean=(-4.0891e-13, 3.9319e-11) max|d|=3.1701e-09 rms|d|=5.0341e-10 | flux-weighted: R=5.0476e-10 mean=(-4.4423e-13, 3.9774e-11) <tau>_w=1.0050405679
    ladder vs 1e-10 at n=1: max=2.492e-09 rms=9.035e-11 (both_ok=1024, status_differs=0)
  tol=1e-08  ok=1024/1024 (seed_backflow=0, non_ok_fraction=0.000e+00, ok_with_backflow=0) nfev/streamline-period=798.9
    n=1: R=5.0187e-10 mean=(-4.0891e-13, 3.9319e-11) max|d|=3.1701e-09 rms|d|=5.0341e-10 | flux-weighted: R=5.0476e-10 mean=(-4.4423e-13, 3.9774e-11) <tau>_w=1.0050405679
    ladder vs 1e-10 at n=1: max=2.492e-09 rms=9.035e-11 (both_ok=1024, status_differs=0)
  tol=1e-10  ok=1024/1024 (seed_backflow=0, non_ok_fraction=0.000e+00, ok_with_backflow=0) nfev/streamline-period=798.9
    n=1: R=4.9928e-10 mean=(-4.7700e-13, 3.6797e-11) max|d|=3.1237e-09 rms|d|=5.0063e-10 | flux-weighted: R=5.0204e-10 mean=(-5.0907e-13, 3.7143e-11) <tau>_w=1.0050405679
  round trip (tol=1e-08): eligible=1024 backward_ok=1024 max=4.241e-09 rms=6.426e-10
  outputs: output_sf30/q1/s1024_lester2021_128/{summary.json,streamlines.csv,timing.json}  wall 1.74 s
{  "schema_version": "sf30-closure-gate-timing-1",  "threads": 32,  "host": "localhost.localdomain",  "field_s": 0.21145019000000001,  "darcy_s": 1.2373581579999999,  "splines_s": 0.15553963300000001,  "diagnostics_s": 0.061734550999999999,  "tolerances": [    {      "tol": 9.9999999999999995e-07,      "seconds": 0.022016109999999998    },    {      "tol": 1e-08,      "seconds": 0.019028915    },    {      "tol": 1e-10,      "seconds": 0.017575561    }  ],  "round_trip_s": 0.016498201000000001,  "total_s": 1.7424438040000001}
### probe16 lester_brk eps=1 N=128
command: ./build/v100-release/closure_gate --field lester_brk --eps 1 --n 128 --pcg-rtol 1e-12 --seeds-file output_sf30/probe_seeds16.csv --tols 1e-6,1e-8,1e-10,1e-12 --working-tol 1e-10 --out output_sf30/q1/p16_lester_brk_128
closure_gate: field=lester_brk grid=128^3 h=0.0078125 eps=1 seeds=16 threads=32
  Y: mean=5.476267e-19 var=1.650000e-01 min=-1.224146e+00 max=1.224146e+00
  Darcy: mg_levels=6 (coarsest 4^3) pcg_rtol=1.0e-12 max_iter=1000 iterations=(10,10,10) rel_res=(9.13e-13,8.04e-13,6.96e-13) converged=yes
  G=(9.6355569218e-01, 3.7422939164e-20, 9.8553907247e-20) mean_flux=(1.000e+00, -5.186e-20, -8.022e-20) div_max=2.44e-11
  spline gpu-vs-host prefilter rel=4.39e-15  g: min_g1=6.5951e-01 min|g|=6.6014e-01 max|g|=1.3181e+00 backflow_fraction=0.0000e+00 v_rms=1.0584e+00
  tol=1e-06  ok=16/16 (seed_backflow=0, non_ok_fraction=0.000e+00, ok_with_backflow=0) nfev/streamline-period=798.8
    n=1: R=8.7131e-03 mean=(-2.0662e-03, -4.3007e-04) max|d|=1.5508e-02 rms|d|=8.9651e-03 | flux-weighted: R=8.3109e-03 mean=(-2.3642e-03, -4.1931e-04) <tau>_w=1.0169946906
    ladder vs 1e-12 at n=1: max=1.592e-09 rms=6.127e-10 (both_ok=16, status_differs=0)
  tol=1e-08  ok=16/16 (seed_backflow=0, non_ok_fraction=0.000e+00, ok_with_backflow=0) nfev/streamline-period=798.8
    n=1: R=8.7131e-03 mean=(-2.0662e-03, -4.3007e-04) max|d|=1.5508e-02 rms|d|=8.9651e-03 | flux-weighted: R=8.3109e-03 mean=(-2.3642e-03, -4.1931e-04) <tau>_w=1.0169946906
    ladder vs 1e-12 at n=1: max=1.592e-09 rms=6.127e-10 (both_ok=16, status_differs=0)
  tol=1e-10  ok=16/16 (seed_backflow=0, non_ok_fraction=0.000e+00, ok_with_backflow=0) nfev/streamline-period=798.8
    n=1: R=8.7131e-03 mean=(-2.0662e-03, -4.3007e-04) max|d|=1.5508e-02 rms|d|=8.9651e-03 | flux-weighted: R=8.3109e-03 mean=(-2.3642e-03, -4.1931e-04) <tau>_w=1.0169946904
    ladder vs 1e-12 at n=1: max=1.592e-09 rms=5.872e-10 (both_ok=16, status_differs=0)
  tol=1e-12  ok=16/16 (seed_backflow=0, non_ok_fraction=0.000e+00, ok_with_backflow=0) nfev/streamline-period=1170.0
    n=1: R=8.7131e-03 mean=(-2.0662e-03, -4.3007e-04) max|d|=1.5508e-02 rms|d|=8.9651e-03 | flux-weighted: R=8.3109e-03 mean=(-2.3642e-03, -4.1931e-04) <tau>_w=1.0169946889
  round trip (tol=1e-10): eligible=16 backward_ok=16 max=1.593e-09 rms=5.233e-10
  outputs: output_sf30/q1/p16_lester_brk_128/{summary.json,streamlines.csv,timing.json}  wall 1.72 s
### s1024 lester_brk eps=1 N=128
command: ./build/v100-release/closure_gate --field lester_brk --eps 1 --n 128 --pcg-rtol 1e-12 --out output_sf30/q1/s1024_lester_brk_128
closure_gate: field=lester_brk grid=128^3 h=0.0078125 eps=1 seeds=1024 threads=32
  Y: mean=5.476267e-19 var=1.650000e-01 min=-1.224146e+00 max=1.224146e+00
  Darcy: mg_levels=6 (coarsest 4^3) pcg_rtol=1.0e-12 max_iter=1000 iterations=(10,10,10) rel_res=(9.13e-13,8.04e-13,6.96e-13) converged=yes
  G=(9.6355569218e-01, 3.7422939164e-20, 9.8553907247e-20) mean_flux=(1.000e+00, -5.186e-20, -8.022e-20) div_max=2.44e-11
  spline gpu-vs-host prefilter rel=4.39e-15  g: min_g1=6.5951e-01 min|g|=6.6014e-01 max|g|=1.3181e+00 backflow_fraction=0.0000e+00 v_rms=1.0584e+00
  tol=1e-06  ok=1024/1024 (seed_backflow=0, non_ok_fraction=0.000e+00, ok_with_backflow=0) nfev/streamline-period=799.1
    n=1: R=9.4030e-03 mean=(-1.4492e-04, -2.1005e-05) max|d|=2.4683e-02 rms|d|=9.4041e-03 | flux-weighted: R=9.4059e-03 mean=(-2.0847e-04, -1.3039e-06) <tau>_w=1.0049400330
    ladder vs 1e-10 at n=1: max=3.174e-09 rms=2.133e-10 (both_ok=1024, status_differs=0)
  tol=1e-08  ok=1024/1024 (seed_backflow=0, non_ok_fraction=0.000e+00, ok_with_backflow=0) nfev/streamline-period=799.1
    n=1: R=9.4030e-03 mean=(-1.4492e-04, -2.1005e-05) max|d|=2.4683e-02 rms|d|=9.4041e-03 | flux-weighted: R=9.4059e-03 mean=(-2.0847e-04, -1.3039e-06) <tau>_w=1.0049400330
    ladder vs 1e-10 at n=1: max=3.174e-09 rms=2.133e-10 (both_ok=1024, status_differs=0)
  tol=1e-10  ok=1024/1024 (seed_backflow=0, non_ok_fraction=0.000e+00, ok_with_backflow=0) nfev/streamline-period=799.2
    n=1: R=9.4030e-03 mean=(-1.4492e-04, -2.1005e-05) max|d|=2.4683e-02 rms|d|=9.4041e-03 | flux-weighted: R=9.4059e-03 mean=(-2.0847e-04, -1.3039e-06) <tau>_w=1.0049400330
  round trip (tol=1e-08): eligible=1024 backward_ok=1024 max=7.036e-09 rms=7.273e-10
  outputs: output_sf30/q1/s1024_lester_brk_128/{summary.json,streamlines.csv,timing.json}  wall 1.78 s
{  "schema_version": "sf30-closure-gate-timing-1",  "threads": 32,  "host": "localhost.localdomain",  "field_s": 0.24832427900000001,  "darcy_s": 1.2356041129999999,  "splines_s": 0.15626611200000001,  "diagnostics_s": 0.061514014999999998,  "tolerances": [    {      "tol": 9.9999999999999995e-07,      "seconds": 0.022224398999999999    },    {      "tol": 1e-08,      "seconds": 0.019329223    },    {      "tol": 1e-10,      "seconds": 0.017779244    }  ],  "round_trip_s": 0.016615188999999999,  "total_s": 1.7789009689999999}
### probe16 control2d eps=1 N=128
command: ./build/v100-release/closure_gate --field control2d --eps 1 --n 128 --pcg-rtol 1e-12 --seeds-file output_sf30/probe_seeds16.csv --tols 1e-6,1e-8,1e-10,1e-12 --working-tol 1e-10 --out output_sf30/q1/p16_control2d_128
closure_gate: field=control2d grid=128^3 h=0.0078125 eps=1 seeds=16 threads=32
  Y: mean=-3.038731e-20 var=9.450000e-01 min=-2.269830e+00 max=2.269830e+00
  Darcy: mg_levels=6 (coarsest 4^3) pcg_rtol=1.0e-12 max_iter=1000 iterations=(20,20,0) rel_res=(6.60e-14,1.26e-13,0.00e+00) converged=yes
  G=(1.0249580317e+00, 1.0008979541e-01, -1.7409887425e-33) mean_flux=(1.000e+00, -4.376e-16, -2.119e-33) div_max=2.46e-11
  spline gpu-vs-host prefilter rel=3.78e-15  g: min_g1=2.3177e-01 min|g|=2.3764e-01 max|g|=2.6383e+00 backflow_fraction=0.0000e+00 v_rms=1.1898e+00
  tol=1e-06  ok=16/16 (seed_backflow=0, non_ok_fraction=0.000e+00, ok_with_backflow=0) nfev/streamline-period=838.1
    n=1: R=1.7897e-04 mean=(-1.9934e-04, 4.7312e-17) max|d|=4.9596e-04 rms|d|=2.6789e-04 | flux-weighted: R=1.2147e-04 mean=(-1.1269e-04, -2.6234e-16) <tau>_w=1.0858304356
    ladder vs 1e-12 at n=1: max=2.384e-08 rms=1.037e-08 (both_ok=16, status_differs=0)
  tol=1e-08  ok=16/16 (seed_backflow=0, non_ok_fraction=0.000e+00, ok_with_backflow=0) nfev/streamline-period=838.1
    n=1: R=1.7897e-04 mean=(-1.9934e-04, 4.7312e-17) max|d|=4.9596e-04 rms|d|=2.6789e-04 | flux-weighted: R=1.2147e-04 mean=(-1.1269e-04, -2.6234e-16) <tau>_w=1.0858304356
    ladder vs 1e-12 at n=1: max=2.384e-08 rms=1.037e-08 (both_ok=16, status_differs=0)
  tol=1e-10  ok=16/16 (seed_backflow=0, non_ok_fraction=0.000e+00, ok_with_backflow=0) nfev/streamline-period=914.6
    n=1: R=1.7897e-04 mean=(-1.9935e-04, 1.2414e-17) max|d|=4.9597e-04 rms|d|=2.6790e-04 | flux-weighted: R=1.2147e-04 mean=(-1.1269e-04, -3.1008e-16) <tau>_w=1.0858304101
    ladder vs 1e-12 at n=1: max=2.512e-08 rms=1.126e-08 (both_ok=16, status_differs=0)
  tol=1e-12  ok=16/16 (seed_backflow=0, non_ok_fraction=0.000e+00, ok_with_backflow=0) nfev/streamline-period=3778.5
    n=1: R=1.7897e-04 mean=(-1.9935e-04, -1.8051e-16) max|d|=4.9597e-04 rms|d|=2.6790e-04 | flux-weighted: R=1.2147e-04 mean=(-1.1269e-04, -3.4679e-16) <tau>_w=1.0858304174
  round trip (tol=1e-10): eligible=16 backward_ok=16 max=4.495e-08 rms=1.648e-08
  outputs: output_sf30/q1/p16_control2d_128/{summary.json,streamlines.csv,timing.json}  wall 2.10 s
### s1024 control2d eps=1 N=128
command: ./build/v100-release/closure_gate --field control2d --eps 1 --n 128 --pcg-rtol 1e-12 --out output_sf30/q1/s1024_control2d_128
closure_gate: field=control2d grid=128^3 h=0.0078125 eps=1 seeds=1024 threads=32
  Y: mean=-3.038731e-20 var=9.450000e-01 min=-2.269830e+00 max=2.269830e+00
  Darcy: mg_levels=6 (coarsest 4^3) pcg_rtol=1.0e-12 max_iter=1000 iterations=(20,20,0) rel_res=(6.60e-14,1.26e-13,0.00e+00) converged=yes
  G=(1.0249580317e+00, 1.0008979541e-01, -1.7409887425e-33) mean_flux=(1.000e+00, -4.376e-16, -2.119e-33) div_max=2.46e-11
  spline gpu-vs-host prefilter rel=3.78e-15  g: min_g1=2.3177e-01 min|g|=2.3764e-01 max|g|=2.6383e+00 backflow_fraction=0.0000e+00 v_rms=1.1898e+00
  tol=1e-06  ok=1024/1024 (seed_backflow=0, non_ok_fraction=0.000e+00, ok_with_backflow=0) nfev/streamline-period=842.5
    n=1: R=1.5732e-04 mean=(-1.6040e-04, 2.9951e-17) max|d|=4.9596e-04 rms|d|=2.2468e-04 | flux-weighted: R=1.0262e-04 mean=(-9.9441e-05, 2.3365e-17) <tau>_w=0.9978884180
    ladder vs 1e-10 at n=1: max=7.689e-08 rms=1.509e-08 (both_ok=1024, status_differs=0)
  tol=1e-08  ok=1024/1024 (seed_backflow=0, non_ok_fraction=0.000e+00, ok_with_backflow=0) nfev/streamline-period=842.5
    n=1: R=1.5732e-04 mean=(-1.6040e-04, 2.9951e-17) max|d|=4.9596e-04 rms|d|=2.2468e-04 | flux-weighted: R=1.0262e-04 mean=(-9.9441e-05, 2.3365e-17) <tau>_w=0.9978884180
    ladder vs 1e-10 at n=1: max=7.689e-08 rms=1.509e-08 (both_ok=1024, status_differs=0)
  tol=1e-10  ok=1024/1024 (seed_backflow=0, non_ok_fraction=0.000e+00, ok_with_backflow=0) nfev/streamline-period=920.8
    n=1: R=1.5732e-04 mean=(-1.6040e-04, 3.3373e-17) max|d|=4.9597e-04 rms|d|=2.2467e-04 | flux-weighted: R=1.0262e-04 mean=(-9.9443e-05, 2.3711e-17) <tau>_w=0.9978884223
  round trip (tol=1e-08): eligible=1024 backward_ok=1024 max=6.328e-08 rms=1.588e-08
  outputs: output_sf30/q1/s1024_control2d_128/{summary.json,streamlines.csv,timing.json}  wall 2.18 s
{  "schema_version": "sf30-closure-gate-timing-1",  "threads": 32,  "host": "localhost.localdomain",  "field_s": 0.236849742,  "darcy_s": 1.63996841,  "splines_s": 0.154920955,  "diagnostics_s": 0.062382686,  "tolerances": [    {      "tol": 9.9999999999999995e-07,      "seconds": 0.023244006000000001    },    {      "tol": 1e-08,      "seconds": 0.020264168999999999    },    {      "tol": 1e-10,      "seconds": 0.020169306000000001    }  ],  "round_trip_s": 0.017269787000000002,  "total_s": 2.1764801540000001}
### probe16 two_mode eps=0.5 N=128
command: ./build/v100-release/closure_gate --field two_mode --eps 0.5 --n 128 --pcg-rtol 1e-12 --seeds-file output_sf30/probe_seeds16.csv --tols 1e-6,1e-8,1e-10,1e-12 --working-tol 1e-10 --out output_sf30/q1/p16_two_mode_128
closure_gate: field=two_mode grid=128^3 h=0.0078125 eps=0.5 seeds=16 threads=32
  Y: mean=1.000404e-17 var=2.500000e-01 min=-1.000000e+00 max=1.000000e+00
  Darcy: mg_levels=6 (coarsest 4^3) pcg_rtol=1.0e-12 max_iter=1000 iterations=(10,10,10) rel_res=(2.72e-13,3.63e-13,3.63e-13) converged=yes
  G=(1.0012249978e+00, 5.8460077716e-02, 5.8460077716e-02) mean_flux=(1.000e+00, -1.330e-16, -1.583e-16) div_max=1.12e-11
  spline gpu-vs-host prefilter rel=5.72e-15  g: min_g1=5.9209e-01 min|g|=6.2711e-01 max|g|=1.6958e+00 backflow_fraction=0.0000e+00 v_rms=1.0621e+00
  tol=1e-06  ok=16/16 (seed_backflow=0, non_ok_fraction=0.000e+00, ok_with_backflow=0) nfev/streamline-period=813.0
    n=1: R=2.8458e-02 mean=(-4.5916e-03, -5.2469e-03) max|d|=4.7960e-02 rms|d|=2.9299e-02 | flux-weighted: R=2.7725e-02 mean=(-3.8986e-03, -4.7365e-03) <tau>_w=1.0094498371
    ladder vs 1e-12 at n=1: max=1.288e-09 rms=5.464e-10 (both_ok=16, status_differs=0)
  tol=1e-08  ok=16/16 (seed_backflow=0, non_ok_fraction=0.000e+00, ok_with_backflow=0) nfev/streamline-period=813.0
    n=1: R=2.8458e-02 mean=(-4.5916e-03, -5.2469e-03) max|d|=4.7960e-02 rms|d|=2.9299e-02 | flux-weighted: R=2.7725e-02 mean=(-3.8986e-03, -4.7365e-03) <tau>_w=1.0094498371
    ladder vs 1e-12 at n=1: max=1.288e-09 rms=5.464e-10 (both_ok=16, status_differs=0)
  tol=1e-10  ok=16/16 (seed_backflow=0, non_ok_fraction=0.000e+00, ok_with_backflow=0) nfev/streamline-period=813.0
    n=1: R=2.8458e-02 mean=(-4.5916e-03, -5.2469e-03) max|d|=4.7960e-02 rms|d|=2.9299e-02 | flux-weighted: R=2.7725e-02 mean=(-3.8986e-03, -4.7365e-03) <tau>_w=1.0094498366
    ladder vs 1e-12 at n=1: max=7.228e-10 rms=4.602e-10 (both_ok=16, status_differs=0)
  tol=1e-12  ok=16/16 (seed_backflow=0, non_ok_fraction=0.000e+00, ok_with_backflow=0) nfev/streamline-period=1368.4
    n=1: R=2.8458e-02 mean=(-4.5916e-03, -5.2469e-03) max|d|=4.7960e-02 rms|d|=2.9299e-02 | flux-weighted: R=2.7725e-02 mean=(-3.8986e-03, -4.7365e-03) <tau>_w=1.0094498361
  round trip (tol=1e-10): eligible=16 backward_ok=16 max=1.643e-09 rms=6.489e-10
  outputs: output_sf30/q1/p16_two_mode_128/{summary.json,streamlines.csv,timing.json}  wall 1.82 s
### s1024 two_mode eps=0.5 N=128
command: ./build/v100-release/closure_gate --field two_mode --eps 0.5 --n 128 --pcg-rtol 1e-12 --out output_sf30/q1/s1024_two_mode_128
closure_gate: field=two_mode grid=128^3 h=0.0078125 eps=0.5 seeds=1024 threads=32
  Y: mean=1.000404e-17 var=2.500000e-01 min=-1.000000e+00 max=1.000000e+00
  Darcy: mg_levels=6 (coarsest 4^3) pcg_rtol=1.0e-12 max_iter=1000 iterations=(10,10,10) rel_res=(2.72e-13,3.63e-13,3.63e-13) converged=yes
  G=(1.0012249978e+00, 5.8460077716e-02, 5.8460077716e-02) mean_flux=(1.000e+00, -1.330e-16, -1.583e-16) div_max=1.12e-11
  spline gpu-vs-host prefilter rel=5.72e-15  g: min_g1=5.9209e-01 min|g|=6.2711e-01 max|g|=1.6958e+00 backflow_fraction=0.0000e+00 v_rms=1.0621e+00
  tol=1e-06  ok=1024/1024 (seed_backflow=0, non_ok_fraction=0.000e+00, ok_with_backflow=0) nfev/streamline-period=812.9
    n=1: R=3.1251e-02 mean=(-2.0238e-03, -1.8866e-03) max|d|=5.3282e-02 rms|d|=3.1373e-02 | flux-weighted: R=3.0372e-02 mean=(-5.7741e-04, -4.6360e-04) <tau>_w=1.0010794719
    ladder vs 1e-10 at n=1: max=1.403e-09 rms=2.415e-10 (both_ok=1024, status_differs=0)
  tol=1e-08  ok=1024/1024 (seed_backflow=0, non_ok_fraction=0.000e+00, ok_with_backflow=0) nfev/streamline-period=812.9
    n=1: R=3.1251e-02 mean=(-2.0238e-03, -1.8866e-03) max|d|=5.3282e-02 rms|d|=3.1373e-02 | flux-weighted: R=3.0372e-02 mean=(-5.7741e-04, -4.6360e-04) <tau>_w=1.0010794719
    ladder vs 1e-10 at n=1: max=1.403e-09 rms=2.415e-10 (both_ok=1024, status_differs=0)
  tol=1e-10  ok=1024/1024 (seed_backflow=0, non_ok_fraction=0.000e+00, ok_with_backflow=0) nfev/streamline-period=812.9
    n=1: R=3.1251e-02 mean=(-2.0238e-03, -1.8866e-03) max|d|=5.3282e-02 rms|d|=3.1373e-02 | flux-weighted: R=3.0372e-02 mean=(-5.7741e-04, -4.6360e-04) <tau>_w=1.0010794717
  round trip (tol=1e-08): eligible=1024 backward_ok=1024 max=2.274e-09 rms=5.356e-10
  outputs: output_sf30/q1/s1024_two_mode_128/{summary.json,streamlines.csv,timing.json}  wall 1.89 s
{  "schema_version": "sf30-closure-gate-timing-1",  "threads": 32,  "host": "localhost.localdomain",  "field_s": 0.35414050899999999,  "darcy_s": 1.2401979009999999,  "splines_s": 0.15575900600000001,  "diagnostics_s": 0.061673776999999999,  "tolerances": [    {      "tol": 9.9999999999999995e-07,      "seconds": 0.022303765    },    {      "tol": 1e-08,      "seconds": 0.019534830999999999    },    {      "tol": 1e-10,      "seconds": 0.018083776999999999    }  ],  "round_trip_s": 0.016751144999999999,  "total_s": 1.889689422}
### probe16 generic3d eps=0.5 N=128
command: ./build/v100-release/closure_gate --field generic3d --eps 0.5 --n 128 --pcg-rtol 1e-12 --seeds-file output_sf30/probe_seeds16.csv --tols 1e-6,1e-8,1e-10,1e-12 --working-tol 1e-10 --out output_sf30/q1/p16_generic3d_128
closure_gate: field=generic3d grid=128^3 h=0.0078125 eps=0.5 seeds=16 threads=32
  Y: mean=-3.565215e-18 var=3.750000e-01 min=-1.688111e+00 max=1.656388e+00
  Darcy: mg_levels=6 (coarsest 4^3) pcg_rtol=1.0e-12 max_iter=1000 iterations=(20,20,20) rel_res=(6.64e-14,8.27e-14,7.57e-14) converged=yes
  G=(9.9280252030e-01, 4.6740948883e-02, 6.7232230426e-02) mean_flux=(1.000e+00, 5.057e-16, 6.944e-17) div_max=1.10e-11
  spline gpu-vs-host prefilter rel=4.37e-15  g: min_g1=4.1112e-01 min|g|=4.5486e-01 max|g|=2.0869e+00 backflow_fraction=0.0000e+00 v_rms=1.0999e+00
  tol=1e-06  ok=16/16 (seed_backflow=0, non_ok_fraction=0.000e+00, ok_with_backflow=0) nfev/streamline-period=819.8
    n=1: R=5.3990e-02 mean=(4.3842e-03, 9.3921e-03) max|d|=8.3022e-02 rms|d|=5.4976e-02 | flux-weighted: R=5.4385e-02 mean=(1.2746e-03, 5.5868e-03) <tau>_w=1.0021939895
    ladder vs 1e-12 at n=1: max=5.753e-09 rms=2.909e-09 (both_ok=16, status_differs=0)
  tol=1e-08  ok=16/16 (seed_backflow=0, non_ok_fraction=0.000e+00, ok_with_backflow=0) nfev/streamline-period=819.8
    n=1: R=5.3990e-02 mean=(4.3842e-03, 9.3921e-03) max|d|=8.3022e-02 rms|d|=5.4976e-02 | flux-weighted: R=5.4385e-02 mean=(1.2746e-03, 5.5868e-03) <tau>_w=1.0021939895
    ladder vs 1e-12 at n=1: max=5.753e-09 rms=2.909e-09 (both_ok=16, status_differs=0)
  tol=1e-10  ok=16/16 (seed_backflow=0, non_ok_fraction=0.000e+00, ok_with_backflow=0) nfev/streamline-period=820.5
    n=1: R=5.3990e-02 mean=(4.3842e-03, 9.3921e-03) max|d|=8.3022e-02 rms|d|=5.4976e-02 | flux-weighted: R=5.4385e-02 mean=(1.2746e-03, 5.5868e-03) <tau>_w=1.0021939855
    ladder vs 1e-12 at n=1: max=4.505e-09 rms=2.223e-09 (both_ok=16, status_differs=0)
  tol=1e-12  ok=16/16 (seed_backflow=0, non_ok_fraction=0.000e+00, ok_with_backflow=0) nfev/streamline-period=2674.5
    n=1: R=5.3990e-02 mean=(4.3842e-03, 9.3921e-03) max|d|=8.3022e-02 rms|d|=5.4976e-02 | flux-weighted: R=5.4385e-02 mean=(1.2746e-03, 5.5868e-03) <tau>_w=1.0021939790
  round trip (tol=1e-10): eligible=16 backward_ok=16 max=6.734e-09 rms=2.867e-09
  outputs: output_sf30/q1/p16_generic3d_128/{summary.json,streamlines.csv,timing.json}  wall 3.02 s
### s1024 generic3d eps=0.5 N=128
command: ./build/v100-release/closure_gate --field generic3d --eps 0.5 --n 128 --pcg-rtol 1e-12 --out output_sf30/q1/s1024_generic3d_128
closure_gate: field=generic3d grid=128^3 h=0.0078125 eps=0.5 seeds=1024 threads=32
  Y: mean=-3.565215e-18 var=3.750000e-01 min=-1.688111e+00 max=1.656388e+00
  Darcy: mg_levels=6 (coarsest 4^3) pcg_rtol=1.0e-12 max_iter=1000 iterations=(20,20,20) rel_res=(6.64e-14,8.27e-14,7.57e-14) converged=yes
  G=(9.9280252030e-01, 4.6740948883e-02, 6.7232230426e-02) mean_flux=(1.000e+00, 5.057e-16, 6.944e-17) div_max=1.10e-11
  spline gpu-vs-host prefilter rel=4.37e-15  g: min_g1=4.1112e-01 min|g|=4.5486e-01 max|g|=2.0869e+00 backflow_fraction=0.0000e+00 v_rms=1.0999e+00
  tol=1e-06  ok=1024/1024 (seed_backflow=0, non_ok_fraction=0.000e+00, ok_with_backflow=0) nfev/streamline-period=820.1
    n=1: R=5.2136e-02 mean=(3.0846e-03, 7.7164e-03) max|d|=9.4965e-02 rms|d|=5.2794e-02 | flux-weighted: R=5.0665e-02 mean=(-9.7616e-05, 1.8303e-04) <tau>_w=0.9954763000
    ladder vs 1e-10 at n=1: max=1.567e-08 rms=3.004e-09 (both_ok=1024, status_differs=0)
  tol=1e-08  ok=1024/1024 (seed_backflow=0, non_ok_fraction=0.000e+00, ok_with_backflow=0) nfev/streamline-period=820.1
    n=1: R=5.2136e-02 mean=(3.0846e-03, 7.7164e-03) max|d|=9.4965e-02 rms|d|=5.2794e-02 | flux-weighted: R=5.0665e-02 mean=(-9.7616e-05, 1.8303e-04) <tau>_w=0.9954763000
    ladder vs 1e-10 at n=1: max=1.567e-08 rms=3.004e-09 (both_ok=1024, status_differs=0)
  tol=1e-10  ok=1024/1024 (seed_backflow=0, non_ok_fraction=0.000e+00, ok_with_backflow=0) nfev/streamline-period=821.2
    n=1: R=5.2136e-02 mean=(3.0846e-03, 7.7164e-03) max|d|=9.4965e-02 rms|d|=5.2794e-02 | flux-weighted: R=5.0665e-02 mean=(-9.7616e-05, 1.8303e-04) <tau>_w=0.9954763001
  round trip (tol=1e-08): eligible=1024 backward_ok=1024 max=1.285e-08 rms=3.437e-09
  outputs: output_sf30/q1/s1024_generic3d_128/{summary.json,streamlines.csv,timing.json}  wall 3.10 s
{  "schema_version": "sf30-closure-gate-timing-1",  "threads": 32,  "host": "localhost.localdomain",  "field_s": 0.33565185600000003,  "darcy_s": 2.4641954639999999,  "splines_s": 0.15658424500000001,  "diagnostics_s": 0.061541495000000002,  "tolerances": [    {      "tol": 9.9999999999999995e-07,      "seconds": 0.022609107999999999    },    {      "tol": 1e-08,      "seconds": 0.019923553    },    {      "tol": 1e-10,      "seconds": 0.018357387999999999    }  ],  "round_trip_s": 0.016974506,  "total_s": 3.0971068989999999}
### probe16 lester2021 eps=1 N=256
command: ./build/v100-release/closure_gate --field lester2021 --eps 1 --n 256 --pcg-rtol 1e-12 --seeds-file output_sf30/probe_seeds16.csv --tols 1e-6,1e-8,1e-10,1e-12 --working-tol 1e-10 --out output_sf30/q1/p16_lester2021_256
closure_gate: field=lester2021 grid=256^3 h=0.00390625 eps=1 seeds=16 threads=32
  Y: mean=1.569536e-19 var=1.650000e-01 min=-1.333448e+00 max=1.333448e+00
  Darcy: mg_levels=7 (coarsest 4^3) pcg_rtol=1.0e-12 max_iter=1000 iterations=(20,20,20) rel_res=(1.87e-13,2.30e-13,9.91e-14) converged=yes
  G=(9.6413426127e-01, -5.7826007224e-20, 1.3859783299e-21) mean_flux=(1.000e+00, 4.195e-20, -7.540e-21) div_max=1.25e-11
  spline gpu-vs-host prefilter rel=5.53e-15  g: min_g1=6.4118e-01 min|g|=6.4118e-01 max|g|=1.2938e+00 backflow_fraction=0.0000e+00 v_rms=1.0581e+00
  tol=1e-06  ok=16/16 (seed_backflow=0, non_ok_fraction=0.000e+00, ok_with_backflow=0) nfev/streamline-period=1578.4
    n=1: R=2.9279e-11 mean=(5.2893e-12, -7.2723e-12) max|d|=9.3998e-11 rms|d|=3.0629e-11 | flux-weighted: R=2.9568e-11 mean=(5.2255e-12, -7.5458e-12) <tau>_w=1.0095750168
    ladder vs 1e-12 at n=1: max=9.860e-11 rms=4.501e-11 (both_ok=16, status_differs=0)
  tol=1e-08  ok=16/16 (seed_backflow=0, non_ok_fraction=0.000e+00, ok_with_backflow=0) nfev/streamline-period=1578.4
    n=1: R=2.9279e-11 mean=(5.2893e-12, -7.2723e-12) max|d|=9.3998e-11 rms|d|=3.0629e-11 | flux-weighted: R=2.9568e-11 mean=(5.2255e-12, -7.5458e-12) <tau>_w=1.0095750168
    ladder vs 1e-12 at n=1: max=9.860e-11 rms=4.501e-11 (both_ok=16, status_differs=0)
  tol=1e-10  ok=16/16 (seed_backflow=0, non_ok_fraction=0.000e+00, ok_with_backflow=0) nfev/streamline-period=1578.4
    n=1: R=2.9279e-11 mean=(5.2893e-12, -7.2723e-12) max|d|=9.3998e-11 rms|d|=3.0629e-11 | flux-weighted: R=2.9568e-11 mean=(5.2255e-12, -7.5458e-12) <tau>_w=1.0095750168
    ladder vs 1e-12 at n=1: max=9.860e-11 rms=4.501e-11 (both_ok=16, status_differs=0)
  tol=1e-12  ok=16/16 (seed_backflow=0, non_ok_fraction=0.000e+00, ok_with_backflow=0) nfev/streamline-period=1602.0
    n=1: R=3.0667e-11 mean=(-6.9577e-13, 2.4912e-12) max|d|=6.1062e-11 rms|d|=3.0776e-11 | flux-weighted: R=3.0558e-11 mean=(-7.3022e-13, 2.7023e-12) <tau>_w=1.0095750167
  round trip (tol=1e-10): eligible=16 backward_ok=16 max=1.030e-10 rms=3.906e-11
  outputs: output_sf30/q1/p16_lester2021_256/{summary.json,streamlines.csv,timing.json}  wall 7.45 s
### s1024 lester2021 eps=1 N=256
command: ./build/v100-release/closure_gate --field lester2021 --eps 1 --n 256 --pcg-rtol 1e-12 --out output_sf30/q1/s1024_lester2021_256
closure_gate: field=lester2021 grid=256^3 h=0.00390625 eps=1 seeds=1024 threads=32
  Y: mean=1.569536e-19 var=1.650000e-01 min=-1.333448e+00 max=1.333448e+00
  Darcy: mg_levels=7 (coarsest 4^3) pcg_rtol=1.0e-12 max_iter=1000 iterations=(20,20,20) rel_res=(1.87e-13,2.30e-13,9.91e-14) converged=yes
  G=(9.6413426127e-01, -5.7826007224e-20, 1.3859783299e-21) mean_flux=(1.000e+00, 4.195e-20, -7.540e-21) div_max=1.25e-11
  spline gpu-vs-host prefilter rel=5.53e-15  g: min_g1=6.4118e-01 min|g|=6.4118e-01 max|g|=1.2938e+00 backflow_fraction=0.0000e+00 v_rms=1.0581e+00
  tol=1e-06  ok=1024/1024 (seed_backflow=0, non_ok_fraction=0.000e+00, ok_with_backflow=0) nfev/streamline-period=1577.5
    n=1: R=3.4516e-11 mean=(-2.8918e-13, -9.0262e-13) max|d|=2.3845e-10 rms|d|=3.4529e-11 | flux-weighted: R=3.4704e-11 mean=(-2.8692e-13, -9.0433e-13) <tau>_w=1.0051468989
    ladder vs 1e-10 at n=1: max=0.000e+00 rms=0.000e+00 (both_ok=1024, status_differs=0)
  tol=1e-08  ok=1024/1024 (seed_backflow=0, non_ok_fraction=0.000e+00, ok_with_backflow=0) nfev/streamline-period=1577.5
    n=1: R=3.4516e-11 mean=(-2.8918e-13, -9.0262e-13) max|d|=2.3845e-10 rms|d|=3.4529e-11 | flux-weighted: R=3.4704e-11 mean=(-2.8692e-13, -9.0433e-13) <tau>_w=1.0051468989
    ladder vs 1e-10 at n=1: max=0.000e+00 rms=0.000e+00 (both_ok=1024, status_differs=0)
  tol=1e-10  ok=1024/1024 (seed_backflow=0, non_ok_fraction=0.000e+00, ok_with_backflow=0) nfev/streamline-period=1577.5
    n=1: R=3.4516e-11 mean=(-2.8918e-13, -9.0262e-13) max|d|=2.3845e-10 rms|d|=3.4529e-11 | flux-weighted: R=3.4704e-11 mean=(-2.8692e-13, -9.0433e-13) <tau>_w=1.0051468989
  round trip (tol=1e-08): eligible=1024 backward_ok=1024 max=4.226e-10 rms=5.125e-11
  outputs: output_sf30/q1/s1024_lester2021_256/{summary.json,streamlines.csv,timing.json}  wall 7.51 s
{  "schema_version": "sf30-closure-gate-timing-1",  "threads": 32,  "host": "localhost.localdomain",  "field_s": 1.6460813480000001,  "darcy_s": 4.3049305100000002,  "splines_s": 1.157161804,  "diagnostics_s": 0.29372730400000002,  "tolerances": [    {      "tol": 9.9999999999999995e-07,      "seconds": 0.028046148    },    {      "tol": 1e-08,      "seconds": 0.026874970000000001    },    {      "tol": 1e-10,      "seconds": 0.026507103000000001    }  ],  "round_trip_s": 0.026563988,  "total_s": 7.5126959439999998}
### probe16 lester_brk eps=1 N=256
command: ./build/v100-release/closure_gate --field lester_brk --eps 1 --n 256 --pcg-rtol 1e-12 --seeds-file output_sf30/probe_seeds16.csv --tols 1e-6,1e-8,1e-10,1e-12 --working-tol 1e-10 --out output_sf30/q1/p16_lester_brk_256
closure_gate: field=lester_brk grid=256^3 h=0.00390625 eps=1 seeds=16 threads=32
  Y: mean=1.395951e-19 var=1.650000e-01 min=-1.225003e+00 max=1.225003e+00
  Darcy: mg_levels=7 (coarsest 4^3) pcg_rtol=1.0e-12 max_iter=1000 iterations=(20,20,20) rel_res=(2.06e-13,2.23e-13,1.02e-13) converged=yes
  G=(9.6349929956e-01, -4.7571799789e-20, 4.3261956975e-21) mean_flux=(1.000e+00, 1.049e-19, 4.320e-21) div_max=1.40e-11
  spline gpu-vs-host prefilter rel=5.56e-15  g: min_g1=6.5938e-01 min|g|=6.6005e-01 max|g|=1.3184e+00 backflow_fraction=0.0000e+00 v_rms=1.0584e+00
  tol=1e-06  ok=16/16 (seed_backflow=0, non_ok_fraction=0.000e+00, ok_with_backflow=0) nfev/streamline-period=1577.6
    n=1: R=8.6957e-03 mean=(-2.0683e-03, -4.2025e-04) max|d|=1.5519e-02 rms|d|=8.9481e-03 | flux-weighted: R=8.2934e-03 mean=(-2.3667e-03, -4.0941e-04) <tau>_w=1.0170931717
    ladder vs 1e-12 at n=1: max=1.950e-10 rms=5.472e-11 (both_ok=16, status_differs=0)
  tol=1e-08  ok=16/16 (seed_backflow=0, non_ok_fraction=0.000e+00, ok_with_backflow=0) nfev/streamline-period=1577.6
    n=1: R=8.6957e-03 mean=(-2.0683e-03, -4.2025e-04) max|d|=1.5519e-02 rms|d|=8.9481e-03 | flux-weighted: R=8.2934e-03 mean=(-2.3667e-03, -4.0941e-04) <tau>_w=1.0170931717
    ladder vs 1e-12 at n=1: max=1.950e-10 rms=5.472e-11 (both_ok=16, status_differs=0)
  tol=1e-10  ok=16/16 (seed_backflow=0, non_ok_fraction=0.000e+00, ok_with_backflow=0) nfev/streamline-period=1577.6
    n=1: R=8.6957e-03 mean=(-2.0683e-03, -4.2025e-04) max|d|=1.5519e-02 rms|d|=8.9481e-03 | flux-weighted: R=8.2934e-03 mean=(-2.3667e-03, -4.0941e-04) <tau>_w=1.0170931717
    ladder vs 1e-12 at n=1: max=1.950e-10 rms=5.472e-11 (both_ok=16, status_differs=0)
  tol=1e-12  ok=16/16 (seed_backflow=0, non_ok_fraction=0.000e+00, ok_with_backflow=0) nfev/streamline-period=1600.5
    n=1: R=8.6957e-03 mean=(-2.0683e-03, -4.2025e-04) max|d|=1.5519e-02 rms|d|=8.9481e-03 | flux-weighted: R=8.2934e-03 mean=(-2.3667e-03, -4.0941e-04) <tau>_w=1.0170931717
  round trip (tol=1e-10): eligible=16 backward_ok=16 max=1.942e-10 rms=7.633e-11
  outputs: output_sf30/q1/p16_lester_brk_256/{summary.json,streamlines.csv,timing.json}  wall 7.87 s
### s1024 lester_brk eps=1 N=256
command: ./build/v100-release/closure_gate --field lester_brk --eps 1 --n 256 --pcg-rtol 1e-12 --out output_sf30/q1/s1024_lester_brk_256
closure_gate: field=lester_brk grid=256^3 h=0.00390625 eps=1 seeds=1024 threads=32
  Y: mean=1.395951e-19 var=1.650000e-01 min=-1.225003e+00 max=1.225003e+00
  Darcy: mg_levels=7 (coarsest 4^3) pcg_rtol=1.0e-12 max_iter=1000 iterations=(20,20,20) rel_res=(2.06e-13,2.23e-13,1.02e-13) converged=yes
  G=(9.6349929956e-01, -4.7571799789e-20, 4.3261956975e-21) mean_flux=(1.000e+00, 1.049e-19, 4.320e-21) div_max=1.40e-11
  spline gpu-vs-host prefilter rel=5.56e-15  g: min_g1=6.5938e-01 min|g|=6.6005e-01 max|g|=1.3184e+00 backflow_fraction=0.0000e+00 v_rms=1.0584e+00
  tol=1e-06  ok=1024/1024 (seed_backflow=0, non_ok_fraction=0.000e+00, ok_with_backflow=0) nfev/streamline-period=1578.1
    n=1: R=9.3816e-03 mean=(-1.4461e-04, -2.0236e-05) max|d|=2.4696e-02 rms|d|=9.3827e-03 | flux-weighted: R=9.3877e-03 mean=(-2.0814e-04, -8.6789e-07) <tau>_w=1.0050099566
    ladder vs 1e-10 at n=1: max=0.000e+00 rms=0.000e+00 (both_ok=1024, status_differs=0)
  tol=1e-08  ok=1024/1024 (seed_backflow=0, non_ok_fraction=0.000e+00, ok_with_backflow=0) nfev/streamline-period=1578.1
    n=1: R=9.3816e-03 mean=(-1.4461e-04, -2.0236e-05) max|d|=2.4696e-02 rms|d|=9.3827e-03 | flux-weighted: R=9.3877e-03 mean=(-2.0814e-04, -8.6789e-07) <tau>_w=1.0050099566
    ladder vs 1e-10 at n=1: max=0.000e+00 rms=0.000e+00 (both_ok=1024, status_differs=0)
  tol=1e-10  ok=1024/1024 (seed_backflow=0, non_ok_fraction=0.000e+00, ok_with_backflow=0) nfev/streamline-period=1578.1
    n=1: R=9.3816e-03 mean=(-1.4461e-04, -2.0236e-05) max|d|=2.4696e-02 rms|d|=9.3827e-03 | flux-weighted: R=9.3877e-03 mean=(-2.0814e-04, -8.6789e-07) <tau>_w=1.0050099566
  round trip (tol=1e-08): eligible=1024 backward_ok=1024 max=4.159e-10 rms=5.904e-11
  outputs: output_sf30/q1/s1024_lester_brk_256/{summary.json,streamlines.csv,timing.json}  wall 7.90 s
{  "schema_version": "sf30-closure-gate-timing-1",  "threads": 32,  "host": "localhost.localdomain",  "field_s": 2.000537682,  "darcy_s": 4.3394615600000002,  "splines_s": 1.1649231289999999,  "diagnostics_s": 0.28815047900000001,  "tolerances": [    {      "tol": 9.9999999999999995e-07,      "seconds": 0.026353340999999999    },    {      "tol": 1e-08,      "seconds": 0.025874616    },    {      "tol": 1e-10,      "seconds": 0.02571441    }  ],  "round_trip_s": 0.026097536000000001,  "total_s": 7.8996152090000002}
### probe16 control2d eps=1 N=256
command: ./build/v100-release/closure_gate --field control2d --eps 1 --n 256 --pcg-rtol 1e-12 --seeds-file output_sf30/probe_seeds16.csv --tols 1e-6,1e-8,1e-10,1e-12 --working-tol 1e-10 --out output_sf30/q1/p16_control2d_256
closure_gate: field=control2d grid=256^3 h=0.00390625 eps=1 seeds=16 threads=32
  Y: mean=2.769810e-17 var=9.450000e-01 min=-2.270669e+00 max=2.270669e+00
  Darcy: mg_levels=7 (coarsest 4^3) pcg_rtol=1.0e-12 max_iter=1000 iterations=(20,20,0) rel_res=(2.58e-13,4.94e-13,0.00e+00) converged=yes
  G=(1.0247723069e+00, 1.0004323353e-01, -3.1207704148e-36) mean_flux=(1.000e+00, 3.393e-17, -9.714e-35) div_max=8.64e-11
  spline gpu-vs-host prefilter rel=4.71e-15  g: min_g1=2.3165e-01 min|g|=2.3750e-01 max|g|=2.6410e+00 backflow_fraction=0.0000e+00 v_rms=1.1894e+00
  tol=1e-06  ok=16/16 (seed_backflow=0, non_ok_fraction=0.000e+00, ok_with_backflow=0) nfev/streamline-period=1656.0
    n=1: R=4.4826e-05 mean=(-4.9900e-05, -2.2711e-16) max|d|=1.2426e-04 rms|d|=6.7077e-05 | flux-weighted: R=3.0420e-05 mean=(-2.8193e-05, -4.9696e-17) <tau>_w=1.0862635829
    ladder vs 1e-12 at n=1: max=2.137e-09 rms=8.527e-10 (both_ok=16, status_differs=0)
  tol=1e-08  ok=16/16 (seed_backflow=0, non_ok_fraction=0.000e+00, ok_with_backflow=0) nfev/streamline-period=1656.0
    n=1: R=4.4826e-05 mean=(-4.9900e-05, -2.2711e-16) max|d|=1.2426e-04 rms|d|=6.7077e-05 | flux-weighted: R=3.0420e-05 mean=(-2.8193e-05, -4.9696e-17) <tau>_w=1.0862635829
    ladder vs 1e-12 at n=1: max=2.137e-09 rms=8.527e-10 (both_ok=16, status_differs=0)
  tol=1e-10  ok=16/16 (seed_backflow=0, non_ok_fraction=0.000e+00, ok_with_backflow=0) nfev/streamline-period=1656.4
    n=1: R=4.4826e-05 mean=(-4.9900e-05, -1.7876e-16) max|d|=1.2426e-04 rms|d|=6.7077e-05 | flux-weighted: R=3.0420e-05 mean=(-2.8193e-05, -1.6320e-17) <tau>_w=1.0862635833
    ladder vs 1e-12 at n=1: max=2.707e-09 rms=9.428e-10 (both_ok=16, status_differs=0)
  tol=1e-12  ok=16/16 (seed_backflow=0, non_ok_fraction=0.000e+00, ok_with_backflow=0) nfev/streamline-period=3241.5
    n=1: R=4.4826e-05 mean=(-4.9901e-05, -2.4831e-16) max|d|=1.2426e-04 rms|d|=6.7078e-05 | flux-weighted: R=3.0420e-05 mean=(-2.8193e-05, -2.0665e-16) <tau>_w=1.0862635847
  round trip (tol=1e-10): eligible=16 backward_ok=16 max=1.774e-09 rms=1.018e-09
  outputs: output_sf30/q1/p16_control2d_256/{summary.json,streamlines.csv,timing.json}  wall 6.14 s
### s1024 control2d eps=1 N=256
command: ./build/v100-release/closure_gate --field control2d --eps 1 --n 256 --pcg-rtol 1e-12 --out output_sf30/q1/s1024_control2d_256
closure_gate: field=control2d grid=256^3 h=0.00390625 eps=1 seeds=1024 threads=32
  Y: mean=2.769810e-17 var=9.450000e-01 min=-2.270669e+00 max=2.270669e+00
  Darcy: mg_levels=7 (coarsest 4^3) pcg_rtol=1.0e-12 max_iter=1000 iterations=(20,20,0) rel_res=(2.58e-13,4.94e-13,0.00e+00) converged=yes
  G=(1.0247723069e+00, 1.0004323353e-01, -3.1207704148e-36) mean_flux=(1.000e+00, 3.393e-17, -9.714e-35) div_max=8.64e-11
  spline gpu-vs-host prefilter rel=4.71e-15  g: min_g1=2.3165e-01 min|g|=2.3750e-01 max|g|=2.6410e+00 backflow_fraction=0.0000e+00 v_rms=1.1894e+00
  tol=1e-06  ok=1024/1024 (seed_backflow=0, non_ok_fraction=0.000e+00, ok_with_backflow=0) nfev/streamline-period=1664.4
    n=1: R=3.9395e-05 mean=(-4.0157e-05, -3.8201e-17) max|d|=1.2426e-04 rms|d|=5.6254e-05 | flux-weighted: R=2.5695e-05 mean=(-2.4885e-05, -1.9803e-17) <tau>_w=0.9982494476
    ladder vs 1e-10 at n=1: max=8.380e-10 rms=1.372e-10 (both_ok=1024, status_differs=0)
  tol=1e-08  ok=1024/1024 (seed_backflow=0, non_ok_fraction=0.000e+00, ok_with_backflow=0) nfev/streamline-period=1664.4
    n=1: R=3.9395e-05 mean=(-4.0157e-05, -3.8201e-17) max|d|=1.2426e-04 rms|d|=5.6254e-05 | flux-weighted: R=2.5695e-05 mean=(-2.4885e-05, -1.9803e-17) <tau>_w=0.9982494476
    ladder vs 1e-10 at n=1: max=8.380e-10 rms=1.372e-10 (both_ok=1024, status_differs=0)
  tol=1e-10  ok=1024/1024 (seed_backflow=0, non_ok_fraction=0.000e+00, ok_with_backflow=0) nfev/streamline-period=1664.4
    n=1: R=3.9395e-05 mean=(-4.0157e-05, -3.6813e-17) max|d|=1.2426e-04 rms|d|=5.6254e-05 | flux-weighted: R=2.5695e-05 mean=(-2.4885e-05, -1.9066e-17) <tau>_w=0.9982494478
  round trip (tol=1e-08): eligible=1024 backward_ok=1024 max=3.993e-09 rms=9.094e-10
  outputs: output_sf30/q1/s1024_control2d_256/{summary.json,streamlines.csv,timing.json}  wall 6.56 s
{  "schema_version": "sf30-closure-gate-timing-1",  "threads": 32,  "host": "localhost.localdomain",  "field_s": 1.7850560339999999,  "darcy_s": 2.9155122919999998,  "splines_s": 1.4512144199999999,  "diagnostics_s": 0.287137955,  "tolerances": [    {      "tol": 9.9999999999999995e-07,      "seconds": 0.032486122999999999    },    {      "tol": 1e-08,      "seconds": 0.029687759000000001    },    {      "tol": 1e-10,      "seconds": 0.029161136000000001    }  ],  "round_trip_s": 0.029763985,  "total_s": 6.5629774510000001}
### probe16 two_mode eps=0.5 N=256
command: ./build/v100-release/closure_gate --field two_mode --eps 0.5 --n 256 --pcg-rtol 1e-12 --seeds-file output_sf30/probe_seeds16.csv --tols 1e-6,1e-8,1e-10,1e-12 --working-tol 1e-10 --out output_sf30/q1/p16_two_mode_256
closure_gate: field=two_mode grid=256^3 h=0.00390625 eps=0.5 seeds=16 threads=32
  Y: mean=8.798859e-18 var=2.500000e-01 min=-1.000000e+00 max=1.000000e+00
  Darcy: mg_levels=7 (coarsest 4^3) pcg_rtol=1.0e-12 max_iter=1000 iterations=(10,20,20) rel_res=(8.62e-13,2.94e-13,2.94e-13) converged=yes
  G=(1.0011756749e+00, 5.8483828716e-02, 5.8483828716e-02) mean_flux=(1.000e+00, 2.528e-16, 6.452e-16) div_max=3.95e-11
  spline gpu-vs-host prefilter rel=6.42e-15  g: min_g1=5.9201e-01 min|g|=6.2703e-01 max|g|=1.6960e+00 backflow_fraction=0.0000e+00 v_rms=1.0620e+00
  tol=1e-06  ok=16/16 (seed_backflow=0, non_ok_fraction=0.000e+00, ok_with_backflow=0) nfev/streamline-period=1603.5
    n=1: R=2.8468e-02 mean=(-4.5852e-03, -5.2411e-03) max|d|=4.7965e-02 rms|d|=2.9307e-02 | flux-weighted: R=2.7736e-02 mean=(-3.8918e-03, -4.7303e-03) <tau>_w=1.0095020995
    ladder vs 1e-12 at n=1: max=6.279e-11 rms=3.505e-11 (both_ok=16, status_differs=0)
  tol=1e-08  ok=16/16 (seed_backflow=0, non_ok_fraction=0.000e+00, ok_with_backflow=0) nfev/streamline-period=1603.5
    n=1: R=2.8468e-02 mean=(-4.5852e-03, -5.2411e-03) max|d|=4.7965e-02 rms|d|=2.9307e-02 | flux-weighted: R=2.7736e-02 mean=(-3.8918e-03, -4.7303e-03) <tau>_w=1.0095020995
    ladder vs 1e-12 at n=1: max=6.279e-11 rms=3.505e-11 (both_ok=16, status_differs=0)
  tol=1e-10  ok=16/16 (seed_backflow=0, non_ok_fraction=0.000e+00, ok_with_backflow=0) nfev/streamline-period=1603.5
    n=1: R=2.8468e-02 mean=(-4.5852e-03, -5.2411e-03) max|d|=4.7965e-02 rms|d|=2.9307e-02 | flux-weighted: R=2.7736e-02 mean=(-3.8918e-03, -4.7303e-03) <tau>_w=1.0095020995
    ladder vs 1e-12 at n=1: max=6.279e-11 rms=3.505e-11 (both_ok=16, status_differs=0)
  tol=1e-12  ok=16/16 (seed_backflow=0, non_ok_fraction=0.000e+00, ok_with_backflow=0) nfev/streamline-period=1609.5
    n=1: R=2.8468e-02 mean=(-4.5852e-03, -5.2411e-03) max|d|=4.7965e-02 rms|d|=2.9307e-02 | flux-weighted: R=2.7736e-02 mean=(-3.8918e-03, -4.7303e-03) <tau>_w=1.0095020996
  round trip (tol=1e-10): eligible=16 backward_ok=16 max=1.051e-10 rms=4.193e-11
  outputs: output_sf30/q1/p16_two_mode_256/{summary.json,streamlines.csv,timing.json}  wall 7.17 s
### s1024 two_mode eps=0.5 N=256
command: ./build/v100-release/closure_gate --field two_mode --eps 0.5 --n 256 --pcg-rtol 1e-12 --out output_sf30/q1/s1024_two_mode_256
closure_gate: field=two_mode grid=256^3 h=0.00390625 eps=0.5 seeds=1024 threads=32
  Y: mean=8.798859e-18 var=2.500000e-01 min=-1.000000e+00 max=1.000000e+00
  Darcy: mg_levels=7 (coarsest 4^3) pcg_rtol=1.0e-12 max_iter=1000 iterations=(10,20,20) rel_res=(8.62e-13,2.94e-13,2.94e-13) converged=yes
  G=(1.0011756749e+00, 5.8483828716e-02, 5.8483828716e-02) mean_flux=(1.000e+00, 2.528e-16, 6.452e-16) div_max=3.95e-11
  spline gpu-vs-host prefilter rel=6.42e-15  g: min_g1=5.9201e-01 min|g|=6.2703e-01 max|g|=1.6960e+00 backflow_fraction=0.0000e+00 v_rms=1.0620e+00
  tol=1e-06  ok=1024/1024 (seed_backflow=0, non_ok_fraction=0.000e+00, ok_with_backflow=0) nfev/streamline-period=1603.4
    n=1: R=3.1262e-02 mean=(-2.0167e-03, -1.8794e-03) max|d|=5.3289e-02 rms|d|=3.1383e-02 | flux-weighted: R=3.0383e-02 mean=(-5.6965e-04, -4.5578e-04) <tau>_w=1.0011311665
    ladder vs 1e-10 at n=1: max=0.000e+00 rms=0.000e+00 (both_ok=1024, status_differs=0)
  tol=1e-08  ok=1024/1024 (seed_backflow=0, non_ok_fraction=0.000e+00, ok_with_backflow=0) nfev/streamline-period=1603.4
    n=1: R=3.1262e-02 mean=(-2.0167e-03, -1.8794e-03) max|d|=5.3289e-02 rms|d|=3.1383e-02 | flux-weighted: R=3.0383e-02 mean=(-5.6965e-04, -4.5578e-04) <tau>_w=1.0011311665
    ladder vs 1e-10 at n=1: max=0.000e+00 rms=0.000e+00 (both_ok=1024, status_differs=0)
  tol=1e-10  ok=1024/1024 (seed_backflow=0, non_ok_fraction=0.000e+00, ok_with_backflow=0) nfev/streamline-period=1603.4
    n=1: R=3.1262e-02 mean=(-2.0167e-03, -1.8794e-03) max|d|=5.3289e-02 rms|d|=3.1383e-02 | flux-weighted: R=3.0383e-02 mean=(-5.6965e-04, -4.5578e-04) <tau>_w=1.0011311665
  round trip (tol=1e-08): eligible=1024 backward_ok=1024 max=1.448e-10 rms=3.944e-11
  outputs: output_sf30/q1/s1024_two_mode_256/{summary.json,streamlines.csv,timing.json}  wall 7.29 s
{  "schema_version": "sf30-closure-gate-timing-1",  "threads": 32,  "host": "localhost.localdomain",  "field_s": 2.114991764,  "darcy_s": 3.6085089770000001,  "splines_s": 1.1600805510000001,  "diagnostics_s": 0.28944063599999997,  "tolerances": [    {      "tol": 9.9999999999999995e-07,      "seconds": 0.029092089000000002    },    {      "tol": 1e-08,      "seconds": 0.028640298000000002    },    {      "tol": 1e-10,      "seconds": 0.028410089999999999    }  ],  "round_trip_s": 0.029441960999999999,  "total_s": 7.2908426110000004}
### probe16 generic3d eps=0.5 N=256
command: ./build/v100-release/closure_gate --field generic3d --eps 0.5 --n 256 --pcg-rtol 1e-12 --seeds-file output_sf30/probe_seeds16.csv --tols 1e-6,1e-8,1e-10,1e-12 --working-tol 1e-10 --out output_sf30/q1/p16_generic3d_256
closure_gate: field=generic3d grid=256^3 h=0.00390625 eps=0.5 seeds=16 threads=32
  Y: mean=-1.134106e-17 var=3.750000e-01 min=-1.688371e+00 max=1.656715e+00
  Darcy: mg_levels=7 (coarsest 4^3) pcg_rtol=1.0e-12 max_iter=1000 iterations=(20,20,20) rel_res=(2.54e-13,3.19e-13,2.92e-13) converged=yes
  G=(9.9270995785e-01, 4.6765381927e-02, 6.7248039825e-02) mean_flux=(1.000e+00, -1.020e-16, -5.529e-17) div_max=4.21e-11
  spline gpu-vs-host prefilter rel=5.12e-15  g: min_g1=4.1089e-01 min|g|=4.5471e-01 max|g|=2.0875e+00 backflow_fraction=0.0000e+00 v_rms=1.0997e+00
  tol=1e-06  ok=16/16 (seed_backflow=0, non_ok_fraction=0.000e+00, ok_with_backflow=0) nfev/streamline-period=1620.0
    n=1: R=5.4014e-02 mean=(4.3804e-03, 9.4122e-03) max|d|=8.3068e-02 rms|d|=5.5002e-02 | flux-weighted: R=5.4406e-02 mean=(1.2712e-03, 5.6064e-03) <tau>_w=1.0022850814
    ladder vs 1e-12 at n=1: max=5.577e-10 rms=2.546e-10 (both_ok=16, status_differs=0)
  tol=1e-08  ok=16/16 (seed_backflow=0, non_ok_fraction=0.000e+00, ok_with_backflow=0) nfev/streamline-period=1620.0
    n=1: R=5.4014e-02 mean=(4.3804e-03, 9.4122e-03) max|d|=8.3068e-02 rms|d|=5.5002e-02 | flux-weighted: R=5.4406e-02 mean=(1.2712e-03, 5.6064e-03) <tau>_w=1.0022850814
    ladder vs 1e-12 at n=1: max=5.577e-10 rms=2.546e-10 (both_ok=16, status_differs=0)
  tol=1e-10  ok=16/16 (seed_backflow=0, non_ok_fraction=0.000e+00, ok_with_backflow=0) nfev/streamline-period=1620.0
    n=1: R=5.4014e-02 mean=(4.3804e-03, 9.4122e-03) max|d|=8.3068e-02 rms|d|=5.5002e-02 | flux-weighted: R=5.4406e-02 mean=(1.2712e-03, 5.6064e-03) <tau>_w=1.0022850814
    ladder vs 1e-12 at n=1: max=5.577e-10 rms=2.546e-10 (both_ok=16, status_differs=0)
  tol=1e-12  ok=16/16 (seed_backflow=0, non_ok_fraction=0.000e+00, ok_with_backflow=0) nfev/streamline-period=1796.6
    n=1: R=5.4014e-02 mean=(4.3804e-03, 9.4122e-03) max|d|=8.3068e-02 rms|d|=5.5002e-02 | flux-weighted: R=5.4406e-02 mean=(1.2712e-03, 5.6064e-03) <tau>_w=1.0022850811
  round trip (tol=1e-10): eligible=16 backward_ok=16 max=4.968e-10 rms=2.424e-10
  outputs: output_sf30/q1/p16_generic3d_256/{summary.json,streamlines.csv,timing.json}  wall 8.39 s
### s1024 generic3d eps=0.5 N=256
command: ./build/v100-release/closure_gate --field generic3d --eps 0.5 --n 256 --pcg-rtol 1e-12 --out output_sf30/q1/s1024_generic3d_256
closure_gate: field=generic3d grid=256^3 h=0.00390625 eps=0.5 seeds=1024 threads=32
  Y: mean=-1.134106e-17 var=3.750000e-01 min=-1.688371e+00 max=1.656715e+00
  Darcy: mg_levels=7 (coarsest 4^3) pcg_rtol=1.0e-12 max_iter=1000 iterations=(20,20,20) rel_res=(2.54e-13,3.19e-13,2.92e-13) converged=yes
  G=(9.9270995785e-01, 4.6765381927e-02, 6.7248039825e-02) mean_flux=(1.000e+00, -1.020e-16, -5.529e-17) div_max=4.21e-11
  spline gpu-vs-host prefilter rel=5.12e-15  g: min_g1=4.1089e-01 min|g|=4.5471e-01 max|g|=2.0875e+00 backflow_fraction=0.0000e+00 v_rms=1.0997e+00
  tol=1e-06  ok=1024/1024 (seed_backflow=0, non_ok_fraction=0.000e+00, ok_with_backflow=0) nfev/streamline-period=1620.2
    n=1: R=5.2158e-02 mean=(3.0804e-03, 7.7392e-03) max|d|=9.5024e-02 rms|d|=5.2819e-02 | flux-weighted: R=5.0687e-02 mean=(-1.0042e-04, 2.0469e-04) <tau>_w=0.9955663907
    ladder vs 1e-10 at n=1: max=0.000e+00 rms=0.000e+00 (both_ok=1024, status_differs=0)
  tol=1e-08  ok=1024/1024 (seed_backflow=0, non_ok_fraction=0.000e+00, ok_with_backflow=0) nfev/streamline-period=1620.2
    n=1: R=5.2158e-02 mean=(3.0804e-03, 7.7392e-03) max|d|=9.5024e-02 rms|d|=5.2819e-02 | flux-weighted: R=5.0687e-02 mean=(-1.0042e-04, 2.0469e-04) <tau>_w=0.9955663907
    ladder vs 1e-10 at n=1: max=0.000e+00 rms=0.000e+00 (both_ok=1024, status_differs=0)
  tol=1e-10  ok=1024/1024 (seed_backflow=0, non_ok_fraction=0.000e+00, ok_with_backflow=0) nfev/streamline-period=1620.2
    n=1: R=5.2158e-02 mean=(3.0804e-03, 7.7392e-03) max|d|=9.5024e-02 rms|d|=5.2819e-02 | flux-weighted: R=5.0687e-02 mean=(-1.0042e-04, 2.0469e-04) <tau>_w=0.9955663907
  round trip (tol=1e-08): eligible=1024 backward_ok=1024 max=1.063e-09 rms=2.260e-10
  outputs: output_sf30/q1/s1024_generic3d_256/{summary.json,streamlines.csv,timing.json}  wall 8.49 s
{  "schema_version": "sf30-closure-gate-timing-1",  "threads": 32,  "host": "localhost.localdomain",  "field_s": 2.5712217480000001,  "darcy_s": 4.3403264889999997,  "splines_s": 1.1640674580000001,  "diagnostics_s": 0.28943948400000002,  "tolerances": [    {      "tol": 9.9999999999999995e-07,      "seconds": 0.030343755    },    {      "tol": 1e-08,      "seconds": 0.029524598999999999    },    {      "tol": 1e-10,      "seconds": 0.029394176000000001    }  ],  "round_trip_s": 0.030285382999999999,  "total_s": 8.4874988659999993}
[2026-10-05T12:09:56Z] job=sf30-q1-controls finished exit=0
