command: /home/sesquerre/MacroFlow3D-SF-33/build/v100-release/inlet_slab --proto /home/sesquerre/MacroFlow3D-SF-33/docs/experiments/artifacts/2026-10-06-sf33-gpu-inlet-labels/exports/gauss_0.25_32 --restart 200 --max-inner 12000 --summary /home/sesquerre/MacroFlow3D-SF-33/docs/experiments/artifacts/2026-10-06-sf33-gpu-inlet-labels/raw/proto_r200/gauss_0.25_32.json
CASE_DIR /home/sesquerre/MacroFlow3D-SF-33/docs/experiments/artifacts/2026-10-06-sf33-gpu-inlet-labels/exports/gauss_0.25_32 field=gauss eps=0.25 N=32 nphi=32 Q0=0.99999999999644 inlet_vmin=6.326717e-01 v_rms=1.02048890396107 cache_hit=0 stage_amplitudes=16 target_eps=0.25
SETUP grad_lnk=analytic (prototype export: complex-step gradient of the analytic ln k at the vertices)
SOLVER N=32 eps=0.25 cand=i1o4 newton_tol=1.0e-13 max_newton=40 lin_tol=1.0e-12 restart=200 max_inner=12000 bisect=4 prec=P-A ladder=(0.25,0.5,1) stage_ok=1e-09
STAGE field=gauss eps=0.25 N=32 cand=i1o4 (from eps=0, u=0)
  NEWTON gauss:0.25:32:i1o4 it= 0 r_F=4.928e+00 r_out=6.530e-02
    LINEAR gmres+P-A its=378 rel=9.2e-14 t=1.01s cycles=2 reorth=338 rec=9.2e-14 status=converged t_fact=0.00s singular_modes=0
  NEWTON gauss:0.25:32:i1o4 it= 1 r_F=1.931e+00 r_out=1.165e-02 lambda=1 |dx|max=9.14e-02 lin=gmres+P-A rel=9.2e-14 lits=378 t_lin=1.0s |dx|2=5.00e+00 t_fact=0.00s
    LINEAR gmres+P-A its=800 rel=1.4e-01 t=2.17s cycles=4 reorth=769 rec=1.4e-01 status=stagnation t_fact=0.00s singular_modes=0
  NEWTON gauss:0.25:32:i1o4 it= 2 linear_failure: GMRES status=stagnation rel=1.4e-01 lits=800 prec singular modes=0 (step not taken)
  STAGE_END field=gauss eps=0.25 N=32 cand=i1o4 status=linear_failure its=2 r_F=1.931e+00 r_out=1.165e-02 -> FAILED
  CONTINUATION bisection 1/4: retry from eps=0 at eps=0.125
STAGE field=gauss eps=0.125 N=32 cand=i1o4 (from eps=0, u=0)
  NEWTON gauss:0.125:32:i1o4 it= 0 r_F=2.398e+00 r_out=3.286e-02
    LINEAR gmres+P-A its=164 rel=9.5e-14 t=0.38s cycles=1 reorth=146 rec=9.5e-14 status=converged t_fact=0.00s singular_modes=0
  NEWTON gauss:0.125:32:i1o4 it= 1 r_F=9.674e-02 r_out=3.403e-03 lambda=1 |dx|max=4.61e-02 lin=gmres+P-A rel=9.5e-14 lits=164 t_lin=0.4s |dx|2=2.74e+00 t_fact=0.00s
    LINEAR gmres+P-A its=81 rel=1.1e-13 t=0.13s cycles=1 reorth=81 rec=7.0e-14 status=converged t_fact=0.00s singular_modes=0
  NEWTON gauss:0.125:32:i1o4 it= 2 r_F=5.797e-02 r_out=1.696e-03 lambda=0.5 |dx|max=3.24e-02 lin=gmres+P-A rel=1.1e-13 lits=81 t_lin=0.1s |dx|2=1.56e+00 t_fact=0.00s
    LINEAR gmres+P-A its=86 rel=9.5e-14 t=0.14s cycles=1 reorth=86 rec=6.9e-14 status=converged t_fact=0.00s singular_modes=0
  NEWTON gauss:0.125:32:i1o4 it= 3 r_F=3.059e-02 r_out=7.938e-05 lambda=1 |dx|max=1.64e-02 lin=gmres+P-A rel=9.5e-14 lits=86 t_lin=0.1s |dx|2=7.38e-01 t_fact=0.00s
    LINEAR gmres+P-A its=127 rel=9.0e-14 t=0.26s cycles=1 reorth=127 rec=8.6e-14 status=converged t_fact=0.00s singular_modes=0
  NEWTON gauss:0.125:32:i1o4 it= 4 r_F=4.292e-03 r_out=1.807e-06 lambda=1 |dx|max=2.62e-03 lin=gmres+P-A rel=9.0e-14 lits=127 t_lin=0.3s |dx|2=6.77e-02 t_fact=0.00s
    LINEAR gmres+P-A its=123 rel=1.0e-13 t=0.24s cycles=1 reorth=122 rec=9.9e-14 status=converged t_fact=0.00s singular_modes=0
  NEWTON gauss:0.125:32:i1o4 it= 5 r_F=3.687e-04 r_out=2.511e-07 lambda=1 |dx|max=5.68e-04 lin=gmres+P-A rel=1.0e-13 lits=123 t_lin=0.2s |dx|2=1.64e-02 t_fact=0.00s
    LINEAR gmres+P-A its=122 rel=9.8e-14 t=0.24s cycles=1 reorth=121 rec=9.2e-14 status=converged t_fact=0.00s singular_modes=0
  NEWTON gauss:0.125:32:i1o4 it= 6 r_F=6.870e-07 r_out=3.180e-10 lambda=1 |dx|max=3.54e-05 lin=gmres+P-A rel=9.8e-14 lits=122 t_lin=0.2s |dx|2=5.83e-04 t_fact=0.00s
    LINEAR gmres+P-A its=124 rel=9.8e-14 t=0.25s cycles=1 reorth=124 rec=8.0e-14 status=converged t_fact=0.00s singular_modes=0
  NEWTON gauss:0.125:32:i1o4 it= 7 r_F=1.688e-11 r_out=1.287e-14 lambda=1 |dx|max=1.71e-07 lin=gmres+P-A rel=9.8e-14 lits=124 t_lin=0.2s |dx|2=3.12e-06 t_fact=0.00s
    LINEAR gmres+P-A its=122 rel=8.5e-14 t=0.24s cycles=1 reorth=121 rec=7.9e-14 status=converged t_fact=0.00s singular_modes=0
  NEWTON gauss:0.125:32:i1o4 it= 8 r_F=4.407e-15 r_out=1.839e-16 lambda=1 |dx|max=1.91e-12 lin=gmres+P-A rel=8.5e-14 lits=122 t_lin=0.2s |dx|2=3.85e-11 t_fact=0.00s
  STAGE_END field=gauss eps=0.125 N=32 cand=i1o4 status=converged its=8 r_F=4.407e-15 r_out=1.839e-16 -> accepted
STAGE field=gauss eps=0.25 N=32 cand=i1o4 (from eps=0.125, warm start)
  NEWTON gauss:0.25:32:i1o4 it= 0 r_F=2.473e+00 r_out=3.334e-02
    LINEAR gmres+P-A its=264 rel=1.0e-13 t=0.62s cycles=2 reorth=209 rec=1.0e-13 status=converged t_fact=0.00s singular_modes=0
  NEWTON gauss:0.25:32:i1o4 it= 1 r_F=8.646e-02 r_out=3.307e-03 lambda=1 |dx|max=4.67e-02 lin=gmres+P-A rel=1.0e-13 lits=264 t_lin=0.6s |dx|2=2.84e+00 t_fact=0.00s
    LINEAR gmres+P-A its=265 rel=9.7e-14 t=0.63s cycles=2 reorth=262 rec=9.3e-14 status=converged t_fact=0.00s singular_modes=0
  NEWTON gauss:0.25:32:i1o4 it= 2 r_F=5.685e-02 r_out=1.625e-03 lambda=0.5 |dx|max=3.52e-02 lin=gmres+P-A rel=9.7e-14 lits=265 t_lin=0.6s |dx|2=1.84e+00 t_fact=0.00s
    LINEAR gmres+P-A its=338 rel=1.0e-13 t=0.85s cycles=2 reorth=336 rec=9.8e-14 status=converged t_fact=0.00s singular_modes=0
  NEWTON gauss:0.25:32:i1o4 it= 3 r_F=2.635e-02 r_out=1.038e-04 lambda=1 |dx|max=1.65e-02 lin=gmres+P-A rel=1.0e-13 lits=338 t_lin=0.9s |dx|2=8.18e-01 t_fact=0.00s
    LINEAR gmres+P-A its=536 rel=9.5e-14 t=1.37s cycles=3 reorth=533 rec=9.5e-14 status=converged t_fact=0.00s singular_modes=0
  NEWTON gauss:0.25:32:i1o4 it= 4 r_F=5.075e-03 r_out=6.159e-06 lambda=1 |dx|max=4.63e-03 lin=gmres+P-A rel=9.5e-14 lits=536 t_lin=1.4s |dx|2=1.23e-01 t_fact=0.00s
    LINEAR gmres+P-A its=561 rel=1.0e-13 t=1.47s cycles=3 reorth=559 rec=9.9e-14 status=converged t_fact=0.00s singular_modes=0
  NEWTON gauss:0.25:32:i1o4 it= 5 r_F=2.001e-04 r_out=4.662e-07 lambda=1 |dx|max=1.08e-03 lin=gmres+P-A rel=1.0e-13 lits=561 t_lin=1.5s |dx|2=2.97e-02 t_fact=0.00s
    LINEAR gmres+P-A its=568 rel=9.7e-14 t=1.49s cycles=3 reorth=566 rec=9.6e-14 status=converged t_fact=0.00s singular_modes=0
  NEWTON gauss:0.25:32:i1o4 it= 6 r_F=2.269e-06 r_out=1.804e-09 lambda=1 |dx|max=9.46e-05 lin=gmres+P-A rel=9.7e-14 lits=568 t_lin=1.5s |dx|2=1.50e-03 t_fact=0.00s
    LINEAR gmres+P-A its=554 rel=9.2e-14 t=1.43s cycles=3 reorth=552 rec=9.2e-14 status=converged t_fact=0.00s singular_modes=0
  NEWTON gauss:0.25:32:i1o4 it= 7 r_F=2.155e-11 r_out=4.021e-14 lambda=1 |dx|max=3.18e-07 lin=gmres+P-A rel=9.2e-14 lits=554 t_lin=1.4s |dx|2=6.25e-06 t_fact=0.00s
    LINEAR gmres+P-A its=560 rel=9.2e-14 t=1.45s cycles=3 reorth=557 rec=9.2e-14 status=converged t_fact=0.00s singular_modes=0
  NEWTON gauss:0.25:32:i1o4 it= 8 r_F=8.913e-15 r_out=3.857e-16 lambda=1 |dx|max=8.04e-12 lin=gmres+P-A rel=9.2e-14 lits=560 t_lin=1.5s |dx|2=1.41e-10 t_fact=0.00s
  STAGE_END field=gauss eps=0.25 N=32 cand=i1o4 status=converged its=8 r_F=8.913e-15 r_out=3.857e-16 -> accepted
PATH field=gauss eps=0.25 N=32 cand=i1o4 continuation path: 0.25(fail)->0.125->0.25
GMRES_STATS field=gauss eps=0.25 N=32 stage_eps=0.25 status=linear_failure newton_its=2 steps=2 its_max=800 its_median=589.0 its_total=1178 rel_max=1.4e-01 linear_failures=1
GMRES_STATS field=gauss eps=0.25 N=32 stage_eps=0.125 status=converged newton_its=8 steps=8 its_max=164 its_median=122.5 its_total=949 rel_max=1.1e-13 linear_failures=0
GMRES_STATS field=gauss eps=0.25 N=32 stage_eps=0.25 status=converged newton_its=8 steps=8 its_max=568 its_median=545.0 its_total=3646 rel_max=1.0e-13 linear_failures=0
CASE field=gauss eps=0.25 N=32 cand=i1o4 | r_F=8.913e-15 its=8 | e_v=8.014e-04 e_psi=1.303e-02 e_i=(6.626e-04,3.779e-04) e_div=1.025e-03 min_c=5.051e-01 p0.1=5.388e-01 p1=6.258e-01 p5=7.290e-01 p50=9.832e-01 | t=14.4 | e_psi1=1.303e-02 e_psi2=9.952e-03
CASE field=gauss eps=0.25 N=32 cand=oracle_fd4 | r_F=nan its=nan | e_v=2.620e-04 e_psi=1.350e-17 e_i=(8.091e-05,4.547e-05) e_div=1.206e-03 min_c=5.052e-01 p0.1=5.388e-01 p1=6.259e-01 p5=7.290e-01 p50=9.832e-01 | t=0.0 | e_psi1=0.000e+00 e_psi2=1.350e-17
EXTRA field=gauss eps=0.25 N=32 cand=i1o4 status=converged r_F=8.913e-15 r_out=3.857e-16 | outlet c_perp-vperp_in: cand=3.857e-16 oracle_fd=2.175e-04 | inlet oblique defect (c x e1 - vperp_in x e1)/v_rms: j=0(one-sided) cand=1.071e-03 oracle_fd=1.705e-04; j=1 cand=2.231e-02 oracle_fd=2.233e-02; j=1 vs vD(j=1) cand=1.038e-03 oracle_fd=5.054e-05 | min|c|/v_rms=0.4950 min|vD|/v_rms=0.4950 e_i1=6.626e-04 e_i2=3.779e-04 | t=14.4s | a_psi1=4.079e-04 a_psi2=2.221e-04 (FD order 4)
HISTORY field=gauss eps=0.25 N=32 cand=i1o4 r_F: 2.47e+00 8.65e-02 5.68e-02 2.63e-02 5.08e-03 2.00e-04 2.27e-06 2.16e-11 8.91e-15
HISTORY field=gauss eps=0.25 N=32 cand=i1o4 r_out: 3.33e-02 3.31e-03 1.63e-03 1.04e-04 6.16e-06 4.66e-07 1.80e-09 4.02e-14 3.86e-16
HISTORY_FULL field=gauss eps=0.25 N=32 cand=i1o4 r_F: 2.47294734116440962e+00 8.64574161769183364e-02 5.68487448806823392e-02 2.63471776379010265e-02 5.07540997358064874e-03 2.00128780372625480e-04 2.26892822802717018e-06 2.15528984537370601e-11 8.91348406515413069e-15
HISTORY_FULL field=gauss eps=0.25 N=32 cand=i1o4 r_out: 3.33434960229140112e-02 3.30693453436304002e-03 1.62520117985539528e-03 1.03808168188007595e-04 6.15864831615190703e-06 4.66231670378763047e-07 1.80383237904032782e-09 4.02076419194140798e-14 3.85734457547803782e-16
TIMING load=0.017s metrics=0.003s prepare=0.038s solve=14.437s total=14.496s
MEMORY peak_device_bytes=649068544 free_min=33440661504 total_device=34089730048 workspaces_bytes=131326143 (peak/free: cudaMemGetInfo polls before/after every phase, device-wide)
SUMMARY_JSON /home/sesquerre/MacroFlow3D-SF-33/docs/experiments/artifacts/2026-10-06-sf33-gpu-inlet-labels/raw/proto_r200/gauss_0.25_32.json
STATUS converged
