command: /home/sesquerre/MacroFlow3D-SF-33/build/v100-release/inlet_slab --proto /home/sesquerre/MacroFlow3D-SF-33/docs/experiments/artifacts/2026-10-06-sf33-gpu-inlet-labels/exports/gauss_ch_0.25_16 --solution /home/sesquerre/MacroFlow3D-SF-33/docs/experiments/artifacts/2026-10-06-sf33-gpu-inlet-labels/exports/solutions/gauss_ch_0.25_16_i1o4 --restart 200 --max-inner 12000 --summary /home/sesquerre/MacroFlow3D-SF-33/docs/experiments/artifacts/2026-10-06-sf33-gpu-inlet-labels/raw/proto_r200/gauss_ch_0.25_16.json
CASE_DIR /home/sesquerre/MacroFlow3D-SF-33/docs/experiments/artifacts/2026-10-06-sf33-gpu-inlet-labels/exports/gauss_ch_0.25_16 field=gauss_ch eps=0.25 N=16 nphi=48 Q0=1.00000000000808 inlet_vmin=5.832088e-01 v_rms=1.0219525819398 cache_hit=1 stage_amplitudes=16 target_eps=0.25
SETUP grad_lnk=analytic (prototype export: complex-step gradient of the analytic ln k at the vertices)
SOLVER N=16 eps=0.25 cand=i1o4 newton_tol=1.0e-13 max_newton=40 lin_tol=1.0e-12 restart=200 max_inner=12000 bisect=4 prec=P-A ladder=(0.25,0.5,1) stage_ok=1e-09
STAGE field=gauss_ch eps=0.25 N=16 cand=i1o4 (from eps=0, u=0)
  NEWTON gauss_ch:0.25:16:i1o4 it= 0 r_F=2.801e+00 r_out=5.478e-17
    LINEAR gmres+P-A its=115 rel=6.3e-14 t=0.15s cycles=1 reorth=107 rec=6.3e-14 status=converged t_fact=0.00s singular_modes=0
  NEWTON gauss_ch:0.25:16:i1o4 it= 1 r_F=6.361e-01 r_out=1.615e-15 lambda=1 |dx|max=1.02e-01 lin=gmres+P-A rel=6.3e-14 lits=115 t_lin=0.1s |dx|2=2.47e+00 t_fact=0.00s
    LINEAR gmres+P-A its=147 rel=8.5e-14 t=0.22s cycles=1 reorth=141 rec=6.8e-14 status=converged t_fact=0.00s singular_modes=0
  NEWTON gauss_ch:0.25:16:i1o4 it= 2 r_F=6.210e-01 r_out=1.469e-15 lambda=0.125 |dx|max=4.24e-01 lin=gmres+P-A rel=8.5e-14 lits=147 t_lin=0.2s |dx|2=3.89e+00 t_fact=0.00s
    LINEAR gmres+P-A its=153 rel=8.7e-14 t=0.23s cycles=1 reorth=149 rec=7.0e-14 status=converged t_fact=0.00s singular_modes=0
  NEWTON gauss_ch:0.25:16:i1o4 it= 3 r_F=5.270e-01 r_out=1.309e-15 lambda=0.25 |dx|max=1.96e-01 lin=gmres+P-A rel=8.7e-14 lits=153 t_lin=0.2s |dx|2=3.13e+00 t_fact=0.00s
    LINEAR gmres+P-A its=172 rel=1.5e-13 t=0.28s cycles=1 reorth=167 rec=6.6e-14 status=converged t_fact=0.00s singular_modes=0
  NEWTON gauss_ch:0.25:16:i1o4 it= 4 r_F=4.953e-01 r_out=1.305e-15 lambda=0.0625 |dx|max=6.37e-01 lin=gmres+P-A rel=1.5e-13 lits=172 t_lin=0.3s |dx|2=6.82e+00 t_fact=0.00s
    LINEAR gmres+P-A its=148 rel=1.0e-13 t=0.22s cycles=1 reorth=144 rec=9.0e-14 status=converged t_fact=0.00s singular_modes=0
  NEWTON gauss_ch:0.25:16:i1o4 it= 5 r_F=4.377e-01 r_out=1.191e-15 lambda=0.125 |dx|max=2.44e-01 lin=gmres+P-A rel=1.0e-13 lits=148 t_lin=0.2s |dx|2=3.00e+00 t_fact=0.00s
  STAGE_END field=gauss_ch eps=0.25 N=16 cand=i1o4 status=stagnation its=5 r_F=4.377e-01 r_out=1.191e-15 -> FAILED
  CONTINUATION bisection 1/4: retry from eps=0 at eps=0.125
STAGE field=gauss_ch eps=0.125 N=16 cand=i1o4 (from eps=0, u=0)
  NEWTON gauss_ch:0.125:16:i1o4 it= 0 r_F=1.400e+00 r_out=7.221e-17
    LINEAR gmres+P-A its=76 rel=5.2e-14 t=0.07s cycles=1 reorth=69 rec=5.2e-14 status=converged t_fact=0.00s singular_modes=0
  NEWTON gauss_ch:0.125:16:i1o4 it= 1 r_F=9.206e-02 r_out=4.872e-16 lambda=1 |dx|max=5.35e-02 lin=gmres+P-A rel=5.2e-14 lits=76 t_lin=0.1s |dx|2=1.27e+00 t_fact=0.00s
    LINEAR gmres+P-A its=48 rel=5.9e-14 t=0.03s cycles=1 reorth=48 rec=5.4e-14 status=converged t_fact=0.00s singular_modes=0
  NEWTON gauss_ch:0.125:16:i1o4 it= 2 r_F=6.739e-02 r_out=2.432e-16 lambda=1 |dx|max=3.05e-02 lin=gmres+P-A rel=5.9e-14 lits=48 t_lin=0.0s |dx|2=6.09e-01 t_fact=0.00s
    LINEAR gmres+P-A its=53 rel=7.5e-14 t=0.04s cycles=1 reorth=53 rec=7.4e-14 status=converged t_fact=0.00s singular_modes=0
  NEWTON gauss_ch:0.125:16:i1o4 it= 3 r_F=4.162e-03 r_out=1.406e-16 lambda=1 |dx|max=7.34e-03 lin=gmres+P-A rel=7.5e-14 lits=53 t_lin=0.0s |dx|2=7.97e-02 t_fact=0.00s
    LINEAR gmres+P-A its=53 rel=8.3e-14 t=0.04s cycles=1 reorth=52 rec=7.4e-14 status=converged t_fact=0.00s singular_modes=0
  NEWTON gauss_ch:0.125:16:i1o4 it= 4 r_F=5.593e-04 r_out=1.223e-16 lambda=1 |dx|max=3.39e-03 lin=gmres+P-A rel=8.3e-14 lits=53 t_lin=0.0s |dx|2=3.21e-02 t_fact=0.00s
    LINEAR gmres+P-A its=51 rel=7.6e-14 t=0.03s cycles=1 reorth=51 rec=7.5e-14 status=converged t_fact=0.00s singular_modes=0
  NEWTON gauss_ch:0.125:16:i1o4 it= 5 r_F=6.913e-07 r_out=1.337e-16 lambda=1 |dx|max=5.89e-05 lin=gmres+P-A rel=7.6e-14 lits=51 t_lin=0.0s |dx|2=8.03e-04 t_fact=0.00s
    LINEAR gmres+P-A its=52 rel=5.8e-14 t=0.03s cycles=1 reorth=51 rec=5.3e-14 status=converged t_fact=0.00s singular_modes=0
  NEWTON gauss_ch:0.125:16:i1o4 it= 6 r_F=6.998e-12 r_out=1.360e-16 lambda=1 |dx|max=2.64e-07 lin=gmres+P-A rel=5.8e-14 lits=52 t_lin=0.0s |dx|2=3.43e-06 t_fact=0.00s
    LINEAR gmres+P-A its=51 rel=6.7e-14 t=0.03s cycles=1 reorth=51 rec=6.5e-14 status=converged t_fact=0.00s singular_modes=0
  NEWTON gauss_ch:0.125:16:i1o4 it= 7 r_F=1.380e-15 r_out=1.261e-16 lambda=1 |dx|max=1.78e-12 lin=gmres+P-A rel=6.7e-14 lits=51 t_lin=0.0s |dx|2=1.79e-11 t_fact=0.00s
  STAGE_END field=gauss_ch eps=0.125 N=16 cand=i1o4 status=converged its=7 r_F=1.380e-15 r_out=1.261e-16 -> accepted
STAGE field=gauss_ch eps=0.25 N=16 cand=i1o4 (from eps=0.125, warm start)
  NEWTON gauss_ch:0.25:16:i1o4 it= 0 r_F=1.392e+00 r_out=1.484e-16
    LINEAR gmres+P-A its=90 rel=8.1e-14 t=0.09s cycles=1 reorth=84 rec=8.1e-14 status=converged t_fact=0.00s singular_modes=0
  NEWTON gauss_ch:0.25:16:i1o4 it= 1 r_F=8.979e-02 r_out=6.618e-16 lambda=1 |dx|max=5.44e-02 lin=gmres+P-A rel=8.1e-14 lits=90 t_lin=0.1s |dx|2=1.35e+00 t_fact=0.00s
    LINEAR gmres+P-A its=88 rel=8.1e-14 t=0.08s cycles=1 reorth=86 rec=7.7e-14 status=converged t_fact=0.00s singular_modes=0
  NEWTON gauss_ch:0.25:16:i1o4 it= 2 r_F=4.820e-02 r_out=3.923e-16 lambda=0.5 |dx|max=3.35e-02 lin=gmres+P-A rel=8.1e-14 lits=88 t_lin=0.1s |dx|2=6.69e-01 t_fact=0.00s
    LINEAR gmres+P-A its=94 rel=9.1e-14 t=0.10s cycles=1 reorth=93 rec=8.6e-14 status=converged t_fact=0.00s singular_modes=0
  NEWTON gauss_ch:0.25:16:i1o4 it= 3 r_F=1.738e-02 r_out=2.730e-16 lambda=1 |dx|max=1.46e-02 lin=gmres+P-A rel=9.1e-14 lits=94 t_lin=0.1s |dx|2=3.02e-01 t_fact=0.00s
    LINEAR gmres+P-A its=110 rel=7.2e-14 t=0.13s cycles=1 reorth=110 rec=7.1e-14 status=converged t_fact=0.00s singular_modes=0
  NEWTON gauss_ch:0.25:16:i1o4 it= 4 r_F=2.618e-04 r_out=2.500e-16 lambda=1 |dx|max=1.18e-03 lin=gmres+P-A rel=7.2e-14 lits=110 t_lin=0.1s |dx|2=1.59e-02 t_fact=0.00s
    LINEAR gmres+P-A its=113 rel=1.0e-13 t=0.13s cycles=1 reorth=112 rec=9.7e-14 status=converged t_fact=0.00s singular_modes=0
  NEWTON gauss_ch:0.25:16:i1o4 it= 5 r_F=1.208e-06 r_out=2.597e-16 lambda=1 |dx|max=9.22e-05 lin=gmres+P-A rel=1.0e-13 lits=113 t_lin=0.1s |dx|2=1.14e-03 t_fact=0.00s
    LINEAR gmres+P-A its=110 rel=8.3e-14 t=0.13s cycles=1 reorth=110 rec=8.3e-14 status=converged t_fact=0.00s singular_modes=0
  NEWTON gauss_ch:0.25:16:i1o4 it= 6 r_F=1.555e-12 r_out=2.395e-16 lambda=1 |dx|max=1.10e-07 lin=gmres+P-A rel=8.3e-14 lits=110 t_lin=0.1s |dx|2=1.28e-06 t_fact=0.00s
    LINEAR gmres+P-A its=112 rel=1.0e-13 t=0.13s cycles=1 reorth=111 rec=1.0e-13 status=converged t_fact=0.00s singular_modes=0
  NEWTON gauss_ch:0.25:16:i1o4 it= 7 r_F=2.776e-15 r_out=2.574e-16 lambda=1 |dx|max=3.75e-13 lin=gmres+P-A rel=1.0e-13 lits=112 t_lin=0.1s |dx|2=3.70e-12 t_fact=0.00s
  STAGE_END field=gauss_ch eps=0.25 N=16 cand=i1o4 status=converged its=7 r_F=2.776e-15 r_out=2.574e-16 -> accepted
PATH field=gauss_ch eps=0.25 N=16 cand=i1o4 continuation path: 0.25(fail)->0.125->0.25
GMRES_STATS field=gauss_ch eps=0.25 N=16 stage_eps=0.25 status=stagnation newton_its=5 steps=5 its_max=172 its_median=148.0 its_total=735 rel_max=1.5e-13 linear_failures=0
GMRES_STATS field=gauss_ch eps=0.25 N=16 stage_eps=0.125 status=converged newton_its=7 steps=7 its_max=76 its_median=52.0 its_total=384 rel_max=8.3e-14 linear_failures=0
GMRES_STATS field=gauss_ch eps=0.25 N=16 stage_eps=0.25 status=converged newton_its=7 steps=7 its_max=113 its_median=110.0 its_total=717 rel_max=1.0e-13 linear_failures=0
CASE field=gauss_ch eps=0.25 N=16 cand=i1o4 | r_F=2.776e-15 its=7 | e_v=5.287e-03 e_psi=6.780e-02 e_i=(4.111e-03,2.556e-03) e_div=9.408e-03 min_c=5.569e-01 p0.1=5.884e-01 p1=6.572e-01 p5=7.269e-01 p50=9.724e-01 | t=2.2 | e_psi1=6.780e-02 e_psi2=4.139e-02
CASE field=gauss_ch eps=0.25 N=16 cand=oracle_fd4 | r_F=nan its=nan | e_v=3.447e-03 e_psi=8.798e-18 e_i=(1.441e-03,1.209e-03) e_div=1.314e-02 min_c=5.575e-01 p0.1=5.888e-01 p1=6.573e-01 p5=7.278e-01 p50=9.732e-01 | t=0.0 | e_psi1=0.000e+00 e_psi2=8.798e-18
EXTRA field=gauss_ch eps=0.25 N=16 cand=i1o4 status=converged r_F=2.776e-15 r_out=2.574e-16 | outlet c_perp-vperp_in: cand=2.574e-16 oracle_fd=2.410e-03 | inlet oblique defect (c x e1 - vperp_in x e1)/v_rms: j=0(one-sided) cand=8.233e-03 oracle_fd=2.162e-03; j=1 cand=2.611e-02 oracle_fd=2.535e-02; j=1 vs vD(j=1) cand=7.409e-03 oracle_fd=6.260e-04 | min|c|/v_rms=0.5449 min|vD|/v_rms=0.5440 e_i1=4.111e-03 e_i2=2.556e-03 | t=2.2s | a_psi1=2.511e-03 a_psi2=1.333e-03 (FD order 4)
HISTORY field=gauss_ch eps=0.25 N=16 cand=i1o4 r_F: 1.39e+00 8.98e-02 4.82e-02 1.74e-02 2.62e-04 1.21e-06 1.56e-12 2.78e-15
HISTORY field=gauss_ch eps=0.25 N=16 cand=i1o4 r_out: 1.48e-16 6.62e-16 3.92e-16 2.73e-16 2.50e-16 2.60e-16 2.39e-16 2.57e-16
HISTORY_FULL field=gauss_ch eps=0.25 N=16 cand=i1o4 r_F: 1.39233468814925621e+00 8.97888376016361539e-02 4.81990884859244059e-02 1.73826420133673561e-02 2.61839672444007200e-04 1.20819618693196649e-06 1.55525702152599701e-12 2.77597508987557760e-15
HISTORY_FULL field=gauss_ch eps=0.25 N=16 cand=i1o4 r_out: 1.48397482269618167e-16 6.61791943336446471e-16 3.92272254906181315e-16 2.72981108296591050e-16 2.49981820672241417e-16 2.59682115986156472e-16 2.39466526541701296e-16 2.57395494032065573e-16
FIELDDIFF max_rel_diff_u1=4.690e-15 max_rel_diff_u2=3.811e-15 max_rel_diff_joint=4.690e-15 max_abs_diff_u1=5.412e-16 max_abs_diff_u2=2.706e-16 max_abs_u_proto=(1.154e-01,7.101e-02) (rel: max|u_gpu - u_proto| / max|u_proto| over planes 0..N; joint: max abs diff / max over both fields; prototype /home/sesquerre/MacroFlow3D-SF-33/docs/experiments/artifacts/2026-10-06-sf33-gpu-inlet-labels/exports/solutions/gauss_ch_0.25_16_i1o4 status=converged its=7 path=0.25(fail)->0.125->0.25 r_F=3.407e-15)
TIMING load=0.003s metrics=0.001s prepare=0.037s solve=2.172s total=2.215s
MEMORY peak_device_bytes=527433728 free_min=33562296320 total_device=34089730048 workspaces_bytes=16573087 (peak/free: cudaMemGetInfo polls before/after every phase, device-wide)
SUMMARY_JSON /home/sesquerre/MacroFlow3D-SF-33/docs/experiments/artifacts/2026-10-06-sf33-gpu-inlet-labels/raw/proto_r200/gauss_ch_0.25_16.json
STATUS converged
