command: /home/sesquerre/MacroFlow3D-SF-33/build/v100-release/inlet_slab --proto /home/sesquerre/MacroFlow3D-SF-33/docs/experiments/artifacts/2026-10-06-sf33-gpu-inlet-labels/exports/gauss_0.5_16 --solution /home/sesquerre/MacroFlow3D-SF-33/docs/experiments/artifacts/2026-10-06-sf33-gpu-inlet-labels/exports/solutions/gauss_0.5_16_i1o4 --restart 200 --max-inner 12000 --summary /home/sesquerre/MacroFlow3D-SF-33/docs/experiments/artifacts/2026-10-06-sf33-gpu-inlet-labels/raw/proto_r200/gauss_0.5_16.json
CASE_DIR /home/sesquerre/MacroFlow3D-SF-33/docs/experiments/artifacts/2026-10-06-sf33-gpu-inlet-labels/exports/gauss_0.5_16 field=gauss eps=0.5 N=16 nphi=32 Q0=0.999999999790303 inlet_vmin=3.833921e-01 v_rms=1.08116674059215 cache_hit=0 stage_amplitudes=32 target_eps=0.5
SETUP grad_lnk=analytic (prototype export: complex-step gradient of the analytic ln k at the vertices)
SOLVER N=16 eps=0.5 cand=i1o4 newton_tol=1.0e-13 max_newton=40 lin_tol=1.0e-12 restart=200 max_inner=12000 bisect=4 prec=P-A ladder=(0.25,0.5,1) stage_ok=1e-09
STAGE field=gauss eps=0.25 N=16 cand=i1o4 (from eps=0, u=0)
  NEWTON gauss:0.25:16:i1o4 it= 0 r_F=2.567e+00 r_out=6.530e-02
    LINEAR gmres+P-A its=115 rel=7.8e-14 t=0.16s cycles=1 reorth=107 rec=7.8e-14 status=converged t_fact=0.00s singular_modes=0
  NEWTON gauss:0.25:16:i1o4 it= 1 r_F=5.017e-01 r_out=1.065e-02 lambda=1 |dx|max=8.17e-02 lin=gmres+P-A rel=7.8e-14 lits=115 t_lin=0.2s |dx|2=1.71e+00 t_fact=0.00s
    LINEAR gmres+P-A its=114 rel=7.3e-14 t=0.14s cycles=1 reorth=111 rec=7.0e-14 status=converged t_fact=0.00s singular_modes=0
  NEWTON gauss:0.25:16:i1o4 it= 2 r_F=3.633e-01 r_out=7.916e-03 lambda=0.25 |dx|max=1.61e-01 lin=gmres+P-A rel=7.3e-14 lits=114 t_lin=0.1s |dx|2=1.89e+00 t_fact=0.00s
    LINEAR gmres+P-A its=122 rel=3.0e-13 t=0.16s cycles=1 reorth=117 rec=8.7e-14 status=converged t_fact=0.00s singular_modes=0
  NEWTON gauss:0.25:16:i1o4 it= 3 r_F=3.470e-01 r_out=7.794e-03 lambda=0.01562 |dx|max=2.38e+00 lin=gmres+P-A rel=3.0e-13 lits=122 t_lin=0.2s |dx|2=1.86e+01 t_fact=0.00s
    LINEAR gmres+P-A its=112 rel=9.0e-14 t=0.13s cycles=1 reorth=107 rec=8.9e-14 status=converged t_fact=0.00s singular_modes=0
  NEWTON gauss:0.25:16:i1o4 it= 4 r_F=2.110e-01 r_out=3.869e-03 lambda=0.5 |dx|max=7.13e-02 lin=gmres+P-A rel=9.0e-14 lits=112 t_lin=0.1s |dx|2=1.03e+00 t_fact=0.00s
    LINEAR gmres+P-A its=88 rel=6.7e-14 t=0.09s cycles=1 reorth=87 rec=6.6e-14 status=converged t_fact=0.00s singular_modes=0
  NEWTON gauss:0.25:16:i1o4 it= 5 r_F=1.812e-01 r_out=5.420e-04 lambda=1 |dx|max=3.58e-02 lin=gmres+P-A rel=6.7e-14 lits=88 t_lin=0.1s |dx|2=6.31e-01 t_fact=0.00s
    LINEAR gmres+P-A its=109 rel=7.4e-14 t=0.13s cycles=1 reorth=109 rec=7.3e-14 status=converged t_fact=0.00s singular_modes=0
  NEWTON gauss:0.25:16:i1o4 it= 6 r_F=2.601e-02 r_out=1.363e-04 lambda=1 |dx|max=1.03e-02 lin=gmres+P-A rel=7.4e-14 lits=109 t_lin=0.1s |dx|2=1.74e-01 t_fact=0.00s
    LINEAR gmres+P-A its=110 rel=6.9e-14 t=0.13s cycles=1 reorth=109 rec=6.8e-14 status=converged t_fact=0.00s singular_modes=0
  NEWTON gauss:0.25:16:i1o4 it= 7 r_F=5.566e-03 r_out=1.658e-05 lambda=1 |dx|max=4.19e-03 lin=gmres+P-A rel=6.9e-14 lits=110 t_lin=0.1s |dx|2=6.22e-02 t_fact=0.00s
    LINEAR gmres+P-A its=107 rel=8.6e-14 t=0.13s cycles=1 reorth=106 rec=8.5e-14 status=converged t_fact=0.00s singular_modes=0
  NEWTON gauss:0.25:16:i1o4 it= 8 r_F=1.308e-04 r_out=5.884e-07 lambda=1 |dx|max=8.72e-04 lin=gmres+P-A rel=8.6e-14 lits=107 t_lin=0.1s |dx|2=1.09e-02 t_fact=0.00s
    LINEAR gmres+P-A its=106 rel=8.4e-14 t=0.12s cycles=1 reorth=105 rec=8.3e-14 status=converged t_fact=0.00s singular_modes=0
  NEWTON gauss:0.25:16:i1o4 it= 9 r_F=6.466e-08 r_out=3.543e-10 lambda=1 |dx|max=1.58e-05 lin=gmres+P-A rel=8.4e-14 lits=106 t_lin=0.1s |dx|2=2.03e-04 t_fact=0.00s
    LINEAR gmres+P-A its=110 rel=8.8e-14 t=0.13s cycles=1 reorth=108 rec=8.5e-14 status=converged t_fact=0.00s singular_modes=0
  NEWTON gauss:0.25:16:i1o4 it=10 r_F=8.630e-14 r_out=3.949e-16 lambda=1 |dx|max=1.93e-08 lin=gmres+P-A rel=8.8e-14 lits=110 t_lin=0.1s |dx|2=2.12e-07 t_fact=0.00s
  STAGE_END field=gauss eps=0.25 N=16 cand=i1o4 status=converged its=10 r_F=8.630e-14 r_out=3.949e-16 -> accepted
STAGE field=gauss eps=0.5 N=16 cand=i1o4 (from eps=0.25, warm start)
  NEWTON gauss:0.5:16:i1o4 it= 0 r_F=2.529e+00 r_out=7.205e-02
    LINEAR gmres+P-A its=165 rel=9.0e-14 t=0.27s cycles=1 reorth=154 rec=9.0e-14 status=converged t_fact=0.00s singular_modes=0
  NEWTON gauss:0.5:16:i1o4 it= 1 r_F=4.694e-01 r_out=1.009e-02 lambda=1 |dx|max=8.39e-02 lin=gmres+P-A rel=9.0e-14 lits=165 t_lin=0.3s |dx|2=2.06e+00 t_fact=0.00s
    LINEAR gmres+P-A its=375 rel=4.0e-13 t=0.68s cycles=2 reorth=366 rec=9.3e-14 status=converged t_fact=0.00s singular_modes=0
  NEWTON gauss:0.5:16:i1o4 it= 2 r_F=4.594e-01 r_out=1.054e-02 lambda=0.003906 |dx|max=1.01e+01 lin=gmres+P-A rel=4.0e-13 lits=375 t_lin=0.7s |dx|2=1.32e+02 t_fact=0.00s
    LINEAR gmres+P-A its=328 rel=9.4e-14 t=0.57s cycles=2 reorth=312 rec=9.3e-14 status=converged t_fact=0.00s singular_modes=0
  NEWTON gauss:0.5:16:i1o4 it= 3 r_F=4.113e-01 r_out=7.854e-03 lambda=0.25 |dx|max=9.97e-02 lin=gmres+P-A rel=9.4e-14 lits=328 t_lin=0.6s |dx|2=2.21e+00 t_fact=0.00s
    LINEAR gmres+P-A its=335 rel=8.9e-14 t=0.57s cycles=2 reorth=327 rec=8.9e-14 status=converged t_fact=0.00s singular_modes=0
  NEWTON gauss:0.5:16:i1o4 it= 4 r_F=3.316e-01 r_out=5.946e-03 lambda=0.25 |dx|max=8.18e-02 lin=gmres+P-A rel=8.9e-14 lits=335 t_lin=0.6s |dx|2=1.32e+00 t_fact=0.00s
    LINEAR gmres+P-A its=376 rel=8.9e-14 t=0.72s cycles=2 reorth=365 rec=8.9e-14 status=converged t_fact=0.00s singular_modes=0
  NEWTON gauss:0.5:16:i1o4 it= 5 r_F=3.009e-01 r_out=4.455e-03 lambda=0.25 |dx|max=8.78e-02 lin=gmres+P-A rel=8.9e-14 lits=376 t_lin=0.7s |dx|2=1.81e+00 t_fact=0.00s
  STAGE_END field=gauss eps=0.5 N=16 cand=i1o4 status=stagnation its=5 r_F=3.009e-01 r_out=4.455e-03 -> FAILED
  CONTINUATION bisection 1/4: retry from eps=0.25 at eps=0.375
STAGE field=gauss eps=0.375 N=16 cand=i1o4 (from eps=0.25, warm start)
  NEWTON gauss:0.375:16:i1o4 it= 0 r_F=1.268e+00 r_out=3.524e-02
    LINEAR gmres+P-A its=137 rel=9.8e-14 t=0.19s cycles=1 reorth=128 rec=9.8e-14 status=converged t_fact=0.00s singular_modes=0
  NEWTON gauss:0.375:16:i1o4 it= 1 r_F=7.222e-02 r_out=2.935e-03 lambda=1 |dx|max=4.31e-02 lin=gmres+P-A rel=9.8e-14 lits=137 t_lin=0.2s |dx|2=1.06e+00 t_fact=0.00s
    LINEAR gmres+P-A its=144 rel=9.3e-14 t=0.21s cycles=1 reorth=143 rec=8.4e-14 status=converged t_fact=0.00s singular_modes=0
  NEWTON gauss:0.375:16:i1o4 it= 2 r_F=3.837e-02 r_out=1.432e-03 lambda=0.5 |dx|max=2.93e-02 lin=gmres+P-A rel=9.3e-14 lits=144 t_lin=0.2s |dx|2=6.61e-01 t_fact=0.00s
    LINEAR gmres+P-A its=163 rel=8.8e-14 t=0.26s cycles=1 reorth=161 rec=7.9e-14 status=converged t_fact=0.00s singular_modes=0
  NEWTON gauss:0.375:16:i1o4 it= 3 r_F=1.758e-02 r_out=1.190e-04 lambda=1 |dx|max=1.31e-02 lin=gmres+P-A rel=8.8e-14 lits=163 t_lin=0.3s |dx|2=2.89e-01 t_fact=0.00s
    LINEAR gmres+P-A its=182 rel=9.7e-14 t=0.32s cycles=1 reorth=182 rec=9.6e-14 status=converged t_fact=0.00s singular_modes=0
  NEWTON gauss:0.375:16:i1o4 it= 4 r_F=3.645e-04 r_out=1.231e-06 lambda=1 |dx|max=1.51e-03 lin=gmres+P-A rel=9.7e-14 lits=182 t_lin=0.3s |dx|2=1.81e-02 t_fact=0.00s
    LINEAR gmres+P-A its=186 rel=1.0e-13 t=0.34s cycles=1 reorth=186 rec=9.6e-14 status=converged t_fact=0.00s singular_modes=0
  NEWTON gauss:0.375:16:i1o4 it= 5 r_F=2.246e-06 r_out=9.823e-09 lambda=1 |dx|max=8.67e-05 lin=gmres+P-A rel=1.0e-13 lits=186 t_lin=0.3s |dx|2=1.29e-03 t_fact=0.00s
    LINEAR gmres+P-A its=184 rel=8.6e-14 t=0.33s cycles=1 reorth=184 rec=8.4e-14 status=converged t_fact=0.00s singular_modes=0
  NEWTON gauss:0.375:16:i1o4 it= 6 r_F=1.120e-11 r_out=2.314e-14 lambda=1 |dx|max=2.05e-07 lin=gmres+P-A rel=8.6e-14 lits=184 t_lin=0.3s |dx|2=1.97e-06 t_fact=0.00s
    LINEAR gmres+P-A its=184 rel=9.6e-14 t=0.33s cycles=1 reorth=184 rec=9.4e-14 status=converged t_fact=0.00s singular_modes=0
  NEWTON gauss:0.375:16:i1o4 it= 7 r_F=3.351e-15 r_out=2.709e-16 lambda=1 |dx|max=2.42e-12 lin=gmres+P-A rel=9.6e-14 lits=184 t_lin=0.3s |dx|2=2.06e-11 t_fact=0.00s
  STAGE_END field=gauss eps=0.375 N=16 cand=i1o4 status=converged its=7 r_F=3.351e-15 r_out=2.709e-16 -> accepted
STAGE field=gauss eps=0.5 N=16 cand=i1o4 (from eps=0.375, warm start)
  NEWTON gauss:0.5:16:i1o4 it= 0 r_F=1.255e+00 r_out=3.829e-02
    LINEAR gmres+P-A its=200 rel=7.5e-13 t=0.42s cycles=1 reorth=200 rec=7.5e-13 status=converged t_fact=0.00s singular_modes=0
  NEWTON gauss:0.5:16:i1o4 it= 1 r_F=8.025e-02 r_out=2.737e-03 lambda=1 |dx|max=4.30e-02 lin=gmres+P-A rel=7.5e-13 lits=200 t_lin=0.4s |dx|2=1.13e+00 t_fact=0.00s
    LINEAR gmres+P-A its=318 rel=9.7e-14 t=0.53s cycles=2 reorth=315 rec=9.7e-14 status=converged t_fact=0.00s singular_modes=0
  NEWTON gauss:0.5:16:i1o4 it= 2 r_F=4.313e-02 r_out=1.323e-03 lambda=0.5 |dx|max=3.35e-02 lin=gmres+P-A rel=9.7e-14 lits=318 t_lin=0.5s |dx|2=7.37e-01 t_fact=0.00s
    LINEAR gmres+P-A its=371 rel=8.8e-14 t=0.70s cycles=2 reorth=368 rec=8.7e-14 status=converged t_fact=0.00s singular_modes=0
  NEWTON gauss:0.5:16:i1o4 it= 3 r_F=2.219e-02 r_out=1.602e-04 lambda=1 |dx|max=1.47e-02 lin=gmres+P-A rel=8.8e-14 lits=371 t_lin=0.7s |dx|2=3.14e-01 t_fact=0.00s
    LINEAR gmres+P-A its=400 rel=1.5e-13 t=0.76s cycles=2 reorth=396 rec=1.5e-13 status=converged t_fact=0.00s singular_modes=0
  NEWTON gauss:0.5:16:i1o4 it= 4 r_F=4.806e-04 r_out=1.708e-06 lambda=1 |dx|max=1.56e-03 lin=gmres+P-A rel=1.5e-13 lits=400 t_lin=0.8s |dx|2=2.05e-02 t_fact=0.00s
    LINEAR gmres+P-A its=400 rel=2.0e-13 t=0.76s cycles=2 reorth=398 rec=2.0e-13 status=converged t_fact=0.00s singular_modes=0
  NEWTON gauss:0.5:16:i1o4 it= 5 r_F=2.804e-06 r_out=1.279e-08 lambda=1 |dx|max=1.26e-04 lin=gmres+P-A rel=2.0e-13 lits=400 t_lin=0.8s |dx|2=1.73e-03 t_fact=0.00s
    LINEAR gmres+P-A its=400 rel=2.6e-13 t=0.76s cycles=2 reorth=399 rec=2.6e-13 status=converged t_fact=0.00s singular_modes=0
  NEWTON gauss:0.5:16:i1o4 it= 6 r_F=7.670e-12 r_out=1.935e-14 lambda=1 |dx|max=2.04e-07 lin=gmres+P-A rel=2.6e-13 lits=400 t_lin=0.8s |dx|2=2.16e-06 t_fact=0.00s
    LINEAR gmres+P-A its=400 rel=2.6e-13 t=0.76s cycles=2 reorth=399 rec=2.6e-13 status=converged t_fact=0.00s singular_modes=0
  NEWTON gauss:0.5:16:i1o4 it= 7 r_F=4.633e-15 r_out=4.452e-16 lambda=1 |dx|max=3.22e-12 lin=gmres+P-A rel=2.6e-13 lits=400 t_lin=0.8s |dx|2=2.60e-11 t_fact=0.00s
  STAGE_END field=gauss eps=0.5 N=16 cand=i1o4 status=converged its=7 r_F=4.633e-15 r_out=4.452e-16 -> accepted
PATH field=gauss eps=0.5 N=16 cand=i1o4 continuation path: 0.25->0.5(fail)->0.375->0.5
GMRES_STATS field=gauss eps=0.5 N=16 stage_eps=0.25 status=converged newton_its=10 steps=10 its_max=122 its_median=110.0 its_total=1093 rel_max=3.0e-13 linear_failures=0
GMRES_STATS field=gauss eps=0.5 N=16 stage_eps=0.5 status=stagnation newton_its=5 steps=5 its_max=376 its_median=335.0 its_total=1579 rel_max=4.0e-13 linear_failures=0
GMRES_STATS field=gauss eps=0.5 N=16 stage_eps=0.375 status=converged newton_its=7 steps=7 its_max=186 its_median=182.0 its_total=1180 rel_max=1.0e-13 linear_failures=0
GMRES_STATS field=gauss eps=0.5 N=16 stage_eps=0.5 status=converged newton_its=7 steps=7 its_max=400 its_median=400.0 its_total=2489 rel_max=7.5e-13 linear_failures=0
CASE field=gauss eps=0.5 N=16 cand=i1o4 | r_F=4.633e-15 its=7 | e_v=1.908e-02 e_psi=1.403e-01 e_i=(1.391e-02,9.230e-03) e_div=4.908e-02 min_c=2.372e-01 p0.1=2.801e-01 p1=3.849e-01 p5=5.196e-01 p50=9.422e-01 | t=10.8 | e_psi1=1.403e-01 e_psi2=9.954e-02
CASE field=gauss eps=0.5 N=16 cand=oracle_fd4 | r_F=nan its=nan | e_v=2.149e-02 e_psi=1.883e-17 e_i=(8.998e-03,2.776e-03) e_div=1.002e-01 min_c=2.370e-01 p0.1=2.808e-01 p1=3.855e-01 p5=5.200e-01 p50=9.429e-01 | t=0.0 | e_psi1=1.445e-18 e_psi2=1.883e-17
EXTRA field=gauss eps=0.5 N=16 cand=i1o4 status=converged r_F=4.633e-15 r_out=4.452e-16 | outlet c_perp-vperp_in: cand=4.452e-16 oracle_fd=9.452e-03 | inlet oblique defect (c x e1 - vperp_in x e1)/v_rms: j=0(one-sided) cand=2.766e-02 oracle_fd=7.308e-03; j=1 cand=8.884e-02 oracle_fd=8.712e-02; j=1 vs vD(j=1) cand=2.291e-02 oracle_fd=3.469e-03 | min|c|/v_rms=0.2194 min|vD|/v_rms=0.2205 e_i1=1.391e-02 e_i2=9.230e-03 | t=10.8s | a_psi1=8.845e-03 a_psi2=4.753e-03 (FD order 4)
HISTORY field=gauss eps=0.5 N=16 cand=i1o4 r_F: 1.26e+00 8.03e-02 4.31e-02 2.22e-02 4.81e-04 2.80e-06 7.67e-12 4.63e-15
HISTORY field=gauss eps=0.5 N=16 cand=i1o4 r_out: 3.83e-02 2.74e-03 1.32e-03 1.60e-04 1.71e-06 1.28e-08 1.94e-14 4.45e-16
HISTORY_FULL field=gauss eps=0.5 N=16 cand=i1o4 r_F: 1.25502256910700893e+00 8.02520196736863090e-02 4.31335821588628501e-02 2.21928463801814267e-02 4.80551025016867877e-04 2.80411746828314937e-06 7.67004858843484375e-12 4.63329307513075314e-15
HISTORY_FULL field=gauss eps=0.5 N=16 cand=i1o4 r_out: 3.82897439851052138e-02 2.73696688406739478e-03 1.32337118613554453e-03 1.60242465546614823e-04 1.70838416253840756e-06 1.27910300073218469e-08 1.93545324757619352e-14 4.45165611071938805e-16
FIELDDIFF max_rel_diff_u1=4.862e-15 max_rel_diff_u2=2.767e-15 max_rel_diff_joint=4.862e-15 max_abs_diff_u1=9.021e-16 max_abs_diff_u2=4.372e-16 max_abs_u_proto=(1.855e-01,1.580e-01) (rel: max|u_gpu - u_proto| / max|u_proto| over planes 0..N; joint: max abs diff / max over both fields; prototype /home/sesquerre/MacroFlow3D-SF-33/docs/experiments/artifacts/2026-10-06-sf33-gpu-inlet-labels/exports/solutions/gauss_0.5_16_i1o4 status=converged its=7 path=0.25->0.5(fail)->0.375->0.5 r_F=5.431e-15)
TIMING load=0.007s metrics=0.002s prepare=0.061s solve=10.812s total=10.883s
MEMORY peak_device_bytes=529530880 free_min=33560199168 total_device=34089730048 workspaces_bytes=16573087 (peak/free: cudaMemGetInfo polls before/after every phase, device-wide)
SUMMARY_JSON /home/sesquerre/MacroFlow3D-SF-33/docs/experiments/artifacts/2026-10-06-sf33-gpu-inlet-labels/raw/proto_r200/gauss_0.5_16.json
STATUS converged
