command: /home/sesquerre/MacroFlow3D-SF-33/build/v100-release/inlet_slab --proto /home/sesquerre/MacroFlow3D-SF-33/docs/experiments/artifacts/2026-10-06-sf33-gpu-inlet-labels/exports/gauss_0.5_24 --restart 200 --max-inner 12000 --summary /home/sesquerre/MacroFlow3D-SF-33/docs/experiments/artifacts/2026-10-06-sf33-gpu-inlet-labels/raw/proto_r200/gauss_0.5_24.json
CASE_DIR /home/sesquerre/MacroFlow3D-SF-33/docs/experiments/artifacts/2026-10-06-sf33-gpu-inlet-labels/exports/gauss_0.5_24 field=gauss eps=0.5 N=24 nphi=32 Q0=0.999999999790303 inlet_vmin=3.833921e-01 v_rms=1.08106430337394 cache_hit=1 stage_amplitudes=32 target_eps=0.5
SETUP grad_lnk=analytic (prototype export: complex-step gradient of the analytic ln k at the vertices)
SOLVER N=24 eps=0.5 cand=i1o4 newton_tol=1.0e-13 max_newton=40 lin_tol=1.0e-12 restart=200 max_inner=12000 bisect=4 prec=P-A ladder=(0.25,0.5,1) stage_ok=1e-09
STAGE field=gauss eps=0.25 N=24 cand=i1o4 (from eps=0, u=0)
  NEWTON gauss:0.25:24:i1o4 it= 0 r_F=3.571e+00 r_out=6.530e-02
    LINEAR gmres+P-A its=182 rel=9.3e-14 t=0.40s cycles=1 reorth=165 rec=9.2e-14 status=converged t_fact=0.00s singular_modes=0
  NEWTON gauss:0.25:24:i1o4 it= 1 r_F=5.360e-01 r_out=1.099e-02 lambda=1 |dx|max=8.99e-02 lin=gmres+P-A rel=9.3e-14 lits=182 t_lin=0.4s |dx|2=3.31e+00 t_fact=0.00s
    LINEAR gmres+P-A its=338 rel=1.4e-13 t=0.72s cycles=2 reorth=333 rec=8.7e-14 status=converged t_fact=0.00s singular_modes=0
  NEWTON gauss:0.25:24:i1o4 it= 2 r_F=5.128e-01 r_out=1.074e-02 lambda=0.01562 |dx|max=1.96e+00 lin=gmres+P-A rel=1.4e-13 lits=338 t_lin=0.7s |dx|2=2.97e+01 t_fact=0.00s
    LINEAR gmres+P-A its=388 rel=1.0e-13 t=0.85s cycles=2 reorth=379 rec=9.9e-14 status=converged t_fact=0.00s singular_modes=0
  NEWTON gauss:0.25:24:i1o4 it= 3 r_F=4.548e-01 r_out=1.009e-02 lambda=0.0625 |dx|max=3.54e-01 lin=gmres+P-A rel=1.0e-13 lits=388 t_lin=0.9s |dx|2=9.07e+00 t_fact=0.00s
    LINEAR gmres+P-A its=378 rel=1.4e-13 t=0.82s cycles=2 reorth=369 rec=9.2e-14 status=converged t_fact=0.00s singular_modes=0
  NEWTON gauss:0.25:24:i1o4 it= 4 r_F=4.464e-01 r_out=9.549e-03 lambda=0.03125 |dx|max=1.47e+00 lin=gmres+P-A rel=1.4e-13 lits=378 t_lin=0.8s |dx|2=2.51e+01 t_fact=0.00s
    LINEAR gmres+P-A its=600 rel=1.5e-13 t=1.34s cycles=3 reorth=581 rec=1.5e-13 status=converged t_fact=0.00s singular_modes=0
  NEWTON gauss:0.25:24:i1o4 it= 5 r_F=4.041e-01 r_out=7.170e-03 lambda=0.25 |dx|max=1.43e-01 lin=gmres+P-A rel=1.5e-13 lits=600 t_lin=1.3s |dx|2=2.87e+00 t_fact=0.00s
  STAGE_END field=gauss eps=0.25 N=24 cand=i1o4 status=stagnation its=5 r_F=4.041e-01 r_out=7.170e-03 -> FAILED
  CONTINUATION bisection 1/4: retry from eps=0 at eps=0.125
STAGE field=gauss eps=0.125 N=24 cand=i1o4 (from eps=0, u=0)
  NEWTON gauss:0.125:24:i1o4 it= 0 r_F=1.745e+00 r_out=3.286e-02
    LINEAR gmres+P-A its=120 rel=1.0e-13 t=0.19s cycles=1 reorth=106 rec=9.9e-14 status=converged t_fact=0.00s singular_modes=0
  NEWTON gauss:0.125:24:i1o4 it= 1 r_F=1.034e-01 r_out=3.251e-03 lambda=1 |dx|max=4.57e-02 lin=gmres+P-A rel=1.0e-13 lits=120 t_lin=0.2s |dx|2=1.76e+00 t_fact=0.00s
    LINEAR gmres+P-A its=59 rel=7.4e-14 t=0.07s cycles=1 reorth=58 rec=6.2e-14 status=converged t_fact=0.00s singular_modes=0
  NEWTON gauss:0.125:24:i1o4 it= 2 r_F=5.897e-02 r_out=1.621e-03 lambda=0.5 |dx|max=3.11e-02 lin=gmres+P-A rel=7.4e-14 lits=59 t_lin=0.1s |dx|2=1.00e+00 t_fact=0.00s
    LINEAR gmres+P-A its=59 rel=7.8e-14 t=0.07s cycles=1 reorth=59 rec=7.0e-14 status=converged t_fact=0.00s singular_modes=0
  NEWTON gauss:0.125:24:i1o4 it= 3 r_F=2.900e-02 r_out=7.830e-05 lambda=1 |dx|max=1.61e-02 lin=gmres+P-A rel=7.8e-14 lits=59 t_lin=0.1s |dx|2=4.85e-01 t_fact=0.00s
    LINEAR gmres+P-A its=82 rel=7.3e-14 t=0.11s cycles=1 reorth=82 rec=7.1e-14 status=converged t_fact=0.00s singular_modes=0
  NEWTON gauss:0.125:24:i1o4 it= 4 r_F=1.138e-03 r_out=7.921e-07 lambda=1 |dx|max=1.42e-03 lin=gmres+P-A rel=7.3e-14 lits=82 t_lin=0.1s |dx|2=3.47e-02 t_fact=0.00s
    LINEAR gmres+P-A its=83 rel=8.8e-14 t=0.11s cycles=1 reorth=83 rec=8.4e-14 status=converged t_fact=0.00s singular_modes=0
  NEWTON gauss:0.125:24:i1o4 it= 5 r_F=1.715e-05 r_out=1.549e-08 lambda=1 |dx|max=2.45e-04 lin=gmres+P-A rel=8.8e-14 lits=83 t_lin=0.1s |dx|2=4.73e-03 t_fact=0.00s
    LINEAR gmres+P-A its=82 rel=8.9e-14 t=0.11s cycles=1 reorth=82 rec=8.7e-14 status=converged t_fact=0.00s singular_modes=0
  NEWTON gauss:0.125:24:i1o4 it= 6 r_F=4.895e-10 r_out=2.384e-13 lambda=1 |dx|max=1.09e-06 lin=gmres+P-A rel=8.9e-14 lits=82 t_lin=0.1s |dx|2=1.58e-05 t_fact=0.00s
    LINEAR gmres+P-A its=82 rel=9.0e-14 t=0.11s cycles=1 reorth=81 rec=8.5e-14 status=converged t_fact=0.00s singular_modes=0
  NEWTON gauss:0.125:24:i1o4 it= 7 r_F=2.502e-15 r_out=1.549e-16 lambda=1 |dx|max=1.46e-10 lin=gmres+P-A rel=9.0e-14 lits=82 t_lin=0.1s |dx|2=1.70e-09 t_fact=0.00s
  STAGE_END field=gauss eps=0.125 N=24 cand=i1o4 status=converged its=7 r_F=2.502e-15 r_out=1.549e-16 -> accepted
STAGE field=gauss eps=0.25 N=24 cand=i1o4 (from eps=0.125, warm start)
  NEWTON gauss:0.25:24:i1o4 it= 0 r_F=1.785e+00 r_out=3.334e-02
    LINEAR gmres+P-A its=148 rel=1.0e-13 t=0.29s cycles=1 reorth=135 rec=1.0e-13 status=converged t_fact=0.00s singular_modes=0
  NEWTON gauss:0.25:24:i1o4 it= 1 r_F=7.863e-02 r_out=3.154e-03 lambda=1 |dx|max=4.62e-02 lin=gmres+P-A rel=1.0e-13 lits=148 t_lin=0.3s |dx|2=1.83e+00 t_fact=0.00s
    LINEAR gmres+P-A its=136 rel=9.6e-14 t=0.24s cycles=1 reorth=133 rec=7.2e-14 status=converged t_fact=0.00s singular_modes=0
  NEWTON gauss:0.25:24:i1o4 it= 2 r_F=4.875e-02 r_out=1.552e-03 lambda=0.5 |dx|max=3.49e-02 lin=gmres+P-A rel=9.6e-14 lits=136 t_lin=0.2s |dx|2=1.19e+00 t_fact=0.00s
    LINEAR gmres+P-A its=164 rel=9.9e-14 t=0.32s cycles=1 reorth=163 rec=8.2e-14 status=converged t_fact=0.00s singular_modes=0
  NEWTON gauss:0.25:24:i1o4 it= 3 r_F=2.068e-02 r_out=9.739e-05 lambda=1 |dx|max=1.56e-02 lin=gmres+P-A rel=9.9e-14 lits=164 t_lin=0.3s |dx|2=5.19e-01 t_fact=0.00s
    LINEAR gmres+P-A its=200 rel=2.2e-13 t=0.47s cycles=1 reorth=200 rec=2.2e-13 status=converged t_fact=0.00s singular_modes=0
  NEWTON gauss:0.25:24:i1o4 it= 4 r_F=1.802e-03 r_out=2.200e-06 lambda=1 |dx|max=3.02e-03 lin=gmres+P-A rel=2.2e-13 lits=200 t_lin=0.5s |dx|2=5.48e-02 t_fact=0.00s
    LINEAR gmres+P-A its=200 rel=5.9e-13 t=0.45s cycles=1 reorth=200 rec=5.9e-13 status=converged t_fact=0.00s singular_modes=0
  NEWTON gauss:0.25:24:i1o4 it= 5 r_F=2.798e-05 r_out=8.326e-08 lambda=1 |dx|max=4.23e-04 lin=gmres+P-A rel=5.9e-13 lits=200 t_lin=0.4s |dx|2=8.80e-03 t_fact=0.00s
    LINEAR gmres+P-A its=200 rel=7.1e-13 t=0.45s cycles=1 reorth=200 rec=7.1e-13 status=converged t_fact=0.00s singular_modes=0
  NEWTON gauss:0.25:24:i1o4 it= 6 r_F=2.022e-08 r_out=2.047e-11 lambda=1 |dx|max=1.04e-05 lin=gmres+P-A rel=7.1e-13 lits=200 t_lin=0.4s |dx|2=1.29e-04 t_fact=0.00s
    LINEAR gmres+P-A its=200 rel=1.4e-13 t=0.45s cycles=1 reorth=200 rec=1.3e-13 status=converged t_fact=0.00s singular_modes=0
  NEWTON gauss:0.25:24:i1o4 it= 7 r_F=5.079e-15 r_out=3.159e-16 lambda=1 |dx|max=3.63e-09 lin=gmres+P-A rel=1.4e-13 lits=200 t_lin=0.4s |dx|2=5.64e-08 t_fact=0.00s
  STAGE_END field=gauss eps=0.25 N=24 cand=i1o4 status=converged its=7 r_F=5.079e-15 r_out=3.159e-16 -> accepted
STAGE field=gauss eps=0.5 N=24 cand=i1o4 (from eps=0.25, warm start)
  NEWTON gauss:0.5:24:i1o4 it= 0 r_F=3.642e+00 r_out=7.205e-02
    LINEAR gmres+P-A its=400 rel=5.6e-13 t=0.90s cycles=2 reorth=320 rec=5.6e-13 status=converged t_fact=0.00s singular_modes=0
  NEWTON gauss:0.5:24:i1o4 it= 1 r_F=3.684e-01 r_out=1.009e-02 lambda=1 |dx|max=8.71e-02 lin=gmres+P-A rel=5.6e-13 lits=400 t_lin=0.9s |dx|2=3.96e+00 t_fact=0.00s
    LINEAR gmres+P-A its=3800 rel=3.1e-13 t=8.49s cycles=19 reorth=3599 rec=3.1e-13 status=converged t_fact=0.00s singular_modes=0
  NEWTON gauss:0.5:24:i1o4 it= 2 r_F=2.885e-01 r_out=7.298e-03 lambda=0.25 |dx|max=1.13e-01 lin=gmres+P-A rel=3.1e-13 lits=3800 t_lin=8.5s |dx|2=4.26e+00 t_fact=0.00s
    LINEAR gmres+P-A its=11000 rel=6.1e-13 t=24.55s cycles=55 reorth=10669 rec=6.0e-13 status=converged t_fact=0.00s singular_modes=0
  NEWTON gauss:0.5:24:i1o4 it= 3 r_F=2.853e-01 r_out=7.246e-03 lambda=0.007812 |dx|max=1.38e+00 lin=gmres+P-A rel=6.1e-13 lits=11000 t_lin=24.5s |dx|2=2.55e+01 t_fact=0.00s
    LINEAR gmres+P-A its=1600 rel=1.6e-13 t=3.57s cycles=8 reorth=1563 rec=1.6e-13 status=converged t_fact=0.00s singular_modes=0
  NEWTON gauss:0.5:24:i1o4 it= 4 r_F=2.361e-01 r_out=5.434e-03 lambda=0.25 |dx|max=8.03e-02 lin=gmres+P-A rel=1.6e-13 lits=1600 t_lin=3.6s |dx|2=2.14e+00 t_fact=0.00s
    LINEAR gmres+P-A its=3400 rel=8.7e-13 t=7.59s cycles=17 reorth=3359 rec=8.7e-13 status=converged t_fact=0.00s singular_modes=0
  NEWTON gauss:0.5:24:i1o4 it= 5 r_F=2.169e-01 r_out=4.759e-03 lambda=0.125 |dx|max=1.93e-01 lin=gmres+P-A rel=8.7e-13 lits=3400 t_lin=7.6s |dx|2=2.71e+00 t_fact=0.00s
  STAGE_END field=gauss eps=0.5 N=24 cand=i1o4 status=stagnation its=5 r_F=2.169e-01 r_out=4.759e-03 -> FAILED
  CONTINUATION bisection 2/4: retry from eps=0.25 at eps=0.375
STAGE field=gauss eps=0.375 N=24 cand=i1o4 (from eps=0.25, warm start)
  NEWTON gauss:0.375:24:i1o4 it= 0 r_F=1.806e+00 r_out=3.524e-02
    LINEAR gmres+P-A its=346 rel=1.0e-13 t=0.71s cycles=2 reorth=313 rec=1.0e-13 status=converged t_fact=0.00s singular_modes=0
  NEWTON gauss:0.375:24:i1o4 it= 1 r_F=7.579e-02 r_out=3.029e-03 lambda=1 |dx|max=4.57e-02 lin=gmres+P-A rel=1.0e-13 lits=346 t_lin=0.7s |dx|2=1.91e+00 t_fact=0.00s
    LINEAR gmres+P-A its=367 rel=1.0e-13 t=0.78s cycles=2 reorth=362 rec=9.9e-14 status=converged t_fact=0.00s singular_modes=0
  NEWTON gauss:0.375:24:i1o4 it= 2 r_F=4.826e-02 r_out=1.471e-03 lambda=0.5 |dx|max=3.65e-02 lin=gmres+P-A rel=1.0e-13 lits=367 t_lin=0.8s |dx|2=1.38e+00 t_fact=0.00s
    LINEAR gmres+P-A its=509 rel=9.6e-14 t=1.06s cycles=3 reorth=506 rec=9.5e-14 status=converged t_fact=0.00s singular_modes=0
  NEWTON gauss:0.375:24:i1o4 it= 3 r_F=2.482e-02 r_out=1.549e-04 lambda=1 |dx|max=1.56e-02 lin=gmres+P-A rel=9.6e-14 lits=509 t_lin=1.1s |dx|2=5.79e-01 t_fact=0.00s
    LINEAR gmres+P-A its=742 rel=9.8e-14 t=1.59s cycles=4 reorth=739 rec=9.8e-14 status=converged t_fact=0.00s singular_modes=0
  NEWTON gauss:0.375:24:i1o4 it= 4 r_F=4.959e-03 r_out=9.414e-06 lambda=1 |dx|max=4.61e-03 lin=gmres+P-A rel=9.8e-14 lits=742 t_lin=1.6s |dx|2=8.73e-02 t_fact=0.00s
    LINEAR gmres+P-A its=775 rel=9.8e-14 t=1.70s cycles=4 reorth=772 rec=9.8e-14 status=converged t_fact=0.00s singular_modes=0
  NEWTON gauss:0.375:24:i1o4 it= 5 r_F=9.528e-05 r_out=4.091e-07 lambda=1 |dx|max=7.97e-04 lin=gmres+P-A rel=9.8e-14 lits=775 t_lin=1.7s |dx|2=1.89e-02 t_fact=0.00s
    LINEAR gmres+P-A its=783 rel=1.0e-13 t=1.72s cycles=4 reorth=780 rec=9.9e-14 status=converged t_fact=0.00s singular_modes=0
  NEWTON gauss:0.375:24:i1o4 it= 6 r_F=5.822e-07 r_out=9.775e-10 lambda=1 |dx|max=5.34e-05 lin=gmres+P-A rel=1.0e-13 lits=783 t_lin=1.7s |dx|2=7.84e-04 t_fact=0.00s
    LINEAR gmres+P-A its=740 rel=9.8e-14 t=1.59s cycles=4 reorth=737 rec=9.8e-14 status=converged t_fact=0.00s singular_modes=0
  NEWTON gauss:0.375:24:i1o4 it= 7 r_F=7.857e-13 r_out=6.203e-15 lambda=1 |dx|max=9.35e-08 lin=gmres+P-A rel=9.8e-14 lits=740 t_lin=1.6s |dx|2=1.56e-06 t_fact=0.00s
    LINEAR gmres+P-A its=776 rel=9.4e-14 t=1.70s cycles=4 reorth=772 rec=9.3e-14 status=converged t_fact=0.00s singular_modes=0
  NEWTON gauss:0.375:24:i1o4 it= 8 r_F=7.444e-15 r_out=4.819e-16 lambda=1 |dx|max=2.51e-13 lin=gmres+P-A rel=9.4e-14 lits=776 t_lin=1.7s |dx|2=4.00e-12 t_fact=0.00s
  STAGE_END field=gauss eps=0.375 N=24 cand=i1o4 status=converged its=8 r_F=7.444e-15 r_out=4.819e-16 -> accepted
STAGE field=gauss eps=0.5 N=24 cand=i1o4 (from eps=0.375, warm start)
  NEWTON gauss:0.5:24:i1o4 it= 0 r_F=1.815e+00 r_out=3.829e-02
    LINEAR gmres+P-A its=1181 rel=9.7e-14 t=2.66s cycles=6 reorth=1175 rec=9.7e-14 status=converged t_fact=0.00s singular_modes=0
  NEWTON gauss:0.5:24:i1o4 it= 1 r_F=8.401e-02 r_out=2.870e-03 lambda=1 |dx|max=4.41e-02 lin=gmres+P-A rel=9.7e-14 lits=1181 t_lin=2.7s |dx|2=2.02e+00 t_fact=0.00s
    LINEAR gmres+P-A its=1800 rel=6.5e-13 t=4.07s cycles=9 reorth=1751 rec=6.5e-13 status=converged t_fact=0.00s singular_modes=0
  NEWTON gauss:0.5:24:i1o4 it= 2 r_F=5.503e-02 r_out=1.379e-03 lambda=0.5 |dx|max=4.10e-02 lin=gmres+P-A rel=6.5e-13 lits=1800 t_lin=4.1s |dx|2=1.59e+00 t_fact=0.00s
    LINEAR gmres+P-A its=4200 rel=4.9e-13 t=9.49s cycles=21 reorth=4157 rec=4.9e-13 status=converged t_fact=0.00s singular_modes=0
  NEWTON gauss:0.5:24:i1o4 it= 3 r_F=3.387e-02 r_out=2.231e-04 lambda=1 |dx|max=1.61e-02 lin=gmres+P-A rel=4.9e-13 lits=4200 t_lin=9.5s |dx|2=6.21e-01 t_fact=0.00s
    LINEAR gmres+P-A its=12000 rel=6.3e-06 t=27.29s cycles=60 reorth=11814 rec=6.3e-06 status=max_iterations t_fact=0.00s singular_modes=0
  NEWTON gauss:0.5:24:i1o4 it= 4 linear_failure: GMRES status=max_iterations rel=6.3e-06 lits=12000 prec singular modes=0 (step not taken)
  STAGE_END field=gauss eps=0.5 N=24 cand=i1o4 status=linear_failure its=4 r_F=3.387e-02 r_out=2.231e-04 -> FAILED
  CONTINUATION bisection 3/4: retry from eps=0.375 at eps=0.4375
STAGE field=gauss eps=0.4375 N=24 cand=i1o4 (from eps=0.375, warm start)
  NEWTON gauss:0.4375:24:i1o4 it= 0 r_F=9.043e-01 r_out=1.888e-02
    LINEAR gmres+P-A its=988 rel=1.0e-13 t=2.26s cycles=5 reorth=984 rec=1.0e-13 status=converged t_fact=0.00s singular_modes=0
  NEWTON gauss:0.4375:24:i1o4 it= 1 r_F=2.493e-02 r_out=9.112e-04 lambda=1 |dx|max=2.29e-02 lin=gmres+P-A rel=1.0e-13 lits=988 t_lin=2.3s |dx|2=1.03e+00 t_fact=0.00s
    LINEAR gmres+P-A its=1200 rel=4.4e-13 t=2.78s cycles=6 reorth=1191 rec=4.4e-13 status=converged t_fact=0.00s singular_modes=0
  NEWTON gauss:0.4375:24:i1o4 it= 2 r_F=1.337e-02 r_out=4.490e-04 lambda=0.5 |dx|max=1.60e-02 lin=gmres+P-A rel=4.4e-13 lits=1200 t_lin=2.8s |dx|2=5.71e-01 t_fact=0.00s
    LINEAR gmres+P-A its=1586 rel=1.0e-13 t=3.62s cycles=8 reorth=1575 rec=9.7e-14 status=converged t_fact=0.00s singular_modes=0
  NEWTON gauss:0.4375:24:i1o4 it= 3 r_F=6.380e-03 r_out=3.286e-05 lambda=1 |dx|max=7.36e-03 lin=gmres+P-A rel=1.0e-13 lits=1586 t_lin=3.6s |dx|2=2.66e-01 t_fact=0.00s
    LINEAR gmres+P-A its=1800 rel=4.1e-13 t=4.13s cycles=9 reorth=1790 rec=4.1e-13 status=converged t_fact=0.00s singular_modes=0
  NEWTON gauss:0.4375:24:i1o4 it= 4 r_F=4.929e-05 r_out=8.345e-08 lambda=1 |dx|max=4.55e-04 lin=gmres+P-A rel=4.1e-13 lits=1800 t_lin=4.1s |dx|2=8.20e-03 t_fact=0.00s
    LINEAR gmres+P-A its=1989 rel=9.9e-14 t=4.62s cycles=10 reorth=1974 rec=9.9e-14 status=converged t_fact=0.00s singular_modes=0
  NEWTON gauss:0.4375:24:i1o4 it= 5 r_F=7.008e-08 r_out=1.598e-10 lambda=1 |dx|max=1.30e-05 lin=gmres+P-A rel=9.9e-14 lits=1989 t_lin=4.6s |dx|2=2.75e-04 t_fact=0.00s
    LINEAR gmres+P-A its=1800 rel=3.8e-13 t=4.16s cycles=9 reorth=1789 rec=3.8e-13 status=converged t_fact=0.00s singular_modes=0
  NEWTON gauss:0.4375:24:i1o4 it= 6 r_F=1.355e-14 r_out=5.462e-16 lambda=1 |dx|max=5.47e-09 lin=gmres+P-A rel=3.8e-13 lits=1800 t_lin=4.2s |dx|2=8.69e-08 t_fact=0.00s
  STAGE_END field=gauss eps=0.4375 N=24 cand=i1o4 status=converged its=6 r_F=1.355e-14 r_out=5.462e-16 -> accepted
STAGE field=gauss eps=0.5 N=24 cand=i1o4 (from eps=0.4375, warm start)
  NEWTON gauss:0.5:24:i1o4 it= 0 r_F=9.055e-01 r_out=1.978e-02
    LINEAR gmres+P-A its=2600 rel=2.5e-13 t=6.00s cycles=13 reorth=2588 rec=2.5e-13 status=converged t_fact=0.00s singular_modes=0
  NEWTON gauss:0.5:24:i1o4 it= 1 r_F=2.690e-02 r_out=8.903e-04 lambda=1 |dx|max=2.24e-02 lin=gmres+P-A rel=2.5e-13 lits=2600 t_lin=6.0s |dx|2=1.05e+00 t_fact=0.00s
    LINEAR gmres+P-A its=7600 rel=7.7e-13 t=17.15s cycles=38 reorth=7474 rec=7.7e-13 status=converged t_fact=0.00s singular_modes=0
  NEWTON gauss:0.5:24:i1o4 it= 2 r_F=1.440e-02 r_out=4.371e-04 lambda=0.5 |dx|max=1.72e-02 lin=gmres+P-A rel=7.7e-13 lits=7600 t_lin=17.2s |dx|2=5.98e-01 t_fact=0.00s
    LINEAR gmres+P-A its=12000 rel=2.5e-09 t=27.26s cycles=60 reorth=11854 rec=2.5e-09 status=max_iterations t_fact=0.00s singular_modes=0
  NEWTON gauss:0.5:24:i1o4 it= 3 linear_failure: GMRES status=max_iterations rel=2.5e-09 lits=12000 prec singular modes=0 (step not taken)
  STAGE_END field=gauss eps=0.5 N=24 cand=i1o4 status=linear_failure its=3 r_F=1.440e-02 r_out=4.371e-04 -> FAILED
  CONTINUATION bisection 4/4: retry from eps=0.4375 at eps=0.46875
STAGE field=gauss eps=0.46875 N=24 cand=i1o4 (from eps=0.4375, warm start)
  NEWTON gauss:0.46875:24:i1o4 it= 0 r_F=4.520e-01 r_out=9.817e-03
    LINEAR gmres+P-A its=2400 rel=1.7e-13 t=5.55s cycles=12 reorth=2389 rec=1.7e-13 status=converged t_fact=0.00s singular_modes=0
  NEWTON gauss:0.46875:24:i1o4 it= 1 r_F=8.384e-03 r_out=2.654e-04 lambda=1 |dx|max=1.17e-02 lin=gmres+P-A rel=1.7e-13 lits=2400 t_lin=5.5s |dx|2=5.48e-01 t_fact=0.00s
    LINEAR gmres+P-A its=3800 rel=4.4e-13 t=8.69s cycles=19 reorth=3775 rec=4.4e-13 status=converged t_fact=0.00s singular_modes=0
  NEWTON gauss:0.46875:24:i1o4 it= 2 r_F=4.454e-03 r_out=2.122e-05 lambda=1 |dx|max=6.23e-03 lin=gmres+P-A rel=4.4e-13 lits=3800 t_lin=8.7s |dx|2=1.94e-01 t_fact=0.00s
    LINEAR gmres+P-A its=4600 rel=6.4e-13 t=10.60s cycles=23 reorth=4562 rec=6.4e-13 status=converged t_fact=0.00s singular_modes=0
  NEWTON gauss:0.46875:24:i1o4 it= 3 r_F=3.276e-06 r_out=1.524e-08 lambda=1 |dx|max=1.45e-04 lin=gmres+P-A rel=6.4e-13 lits=4600 t_lin=10.6s |dx|2=4.40e-03 t_fact=0.00s
    LINEAR gmres+P-A its=5200 rel=7.8e-13 t=11.84s cycles=26 reorth=5146 rec=7.8e-13 status=converged t_fact=0.00s singular_modes=0
  NEWTON gauss:0.46875:24:i1o4 it= 4 r_F=1.231e-09 r_out=4.096e-12 lambda=1 |dx|max=1.99e-06 lin=gmres+P-A rel=7.8e-13 lits=5200 t_lin=11.8s |dx|2=5.13e-05 t_fact=0.00s
    LINEAR gmres+P-A its=4600 rel=8.7e-13 t=10.48s cycles=23 reorth=4570 rec=8.7e-13 status=converged t_fact=0.00s singular_modes=0
  NEWTON gauss:0.46875:24:i1o4 it= 5 r_F=9.253e-15 r_out=5.766e-16 lambda=1 |dx|max=6.27e-11 lin=gmres+P-A rel=8.7e-13 lits=4600 t_lin=10.5s |dx|2=1.16e-09 t_fact=0.00s
  STAGE_END field=gauss eps=0.46875 N=24 cand=i1o4 status=converged its=5 r_F=9.253e-15 r_out=5.766e-16 -> accepted
STAGE field=gauss eps=0.5 N=24 cand=i1o4 (from eps=0.46875, warm start)
  NEWTON gauss:0.5:24:i1o4 it= 0 r_F=4.521e-01 r_out=1.005e-02
    LINEAR gmres+P-A its=5600 rel=4.9e-13 t=12.90s cycles=28 reorth=5564 rec=4.9e-13 status=converged t_fact=0.00s singular_modes=0
  NEWTON gauss:0.5:24:i1o4 it= 1 r_F=8.752e-03 r_out=2.634e-04 lambda=1 |dx|max=1.18e-02 lin=gmres+P-A rel=4.9e-13 lits=5600 t_lin=12.9s |dx|2=5.53e-01 t_fact=0.00s
    LINEAR gmres+P-A its=12000 rel=9.3e-07 t=27.35s cycles=60 reorth=11837 rec=9.3e-07 status=max_iterations t_fact=0.00s singular_modes=0
  NEWTON gauss:0.5:24:i1o4 it= 2 linear_failure: GMRES status=max_iterations rel=9.3e-07 lits=12000 prec singular modes=0 (step not taken)
  STAGE_END field=gauss eps=0.5 N=24 cand=i1o4 status=linear_failure its=2 r_F=8.752e-03 r_out=2.634e-04 -> FAILED
  CONTINUATION gave up after 4 bisections; reporting the failed state at eps=0.5
PATH field=gauss eps=0.5 N=24 cand=i1o4 continuation path: 0.25(fail)->0.125->0.25->0.5(fail)->0.375->0.5(fail)->0.4375->0.5(fail)->0.46875->0.5(fail)
GMRES_STATS field=gauss eps=0.5 N=24 stage_eps=0.25 status=stagnation newton_its=5 steps=5 its_max=600 its_median=378.0 its_total=1886 rel_max=1.5e-13 linear_failures=0
GMRES_STATS field=gauss eps=0.5 N=24 stage_eps=0.125 status=converged newton_its=7 steps=7 its_max=120 its_median=82.0 its_total=567 rel_max=1.0e-13 linear_failures=0
GMRES_STATS field=gauss eps=0.5 N=24 stage_eps=0.25 status=converged newton_its=7 steps=7 its_max=200 its_median=200.0 its_total=1248 rel_max=7.1e-13 linear_failures=0
GMRES_STATS field=gauss eps=0.5 N=24 stage_eps=0.5 status=stagnation newton_its=5 steps=5 its_max=11000 its_median=3400.0 its_total=20200 rel_max=8.7e-13 linear_failures=0
GMRES_STATS field=gauss eps=0.5 N=24 stage_eps=0.375 status=converged newton_its=8 steps=8 its_max=783 its_median=741.0 its_total=5038 rel_max=1.0e-13 linear_failures=0
GMRES_STATS field=gauss eps=0.5 N=24 stage_eps=0.5 status=linear_failure newton_its=4 steps=4 its_max=12000 its_median=3000.0 its_total=19181 rel_max=6.3e-06 linear_failures=1
GMRES_STATS field=gauss eps=0.5 N=24 stage_eps=0.4375 status=converged newton_its=6 steps=6 its_max=1989 its_median=1693.0 its_total=9363 rel_max=4.4e-13 linear_failures=0
GMRES_STATS field=gauss eps=0.5 N=24 stage_eps=0.5 status=linear_failure newton_its=3 steps=3 its_max=12000 its_median=7600.0 its_total=22200 rel_max=2.5e-09 linear_failures=1
GMRES_STATS field=gauss eps=0.5 N=24 stage_eps=0.46875 status=converged newton_its=5 steps=5 its_max=5200 its_median=4600.0 its_total=20600 rel_max=8.7e-13 linear_failures=0
GMRES_STATS field=gauss eps=0.5 N=24 stage_eps=0.5 status=linear_failure newton_its=2 steps=2 its_max=12000 its_median=8800.0 its_total=17600 rel_max=9.3e-07 linear_failures=1
CASE field=gauss eps=0.5 N=24 cand=i1o4 | r_F=8.752e-03 its=2 | e_v=9.154e-03 e_psi=7.782e-02 e_i=(7.349e-03,4.100e-03) e_div=2.009e-02 min_c=2.391e-01 p0.1=2.756e-01 p1=3.770e-01 p5=5.185e-01 p50=9.445e-01 | t=266.5 | e_psi1=7.782e-02 e_psi2=5.058e-02
CASE field=gauss eps=0.5 N=24 cand=oracle_fd4 | r_F=nan its=nan | e_v=7.278e-03 e_psi=2.045e-17 e_i=(2.664e-03,7.688e-04) e_div=4.242e-02 min_c=2.391e-01 p0.1=2.756e-01 p1=3.762e-01 p5=5.189e-01 p50=9.442e-01 | t=0.0 | e_psi1=9.459e-19 e_psi2=2.045e-17
EXTRA field=gauss eps=0.5 N=24 cand=i1o4 status=linear_failure r_F=8.752e-03 r_out=2.634e-04 | outlet c_perp-vperp_in: cand=2.634e-04 oracle_fd=1.937e-03 | inlet oblique defect (c x e1 - vperp_in x e1)/v_rms: j=0(one-sided) cand=1.173e-02 oracle_fd=1.532e-03; j=1 cand=5.952e-02 oracle_fd=5.862e-02; j=1 vs vD(j=1) cand=1.088e-02 oracle_fd=6.519e-04 | min|c|/v_rms=0.2212 min|vD|/v_rms=0.2216 e_i1=7.349e-03 e_i2=4.100e-03 | t=266.5s | a_psi1=4.904e-03 a_psi2=2.419e-03 (FD order 4)
HISTORY field=gauss eps=0.5 N=24 cand=i1o4 r_F: 4.52e-01 8.75e-03
HISTORY field=gauss eps=0.5 N=24 cand=i1o4 r_out: 1.01e-02 2.63e-04
HISTORY_FULL field=gauss eps=0.5 N=24 cand=i1o4 r_F: 4.52149450836319633e-01 8.75175444409145332e-03
HISTORY_FULL field=gauss eps=0.5 N=24 cand=i1o4 r_out: 1.00538266505766655e-02 2.63377054732749985e-04
TIMING load=0.007s metrics=0.002s prepare=0.052s solve=266.516s total=266.577s
MEMORY peak_device_bytes=577765376 free_min=33511964672 total_device=34089730048 workspaces_bytes=55573951 (peak/free: cudaMemGetInfo polls before/after every phase, device-wide)
SUMMARY_JSON /home/sesquerre/MacroFlow3D-SF-33/docs/experiments/artifacts/2026-10-06-sf33-gpu-inlet-labels/raw/proto_r200/gauss_0.5_24.json
STATUS continuation_floor
