command: /home/sesquerre/MacroFlow3D-SF-33/build/v100-release/inlet_slab --proto /home/sesquerre/MacroFlow3D-SF-33/docs/experiments/artifacts/2026-10-06-sf33-gpu-inlet-labels/exports/gauss_0.25_24 --restart 200 --max-inner 12000 --summary /home/sesquerre/MacroFlow3D-SF-33/docs/experiments/artifacts/2026-10-06-sf33-gpu-inlet-labels/raw/proto_r200/gauss_0.25_24.json
CASE_DIR /home/sesquerre/MacroFlow3D-SF-33/docs/experiments/artifacts/2026-10-06-sf33-gpu-inlet-labels/exports/gauss_0.25_24 field=gauss eps=0.25 N=24 nphi=32 Q0=0.99999999999644 inlet_vmin=6.326717e-01 v_rms=1.02048645513071 cache_hit=1 stage_amplitudes=16 target_eps=0.25
SETUP grad_lnk=analytic (prototype export: complex-step gradient of the analytic ln k at the vertices)
SOLVER N=24 eps=0.25 cand=i1o4 newton_tol=1.0e-13 max_newton=40 lin_tol=1.0e-12 restart=200 max_inner=12000 bisect=4 prec=P-A ladder=(0.25,0.5,1) stage_ok=1e-09
STAGE field=gauss eps=0.25 N=24 cand=i1o4 (from eps=0, u=0)
  NEWTON gauss:0.25:24:i1o4 it= 0 r_F=3.571e+00 r_out=6.530e-02
    LINEAR gmres+P-A its=182 rel=9.2e-14 t=0.41s cycles=1 reorth=165 rec=9.2e-14 status=converged t_fact=0.00s singular_modes=0
  NEWTON gauss:0.25:24:i1o4 it= 1 r_F=5.360e-01 r_out=1.099e-02 lambda=1 |dx|max=8.99e-02 lin=gmres+P-A rel=9.2e-14 lits=182 t_lin=0.4s |dx|2=3.31e+00 t_fact=0.00s
    LINEAR gmres+P-A its=338 rel=1.3e-13 t=0.72s cycles=2 reorth=333 rec=8.8e-14 status=converged t_fact=0.00s singular_modes=0
  NEWTON gauss:0.25:24:i1o4 it= 2 r_F=5.128e-01 r_out=1.074e-02 lambda=0.01562 |dx|max=1.96e+00 lin=gmres+P-A rel=1.3e-13 lits=338 t_lin=0.7s |dx|2=2.97e+01 t_fact=0.00s
    LINEAR gmres+P-A its=388 rel=1.0e-13 t=0.85s cycles=2 reorth=379 rec=9.9e-14 status=converged t_fact=0.00s singular_modes=0
  NEWTON gauss:0.25:24:i1o4 it= 3 r_F=4.548e-01 r_out=1.009e-02 lambda=0.0625 |dx|max=3.54e-01 lin=gmres+P-A rel=1.0e-13 lits=388 t_lin=0.9s |dx|2=9.07e+00 t_fact=0.00s
    LINEAR gmres+P-A its=378 rel=1.3e-13 t=0.82s cycles=2 reorth=369 rec=9.2e-14 status=converged t_fact=0.00s singular_modes=0
  NEWTON gauss:0.25:24:i1o4 it= 4 r_F=4.464e-01 r_out=9.549e-03 lambda=0.03125 |dx|max=1.47e+00 lin=gmres+P-A rel=1.3e-13 lits=378 t_lin=0.8s |dx|2=2.51e+01 t_fact=0.00s
    LINEAR gmres+P-A its=600 rel=1.5e-13 t=1.35s cycles=3 reorth=581 rec=1.5e-13 status=converged t_fact=0.00s singular_modes=0
  NEWTON gauss:0.25:24:i1o4 it= 5 r_F=4.041e-01 r_out=7.170e-03 lambda=0.25 |dx|max=1.43e-01 lin=gmres+P-A rel=1.5e-13 lits=600 t_lin=1.3s |dx|2=2.87e+00 t_fact=0.00s
  STAGE_END field=gauss eps=0.25 N=24 cand=i1o4 status=stagnation its=5 r_F=4.041e-01 r_out=7.170e-03 -> FAILED
  CONTINUATION bisection 1/4: retry from eps=0 at eps=0.125
STAGE field=gauss eps=0.125 N=24 cand=i1o4 (from eps=0, u=0)
  NEWTON gauss:0.125:24:i1o4 it= 0 r_F=1.745e+00 r_out=3.286e-02
    LINEAR gmres+P-A its=120 rel=1.0e-13 t=0.19s cycles=1 reorth=106 rec=9.9e-14 status=converged t_fact=0.00s singular_modes=0
  NEWTON gauss:0.125:24:i1o4 it= 1 r_F=1.034e-01 r_out=3.251e-03 lambda=1 |dx|max=4.57e-02 lin=gmres+P-A rel=1.0e-13 lits=120 t_lin=0.2s |dx|2=1.76e+00 t_fact=0.00s
    LINEAR gmres+P-A its=59 rel=7.4e-14 t=0.08s cycles=1 reorth=58 rec=6.2e-14 status=converged t_fact=0.00s singular_modes=0
  NEWTON gauss:0.125:24:i1o4 it= 2 r_F=5.897e-02 r_out=1.621e-03 lambda=0.5 |dx|max=3.11e-02 lin=gmres+P-A rel=7.4e-14 lits=59 t_lin=0.1s |dx|2=1.00e+00 t_fact=0.00s
    LINEAR gmres+P-A its=59 rel=7.8e-14 t=0.07s cycles=1 reorth=59 rec=7.0e-14 status=converged t_fact=0.00s singular_modes=0
  NEWTON gauss:0.125:24:i1o4 it= 3 r_F=2.900e-02 r_out=7.830e-05 lambda=1 |dx|max=1.61e-02 lin=gmres+P-A rel=7.8e-14 lits=59 t_lin=0.1s |dx|2=4.85e-01 t_fact=0.00s
    LINEAR gmres+P-A its=82 rel=7.3e-14 t=0.11s cycles=1 reorth=82 rec=7.1e-14 status=converged t_fact=0.00s singular_modes=0
  NEWTON gauss:0.125:24:i1o4 it= 4 r_F=1.138e-03 r_out=7.921e-07 lambda=1 |dx|max=1.42e-03 lin=gmres+P-A rel=7.3e-14 lits=82 t_lin=0.1s |dx|2=3.47e-02 t_fact=0.00s
    LINEAR gmres+P-A its=83 rel=8.8e-14 t=0.11s cycles=1 reorth=83 rec=8.4e-14 status=converged t_fact=0.00s singular_modes=0
  NEWTON gauss:0.125:24:i1o4 it= 5 r_F=1.715e-05 r_out=1.549e-08 lambda=1 |dx|max=2.45e-04 lin=gmres+P-A rel=8.8e-14 lits=83 t_lin=0.1s |dx|2=4.73e-03 t_fact=0.00s
    LINEAR gmres+P-A its=82 rel=8.9e-14 t=0.11s cycles=1 reorth=82 rec=8.7e-14 status=converged t_fact=0.00s singular_modes=0
  NEWTON gauss:0.125:24:i1o4 it= 6 r_F=4.895e-10 r_out=2.384e-13 lambda=1 |dx|max=1.09e-06 lin=gmres+P-A rel=8.9e-14 lits=82 t_lin=0.1s |dx|2=1.58e-05 t_fact=0.00s
    LINEAR gmres+P-A its=82 rel=9.0e-14 t=0.11s cycles=1 reorth=81 rec=8.5e-14 status=converged t_fact=0.00s singular_modes=0
  NEWTON gauss:0.125:24:i1o4 it= 7 r_F=2.502e-15 r_out=1.549e-16 lambda=1 |dx|max=1.46e-10 lin=gmres+P-A rel=9.0e-14 lits=82 t_lin=0.1s |dx|2=1.70e-09 t_fact=0.00s
  STAGE_END field=gauss eps=0.125 N=24 cand=i1o4 status=converged its=7 r_F=2.502e-15 r_out=1.549e-16 -> accepted
STAGE field=gauss eps=0.25 N=24 cand=i1o4 (from eps=0.125, warm start)
  NEWTON gauss:0.25:24:i1o4 it= 0 r_F=1.785e+00 r_out=3.334e-02
    LINEAR gmres+P-A its=148 rel=1.0e-13 t=0.29s cycles=1 reorth=135 rec=1.0e-13 status=converged t_fact=0.00s singular_modes=0
  NEWTON gauss:0.25:24:i1o4 it= 1 r_F=7.863e-02 r_out=3.154e-03 lambda=1 |dx|max=4.62e-02 lin=gmres+P-A rel=1.0e-13 lits=148 t_lin=0.3s |dx|2=1.83e+00 t_fact=0.00s
    LINEAR gmres+P-A its=136 rel=9.6e-14 t=0.23s cycles=1 reorth=133 rec=7.2e-14 status=converged t_fact=0.00s singular_modes=0
  NEWTON gauss:0.25:24:i1o4 it= 2 r_F=4.875e-02 r_out=1.552e-03 lambda=0.5 |dx|max=3.49e-02 lin=gmres+P-A rel=9.6e-14 lits=136 t_lin=0.2s |dx|2=1.19e+00 t_fact=0.00s
    LINEAR gmres+P-A its=164 rel=1.0e-13 t=0.32s cycles=1 reorth=163 rec=8.2e-14 status=converged t_fact=0.00s singular_modes=0
  NEWTON gauss:0.25:24:i1o4 it= 3 r_F=2.068e-02 r_out=9.739e-05 lambda=1 |dx|max=1.56e-02 lin=gmres+P-A rel=1.0e-13 lits=164 t_lin=0.3s |dx|2=5.19e-01 t_fact=0.00s
    LINEAR gmres+P-A its=200 rel=2.2e-13 t=0.45s cycles=1 reorth=200 rec=2.2e-13 status=converged t_fact=0.00s singular_modes=0
  NEWTON gauss:0.25:24:i1o4 it= 4 r_F=1.802e-03 r_out=2.200e-06 lambda=1 |dx|max=3.02e-03 lin=gmres+P-A rel=2.2e-13 lits=200 t_lin=0.5s |dx|2=5.48e-02 t_fact=0.00s
    LINEAR gmres+P-A its=200 rel=5.9e-13 t=0.45s cycles=1 reorth=200 rec=5.9e-13 status=converged t_fact=0.00s singular_modes=0
  NEWTON gauss:0.25:24:i1o4 it= 5 r_F=2.798e-05 r_out=8.326e-08 lambda=1 |dx|max=4.23e-04 lin=gmres+P-A rel=5.9e-13 lits=200 t_lin=0.4s |dx|2=8.80e-03 t_fact=0.00s
    LINEAR gmres+P-A its=200 rel=7.1e-13 t=0.45s cycles=1 reorth=200 rec=7.1e-13 status=converged t_fact=0.00s singular_modes=0
  NEWTON gauss:0.25:24:i1o4 it= 6 r_F=2.022e-08 r_out=2.047e-11 lambda=1 |dx|max=1.04e-05 lin=gmres+P-A rel=7.1e-13 lits=200 t_lin=0.4s |dx|2=1.29e-04 t_fact=0.00s
    LINEAR gmres+P-A its=200 rel=1.4e-13 t=0.45s cycles=1 reorth=200 rec=1.3e-13 status=converged t_fact=0.00s singular_modes=0
  NEWTON gauss:0.25:24:i1o4 it= 7 r_F=5.238e-15 r_out=3.060e-16 lambda=1 |dx|max=3.63e-09 lin=gmres+P-A rel=1.4e-13 lits=200 t_lin=0.4s |dx|2=5.64e-08 t_fact=0.00s
  STAGE_END field=gauss eps=0.25 N=24 cand=i1o4 status=converged its=7 r_F=5.238e-15 r_out=3.060e-16 -> accepted
PATH field=gauss eps=0.25 N=24 cand=i1o4 continuation path: 0.25(fail)->0.125->0.25
GMRES_STATS field=gauss eps=0.25 N=24 stage_eps=0.25 status=stagnation newton_its=5 steps=5 its_max=600 its_median=378.0 its_total=1886 rel_max=1.5e-13 linear_failures=0
GMRES_STATS field=gauss eps=0.25 N=24 stage_eps=0.125 status=converged newton_its=7 steps=7 its_max=120 its_median=82.0 its_total=567 rel_max=1.0e-13 linear_failures=0
GMRES_STATS field=gauss eps=0.25 N=24 stage_eps=0.25 status=converged newton_its=7 steps=7 its_max=200 its_median=200.0 its_total=1248 rel_max=7.1e-13 linear_failures=0
CASE field=gauss eps=0.25 N=24 cand=i1o4 | r_F=5.238e-15 its=7 | e_v=1.808e-03 e_psi=2.886e-02 e_i=(1.479e-03,8.368e-04) e_div=2.689e-03 min_c=5.050e-01 p0.1=5.400e-01 p1=6.267e-01 p5=7.301e-01 p50=9.821e-01 | t=7.6 | e_psi1=2.886e-02 e_psi2=2.106e-02
CASE field=gauss eps=0.25 N=24 cand=oracle_fd4 | r_F=nan its=nan | e_v=7.699e-04 e_psi=9.791e-18 e_i=(2.450e-04,1.520e-04) e_div=3.344e-03 min_c=5.052e-01 p0.1=5.402e-01 p1=6.268e-01 p5=7.301e-01 p50=9.822e-01 | t=0.0 | e_psi1=0.000e+00 e_psi2=9.791e-18
EXTRA field=gauss eps=0.25 N=24 cand=i1o4 status=converged r_F=5.238e-15 r_out=3.060e-16 | outlet c_perp-vperp_in: cand=3.060e-16 oracle_fd=6.805e-04 | inlet oblique defect (c x e1 - vperp_in x e1)/v_rms: j=0(one-sided) cand=2.626e-03 oracle_fd=5.595e-04; j=1 cand=2.955e-02 oracle_fd=2.955e-02; j=1 vs vD(j=1) cand=2.439e-03 oracle_fd=1.668e-04 | min|c|/v_rms=0.4949 min|vD|/v_rms=0.4948 e_i1=1.479e-03 e_i2=8.368e-04 | t=7.6s | a_psi1=9.041e-04 a_psi2=4.696e-04 (FD order 4)
HISTORY field=gauss eps=0.25 N=24 cand=i1o4 r_F: 1.78e+00 7.86e-02 4.87e-02 2.07e-02 1.80e-03 2.80e-05 2.02e-08 5.24e-15
HISTORY field=gauss eps=0.25 N=24 cand=i1o4 r_out: 3.33e-02 3.15e-03 1.55e-03 9.74e-05 2.20e-06 8.33e-08 2.05e-11 3.06e-16
HISTORY_FULL field=gauss eps=0.25 N=24 cand=i1o4 r_F: 1.78452427293515736e+00 7.86337773002218354e-02 4.87451257848447797e-02 2.06780627131096413e-02 1.80169606087407421e-03 2.79793294737071510e-05 2.02174407633906469e-08 5.23757799366917091e-15
HISTORY_FULL field=gauss eps=0.25 N=24 cand=i1o4 r_out: 3.33435760362934611e-02 3.15443341026537061e-03 1.55233624839539765e-03 9.73888478280984137e-05 2.20047549679575822e-06 8.32572188769862283e-08 2.04694796066239669e-11 3.05988191906673602e-16
TIMING load=0.007s metrics=0.002s prepare=0.049s solve=7.593s total=7.651s
MEMORY peak_device_bytes=573571072 free_min=33516158976 total_device=34089730048 workspaces_bytes=55573951 (peak/free: cudaMemGetInfo polls before/after every phase, device-wide)
SUMMARY_JSON /home/sesquerre/MacroFlow3D-SF-33/docs/experiments/artifacts/2026-10-06-sf33-gpu-inlet-labels/raw/proto_r200/gauss_0.25_24.json
STATUS converged
