command: /home/sesquerre/MacroFlow3D-SF-33/build/v100-release/inlet_slab --proto /home/sesquerre/MacroFlow3D-SF-33/docs/experiments/artifacts/2026-10-06-sf33-gpu-inlet-labels/exports/generic3d_1_24 --restart 200 --max-inner 12000 --summary /home/sesquerre/MacroFlow3D-SF-33/docs/experiments/artifacts/2026-10-06-sf33-gpu-inlet-labels/raw/proto_r200/generic3d_1_24.json
CASE_DIR /home/sesquerre/MacroFlow3D-SF-33/docs/experiments/artifacts/2026-10-06-sf33-gpu-inlet-labels/exports/generic3d_1_24 field=generic3d eps=1 N=24 nphi=32 Q0=1.00000000000136 inlet_vmin=2.341302e-01 v_rms=1.44535335163902 cache_hit=0 stage_amplitudes=48 target_eps=1
SETUP grad_lnk=analytic (prototype export: complex-step gradient of the analytic ln k at the vertices)
SOLVER N=24 eps=1 cand=i1o4 newton_tol=1.0e-13 max_newton=40 lin_tol=1.0e-12 restart=200 max_inner=12000 bisect=4 prec=P-A ladder=(0.25,0.5,1) stage_ok=1e-09
STAGE field=generic3d eps=0.25 N=24 cand=i1o4 (from eps=0, u=0)
  NEWTON generic3d:0.25:24:i1o4 it= 0 r_F=3.129e+00 r_out=1.339e-01
    LINEAR gmres+P-A its=150 rel=8.0e-14 t=0.31s cycles=1 reorth=135 rec=7.9e-14 status=converged t_fact=0.00s singular_modes=0
  NEWTON generic3d:0.25:24:i1o4 it= 1 r_F=1.391e-01 r_out=2.167e-02 lambda=1 |dx|max=6.68e-02 lin=gmres+P-A rel=8.0e-14 lits=150 t_lin=0.3s |dx|2=3.66e+00 t_fact=0.00s
    LINEAR gmres+P-A its=109 rel=9.6e-14 t=0.17s cycles=1 reorth=109 rec=8.0e-14 status=converged t_fact=0.00s singular_modes=0
  NEWTON generic3d:0.25:24:i1o4 it= 2 r_F=6.453e-02 r_out=1.611e-03 lambda=1 |dx|max=3.51e-02 lin=gmres+P-A rel=9.6e-14 lits=109 t_lin=0.2s |dx|2=1.95e+00 t_fact=0.00s
    LINEAR gmres+P-A its=140 rel=8.1e-14 t=0.26s cycles=1 reorth=139 rec=7.6e-14 status=converged t_fact=0.00s singular_modes=0
  NEWTON generic3d:0.25:24:i1o4 it= 3 r_F=8.139e-03 r_out=1.231e-04 lambda=1 |dx|max=8.94e-03 lin=gmres+P-A rel=8.1e-14 lits=140 t_lin=0.3s |dx|2=4.05e-01 t_fact=0.00s
    LINEAR gmres+P-A its=140 rel=1.0e-13 t=0.25s cycles=1 reorth=137 rec=8.1e-14 status=converged t_fact=0.00s singular_modes=0
  NEWTON generic3d:0.25:24:i1o4 it= 4 r_F=1.221e-03 r_out=1.059e-05 lambda=1 |dx|max=3.19e-03 lin=gmres+P-A rel=1.0e-13 lits=140 t_lin=0.2s |dx|2=9.62e-02 t_fact=0.00s
    LINEAR gmres+P-A its=133 rel=9.3e-14 t=0.23s cycles=1 reorth=133 rec=9.1e-14 status=converged t_fact=0.00s singular_modes=0
  NEWTON generic3d:0.25:24:i1o4 it= 5 r_F=3.706e-06 r_out=2.856e-08 lambda=1 |dx|max=1.43e-04 lin=gmres+P-A rel=9.3e-14 lits=133 t_lin=0.2s |dx|2=3.83e-03 t_fact=0.00s
    LINEAR gmres+P-A its=134 rel=7.9e-14 t=0.23s cycles=1 reorth=133 rec=7.5e-14 status=converged t_fact=0.00s singular_modes=0
  NEWTON generic3d:0.25:24:i1o4 it= 6 r_F=1.177e-10 r_out=9.137e-13 lambda=1 |dx|max=6.00e-07 lin=gmres+P-A rel=7.9e-14 lits=134 t_lin=0.2s |dx|2=1.63e-05 t_fact=0.00s
    LINEAR gmres+P-A its=133 rel=9.8e-14 t=0.23s cycles=1 reorth=132 rec=9.6e-14 status=converged t_fact=0.00s singular_modes=0
  NEWTON generic3d:0.25:24:i1o4 it= 7 r_F=4.775e-15 r_out=3.018e-16 lambda=1 |dx|max=3.61e-11 lin=gmres+P-A rel=9.8e-14 lits=133 t_lin=0.2s |dx|2=3.57e-10 t_fact=0.00s
  STAGE_END field=generic3d eps=0.25 N=24 cand=i1o4 status=converged its=7 r_F=4.775e-15 r_out=3.018e-16 -> accepted
STAGE field=generic3d eps=0.5 N=24 cand=i1o4 (from eps=0.25, warm start)
  NEWTON generic3d:0.5:24:i1o4 it= 0 r_F=2.935e+00 r_out=1.734e-01
    LINEAR gmres+P-A its=200 rel=1.2e-13 t=0.44s cycles=1 reorth=160 rec=1.2e-13 status=converged t_fact=0.00s singular_modes=0
  NEWTON generic3d:0.5:24:i1o4 it= 1 r_F=1.467e-01 r_out=3.194e-02 lambda=1 |dx|max=8.06e-02 lin=gmres+P-A rel=1.2e-13 lits=200 t_lin=0.4s |dx|2=4.00e+00 t_fact=0.00s
    LINEAR gmres+P-A its=400 rel=7.1e-13 t=0.91s cycles=2 reorth=397 rec=7.1e-13 status=converged t_fact=0.00s singular_modes=0
  NEWTON generic3d:0.5:24:i1o4 it= 2 r_F=1.300e-01 r_out=6.613e-03 lambda=1 |dx|max=5.16e-02 lin=gmres+P-A rel=7.1e-13 lits=400 t_lin=0.9s |dx|2=3.07e+00 t_fact=0.00s
    LINEAR gmres+P-A its=5000 rel=5.9e-13 t=11.43s cycles=25 reorth=4639 rec=5.9e-13 status=converged t_fact=0.00s singular_modes=0
  NEWTON generic3d:0.5:24:i1o4 it= 3 r_F=3.280e-02 r_out=7.156e-04 lambda=1 |dx|max=1.44e-02 lin=gmres+P-A rel=5.9e-13 lits=5000 t_lin=11.4s |dx|2=7.98e-01 t_fact=0.00s
    LINEAR gmres+P-A its=2200 rel=1.7e-13 t=5.05s cycles=11 reorth=2090 rec=1.7e-13 status=converged t_fact=0.00s singular_modes=0
  NEWTON generic3d:0.5:24:i1o4 it= 4 r_F=2.531e-02 r_out=6.017e-04 lambda=1 |dx|max=1.85e-02 lin=gmres+P-A rel=1.7e-13 lits=2200 t_lin=5.1s |dx|2=5.02e-01 t_fact=0.00s
    LINEAR gmres+P-A its=1600 rel=3.6e-13 t=3.63s cycles=8 reorth=1542 rec=3.6e-13 status=converged t_fact=0.00s singular_modes=0
  NEWTON generic3d:0.5:24:i1o4 it= 5 r_F=1.511e-03 r_out=2.984e-05 lambda=1 |dx|max=3.61e-03 lin=gmres+P-A rel=3.6e-13 lits=1600 t_lin=3.6s |dx|2=8.34e-02 t_fact=0.00s
    LINEAR gmres+P-A its=1600 rel=2.8e-13 t=3.63s cycles=8 reorth=1540 rec=2.8e-13 status=converged t_fact=0.00s singular_modes=0
  NEWTON generic3d:0.5:24:i1o4 it= 6 r_F=1.180e-04 r_out=1.852e-06 lambda=1 |dx|max=1.06e-03 lin=gmres+P-A rel=2.8e-13 lits=1600 t_lin=3.6s |dx|2=1.60e-02 t_fact=0.00s
    LINEAR gmres+P-A its=1600 rel=1.1e-13 t=3.63s cycles=8 reorth=1538 rec=1.1e-13 status=converged t_fact=0.00s singular_modes=0
  NEWTON generic3d:0.5:24:i1o4 it= 7 r_F=8.018e-08 r_out=2.014e-09 lambda=1 |dx|max=3.47e-05 lin=gmres+P-A rel=1.1e-13 lits=1600 t_lin=3.6s |dx|2=3.88e-04 t_fact=0.00s
    LINEAR gmres+P-A its=1600 rel=1.1e-13 t=3.65s cycles=8 reorth=1538 rec=1.1e-13 status=converged t_fact=0.00s singular_modes=0
  NEWTON generic3d:0.5:24:i1o4 it= 8 r_F=1.681e-13 r_out=2.318e-15 lambda=1 |dx|max=2.92e-08 lin=gmres+P-A rel=1.1e-13 lits=1600 t_lin=3.7s |dx|2=4.36e-07 t_fact=0.00s
    LINEAR gmres+P-A its=1591 rel=9.5e-14 t=3.63s cycles=8 reorth=1529 rec=9.5e-14 status=converged t_fact=0.00s singular_modes=0
  NEWTON generic3d:0.5:24:i1o4 it= 9 r_F=1.002e-14 r_out=6.365e-16 lambda=1 |dx|max=3.33e-14 lin=gmres+P-A rel=9.5e-14 lits=1591 t_lin=3.6s |dx|2=3.68e-13 t_fact=0.00s
  STAGE_END field=generic3d eps=0.5 N=24 cand=i1o4 status=converged its=9 r_F=1.002e-14 r_out=6.365e-16 -> accepted
STAGE field=generic3d eps=1 N=24 cand=i1o4 (from eps=0.5, warm start)
  NEWTON generic3d:1:24:i1o4 it= 0 r_F=4.968e+00 r_out=4.892e-01
    LINEAR gmres+P-A its=2400 rel=1.4e-13 t=5.34s cycles=12 reorth=1741 rec=1.4e-13 status=converged t_fact=0.00s singular_modes=0
  NEWTON generic3d:1:24:i1o4 it= 1 r_F=8.008e-01 r_out=2.505e-01 lambda=1 |dx|max=2.08e-01 lin=gmres+P-A rel=1.4e-13 lits=2400 t_lin=5.3s |dx|2=1.14e+01 t_fact=0.00s
    LINEAR gmres+P-A its=600 rel=4.1e-01 t=1.28s cycles=3 reorth=365 rec=4.1e-01 status=stagnation t_fact=0.00s singular_modes=0
  NEWTON generic3d:1:24:i1o4 it= 2 linear_failure: GMRES status=stagnation rel=4.1e-01 lits=600 prec singular modes=0 (step not taken)
  STAGE_END field=generic3d eps=1 N=24 cand=i1o4 status=linear_failure its=2 r_F=8.008e-01 r_out=2.505e-01 -> FAILED
  CONTINUATION bisection 1/4: retry from eps=0.5 at eps=0.75
STAGE field=generic3d eps=0.75 N=24 cand=i1o4 (from eps=0.5, warm start)
  NEWTON generic3d:0.75:24:i1o4 it= 0 r_F=2.725e+00 r_out=2.334e-01
    LINEAR gmres+P-A its=2000 rel=3.2e-13 t=4.49s cycles=10 reorth=1631 rec=3.2e-13 status=converged t_fact=0.00s singular_modes=0
  NEWTON generic3d:0.75:24:i1o4 it= 1 r_F=2.172e-01 r_out=4.861e-02 lambda=1 |dx|max=1.02e-01 lin=gmres+P-A rel=3.2e-13 lits=2000 t_lin=4.5s |dx|2=4.80e+00 t_fact=0.00s
    LINEAR gmres+P-A its=1200 rel=1.9e-01 t=2.75s cycles=6 reorth=1056 rec=1.9e-01 status=stagnation t_fact=0.00s singular_modes=0
  NEWTON generic3d:0.75:24:i1o4 it= 2 linear_failure: GMRES status=stagnation rel=1.9e-01 lits=1200 prec singular modes=0 (step not taken)
  STAGE_END field=generic3d eps=0.75 N=24 cand=i1o4 status=linear_failure its=2 r_F=2.172e-01 r_out=4.861e-02 -> FAILED
  CONTINUATION bisection 2/4: retry from eps=0.5 at eps=0.625
STAGE field=generic3d eps=0.625 N=24 cand=i1o4 (from eps=0.5, warm start)
  NEWTON generic3d:0.625:24:i1o4 it= 0 r_F=1.412e+00 r_out=1.119e-01
    LINEAR gmres+P-A its=2000 rel=7.4e-13 t=4.59s cycles=10 reorth=1840 rec=7.4e-13 status=converged t_fact=0.00s singular_modes=0
  NEWTON generic3d:0.625:24:i1o4 it= 1 r_F=6.706e-02 r_out=1.038e-02 lambda=1 |dx|max=5.21e-02 lin=gmres+P-A rel=7.4e-13 lits=2000 t_lin=4.6s |dx|2=2.47e+00 t_fact=0.00s
    LINEAR gmres+P-A its=12000 rel=8.5e-10 t=27.33s cycles=60 reorth=10994 rec=8.5e-10 status=max_iterations t_fact=0.00s singular_modes=0
  NEWTON generic3d:0.625:24:i1o4 it= 2 linear_failure: GMRES status=max_iterations rel=8.5e-10 lits=12000 prec singular modes=0 (step not taken)
  STAGE_END field=generic3d eps=0.625 N=24 cand=i1o4 status=linear_failure its=2 r_F=6.706e-02 r_out=1.038e-02 -> FAILED
  CONTINUATION bisection 3/4: retry from eps=0.5 at eps=0.5625
STAGE field=generic3d eps=0.5625 N=24 cand=i1o4 (from eps=0.5, warm start)
  NEWTON generic3d:0.5625:24:i1o4 it= 0 r_F=7.174e-01 r_out=5.456e-02
    LINEAR gmres+P-A its=2200 rel=3.7e-13 t=5.04s cycles=11 reorth=2080 rec=3.7e-13 status=converged t_fact=0.00s singular_modes=0
  NEWTON generic3d:0.5625:24:i1o4 it= 1 r_F=1.949e-02 r_out=2.490e-03 lambda=1 |dx|max=2.62e-02 lin=gmres+P-A rel=3.7e-13 lits=2200 t_lin=5.0s |dx|2=1.32e+00 t_fact=0.00s
    LINEAR gmres+P-A its=5400 rel=3.8e-13 t=12.29s cycles=27 reorth=5070 rec=3.8e-13 status=converged t_fact=0.00s singular_modes=0
  NEWTON generic3d:0.5625:24:i1o4 it= 2 r_F=6.558e-03 r_out=2.711e-04 lambda=1 |dx|max=9.53e-03 lin=gmres+P-A rel=3.8e-13 lits=5400 t_lin=12.3s |dx|2=4.78e-01 t_fact=0.00s
    LINEAR gmres+P-A its=12000 rel=1.4e-06 t=27.65s cycles=60 reorth=11143 rec=1.4e-06 status=max_iterations t_fact=0.00s singular_modes=0
  NEWTON generic3d:0.5625:24:i1o4 it= 3 linear_failure: GMRES status=max_iterations rel=1.4e-06 lits=12000 prec singular modes=0 (step not taken)
  STAGE_END field=generic3d eps=0.5625 N=24 cand=i1o4 status=linear_failure its=3 r_F=6.558e-03 r_out=2.711e-04 -> FAILED
  CONTINUATION bisection 4/4: retry from eps=0.5 at eps=0.53125
STAGE field=generic3d eps=0.53125 N=24 cand=i1o4 (from eps=0.5, warm start)
  NEWTON generic3d:0.53125:24:i1o4 it= 0 r_F=3.613e-01 r_out=2.691e-02
    LINEAR gmres+P-A its=1800 rel=6.2e-13 t=4.13s cycles=9 reorth=1714 rec=6.2e-13 status=converged t_fact=0.00s singular_modes=0
  NEWTON generic3d:0.53125:24:i1o4 it= 1 r_F=5.181e-03 r_out=6.316e-04 lambda=1 |dx|max=1.33e-02 lin=gmres+P-A rel=6.2e-13 lits=1800 t_lin=4.1s |dx|2=6.94e-01 t_fact=0.00s
    LINEAR gmres+P-A its=3000 rel=2.9e-13 t=6.90s cycles=15 reorth=2847 rec=2.9e-13 status=converged t_fact=0.00s singular_modes=0
  NEWTON generic3d:0.53125:24:i1o4 it= 2 r_F=1.029e-03 r_out=3.473e-05 lambda=1 |dx|max=3.08e-03 lin=gmres+P-A rel=2.9e-13 lits=3000 t_lin=6.9s |dx|2=1.55e-01 t_fact=0.00s
    LINEAR gmres+P-A its=3800 rel=3.0e-13 t=8.67s cycles=19 reorth=3578 rec=3.0e-13 status=converged t_fact=0.00s singular_modes=0
  NEWTON generic3d:0.53125:24:i1o4 it= 3 r_F=7.273e-07 r_out=1.233e-08 lambda=1 |dx|max=6.90e-05 lin=gmres+P-A rel=3.0e-13 lits=3800 t_lin=8.7s |dx|2=2.42e-03 t_fact=0.00s
    LINEAR gmres+P-A its=4000 rel=4.4e-13 t=9.05s cycles=20 reorth=3784 rec=4.4e-13 status=converged t_fact=0.00s singular_modes=0
  NEWTON generic3d:0.53125:24:i1o4 it= 4 r_F=6.309e-11 r_out=9.270e-13 lambda=1 |dx|max=7.91e-07 lin=gmres+P-A rel=4.4e-13 lits=4000 t_lin=9.0s |dx|2=2.47e-05 t_fact=0.00s
    LINEAR gmres+P-A its=3600 rel=3.4e-13 t=8.16s cycles=18 reorth=3400 rec=3.4e-13 status=converged t_fact=0.00s singular_modes=0
  NEWTON generic3d:0.53125:24:i1o4 it= 5 r_F=1.078e-14 r_out=7.164e-16 lambda=1 |dx|max=4.44e-12 lin=gmres+P-A rel=3.4e-13 lits=3600 t_lin=8.2s |dx|2=1.09e-10 t_fact=0.00s
  STAGE_END field=generic3d eps=0.53125 N=24 cand=i1o4 status=converged its=5 r_F=1.078e-14 r_out=7.164e-16 -> accepted
STAGE field=generic3d eps=0.5625 N=24 cand=i1o4 (from eps=0.53125, warm start)
  NEWTON generic3d:0.5625:24:i1o4 it= 0 r_F=3.589e-01 r_out=2.800e-02
    LINEAR gmres+P-A its=5000 rel=9.3e-13 t=11.30s cycles=25 reorth=4672 rec=9.3e-13 status=converged t_fact=0.00s singular_modes=0
  NEWTON generic3d:0.5625:24:i1o4 it= 1 r_F=5.412e-03 r_out=6.760e-04 lambda=1 |dx|max=1.38e-02 lin=gmres+P-A rel=9.3e-13 lits=5000 t_lin=11.3s |dx|2=7.10e-01 t_fact=0.00s
    LINEAR gmres+P-A its=12000 rel=4.4e-12 t=27.11s cycles=60 reorth=11155 rec=4.4e-12 status=max_iterations t_fact=0.00s singular_modes=0
  NEWTON generic3d:0.5625:24:i1o4 it= 2 linear_failure: GMRES status=max_iterations rel=4.4e-12 lits=12000 prec singular modes=0 (step not taken)
  STAGE_END field=generic3d eps=0.5625 N=24 cand=i1o4 status=linear_failure its=2 r_F=5.412e-03 r_out=6.760e-04 -> FAILED
  CONTINUATION gave up after 4 bisections; reporting the failed state at eps=0.5625
STAGE field=generic3d eps=1 N=24 cand=i1o4 (final attempt from eps=0.53125)
  NEWTON generic3d:1:24:i1o4 it= 0 r_F=4.650e+00 r_out=4.690e-01
    LINEAR gmres+P-A its=3800 rel=3.9e-13 t=8.35s cycles=19 reorth=2768 rec=3.9e-13 status=converged t_fact=0.00s singular_modes=0
  NEWTON generic3d:1:24:i1o4 it= 1 r_F=7.596e-01 r_out=2.195e-01 lambda=1 |dx|max=1.96e-01 lin=gmres+P-A rel=3.9e-13 lits=3800 t_lin=8.3s |dx|2=1.06e+01 t_fact=0.00s
    LINEAR gmres+P-A its=600 rel=4.3e-01 t=1.29s cycles=3 reorth=380 rec=4.3e-01 status=stagnation t_fact=0.00s singular_modes=0
  NEWTON generic3d:1:24:i1o4 it= 2 linear_failure: GMRES status=stagnation rel=4.3e-01 lits=600 prec singular modes=0 (step not taken)
PATH field=generic3d eps=1 N=24 cand=i1o4 continuation path: 0.25->0.5->1(fail)->0.75(fail)->0.625(fail)->0.5625(fail)->0.53125->0.5625(fail)->1(final)
GMRES_STATS field=generic3d eps=1 N=24 stage_eps=0.25 status=converged newton_its=7 steps=7 its_max=150 its_median=134.0 its_total=939 rel_max=1.0e-13 linear_failures=0
GMRES_STATS field=generic3d eps=1 N=24 stage_eps=0.5 status=converged newton_its=9 steps=9 its_max=5000 its_median=1600.0 its_total=15791 rel_max=7.1e-13 linear_failures=0
GMRES_STATS field=generic3d eps=1 N=24 stage_eps=1 status=linear_failure newton_its=2 steps=2 its_max=2400 its_median=1500.0 its_total=3000 rel_max=4.1e-01 linear_failures=1
GMRES_STATS field=generic3d eps=1 N=24 stage_eps=0.75 status=linear_failure newton_its=2 steps=2 its_max=2000 its_median=1600.0 its_total=3200 rel_max=1.9e-01 linear_failures=1
GMRES_STATS field=generic3d eps=1 N=24 stage_eps=0.625 status=linear_failure newton_its=2 steps=2 its_max=12000 its_median=7000.0 its_total=14000 rel_max=8.5e-10 linear_failures=1
GMRES_STATS field=generic3d eps=1 N=24 stage_eps=0.5625 status=linear_failure newton_its=3 steps=3 its_max=12000 its_median=5400.0 its_total=19600 rel_max=1.4e-06 linear_failures=1
GMRES_STATS field=generic3d eps=1 N=24 stage_eps=0.53125 status=converged newton_its=5 steps=5 its_max=4000 its_median=3600.0 its_total=16200 rel_max=6.2e-13 linear_failures=0
GMRES_STATS field=generic3d eps=1 N=24 stage_eps=0.5625 status=linear_failure newton_its=2 steps=2 its_max=12000 its_median=8500.0 its_total=17000 rel_max=4.4e-12 linear_failures=1
GMRES_STATS field=generic3d eps=1 N=24 stage_eps=1(final) status=linear_failure newton_its=2 steps=2 its_max=3800 its_median=2200.0 its_total=4400 rel_max=4.3e-01 linear_failures=1
CASE field=generic3d eps=1 N=24 cand=i1o4 | r_F=7.596e-01 its=2 | e_v=2.257e-01 e_psi=5.795e-01 e_i=(1.778e-01,1.335e-01) e_div=1.730e-01 min_c=1.053e-01 p0.1=1.143e-01 p1=1.608e-01 p5=2.625e-01 p50=9.679e-01 | t=213.5 | e_psi1=5.795e-01 e_psi2=5.659e-01
CASE field=generic3d eps=1 N=24 cand=oracle_fd4 | r_F=nan its=nan | e_v=1.136e-01 e_psi=2.822e-17 e_i=(3.022e-02,2.348e-02) e_div=8.358e-01 min_c=1.107e-01 p0.1=1.263e-01 p1=1.749e-01 p5=2.735e-01 p50=9.452e-01 | t=0.0 | e_psi1=1.651e-17 e_psi2=2.822e-17
EXTRA field=generic3d eps=1 N=24 cand=i1o4 status=linear_failure r_F=7.596e-01 r_out=2.195e-01 | outlet c_perp-vperp_in: cand=2.195e-01 oracle_fd=7.679e-02 | inlet oblique defect (c x e1 - vperp_in x e1)/v_rms: j=0(one-sided) cand=5.611e-01 oracle_fd=1.468e-02; j=1 cand=3.426e-01 oracle_fd=2.422e-01; j=1 vs vD(j=1) cand=1.708e-01 oracle_fd=3.815e-03 | min|c|/v_rms=0.0729 min|vD|/v_rms=0.0810 e_i1=1.778e-01 e_i2=1.335e-01 | t=213.5s | a_psi1=7.083e-02 a_psi2=8.613e-02 (FD order 4)
HISTORY field=generic3d eps=1 N=24 cand=i1o4 r_F: 4.65e+00 7.60e-01
HISTORY field=generic3d eps=1 N=24 cand=i1o4 r_out: 4.69e-01 2.20e-01
HISTORY_FULL field=generic3d eps=1 N=24 cand=i1o4 r_F: 4.65021072310794903e+00 7.59640277331576907e-01
HISTORY_FULL field=generic3d eps=1 N=24 cand=i1o4 r_out: 4.68976788754855045e-01 2.19517737466817991e-01
TIMING load=0.007s metrics=0.002s prepare=0.050s solve=213.474s total=213.533s
MEMORY peak_device_bytes=577765376 free_min=33511964672 total_device=34089730048 workspaces_bytes=55573951 (peak/free: cudaMemGetInfo polls before/after every phase, device-wide)
SUMMARY_JSON /home/sesquerre/MacroFlow3D-SF-33/docs/experiments/artifacts/2026-10-06-sf33-gpu-inlet-labels/raw/proto_r200/generic3d_1_24.json
STATUS continuation_floor
