command: /home/sesquerre/MacroFlow3D-SF-33/build/v100-release/inlet_slab --production --n 32 --eps 1 --cells /home/sesquerre/MacroFlow3D-SF-33/docs/experiments/artifacts/2026-10-06-sf33-gpu-inlet-labels/exports/crosscheck_gauss_0.25_32/Y_cells.npy --oracle-ladder --threads 32 --save-oracle /home/sesquerre/MacroFlow3D-SF-33/docs/experiments/artifacts/2026-10-06-sf33-gpu-inlet-labels/exports/oracle_gpu/N32 --summary /home/sesquerre/MacroFlow3D-SF-33/docs/experiments/artifacts/2026-10-06-sf33-gpu-inlet-labels/raw/oracle32/N32.json
FIELD cells /home/sesquerre/MacroFlow3D-SF-33/docs/experiments/artifacts/2026-10-06-sf33-gpu-inlet-labels/exports/crosscheck_gauss_0.25_32/Y_cells.npy (N^3 cell samples, x1 fastest; spectral vertex values) N=32 | stage field k = exp(eps Y), eps = 1
SOLVER N=32 eps=1 cand=i1o4 newton_tol=1.0e-13 max_newton=120 lin_tol=1.0e-12 restart=100 max_inner=6000 bisect=4 prec=P-A ladder=(0.25,0.5,1) stage_ok=1e-09 forcing=ew ew_gamma=0.9 ew_alpha=2 ew_eta0=0.1 ew_eta_max=0.1 ew_eta_min=1.0e-12 psitc=on psitc_mu0=1 psitc_mu_max=100 psitc_norm=merit psitc_retries=4 psitc_retry_factor=4 stagnation_window=5 stagnation_factor=0.5 gmres_stagnation_factor=0.9 coarse=mult coarse_profiles=2 coarse_assembly=colored coarse_factor=banded
SOLVER_COARSE mode=mult profiles=2 K=4096 assembly=colored factor=banded (SF-33 N7c probe: Galerkin coarse correction on the x1-constant + x1-linear column subspace, rebuilt with P-A at every factor)
SETUP STAGE field=cells eps=0.25 N=32 status=ok
SETUP   SF-19: mg_levels=4 converged=1 G=(9.993719735684e-01, 1.815416644798e-05, -2.912164123252e-04) mean_flux=(1.000e+00, 1.436e-19, 2.151e-19) div_max=1.489e-13 div_rms=2.732e-14
SETUP   SF-19 corrector x: status=converged its=10 rel_residual=6.483e-14 final_residual=4.902e-12
SETUP   SF-19 corrector y: status=converged its=10 rel_residual=4.873e-14 final_residual=4.444e-12
SETUP   SF-19 corrector z: status=converged its=10 rel_residual=2.863e-14 final_residual=2.106e-12
SETUP   inlet: vmin=8.961928e-01 mean(U plane 0)=1.000000000000000 (mean-1=4.441e-16) Q0-1=2.220e-16 v_rms=1.001315e+00
SETUP   v1(U-face) vs spline flow k g1: rms_rel=3.974461e-04 max_rel=9.040065e-04; spline potential GPU vs host prefilter rel=3.068e-15
SETUP stage eps=0.25 built in 0.937s (grad_lnk=spectral (band-limited cell samples, cuFFT))
STAGE field=cells eps=0.25 N=32 cand=i1o4 (from eps=0, u=0)
  NEWTON cells:0.25:32:i1o4 it= 0 r_F=1.175e+00 r_out=1.644e-02
    COARSE build mode=mult profiles=2 K=4096 t_assembly=0.027s t_lu=0.545s t_cond=0.034s norm1=4.396e+05 inv_norm1_est=9.758e-04 rcond_est=2.331e-03 min|U_kk|=5.419e+03 max|U_kk|=1.187e+05 zero_pivots=0 mu=1.000e+00 assembly=colored factor=banded applications=256 color_period=8 kl=639 ku=639
    COARSE apply applications=2 t_apply_avg=6.105ms t_host_solve_avg=5.227ms
    LINEAR gmres+P-A+CC(mult,2) its=1 rel=7.3e-03 t=0.01s cycles=1 reorth=1 rec=7.3e-03 status=converged t_fact=0.00s singular_modes=0 mu=1.000e+00
  NEWTON cells:0.25:32:i1o4 it= 1 r_F=6.516e-01 r_out=9.529e-05 lambda=1 |dx|max=9.03e-03 lin=gmres+P-A+CC(mult,2) rel=7.3e-03 lits=1 t_lin=0.0s |dx|2=1.61e-01 t_fact=0.61s eta=1.00e-01 mu=1.000e+00 retries=0
    COARSE build mode=mult profiles=2 K=4096 t_assembly=0.024s t_lu=0.558s t_cond=0.040s norm1=4.170e+05 inv_norm1_est=1.867e-03 rcond_est=1.284e-03 min|U_kk|=3.861e+03 max|U_kk|=1.037e+05 zero_pivots=0 mu=5.543e-01 assembly=colored factor=banded applications=256 color_period=8 kl=639 ku=639
    COARSE apply applications=2 t_apply_avg=6.089ms t_host_solve_avg=5.219ms
    LINEAR gmres+P-A+CC(mult,2) its=1 rel=8.2e-03 t=0.01s cycles=1 reorth=1 rec=8.2e-03 status=converged t_fact=0.00s singular_modes=0 mu=5.543e-01
  NEWTON cells:0.25:32:i1o4 it= 2 r_F=3.868e-01 r_out=1.123e-04 lambda=1 |dx|max=5.66e-03 lin=gmres+P-A+CC(mult,2) rel=8.2e-03 lits=1 t_lin=0.0s |dx|2=1.73e-01 t_fact=0.62s eta=1.00e-01 mu=5.543e-01 retries=0
    COARSE build mode=mult profiles=2 K=4096 t_assembly=0.025s t_lu=0.545s t_cond=0.034s norm1=4.063e+05 inv_norm1_est=3.200e-03 rcond_est=7.693e-04 min|U_kk|=2.927e+03 max|U_kk|=9.612e+04 zero_pivots=0 mu=3.291e-01 assembly=colored factor=banded applications=256 color_period=8 kl=639 ku=639
    COARSE apply applications=3 t_apply_avg=6.045ms t_host_solve_avg=5.190ms
    LINEAR gmres+P-A+CC(mult,2) its=2 rel=3.9e-04 t=0.02s cycles=1 reorth=2 rec=3.9e-04 status=converged t_fact=0.00s singular_modes=0 mu=3.291e-01
  NEWTON cells:0.25:32:i1o4 it= 3 r_F=2.362e-01 r_out=4.250e-06 lambda=1 |dx|max=4.17e-03 lin=gmres+P-A+CC(mult,2) rel=3.9e-04 lits=2 t_lin=0.0s |dx|2=1.79e-01 t_fact=0.61s eta=1.00e-01 mu=3.291e-01 retries=0
    COARSE build mode=mult profiles=2 K=4096 t_assembly=0.024s t_lu=0.545s t_cond=0.034s norm1=4.005e+05 inv_norm1_est=5.083e-03 rcond_est=4.912e-04 min|U_kk|=2.303e+03 max|U_kk|=9.181e+04 zero_pivots=0 mu=2.010e-01 assembly=colored factor=banded applications=256 color_period=8 kl=639 ku=639
    COARSE apply applications=3 t_apply_avg=6.054ms t_host_solve_avg=5.195ms
    LINEAR gmres+P-A+CC(mult,2) its=2 rel=4.7e-04 t=0.02s cycles=1 reorth=2 rec=4.7e-04 status=converged t_fact=0.00s singular_modes=0 mu=2.010e-01
  NEWTON cells:0.25:32:i1o4 it= 4 r_F=1.353e-01 r_out=3.494e-06 lambda=1 |dx|max=3.36e-03 lin=gmres+P-A+CC(mult,2) rel=4.7e-04 lits=2 t_lin=0.0s |dx|2=1.68e-01 t_fact=0.60s eta=1.00e-01 mu=2.010e-01 retries=0
    COARSE build mode=mult profiles=2 K=4096 t_assembly=0.024s t_lu=0.546s t_cond=0.034s norm1=3.968e+05 inv_norm1_est=8.006e-03 rcond_est=3.147e-04 min|U_kk|=1.812e+03 max|U_kk|=8.893e+04 zero_pivots=0 mu=1.151e-01 assembly=colored factor=banded applications=256 color_period=8 kl=639 ku=639
    COARSE apply applications=3 t_apply_avg=6.131ms t_host_solve_avg=5.204ms
    LINEAR gmres+P-A+CC(mult,2) its=2 rel=6.4e-04 t=0.02s cycles=1 reorth=2 rec=6.4e-04 status=converged t_fact=0.00s singular_modes=0 mu=1.151e-01
  NEWTON cells:0.25:32:i1o4 it= 5 r_F=6.896e-02 r_out=3.021e-06 lambda=1 |dx|max=3.01e-03 lin=gmres+P-A+CC(mult,2) rel=6.4e-04 lits=2 t_lin=0.0s |dx|2=1.49e-01 t_fact=0.60s eta=1.00e-01 mu=1.151e-01 retries=0
    COARSE build mode=mult profiles=2 K=4096 t_assembly=0.026s t_lu=0.548s t_cond=0.035s norm1=3.944e+05 inv_norm1_est=1.268e-02 rcond_est=1.999e-04 min|U_kk|=1.413e+03 max|U_kk|=8.705e+04 zero_pivots=0 mu=5.867e-02 assembly=colored factor=banded applications=256 color_period=8 kl=639 ku=639
    COARSE apply applications=3 t_apply_avg=6.191ms t_host_solve_avg=5.267ms
    LINEAR gmres+P-A+CC(mult,2) its=2 rel=1.2e-03 t=0.02s cycles=1 reorth=2 rec=1.2e-03 status=converged t_fact=0.00s singular_modes=0 mu=5.867e-02
  NEWTON cells:0.25:32:i1o4 it= 6 r_F=3.265e-02 r_out=2.197e-06 lambda=1 |dx|max=2.94e-03 lin=gmres+P-A+CC(mult,2) rel=1.2e-03 lits=2 t_lin=0.0s |dx|2=1.38e-01 t_fact=0.61s eta=1.00e-01 mu=5.867e-02 retries=0
    COARSE build mode=mult profiles=2 K=4096 t_assembly=0.026s t_lu=0.558s t_cond=0.034s norm1=3.942e+05 inv_norm1_est=1.932e-02 rcond_est=1.313e-04 min|U_kk|=1.124e+03 max|U_kk|=8.602e+04 zero_pivots=0 mu=2.777e-02 assembly=colored factor=banded applications=256 color_period=8 kl=639 ku=639
    COARSE apply applications=3 t_apply_avg=6.118ms t_host_solve_avg=5.197ms
    LINEAR gmres+P-A+CC(mult,2) its=2 rel=2.9e-03 t=0.02s cycles=1 reorth=2 rec=2.9e-03 status=converged t_fact=0.00s singular_modes=0 mu=2.777e-02
  NEWTON cells:0.25:32:i1o4 it= 7 r_F=1.695e-02 r_out=2.059e-06 lambda=1 |dx|max=3.05e-03 lin=gmres+P-A+CC(mult,2) rel=2.9e-03 lits=2 t_lin=0.0s |dx|2=1.51e-01 t_fact=0.62s eta=1.00e-01 mu=2.777e-02 retries=0
    COARSE build mode=mult profiles=2 K=4096 t_assembly=0.026s t_lu=0.563s t_cond=0.036s norm1=3.995e+05 inv_norm1_est=2.639e-02 rcond_est=9.484e-05 min|U_kk|=9.519e+02 max|U_kk|=8.557e+04 zero_pivots=0 mu=1.442e-02 assembly=colored factor=banded applications=256 color_period=8 kl=639 ku=639
    COARSE apply applications=3 t_apply_avg=6.376ms t_host_solve_avg=5.451ms
    LINEAR gmres+P-A+CC(mult,2) its=2 rel=7.2e-03 t=0.02s cycles=1 reorth=2 rec=7.2e-03 status=converged t_fact=0.00s singular_modes=0 mu=1.442e-02
  NEWTON cells:0.25:32:i1o4 it= 8 r_F=1.063e-02 r_out=4.070e-06 lambda=1 |dx|max=3.08e-03 lin=gmres+P-A+CC(mult,2) rel=7.2e-03 lits=2 t_lin=0.0s |dx|2=1.84e-01 t_fact=0.63s eta=1.00e-01 mu=1.442e-02 retries=0
    COARSE build mode=mult profiles=2 K=4096 t_assembly=0.026s t_lu=0.560s t_cond=0.035s norm1=4.078e+05 inv_norm1_est=3.182e-02 rcond_est=7.705e-05 min|U_kk|=8.604e+02 max|U_kk|=8.539e+04 zero_pivots=0 mu=9.042e-03 assembly=colored factor=banded applications=256 color_period=8 kl=639 ku=639
    COARSE apply applications=4 t_apply_avg=6.163ms t_host_solve_avg=5.249ms
    LINEAR gmres+P-A+CC(mult,2) its=3 rel=1.5e-03 t=0.03s cycles=1 reorth=3 rec=1.5e-03 status=converged t_fact=0.00s singular_modes=0 mu=9.042e-03
  NEWTON cells:0.25:32:i1o4 it= 9 r_F=7.613e-03 r_out=6.975e-07 lambda=1 |dx|max=3.29e-03 lin=gmres+P-A+CC(mult,2) rel=1.5e-03 lits=3 t_lin=0.0s |dx|2=2.13e-01 t_fact=0.62s eta=1.00e-01 mu=9.042e-03 retries=0
    COARSE build mode=mult profiles=2 K=4096 t_assembly=0.026s t_lu=0.550s t_cond=0.034s norm1=4.179e+05 inv_norm1_est=3.492e-02 rcond_est=6.854e-05 min|U_kk|=8.021e+02 max|U_kk|=8.531e+04 zero_pivots=0 mu=6.476e-03 assembly=colored factor=banded applications=256 color_period=8 kl=639 ku=639
    COARSE apply applications=4 t_apply_avg=6.120ms t_host_solve_avg=5.196ms
    LINEAR gmres+P-A+CC(mult,2) its=3 rel=2.9e-03 t=0.03s cycles=1 reorth=3 rec=2.9e-03 status=converged t_fact=0.00s singular_modes=0 mu=6.476e-03
  NEWTON cells:0.25:32:i1o4 it=10 r_F=5.434e-03 r_out=1.007e-06 lambda=1 |dx|max=3.68e-03 lin=gmres+P-A+CC(mult,2) rel=2.9e-03 lits=3 t_lin=0.0s |dx|2=2.14e-01 t_fact=0.61s eta=1.00e-01 mu=6.476e-03 retries=0
    COARSE build mode=mult profiles=2 K=4096 t_assembly=0.026s t_lu=0.572s t_cond=0.036s norm1=4.277e+05 inv_norm1_est=3.952e-02 rcond_est=5.917e-05 min|U_kk|=7.527e+02 max|U_kk|=8.524e+04 zero_pivots=0 mu=4.623e-03 assembly=colored factor=banded applications=256 color_period=8 kl=639 ku=639
    COARSE apply applications=4 t_apply_avg=6.130ms t_host_solve_avg=5.210ms
    LINEAR gmres+P-A+CC(mult,2) its=3 rel=5.2e-03 t=0.03s cycles=1 reorth=3 rec=5.2e-03 status=converged t_fact=0.00s singular_modes=0 mu=4.623e-03
  NEWTON cells:0.25:32:i1o4 it=11 r_F=3.548e-03 r_out=1.197e-06 lambda=1 |dx|max=3.49e-03 lin=gmres+P-A+CC(mult,2) rel=5.2e-03 lits=3 t_lin=0.0s |dx|2=1.96e-01 t_fact=0.64s eta=1.00e-01 mu=4.623e-03 retries=0
    COARSE build mode=mult profiles=2 K=4096 t_assembly=0.027s t_lu=0.550s t_cond=0.034s norm1=4.365e+05 inv_norm1_est=4.502e-02 rcond_est=5.089e-05 min|U_kk|=7.044e+02 max|U_kk|=8.519e+04 zero_pivots=0 mu=3.018e-03 assembly=colored factor=banded applications=256 color_period=8 kl=639 ku=639
    COARSE apply applications=4 t_apply_avg=6.099ms t_host_solve_avg=5.184ms
    LINEAR gmres+P-A+CC(mult,2) its=3 rel=9.0e-03 t=0.03s cycles=1 reorth=3 rec=9.0e-03 status=converged t_fact=0.00s singular_modes=0 mu=3.018e-03
  NEWTON cells:0.25:32:i1o4 it=12 r_F=1.964e-03 r_out=1.313e-06 lambda=1 |dx|max=2.98e-03 lin=gmres+P-A+CC(mult,2) rel=9.0e-03 lits=3 t_lin=0.0s |dx|2=1.66e-01 t_fact=0.61s eta=1.00e-01 mu=3.018e-03 retries=0
    COARSE build mode=mult profiles=2 K=4096 t_assembly=0.026s t_lu=0.561s t_cond=0.034s norm1=4.437e+05 inv_norm1_est=5.099e-02 rcond_est=4.420e-05 min|U_kk|=6.585e+02 max|U_kk|=8.514e+04 zero_pivots=0 mu=1.670e-03 assembly=colored factor=banded applications=256 color_period=8 kl=639 ku=639
    COARSE apply applications=5 t_apply_avg=6.106ms t_host_solve_avg=5.187ms
    LINEAR gmres+P-A+CC(mult,2) its=4 rel=2.9e-03 t=0.03s cycles=1 reorth=4 rec=2.9e-03 status=converged t_fact=0.00s singular_modes=0 mu=1.670e-03
  NEWTON cells:0.25:32:i1o4 it=13 r_F=8.008e-04 r_out=2.963e-07 lambda=1 |dx|max=2.19e-03 lin=gmres+P-A+CC(mult,2) rel=2.9e-03 lits=4 t_lin=0.0s |dx|2=1.22e-01 t_fact=0.62s eta=1.00e-01 mu=1.670e-03 retries=0
    COARSE build mode=mult profiles=2 K=4096 t_assembly=0.026s t_lu=0.574s t_cond=0.034s norm1=4.490e+05 inv_norm1_est=5.728e-02 rcond_est=3.889e-05 min|U_kk|=6.207e+02 max|U_kk|=8.511e+04 zero_pivots=0 mu=6.813e-04 assembly=colored factor=banded applications=256 color_period=8 kl=639 ku=639
    COARSE apply applications=5 t_apply_avg=6.091ms t_host_solve_avg=5.181ms
    LINEAR gmres+P-A+CC(mult,2) its=4 rel=5.3e-03 t=0.03s cycles=1 reorth=4 rec=5.3e-03 status=converged t_fact=0.00s singular_modes=0 mu=6.813e-04
  NEWTON cells:0.25:32:i1o4 it=14 r_F=1.762e-04 r_out=1.453e-07 lambda=1 |dx|max=1.17e-03 lin=gmres+P-A+CC(mult,2) rel=5.3e-03 lits=4 t_lin=0.0s |dx|2=6.51e-02 t_fact=0.64s eta=1.00e-01 mu=6.813e-04 retries=0
    COARSE build mode=mult profiles=2 K=4096 t_assembly=0.026s t_lu=0.589s t_cond=0.034s norm1=4.517e+05 inv_norm1_est=6.153e-02 rcond_est=3.598e-05 min|U_kk|=5.986e+02 max|U_kk|=8.509e+04 zero_pivots=0 mu=1.499e-04 assembly=colored factor=banded applications=256 color_period=8 kl=639 ku=639
    COARSE apply applications=6 t_apply_avg=6.108ms t_host_solve_avg=5.183ms
    LINEAR gmres+P-A+CC(mult,2) its=5 rel=2.4e-03 t=0.04s cycles=1 reorth=4 rec=2.4e-03 status=converged t_fact=0.00s singular_modes=0 mu=1.499e-04
  NEWTON cells:0.25:32:i1o4 it=15 r_F=1.030e-05 r_out=1.348e-08 lambda=1 |dx|max=3.06e-04 lin=gmres+P-A+CC(mult,2) rel=2.4e-03 lits=5 t_lin=0.0s |dx|2=1.71e-02 t_fact=0.65s eta=4.36e-02 mu=1.499e-04 retries=0
    COARSE build mode=mult profiles=2 K=4096 t_assembly=0.026s t_lu=0.589s t_cond=0.034s norm1=4.525e+05 inv_norm1_est=6.301e-02 rcond_est=3.507e-05 min|U_kk|=5.925e+02 max|U_kk|=8.508e+04 zero_pivots=0 mu=8.760e-06 assembly=colored factor=banded applications=256 color_period=8 kl=639 ku=639
    COARSE apply applications=8 t_apply_avg=6.098ms t_host_solve_avg=5.179ms
    LINEAR gmres+P-A+CC(mult,2) its=7 rel=2.5e-04 t=0.05s cycles=1 reorth=6 rec=2.5e-04 status=converged t_fact=0.00s singular_modes=0 mu=8.760e-06
  NEWTON cells:0.25:32:i1o4 it=16 r_F=3.708e-08 r_out=7.364e-11 lambda=1 |dx|max=1.87e-05 lin=gmres+P-A+CC(mult,2) rel=2.5e-04 lits=7 t_lin=0.1s |dx|2=1.05e-03 t_fact=0.65s eta=3.07e-03 mu=8.760e-06 retries=0
    COARSE build mode=mult profiles=2 K=4096 t_assembly=0.026s t_lu=0.589s t_cond=0.034s norm1=4.525e+05 inv_norm1_est=6.350e-02 rcond_est=3.480e-05 min|U_kk|=5.922e+02 max|U_kk|=8.508e+04 zero_pivots=0 mu=3.154e-08 assembly=colored factor=banded applications=256 color_period=8 kl=639 ku=639
    COARSE apply applications=13 t_apply_avg=6.096ms t_host_solve_avg=5.181ms
    LINEAR gmres+P-A+CC(mult,2) its=12 rel=8.5e-07 t=0.08s cycles=1 reorth=11 rec=8.5e-07 status=converged t_fact=0.00s singular_modes=0 mu=3.154e-08
  NEWTON cells:0.25:32:i1o4 it=17 r_F=4.811e-13 r_out=9.414e-16 lambda=1 |dx|max=6.68e-08 lin=gmres+P-A+CC(mult,2) rel=8.5e-07 lits=12 t_lin=0.1s |dx|2=3.77e-06 t_fact=0.65s eta=1.17e-05 mu=3.154e-08 retries=0
    COARSE build mode=mult profiles=2 K=4096 t_assembly=0.026s t_lu=0.590s t_cond=0.034s norm1=4.525e+05 inv_norm1_est=6.350e-02 rcond_est=3.480e-05 min|U_kk|=5.921e+02 max|U_kk|=8.508e+04 zero_pivots=0 mu=4.093e-13 assembly=colored factor=banded applications=256 color_period=8 kl=639 ku=639
    COARSE apply applications=5 t_apply_avg=6.166ms t_host_solve_avg=5.242ms
    LINEAR gmres+P-A+CC(mult,2) its=4 rel=9.2e-03 t=0.03s cycles=1 reorth=3 rec=9.2e-03 status=converged t_fact=0.00s singular_modes=0 mu=4.093e-13
  NEWTON cells:0.25:32:i1o4 it=18 r_F=4.848e-15 r_out=1.545e-16 lambda=1 |dx|max=8.60e-13 lin=gmres+P-A+CC(mult,2) rel=9.2e-03 lits=4 t_lin=0.0s |dx|2=4.87e-11 t_fact=0.65s eta=1.04e-01 mu=4.093e-13 retries=0
  STAGE_END field=cells eps=0.25 N=32 cand=i1o4 status=converged its=18 r_F=4.848e-15 r_out=1.545e-16 -> accepted
SETUP STAGE field=cells eps=0.5 N=32 status=ok
SETUP   SF-19: mg_levels=4 converged=1 G=(9.975143830888e-01, 7.065466107320e-05, -1.157307158389e-03) mean_flux=(1.000e+00, -3.651e-19, 5.252e-19) div_max=4.675e-13 div_rms=7.464e-14
SETUP   SF-19 corrector x: status=converged its=10 rel_residual=8.839e-14 final_residual=1.351e-11
SETUP   SF-19 corrector y: status=converged its=10 rel_residual=7.888e-14 final_residual=1.456e-11
SETUP   SF-19 corrector z: status=converged its=10 rel_residual=4.472e-14 final_residual=6.641e-12
SETUP   inlet: vmin=8.010065e-01 mean(U plane 0)=1.000000000000000 (mean-1=2.220e-16) Q0-1=6.661e-16 v_rms=1.005254e+00
SETUP   v1(U-face) vs spline flow k g1: rms_rel=7.816807e-04 max_rel=1.802150e-03; spline potential GPU vs host prefilter rel=2.591e-15
SETUP stage eps=0.5 built in 0.923s (grad_lnk=spectral (band-limited cell samples, cuFFT))
STAGE field=cells eps=0.5 N=32 cand=i1o4 (from eps=0.25, warm start)
  NEWTON cells:0.5:32:i1o4 it= 0 r_F=1.198e+00 r_out=1.642e-02
    COARSE build mode=mult profiles=2 K=4096 t_assembly=0.025s t_lu=0.561s t_cond=0.034s norm1=5.248e+05 inv_norm1_est=1.122e-03 rcond_est=1.698e-03 min|U_kk|=4.949e+03 max|U_kk|=1.263e+05 zero_pivots=0 mu=1.000e+00 assembly=colored factor=banded applications=256 color_period=8 kl=639 ku=639
    COARSE apply applications=3 t_apply_avg=6.048ms t_host_solve_avg=5.190ms
    LINEAR gmres+P-A+CC(mult,2) its=2 rel=5.7e-04 t=0.02s cycles=1 reorth=2 rec=5.7e-04 status=converged t_fact=0.00s singular_modes=0 mu=1.000e+00
  NEWTON cells:0.5:32:i1o4 it= 1 r_F=6.598e-01 r_out=1.087e-04 lambda=1 |dx|max=9.18e-03 lin=gmres+P-A+CC(mult,2) rel=5.7e-04 lits=2 t_lin=0.0s |dx|2=1.62e-01 t_fact=0.62s eta=1.00e-01 mu=1.000e+00 retries=0
    COARSE build mode=mult profiles=2 K=4096 t_assembly=0.024s t_lu=0.545s t_cond=0.033s norm1=5.030e+05 inv_norm1_est=2.171e-03 rcond_est=9.156e-04 min|U_kk|=3.511e+03 max|U_kk|=1.102e+05 zero_pivots=0 mu=5.507e-01 assembly=colored factor=banded applications=256 color_period=8 kl=639 ku=639
    COARSE apply applications=3 t_apply_avg=6.019ms t_host_solve_avg=5.169ms
    LINEAR gmres+P-A+CC(mult,2) its=2 rel=5.6e-04 t=0.02s cycles=1 reorth=2 rec=5.6e-04 status=converged t_fact=0.00s singular_modes=0 mu=5.507e-01
  NEWTON cells:0.5:32:i1o4 it= 2 r_F=3.880e-01 r_out=2.029e-05 lambda=1 |dx|max=5.78e-03 lin=gmres+P-A+CC(mult,2) rel=5.6e-04 lits=2 t_lin=0.0s |dx|2=1.74e-01 t_fact=0.60s eta=1.00e-01 mu=5.507e-01 retries=0
    COARSE build mode=mult profiles=2 K=4096 t_assembly=0.024s t_lu=0.545s t_cond=0.034s norm1=4.932e+05 inv_norm1_est=3.759e-03 rcond_est=5.393e-04 min|U_kk|=2.648e+03 max|U_kk|=1.021e+05 zero_pivots=0 mu=3.239e-01 assembly=colored factor=banded applications=256 color_period=8 kl=639 ku=639
    COARSE apply applications=3 t_apply_avg=6.033ms t_host_solve_avg=5.192ms
    LINEAR gmres+P-A+CC(mult,2) its=2 rel=1.1e-03 t=0.02s cycles=1 reorth=2 rec=1.1e-03 status=converged t_fact=0.00s singular_modes=0 mu=3.239e-01
  NEWTON cells:0.5:32:i1o4 it= 3 r_F=2.347e-01 r_out=2.318e-05 lambda=1 |dx|max=4.29e-03 lin=gmres+P-A+CC(mult,2) rel=1.1e-03 lits=2 t_lin=0.0s |dx|2=1.80e-01 t_fact=0.60s eta=1.00e-01 mu=3.239e-01 retries=0
    COARSE build mode=mult profiles=2 K=4096 t_assembly=0.024s t_lu=0.545s t_cond=0.034s norm1=4.887e+05 inv_norm1_est=6.018e-03 rcond_est=3.400e-04 min|U_kk|=2.076e+03 max|U_kk|=9.755e+04 zero_pivots=0 mu=1.959e-01 assembly=colored factor=banded applications=256 color_period=8 kl=639 ku=639
    COARSE apply applications=3 t_apply_avg=6.023ms t_host_solve_avg=5.169ms
    LINEAR gmres+P-A+CC(mult,2) its=2 rel=1.7e-03 t=0.02s cycles=1 reorth=2 rec=1.7e-03 status=converged t_fact=0.00s singular_modes=0 mu=1.959e-01
  NEWTON cells:0.5:32:i1o4 it= 4 r_F=1.331e-01 r_out=2.192e-05 lambda=1 |dx|max=3.47e-03 lin=gmres+P-A+CC(mult,2) rel=1.7e-03 lits=2 t_lin=0.0s |dx|2=1.70e-01 t_fact=0.60s eta=1.00e-01 mu=1.959e-01 retries=0
    COARSE build mode=mult profiles=2 K=4096 t_assembly=0.024s t_lu=0.547s t_cond=0.033s norm1=4.865e+05 inv_norm1_est=9.525e-03 rcond_est=2.158e-04 min|U_kk|=1.629e+03 max|U_kk|=9.455e+04 zero_pivots=0 mu=1.111e-01 assembly=colored factor=banded applications=256 color_period=8 kl=639 ku=639
    COARSE apply applications=3 t_apply_avg=6.076ms t_host_solve_avg=5.220ms
    LINEAR gmres+P-A+CC(mult,2) its=2 rel=2.5e-03 t=0.02s cycles=1 reorth=2 rec=2.5e-03 status=converged t_fact=0.00s singular_modes=0 mu=1.111e-01
  NEWTON cells:0.5:32:i1o4 it= 5 r_F=6.728e-02 r_out=1.695e-05 lambda=1 |dx|max=3.11e-03 lin=gmres+P-A+CC(mult,2) rel=2.5e-03 lits=2 t_lin=0.0s |dx|2=1.51e-01 t_fact=0.61s eta=1.00e-01 mu=1.111e-01 retries=0
    COARSE build mode=mult profiles=2 K=4096 t_assembly=0.024s t_lu=0.545s t_cond=0.034s norm1=4.863e+05 inv_norm1_est=1.473e-02 rcond_est=1.396e-04 min|U_kk|=1.277e+03 max|U_kk|=9.262e+04 zero_pivots=0 mu=5.616e-02 assembly=colored factor=banded applications=256 color_period=8 kl=639 ku=639
    COARSE apply applications=3 t_apply_avg=6.035ms t_host_solve_avg=5.181ms
    LINEAR gmres+P-A+CC(mult,2) its=2 rel=4.8e-03 t=0.02s cycles=1 reorth=2 rec=4.8e-03 status=converged t_fact=0.00s singular_modes=0 mu=5.616e-02
  NEWTON cells:0.5:32:i1o4 it= 6 r_F=3.194e-02 r_out=1.038e-05 lambda=1 |dx|max=3.02e-03 lin=gmres+P-A+CC(mult,2) rel=4.8e-03 lits=2 t_lin=0.0s |dx|2=1.41e-01 t_fact=0.60s eta=1.00e-01 mu=5.616e-02 retries=0
    COARSE build mode=mult profiles=2 K=4096 t_assembly=0.024s t_lu=0.545s t_cond=0.034s norm1=4.884e+05 inv_norm1_est=2.150e-02 rcond_est=9.523e-05 min|U_kk|=1.031e+03 max|U_kk|=9.159e+04 zero_pivots=0 mu=2.666e-02 assembly=colored factor=banded applications=256 color_period=8 kl=639 ku=639
    COARSE apply applications=4 t_apply_avg=6.030ms t_host_solve_avg=5.179ms
    LINEAR gmres+P-A+CC(mult,2) its=3 rel=2.8e-03 t=0.02s cycles=1 reorth=3 rec=2.8e-03 status=converged t_fact=0.00s singular_modes=0 mu=2.666e-02
  NEWTON cells:0.5:32:i1o4 it= 7 r_F=1.680e-02 r_out=1.895e-06 lambda=1 |dx|max=3.08e-03 lin=gmres+P-A+CC(mult,2) rel=2.8e-03 lits=3 t_lin=0.0s |dx|2=1.56e-01 t_fact=0.60s eta=1.00e-01 mu=2.666e-02 retries=0
    COARSE build mode=mult profiles=2 K=4096 t_assembly=0.024s t_lu=0.548s t_cond=0.034s norm1=4.933e+05 inv_norm1_est=2.880e-02 rcond_est=7.040e-05 min|U_kk|=8.866e+02 max|U_kk|=9.115e+04 zero_pivots=0 mu=1.402e-02 assembly=colored factor=banded applications=256 color_period=8 kl=639 ku=639
    COARSE apply applications=4 t_apply_avg=6.041ms t_host_solve_avg=5.181ms
    LINEAR gmres+P-A+CC(mult,2) its=3 rel=9.2e-03 t=0.02s cycles=1 reorth=3 rec=9.2e-03 status=converged t_fact=0.00s singular_modes=0 mu=1.402e-02
  NEWTON cells:0.5:32:i1o4 it= 8 r_F=1.062e-02 r_out=4.302e-06 lambda=1 |dx|max=3.08e-03 lin=gmres+P-A+CC(mult,2) rel=9.2e-03 lits=3 t_lin=0.0s |dx|2=1.91e-01 t_fact=0.61s eta=1.00e-01 mu=1.402e-02 retries=0
    COARSE build mode=mult profiles=2 K=4096 t_assembly=0.024s t_lu=0.552s t_cond=0.034s norm1=5.008e+05 inv_norm1_est=3.374e-02 rcond_est=5.918e-05 min|U_kk|=8.102e+02 max|U_kk|=9.097e+04 zero_pivots=0 mu=8.863e-03 assembly=colored factor=banded applications=256 color_period=8 kl=639 ku=639
    COARSE apply applications=5 t_apply_avg=6.021ms t_host_solve_avg=5.168ms
    LINEAR gmres+P-A+CC(mult,2) its=4 rel=6.4e-03 t=0.03s cycles=1 reorth=4 rec=6.4e-03 status=converged t_fact=0.00s singular_modes=0 mu=8.863e-03
  NEWTON cells:0.5:32:i1o4 it= 9 r_F=7.593e-03 r_out=2.266e-06 lambda=1 |dx|max=3.35e-03 lin=gmres+P-A+CC(mult,2) rel=6.4e-03 lits=4 t_lin=0.0s |dx|2=2.20e-01 t_fact=0.61s eta=1.00e-01 mu=8.863e-03 retries=0
    COARSE build mode=mult profiles=2 K=4096 t_assembly=0.024s t_lu=0.563s t_cond=0.034s norm1=5.096e+05 inv_norm1_est=3.822e-02 rcond_est=5.135e-05 min|U_kk|=7.643e+02 max|U_kk|=9.087e+04 zero_pivots=0 mu=6.337e-03 assembly=colored factor=banded applications=256 color_period=8 kl=639 ku=639
    COARSE apply applications=6 t_apply_avg=6.026ms t_host_solve_avg=5.179ms
    LINEAR gmres+P-A+CC(mult,2) its=5 rel=4.5e-03 t=0.04s cycles=1 reorth=5 rec=4.5e-03 status=converged t_fact=0.00s singular_modes=0 mu=6.337e-03
  NEWTON cells:0.5:32:i1o4 it=10 r_F=5.378e-03 r_out=1.778e-06 lambda=1 |dx|max=3.72e-03 lin=gmres+P-A+CC(mult,2) rel=4.5e-03 lits=5 t_lin=0.0s |dx|2=2.19e-01 t_fact=0.62s eta=1.00e-01 mu=6.337e-03 retries=0
    COARSE build mode=mult profiles=2 K=4096 t_assembly=0.024s t_lu=0.575s t_cond=0.034s norm1=5.180e+05 inv_norm1_est=4.219e-02 rcond_est=4.575e-05 min|U_kk|=7.254e+02 max|U_kk|=9.080e+04 zero_pivots=0 mu=4.489e-03 assembly=colored factor=banded applications=256 color_period=8 kl=639 ku=639
    COARSE apply applications=6 t_apply_avg=6.046ms t_host_solve_avg=5.192ms
    LINEAR gmres+P-A+CC(mult,2) its=5 rel=8.2e-03 t=0.04s cycles=1 reorth=5 rec=8.2e-03 status=converged t_fact=0.00s singular_modes=0 mu=4.489e-03
  NEWTON cells:0.5:32:i1o4 it=11 r_F=3.467e-03 r_out=1.883e-06 lambda=1 |dx|max=3.50e-03 lin=gmres+P-A+CC(mult,2) rel=8.2e-03 lits=5 t_lin=0.0s |dx|2=2.00e-01 t_fact=0.63s eta=1.00e-01 mu=4.489e-03 retries=0
    COARSE build mode=mult profiles=2 K=4096 t_assembly=0.024s t_lu=0.581s t_cond=0.034s norm1=5.254e+05 inv_norm1_est=4.809e-02 rcond_est=3.957e-05 min|U_kk|=6.872e+02 max|U_kk|=9.075e+04 zero_pivots=0 mu=2.893e-03 assembly=colored factor=banded applications=256 color_period=8 kl=639 ku=639
    COARSE apply applications=7 t_apply_avg=6.028ms t_host_solve_avg=5.175ms
    LINEAR gmres+P-A+CC(mult,2) its=6 rel=6.8e-03 t=0.04s cycles=1 reorth=5 rec=6.8e-03 status=converged t_fact=0.00s singular_modes=0 mu=2.893e-03
  NEWTON cells:0.5:32:i1o4 it=12 r_F=1.877e-03 r_out=1.147e-06 lambda=1 |dx|max=2.96e-03 lin=gmres+P-A+CC(mult,2) rel=6.8e-03 lits=6 t_lin=0.0s |dx|2=1.67e-01 t_fact=0.64s eta=1.00e-01 mu=2.893e-03 retries=0
    COARSE build mode=mult profiles=2 K=4096 t_assembly=0.024s t_lu=0.592s t_cond=0.034s norm1=5.315e+05 inv_norm1_est=5.571e-02 rcond_est=3.378e-05 min|U_kk|=6.497e+02 max|U_kk|=9.070e+04 zero_pivots=0 mu=1.567e-03 assembly=colored factor=banded applications=256 color_period=8 kl=639 ku=639
    COARSE apply applications=8 t_apply_avg=6.033ms t_host_solve_avg=5.183ms
    LINEAR gmres+P-A+CC(mult,2) its=7 rel=6.1e-03 t=0.05s cycles=1 reorth=6 rec=6.1e-03 status=converged t_fact=0.00s singular_modes=0 mu=1.567e-03
  NEWTON cells:0.5:32:i1o4 it=13 r_F=7.350e-04 r_out=5.450e-07 lambda=1 |dx|max=2.13e-03 lin=gmres+P-A+CC(mult,2) rel=6.1e-03 lits=7 t_lin=0.0s |dx|2=1.20e-01 t_fact=0.65s eta=1.00e-01 mu=1.567e-03 retries=0
    COARSE build mode=mult profiles=2 K=4096 t_assembly=0.024s t_lu=0.598s t_cond=0.034s norm1=5.357e+05 inv_norm1_est=6.333e-02 rcond_est=2.947e-05 min|U_kk|=6.200e+02 max|U_kk|=9.066e+04 zero_pivots=0 mu=6.134e-04 assembly=colored factor=banded applications=256 color_period=8 kl=639 ku=639
    COARSE apply applications=9 t_apply_avg=6.045ms t_host_solve_avg=5.194ms
    LINEAR gmres+P-A+CC(mult,2) its=8 rel=5.8e-03 t=0.06s cycles=1 reorth=7 rec=5.8e-03 status=converged t_fact=0.00s singular_modes=0 mu=6.134e-04
  NEWTON cells:0.5:32:i1o4 it=14 r_F=1.489e-04 r_out=1.552e-07 lambda=1 |dx|max=1.09e-03 lin=gmres+P-A+CC(mult,2) rel=5.8e-03 lits=8 t_lin=0.1s |dx|2=6.13e-02 t_fact=0.66s eta=1.00e-01 mu=6.134e-04 retries=0
    COARSE build mode=mult profiles=2 K=4096 t_assembly=0.024s t_lu=0.611s t_cond=0.042s norm1=5.379e+05 inv_norm1_est=6.835e-02 rcond_est=2.720e-05 min|U_kk|=6.037e+02 max|U_kk|=9.064e+04 zero_pivots=0 mu=1.242e-04 assembly=colored factor=banded applications=256 color_period=8 kl=639 ku=639
    COARSE apply applications=11 t_apply_avg=6.038ms t_host_solve_avg=5.185ms
    LINEAR gmres+P-A+CC(mult,2) its=10 rel=3.0e-03 t=0.07s cycles=1 reorth=9 rec=3.0e-03 status=converged t_fact=0.00s singular_modes=0 mu=1.242e-04
  NEWTON cells:0.5:32:i1o4 it=15 r_F=7.314e-06 r_out=1.223e-08 lambda=1 |dx|max=2.57e-04 lin=gmres+P-A+CC(mult,2) rel=3.0e-03 lits=10 t_lin=0.1s |dx|2=1.46e-02 t_fact=0.68s eta=3.69e-02 mu=1.242e-04 retries=0
    COARSE build mode=mult profiles=2 K=4096 t_assembly=0.025s t_lu=0.604s t_cond=0.034s norm1=5.385e+05 inv_norm1_est=6.969e-02 rcond_est=2.665e-05 min|U_kk|=5.997e+02 max|U_kk|=9.064e+04 zero_pivots=0 mu=6.105e-06 assembly=colored factor=banded applications=256 color_period=8 kl=639 ku=639
    COARSE apply applications=17 t_apply_avg=6.035ms t_host_solve_avg=5.185ms
    LINEAR gmres+P-A+CC(mult,2) its=16 rel=1.9e-04 t=0.11s cycles=1 reorth=15 rec=1.9e-04 status=converged t_fact=0.00s singular_modes=0 mu=6.105e-06
  NEWTON cells:0.5:32:i1o4 it=16 r_F=1.845e-08 r_out=4.507e-11 lambda=1 |dx|max=1.30e-05 lin=gmres+P-A+CC(mult,2) rel=1.9e-04 lits=16 t_lin=0.1s |dx|2=7.37e-04 t_fact=0.66s eta=2.17e-03 mu=6.105e-06 retries=0
    COARSE build mode=mult profiles=2 K=4096 t_assembly=0.024s t_lu=0.605s t_cond=0.034s norm1=5.385e+05 inv_norm1_est=6.977e-02 rcond_est=2.662e-05 min|U_kk|=5.995e+02 max|U_kk|=9.064e+04 zero_pivots=0 mu=1.540e-08 assembly=colored factor=banded applications=256 color_period=8 kl=639 ku=639
    COARSE apply applications=29 t_apply_avg=6.011ms t_host_solve_avg=5.164ms
    LINEAR gmres+P-A+CC(mult,2) its=28 rel=3.0e-07 t=0.19s cycles=1 reorth=27 rec=3.0e-07 status=converged t_fact=0.00s singular_modes=0 mu=1.540e-08
  NEWTON cells:0.5:32:i1o4 it=17 r_F=1.174e-13 r_out=2.847e-16 lambda=1 |dx|max=3.22e-08 lin=gmres+P-A+CC(mult,2) rel=3.0e-07 lits=28 t_lin=0.2s |dx|2=1.84e-06 t_fact=0.66s eta=5.73e-06 mu=1.540e-08 retries=0
    COARSE build mode=mult profiles=2 K=4096 t_assembly=0.024s t_lu=0.603s t_cond=0.034s norm1=5.385e+05 inv_norm1_est=6.977e-02 rcond_est=2.662e-05 min|U_kk|=5.995e+02 max|U_kk|=9.064e+04 zero_pivots=0 mu=9.795e-14 assembly=colored factor=banded applications=256 color_period=8 kl=639 ku=639
    COARSE apply applications=7 t_apply_avg=6.058ms t_host_solve_avg=5.201ms
    LINEAR gmres+P-A+CC(mult,2) its=6 rel=3.6e-02 t=0.04s cycles=1 reorth=5 rec=3.6e-02 status=converged t_fact=0.00s singular_modes=0 mu=9.795e-14
  NEWTON cells:0.5:32:i1o4 it=18 r_F=6.005e-15 r_out=2.278e-16 lambda=1 |dx|max=2.03e-13 lin=gmres+P-A+CC(mult,2) rel=3.6e-02 lits=6 t_lin=0.0s |dx|2=1.16e-11 t_fact=0.66s eta=4.26e-01 mu=9.795e-14 retries=0
  STAGE_END field=cells eps=0.5 N=32 cand=i1o4 status=converged its=18 r_F=6.005e-15 r_out=2.278e-16 -> accepted
SETUP STAGE field=cells eps=1 N=32 status=ok
SETUP   SF-19: mg_levels=4 converged=1 G=(9.902838682098e-01, 2.619437593660e-04, -4.531923802058e-03) mean_flux=(1.000e+00, 3.998e-19, 2.372e-19) div_max=2.438e-12 div_rms=3.310e-13
SETUP   SF-19 corrector x: status=converged its=10 rel_residual=1.899e-13 final_residual=6.048e-11
SETUP   SF-19 corrector y: status=converged its=10 rel_residual=1.745e-13 final_residual=6.741e-11
SETUP   SF-19 corrector z: status=converged its=10 rel_residual=1.341e-13 final_residual=4.144e-11
SETUP   inlet: vmin=6.347538e-01 mean(U plane 0)=1.000000000000001 (mean-1=1.110e-15) Q0-1=6.661e-16 v_rms=1.020899e+00
SETUP   v1(U-face) vs spline flow k g1: rms_rel=1.537352e-03 max_rel=3.581389e-03; spline potential GPU vs host prefilter rel=2.885e-15
SETUP stage eps=1 built in 0.909s (grad_lnk=spectral (band-limited cell samples, cuFFT))
STAGE field=cells eps=1 N=32 cand=i1o4 (from eps=0.5, warm start)
  NEWTON cells:1:32:i1o4 it= 0 r_F=2.465e+00 r_out=3.329e-02
    COARSE build mode=mult profiles=2 K=4096 t_assembly=0.024s t_lu=0.545s t_cond=0.033s norm1=6.490e+05 inv_norm1_est=1.402e-03 rcond_est=1.099e-03 min|U_kk|=4.154e+03 max|U_kk|=1.438e+05 zero_pivots=0 mu=1.000e+00 assembly=colored factor=banded applications=256 color_period=8 kl=639 ku=639
    COARSE apply applications=3 t_apply_avg=6.028ms t_host_solve_avg=5.173ms
    LINEAR gmres+P-A+CC(mult,2) its=2 rel=2.2e-03 t=0.02s cycles=1 reorth=2 rec=2.2e-03 status=converged t_fact=0.00s singular_modes=0 mu=1.000e+00
  NEWTON cells:1:32:i1o4 it= 1 r_F=1.344e+00 r_out=7.220e-04 lambda=1 |dx|max=1.86e-02 lin=gmres+P-A+CC(mult,2) rel=2.2e-03 lits=2 t_lin=0.0s |dx|2=3.25e-01 t_fact=0.60s eta=1.00e-01 mu=1.000e+00 retries=0
    COARSE build mode=mult profiles=2 K=4096 t_assembly=0.024s t_lu=0.545s t_cond=0.034s norm1=6.254e+05 inv_norm1_est=2.718e-03 rcond_est=5.884e-04 min|U_kk|=2.938e+03 max|U_kk|=1.254e+05 zero_pivots=0 mu=5.450e-01 assembly=colored factor=banded applications=256 color_period=8 kl=639 ku=639
    COARSE apply applications=3 t_apply_avg=6.024ms t_host_solve_avg=5.172ms
    LINEAR gmres+P-A+CC(mult,2) its=2 rel=2.4e-03 t=0.02s cycles=1 reorth=2 rec=2.4e-03 status=converged t_fact=0.00s singular_modes=0 mu=5.450e-01
  NEWTON cells:1:32:i1o4 it= 2 r_F=7.772e-01 r_out=1.803e-04 lambda=1 |dx|max=1.17e-02 lin=gmres+P-A+CC(mult,2) rel=2.4e-03 lits=2 t_lin=0.0s |dx|2=3.52e-01 t_fact=0.60s eta=1.00e-01 mu=5.450e-01 retries=0
    COARSE build mode=mult profiles=2 K=4096 t_assembly=0.024s t_lu=0.548s t_cond=0.034s norm1=6.155e+05 inv_norm1_est=4.825e-03 rcond_est=3.368e-04 min|U_kk|=2.202e+03 max|U_kk|=1.161e+05 zero_pivots=0 mu=3.153e-01 assembly=colored factor=banded applications=256 color_period=8 kl=639 ku=639
    COARSE apply applications=3 t_apply_avg=6.335ms t_host_solve_avg=5.470ms
    LINEAR gmres+P-A+CC(mult,2) its=2 rel=5.0e-03 t=0.02s cycles=1 reorth=2 rec=5.0e-03 status=converged t_fact=0.00s singular_modes=0 mu=3.153e-01
  NEWTON cells:1:32:i1o4 it= 3 r_F=4.618e-01 r_out=1.941e-04 lambda=1 |dx|max=8.78e-03 lin=gmres+P-A+CC(mult,2) rel=5.0e-03 lits=2 t_lin=0.0s |dx|2=3.67e-01 t_fact=0.61s eta=1.00e-01 mu=3.153e-01 retries=0
    COARSE build mode=mult profiles=2 K=4096 t_assembly=0.024s t_lu=0.557s t_cond=0.036s norm1=6.124e+05 inv_norm1_est=7.845e-03 rcond_est=2.082e-04 min|U_kk|=1.716e+03 max|U_kk|=1.110e+05 zero_pivots=0 mu=1.873e-01 assembly=colored factor=banded applications=256 color_period=8 kl=639 ku=639
    COARSE apply applications=3 t_apply_avg=6.300ms t_host_solve_avg=5.445ms
    LINEAR gmres+P-A+CC(mult,2) its=2 rel=7.7e-03 t=0.02s cycles=1 reorth=2 rec=7.7e-03 status=converged t_fact=0.00s singular_modes=0 mu=1.873e-01
  NEWTON cells:1:32:i1o4 it= 4 r_F=2.571e-01 r_out=1.802e-04 lambda=1 |dx|max=7.14e-03 lin=gmres+P-A+CC(mult,2) rel=7.7e-03 lits=2 t_lin=0.0s |dx|2=3.45e-01 t_fact=0.62s eta=1.00e-01 mu=1.873e-01 retries=0
    COARSE build mode=mult profiles=2 K=4096 t_assembly=0.024s t_lu=0.562s t_cond=0.034s norm1=6.122e+05 inv_norm1_est=1.254e-02 rcond_est=1.302e-04 min|U_kk|=1.343e+03 max|U_kk|=1.078e+05 zero_pivots=0 mu=1.043e-01 assembly=colored factor=banded applications=256 color_period=8 kl=639 ku=639
    COARSE apply applications=4 t_apply_avg=6.037ms t_host_solve_avg=5.189ms
    LINEAR gmres+P-A+CC(mult,2) its=3 rel=3.2e-03 t=0.02s cycles=1 reorth=3 rec=3.2e-03 status=converged t_fact=0.00s singular_modes=0 mu=1.043e-01
  NEWTON cells:1:32:i1o4 it= 5 r_F=1.282e-01 r_out=3.000e-05 lambda=1 |dx|max=6.42e-03 lin=gmres+P-A+CC(mult,2) rel=3.2e-03 lits=3 t_lin=0.0s |dx|2=3.08e-01 t_fact=0.62s eta=1.00e-01 mu=1.043e-01 retries=0
    COARSE build mode=mult profiles=2 K=4096 t_assembly=0.024s t_lu=0.556s t_cond=0.034s norm1=6.140e+05 inv_norm1_est=1.900e-02 rcond_est=8.573e-05 min|U_kk|=1.058e+03 max|U_kk|=1.058e+05 zero_pivots=0 mu=5.201e-02 assembly=colored factor=banded applications=256 color_period=8 kl=639 ku=639
    COARSE apply applications=4 t_apply_avg=6.108ms t_host_solve_avg=5.249ms
    LINEAR gmres+P-A+CC(mult,2) its=3 rel=7.8e-03 t=0.03s cycles=1 reorth=3 rec=7.8e-03 status=converged t_fact=0.00s singular_modes=0 mu=5.201e-02
  NEWTON cells:1:32:i1o4 it= 6 r_F=6.130e-02 r_out=2.099e-05 lambda=1 |dx|max=6.20e-03 lin=gmres+P-A+CC(mult,2) rel=7.8e-03 lits=3 t_lin=0.0s |dx|2=2.94e-01 t_fact=0.62s eta=1.00e-01 mu=5.201e-02 retries=0
    COARSE build mode=mult profiles=2 K=4096 t_assembly=0.024s t_lu=0.560s t_cond=0.034s norm1=6.185e+05 inv_norm1_est=2.764e-02 rcond_est=5.848e-05 min|U_kk|=8.687e+02 max|U_kk|=1.048e+05 zero_pivots=0 mu=2.487e-02 assembly=colored factor=banded applications=256 color_period=8 kl=639 ku=639
    COARSE apply applications=6 t_apply_avg=6.108ms t_host_solve_avg=5.254ms
    LINEAR gmres+P-A+CC(mult,2) its=5 rel=6.3e-03 t=0.04s cycles=1 reorth=5 rec=6.3e-03 status=converged t_fact=0.00s singular_modes=0 mu=2.487e-02
  NEWTON cells:1:32:i1o4 it= 7 r_F=3.285e-02 r_out=6.131e-06 lambda=1 |dx|max=6.20e-03 lin=gmres+P-A+CC(mult,2) rel=6.3e-03 lits=5 t_lin=0.0s |dx|2=3.33e-01 t_fact=0.62s eta=1.00e-01 mu=2.487e-02 retries=0
    COARSE build mode=mult profiles=2 K=4096 t_assembly=0.024s t_lu=0.583s t_cond=0.035s norm1=6.266e+05 inv_norm1_est=3.395e-02 rcond_est=4.701e-05 min|U_kk|=7.646e+02 max|U_kk|=1.204e+05 zero_pivots=0 mu=1.333e-02 assembly=colored factor=banded applications=256 color_period=8 kl=639 ku=639
    COARSE apply applications=8 t_apply_avg=6.093ms t_host_solve_avg=5.243ms
    LINEAR gmres+P-A+CC(mult,2) its=7 rel=8.9e-03 t=0.05s cycles=1 reorth=7 rec=8.9e-03 status=converged t_fact=0.00s singular_modes=0 mu=1.333e-02
  NEWTON cells:1:32:i1o4 it= 8 r_F=2.094e-02 r_out=6.801e-06 lambda=1 |dx|max=6.15e-03 lin=gmres+P-A+CC(mult,2) rel=8.9e-03 lits=7 t_lin=0.1s |dx|2=4.05e-01 t_fact=0.64s eta=1.00e-01 mu=1.333e-02 retries=0
    COARSE build mode=mult profiles=2 K=4096 t_assembly=0.024s t_lu=0.590s t_cond=0.034s norm1=6.379e+05 inv_norm1_est=3.712e-02 rcond_est=4.223e-05 min|U_kk|=7.109e+02 max|U_kk|=1.042e+05 zero_pivots=0 mu=8.497e-03 assembly=colored factor=banded applications=256 color_period=8 kl=639 ku=639
    COARSE apply applications=12 t_apply_avg=6.038ms t_host_solve_avg=5.187ms
    LINEAR gmres+P-A+CC(mult,2) its=11 rel=9.2e-03 t=0.08s cycles=1 reorth=10 rec=9.2e-03 status=converged t_fact=0.00s singular_modes=0 mu=8.497e-03
  NEWTON cells:1:32:i1o4 it= 9 r_F=1.494e-02 r_out=1.073e-05 lambda=1 |dx|max=6.96e-03 lin=gmres+P-A+CC(mult,2) rel=9.2e-03 lits=11 t_lin=0.1s |dx|2=4.60e-01 t_fact=0.65s eta=1.00e-01 mu=8.497e-03 retries=0
    COARSE build mode=mult profiles=2 K=4096 t_assembly=0.024s t_lu=0.586s t_cond=0.034s norm1=6.499e+05 inv_norm1_est=4.358e-02 rcond_est=3.530e-05 min|U_kk|=6.779e+02 max|U_kk|=1.041e+05 zero_pivots=0 mu=6.061e-03 assembly=colored factor=banded applications=256 color_period=8 kl=639 ku=639
    COARSE apply applications=17 t_apply_avg=6.034ms t_host_solve_avg=5.187ms
    LINEAR gmres+P-A+CC(mult,2) its=16 rel=8.4e-03 t=0.11s cycles=1 reorth=15 rec=8.4e-03 status=converged t_fact=0.00s singular_modes=0 mu=6.061e-03
  NEWTON cells:1:32:i1o4 it=10 r_F=1.052e-02 r_out=1.203e-05 lambda=1 |dx|max=7.57e-03 lin=gmres+P-A+CC(mult,2) rel=8.4e-03 lits=16 t_lin=0.1s |dx|2=4.55e-01 t_fact=0.65s eta=1.00e-01 mu=6.061e-03 retries=0
    COARSE build mode=mult profiles=2 K=4096 t_assembly=0.024s t_lu=0.601s t_cond=0.034s norm1=6.599e+05 inv_norm1_est=5.045e-02 rcond_est=3.003e-05 min|U_kk|=6.493e+02 max|U_kk|=1.040e+05 zero_pivots=0 mu=4.266e-03 assembly=colored factor=banded applications=256 color_period=8 kl=639 ku=639
    COARSE apply applications=20 t_apply_avg=6.026ms t_host_solve_avg=5.176ms
    LINEAR gmres+P-A+CC(mult,2) its=19 rel=9.3e-03 t=0.13s cycles=1 reorth=18 rec=9.3e-03 status=converged t_fact=0.00s singular_modes=0 mu=4.266e-03
  NEWTON cells:1:32:i1o4 it=11 r_F=6.733e-03 r_out=1.035e-05 lambda=1 |dx|max=6.98e-03 lin=gmres+P-A+CC(mult,2) rel=9.3e-03 lits=19 t_lin=0.1s |dx|2=4.09e-01 t_fact=0.66s eta=1.00e-01 mu=4.266e-03 retries=0
    COARSE build mode=mult profiles=2 K=4096 t_assembly=0.024s t_lu=0.605s t_cond=0.034s norm1=6.674e+05 inv_norm1_est=5.844e-02 rcond_est=2.564e-05 min|U_kk|=6.220e+02 max|U_kk|=1.039e+05 zero_pivots=0 mu=2.731e-03 assembly=colored factor=banded applications=256 color_period=8 kl=639 ku=639
    COARSE apply applications=25 t_apply_avg=6.035ms t_host_solve_avg=5.186ms
    LINEAR gmres+P-A+CC(mult,2) its=24 rel=8.5e-03 t=0.16s cycles=1 reorth=23 rec=8.5e-03 status=converged t_fact=0.00s singular_modes=0 mu=2.731e-03
  NEWTON cells:1:32:i1o4 it=12 r_F=3.643e-03 r_out=7.094e-06 lambda=1 |dx|max=5.77e-03 lin=gmres+P-A+CC(mult,2) rel=8.5e-03 lits=24 t_lin=0.2s |dx|2=3.36e-01 t_fact=0.66s eta=1.00e-01 mu=2.731e-03 retries=0
    COARSE build mode=mult profiles=2 K=4096 t_assembly=0.024s t_lu=0.611s t_cond=0.034s norm1=6.728e+05 inv_norm1_est=6.924e-02 rcond_est=2.147e-05 min|U_kk|=5.967e+02 max|U_kk|=1.038e+05 zero_pivots=0 mu=1.478e-03 assembly=colored factor=banded applications=256 color_period=8 kl=639 ku=639
    COARSE apply applications=29 t_apply_avg=6.040ms t_host_solve_avg=5.190ms
    LINEAR gmres+P-A+CC(mult,2) its=28 rel=9.6e-03 t=0.19s cycles=1 reorth=26 rec=9.6e-03 status=converged t_fact=0.00s singular_modes=0 mu=1.478e-03
  NEWTON cells:1:32:i1o4 it=13 r_F=1.457e-03 r_out=3.584e-06 lambda=1 |dx|max=4.00e-03 lin=gmres+P-A+CC(mult,2) rel=9.6e-03 lits=28 t_lin=0.2s |dx|2=2.33e-01 t_fact=0.67s eta=1.00e-01 mu=1.478e-03 retries=0
    COARSE build mode=mult profiles=2 K=4096 t_assembly=0.024s t_lu=0.620s t_cond=0.034s norm1=6.789e+05 inv_norm1_est=7.974e-02 rcond_est=1.847e-05 min|U_kk|=5.633e+02 max|U_kk|=1.054e+05 zero_pivots=0 mu=5.911e-04 assembly=colored factor=banded applications=256 color_period=8 kl=639 ku=639
    COARSE apply applications=34 t_apply_avg=6.061ms t_host_solve_avg=5.211ms
    LINEAR gmres+P-A+CC(mult,2) its=33 rel=1.0e-02 t=0.22s cycles=1 reorth=31 rec=1.0e-02 status=converged t_fact=0.00s singular_modes=0 mu=5.911e-04
  NEWTON cells:1:32:i1o4 it=14 r_F=3.182e-04 r_out=9.410e-07 lambda=1 |dx|max=1.94e-03 lin=gmres+P-A+CC(mult,2) rel=1.0e-02 lits=33 t_lin=0.2s |dx|2=1.14e-01 t_fact=0.68s eta=1.00e-01 mu=5.911e-04 retries=0
    COARSE build mode=mult profiles=2 K=4096 t_assembly=0.024s t_lu=0.618s t_cond=0.034s norm1=6.833e+05 inv_norm1_est=8.661e-02 rcond_est=1.690e-05 min|U_kk|=5.526e+02 max|U_kk|=1.052e+05 zero_pivots=0 mu=1.291e-04 assembly=colored factor=banded applications=256 color_period=8 kl=639 ku=639
    COARSE apply applications=44 t_apply_avg=6.043ms t_host_solve_avg=5.196ms
    LINEAR gmres+P-A+CC(mult,2) its=43 rel=3.7e-03 t=0.29s cycles=1 reorth=41 rec=3.7e-03 status=converged t_fact=0.00s singular_modes=0 mu=1.291e-04
  NEWTON cells:1:32:i1o4 it=15 r_F=1.846e-05 r_out=6.002e-08 lambda=1 |dx|max=4.47e-04 lin=gmres+P-A+CC(mult,2) rel=3.7e-03 lits=43 t_lin=0.3s |dx|2=2.64e-02 t_fact=0.68s eta=4.29e-02 mu=1.291e-04 retries=0
    COARSE build mode=mult profiles=2 K=4096 t_assembly=0.024s t_lu=0.618s t_cond=0.034s norm1=6.844e+05 inv_norm1_est=8.861e-02 rcond_est=1.649e-05 min|U_kk|=5.498e+02 max|U_kk|=1.053e+05 zero_pivots=0 mu=7.488e-06 assembly=colored factor=banded applications=256 color_period=8 kl=639 ku=639
    COARSE apply applications=60 t_apply_avg=6.039ms t_host_solve_avg=5.192ms
    LINEAR gmres+P-A+CC(mult,2) its=59 rel=3.0e-04 t=0.40s cycles=1 reorth=57 rec=3.0e-04 status=converged t_fact=0.00s singular_modes=0 mu=7.488e-06
  NEWTON cells:1:32:i1o4 it=16 r_F=6.352e-08 r_out=2.312e-10 lambda=1 |dx|max=2.39e-05 lin=gmres+P-A+CC(mult,2) rel=3.0e-04 lits=59 t_lin=0.4s |dx|2=1.41e-03 t_fact=0.68s eta=3.03e-03 mu=7.488e-06 retries=0
    COARSE build mode=mult profiles=2 K=4096 t_assembly=0.024s t_lu=0.618s t_cond=0.034s norm1=6.845e+05 inv_norm1_est=8.874e-02 rcond_est=1.646e-05 min|U_kk|=5.496e+02 max|U_kk|=1.053e+05 zero_pivots=0 mu=2.577e-08 assembly=colored factor=banded applications=256 color_period=8 kl=639 ku=639
    COARSE apply applications=92 t_apply_avg=6.038ms t_host_solve_avg=5.191ms
    LINEAR gmres+P-A+CC(mult,2) its=91 rel=9.8e-07 t=0.64s cycles=1 reorth=89 rec=9.8e-07 status=converged t_fact=0.00s singular_modes=0 mu=2.577e-08
  NEWTON cells:1:32:i1o4 it=17 r_F=7.743e-13 r_out=2.876e-15 lambda=1 |dx|max=7.53e-08 lin=gmres+P-A+CC(mult,2) rel=9.8e-07 lits=91 t_lin=0.6s |dx|2=4.43e-06 t_fact=0.68s eta=1.07e-05 mu=2.577e-08 retries=0
    COARSE build mode=mult profiles=2 K=4096 t_assembly=0.024s t_lu=0.620s t_cond=0.034s norm1=6.845e+05 inv_norm1_est=8.874e-02 rcond_est=1.646e-05 min|U_kk|=5.496e+02 max|U_kk|=1.053e+05 zero_pivots=0 mu=3.141e-13 assembly=colored factor=banded applications=256 color_period=8 kl=639 ku=639
    COARSE apply applications=42 t_apply_avg=6.036ms t_host_solve_avg=5.189ms
    LINEAR gmres+P-A+CC(mult,2) its=41 rel=5.4e-03 t=0.27s cycles=1 reorth=39 rec=5.4e-03 status=converged t_fact=0.00s singular_modes=0 mu=3.141e-13
  NEWTON cells:1:32:i1o4 it=18 r_F=9.745e-15 r_out=4.184e-16 lambda=1 |dx|max=8.16e-13 lin=gmres+P-A+CC(mult,2) rel=5.4e-03 lits=41 t_lin=0.3s |dx|2=4.82e-11 t_fact=0.68s eta=6.46e-02 mu=3.141e-13 retries=0
  STAGE_END field=cells eps=1 N=32 cand=i1o4 status=converged its=18 r_F=9.745e-15 r_out=4.184e-16 -> accepted
PATH field=cells eps=1 N=32 cand=i1o4 continuation path: 0.25->0.5->1
GMRES_STATS field=cells eps=1 N=32 stage_eps=0.25 status=converged newton_its=18 steps=18 its_max=12 its_median=3.0 its_total=62 rel_max=9.2e-03 linear_failures=0 forcing=ew etas=1.00e-01,1.00e-01,1.00e-01,1.00e-01,1.00e-01,1.00e-01,1.00e-01,1.00e-01,1.00e-01,1.00e-01,1.00e-01,1.00e-01,1.00e-01,1.00e-01,4.36e-02,3.07e-03,1.17e-05,1.04e-01 psitc=on mus=1.00e+00,5.54e-01,3.29e-01,2.01e-01,1.15e-01,5.87e-02,2.78e-02,1.44e-02,9.04e-03,6.48e-03,4.62e-03,3.02e-03,1.67e-03,6.81e-04,1.50e-04,8.76e-06,3.15e-08,4.09e-13
GMRES_STATS field=cells eps=1 N=32 stage_eps=0.5 status=converged newton_its=18 steps=18 its_max=28 its_median=4.5 its_total=113 rel_max=3.6e-02 linear_failures=0 forcing=ew etas=1.00e-01,1.00e-01,1.00e-01,1.00e-01,1.00e-01,1.00e-01,1.00e-01,1.00e-01,1.00e-01,1.00e-01,1.00e-01,1.00e-01,1.00e-01,1.00e-01,3.69e-02,2.17e-03,5.73e-06,4.26e-01 psitc=on mus=1.00e+00,5.51e-01,3.24e-01,1.96e-01,1.11e-01,5.62e-02,2.67e-02,1.40e-02,8.86e-03,6.34e-03,4.49e-03,2.89e-03,1.57e-03,6.13e-04,1.24e-04,6.10e-06,1.54e-08,9.80e-14
GMRES_STATS field=cells eps=1 N=32 stage_eps=1 status=converged newton_its=18 steps=18 its_max=91 its_median=13.5 its_total=391 rel_max=1.0e-02 linear_failures=0 forcing=ew etas=1.00e-01,1.00e-01,1.00e-01,1.00e-01,1.00e-01,1.00e-01,1.00e-01,1.00e-01,1.00e-01,1.00e-01,1.00e-01,1.00e-01,1.00e-01,1.00e-01,4.29e-02,3.03e-03,1.07e-05,6.46e-02 psitc=on mus=1.00e+00,5.45e-01,3.15e-01,1.87e-01,1.04e-01,5.20e-02,2.49e-02,1.33e-02,8.50e-03,6.06e-03,4.27e-03,2.73e-03,1.48e-03,5.91e-04,1.29e-04,7.49e-06,2.58e-08,3.14e-13
ORACLE_CONFIG primary hmax=h/8=3.906250e-03 tol=1.0e-08 (SF-30 default h gives step-limited round trips; orchestrator decision: h/8) | ladder: + (h/16, tol) + (h/16, 1e-10)
ORACLE_RUN hmax=3.906250e-03 (h/8) tol=1.0e-08 threads=32 max_roundtrip_gate=1.0e-08
ORACLE hmax=3.906250e-03 tol=1.0e-08 plane=1 roundtrip=9.287e-11 nfev=70656 nfev_rt=70656 nonok=0 backflow_enc=0
ORACLE hmax=3.906250e-03 tol=1.0e-08 plane=2 roundtrip=1.423e-10 nfev=119808 nfev_rt=119808 nonok=0 backflow_enc=0
ORACLE hmax=3.906250e-03 tol=1.0e-08 plane=3 roundtrip=1.940e-10 nfev=168960 nfev_rt=168960 nonok=0 backflow_enc=0
ORACLE hmax=3.906250e-03 tol=1.0e-08 plane=4 roundtrip=2.253e-10 nfev=218112 nfev_rt=218112 nonok=0 backflow_enc=0
ORACLE hmax=3.906250e-03 tol=1.0e-08 plane=5 roundtrip=2.352e-10 nfev=267264 nfev_rt=267264 nonok=0 backflow_enc=0
ORACLE hmax=3.906250e-03 tol=1.0e-08 plane=6 roundtrip=2.236e-10 nfev=316416 nfev_rt=316416 nonok=0 backflow_enc=0
ORACLE hmax=3.906250e-03 tol=1.0e-08 plane=7 roundtrip=2.522e-10 nfev=365568 nfev_rt=365568 nonok=0 backflow_enc=0
ORACLE hmax=3.906250e-03 tol=1.0e-08 plane=8 roundtrip=3.346e-10 nfev=414720 nfev_rt=414720 nonok=0 backflow_enc=0
ORACLE hmax=3.906250e-03 tol=1.0e-08 plane=9 roundtrip=3.588e-10 nfev=463890 nfev_rt=463890 nonok=0 backflow_enc=0
ORACLE hmax=3.906250e-03 tol=1.0e-08 plane=10 roundtrip=5.259e-10 nfev=513258 nfev_rt=513258 nonok=0 backflow_enc=0
ORACLE hmax=3.906250e-03 tol=1.0e-08 plane=11 roundtrip=6.560e-10 nfev=562836 nfev_rt=562836 nonok=0 backflow_enc=0
ORACLE hmax=3.906250e-03 tol=1.0e-08 plane=12 roundtrip=7.533e-10 nfev=612228 nfev_rt=612228 nonok=0 backflow_enc=0
ORACLE hmax=3.906250e-03 tol=1.0e-08 plane=13 roundtrip=9.060e-10 nfev=661692 nfev_rt=661692 nonok=0 backflow_enc=0
ORACLE hmax=3.906250e-03 tol=1.0e-08 plane=14 roundtrip=9.557e-10 nfev=711228 nfev_rt=711228 nonok=0 backflow_enc=0
ORACLE hmax=3.906250e-03 tol=1.0e-08 plane=15 roundtrip=9.209e-10 nfev=760620 nfev_rt=760620 nonok=0 backflow_enc=0
ORACLE hmax=3.906250e-03 tol=1.0e-08 plane=16 roundtrip=8.691e-10 nfev=809958 nfev_rt=809958 nonok=0 backflow_enc=0
ORACLE hmax=3.906250e-03 tol=1.0e-08 plane=17 roundtrip=7.759e-10 nfev=859272 nfev_rt=859272 nonok=0 backflow_enc=0
ORACLE hmax=3.906250e-03 tol=1.0e-08 plane=18 roundtrip=7.523e-10 nfev=908550 nfev_rt=908550 nonok=0 backflow_enc=0
ORACLE hmax=3.906250e-03 tol=1.0e-08 plane=19 roundtrip=7.437e-10 nfev=957846 nfev_rt=957846 nonok=0 backflow_enc=0
ORACLE hmax=3.906250e-03 tol=1.0e-08 plane=20 roundtrip=7.554e-10 nfev=1007142 nfev_rt=1007142 nonok=0 backflow_enc=0
ORACLE hmax=3.906250e-03 tol=1.0e-08 plane=21 roundtrip=7.695e-10 nfev=1056450 nfev_rt=1056450 nonok=0 backflow_enc=0
ORACLE hmax=3.906250e-03 tol=1.0e-08 plane=22 roundtrip=7.350e-10 nfev=1105824 nfev_rt=1105824 nonok=0 backflow_enc=0
ORACLE hmax=3.906250e-03 tol=1.0e-08 plane=23 roundtrip=6.977e-10 nfev=1155294 nfev_rt=1155294 nonok=0 backflow_enc=0
ORACLE hmax=3.906250e-03 tol=1.0e-08 plane=24 roundtrip=6.811e-10 nfev=1204800 nfev_rt=1204800 nonok=0 backflow_enc=0
ORACLE hmax=3.906250e-03 tol=1.0e-08 plane=25 roundtrip=6.138e-10 nfev=1254330 nfev_rt=1254330 nonok=0 backflow_enc=0
ORACLE hmax=3.906250e-03 tol=1.0e-08 plane=26 roundtrip=7.639e-10 nfev=1303752 nfev_rt=1303752 nonok=0 backflow_enc=0
ORACLE hmax=3.906250e-03 tol=1.0e-08 plane=27 roundtrip=8.706e-10 nfev=1353174 nfev_rt=1353174 nonok=0 backflow_enc=0
ORACLE hmax=3.906250e-03 tol=1.0e-08 plane=28 roundtrip=8.710e-10 nfev=1402596 nfev_rt=1402596 nonok=0 backflow_enc=0
ORACLE hmax=3.906250e-03 tol=1.0e-08 plane=29 roundtrip=8.878e-10 nfev=1451916 nfev_rt=1451916 nonok=0 backflow_enc=0
ORACLE hmax=3.906250e-03 tol=1.0e-08 plane=30 roundtrip=9.087e-10 nfev=1501230 nfev_rt=1501230 nonok=0 backflow_enc=0
ORACLE hmax=3.906250e-03 tol=1.0e-08 plane=31 roundtrip=9.056e-10 nfev=1550580 nfev_rt=1550580 nonok=0 backflow_enc=0
ORACLE hmax=3.906250e-03 tol=1.0e-08 plane=32 roundtrip=9.042e-10 nfev=1599888 nfev_rt=1599888 nonok=0 backflow_enc=0
ORACLE_SUMMARY hmax=3.906250e-03 tol=1.0e-08 status=ok max_roundtrip=9.557e-10 non_ok=0 t_trace=0.86s t_labels=0.001s
ORACLE_RUN hmax=1.953125e-03 (h/16) tol=1.0e-08 threads=32 max_roundtrip_gate=1.0e-08
ORACLE hmax=1.953125e-03 tol=1.0e-08 plane=1 roundtrip=1.093e-11 nfev=119808 nfev_rt=119808 nonok=0 backflow_enc=0
ORACLE hmax=1.953125e-03 tol=1.0e-08 plane=2 roundtrip=1.608e-11 nfev=218112 nfev_rt=218112 nonok=0 backflow_enc=0
ORACLE hmax=1.953125e-03 tol=1.0e-08 plane=3 roundtrip=2.200e-11 nfev=316416 nfev_rt=316416 nonok=0 backflow_enc=0
ORACLE hmax=1.953125e-03 tol=1.0e-08 plane=4 roundtrip=2.327e-11 nfev=414720 nfev_rt=414720 nonok=0 backflow_enc=0
ORACLE hmax=1.953125e-03 tol=1.0e-08 plane=5 roundtrip=2.017e-11 nfev=513138 nfev_rt=513138 nonok=0 backflow_enc=0
ORACLE hmax=1.953125e-03 tol=1.0e-08 plane=6 roundtrip=1.880e-11 nfev=611826 nfev_rt=611826 nonok=0 backflow_enc=0
ORACLE hmax=1.953125e-03 tol=1.0e-08 plane=7 roundtrip=2.834e-11 nfev=710484 nfev_rt=710484 nonok=0 backflow_enc=0
ORACLE hmax=1.953125e-03 tol=1.0e-08 plane=8 roundtrip=3.532e-11 nfev=809346 nfev_rt=809346 nonok=0 backflow_enc=0
ORACLE hmax=1.953125e-03 tol=1.0e-08 plane=9 roundtrip=3.398e-11 nfev=908244 nfev_rt=908244 nonok=0 backflow_enc=0
ORACLE hmax=1.953125e-03 tol=1.0e-08 plane=10 roundtrip=4.520e-11 nfev=1007112 nfev_rt=1007112 nonok=0 backflow_enc=0
ORACLE hmax=1.953125e-03 tol=1.0e-08 plane=11 roundtrip=5.773e-11 nfev=1106010 nfev_rt=1106010 nonok=0 backflow_enc=0
ORACLE hmax=1.953125e-03 tol=1.0e-08 plane=12 roundtrip=5.116e-11 nfev=1204926 nfev_rt=1204926 nonok=0 backflow_enc=0
ORACLE hmax=1.953125e-03 tol=1.0e-08 plane=13 roundtrip=6.544e-11 nfev=1303716 nfev_rt=1303716 nonok=0 backflow_enc=0
ORACLE hmax=1.953125e-03 tol=1.0e-08 plane=14 roundtrip=7.478e-11 nfev=1402458 nfev_rt=1402458 nonok=0 backflow_enc=0
ORACLE hmax=1.953125e-03 tol=1.0e-08 plane=15 roundtrip=7.723e-11 nfev=1501248 nfev_rt=1501248 nonok=0 backflow_enc=0
ORACLE hmax=1.953125e-03 tol=1.0e-08 plane=16 roundtrip=6.862e-11 nfev=1600020 nfev_rt=1600020 nonok=0 backflow_enc=0
ORACLE hmax=1.953125e-03 tol=1.0e-08 plane=17 roundtrip=5.781e-11 nfev=1698708 nfev_rt=1698708 nonok=0 backflow_enc=0
ORACLE hmax=1.953125e-03 tol=1.0e-08 plane=18 roundtrip=5.529e-11 nfev=1797294 nfev_rt=1797294 nonok=0 backflow_enc=0
ORACLE hmax=1.953125e-03 tol=1.0e-08 plane=19 roundtrip=5.399e-11 nfev=1895802 nfev_rt=1895802 nonok=0 backflow_enc=0
ORACLE hmax=1.953125e-03 tol=1.0e-08 plane=20 roundtrip=6.469e-11 nfev=1994418 nfev_rt=1994418 nonok=0 backflow_enc=0
ORACLE hmax=1.953125e-03 tol=1.0e-08 plane=21 roundtrip=6.932e-11 nfev=2093058 nfev_rt=2093058 nonok=0 backflow_enc=0
ORACLE hmax=1.953125e-03 tol=1.0e-08 plane=22 roundtrip=6.532e-11 nfev=2191644 nfev_rt=2191644 nonok=0 backflow_enc=0
ORACLE hmax=1.953125e-03 tol=1.0e-08 plane=23 roundtrip=6.233e-11 nfev=2290296 nfev_rt=2290296 nonok=0 backflow_enc=0
ORACLE hmax=1.953125e-03 tol=1.0e-08 plane=24 roundtrip=6.564e-11 nfev=2389242 nfev_rt=2389242 nonok=0 backflow_enc=0
ORACLE hmax=1.953125e-03 tol=1.0e-08 plane=25 roundtrip=4.872e-11 nfev=2488344 nfev_rt=2488344 nonok=0 backflow_enc=0
ORACLE hmax=1.953125e-03 tol=1.0e-08 plane=26 roundtrip=4.839e-11 nfev=2587302 nfev_rt=2587302 nonok=0 backflow_enc=0
ORACLE hmax=1.953125e-03 tol=1.0e-08 plane=27 roundtrip=5.153e-11 nfev=2686122 nfev_rt=2686122 nonok=0 backflow_enc=0
ORACLE hmax=1.953125e-03 tol=1.0e-08 plane=28 roundtrip=6.008e-11 nfev=2784912 nfev_rt=2784912 nonok=0 backflow_enc=0
ORACLE hmax=1.953125e-03 tol=1.0e-08 plane=29 roundtrip=6.665e-11 nfev=2883648 nfev_rt=2883648 nonok=0 backflow_enc=0
ORACLE hmax=1.953125e-03 tol=1.0e-08 plane=30 roundtrip=7.284e-11 nfev=2982192 nfev_rt=2982192 nonok=0 backflow_enc=0
ORACLE hmax=1.953125e-03 tol=1.0e-08 plane=31 roundtrip=7.406e-11 nfev=3080658 nfev_rt=3080658 nonok=0 backflow_enc=0
ORACLE hmax=1.953125e-03 tol=1.0e-08 plane=32 roundtrip=7.260e-11 nfev=3179148 nfev_rt=3179148 nonok=0 backflow_enc=0
ORACLE_SUMMARY hmax=1.953125e-03 tol=1.0e-08 status=ok max_roundtrip=7.723e-11 non_ok=0 t_trace=1.51s t_labels=0.001s
ORACLE_RUN hmax=1.953125e-03 (h/16) tol=1.0e-10 threads=32 max_roundtrip_gate=1.0e-08
ORACLE hmax=1.953125e-03 tol=1.0e-10 plane=1 roundtrip=1.093e-11 nfev=119808 nfev_rt=119808 nonok=0 backflow_enc=0
ORACLE hmax=1.953125e-03 tol=1.0e-10 plane=2 roundtrip=1.608e-11 nfev=218112 nfev_rt=218112 nonok=0 backflow_enc=0
ORACLE hmax=1.953125e-03 tol=1.0e-10 plane=3 roundtrip=2.200e-11 nfev=316416 nfev_rt=316416 nonok=0 backflow_enc=0
ORACLE hmax=1.953125e-03 tol=1.0e-10 plane=4 roundtrip=2.327e-11 nfev=414720 nfev_rt=414720 nonok=0 backflow_enc=0
ORACLE hmax=1.953125e-03 tol=1.0e-10 plane=5 roundtrip=2.017e-11 nfev=513138 nfev_rt=513138 nonok=0 backflow_enc=0
ORACLE hmax=1.953125e-03 tol=1.0e-10 plane=6 roundtrip=1.880e-11 nfev=611826 nfev_rt=611826 nonok=0 backflow_enc=0
ORACLE hmax=1.953125e-03 tol=1.0e-10 plane=7 roundtrip=2.834e-11 nfev=710484 nfev_rt=710484 nonok=0 backflow_enc=0
ORACLE hmax=1.953125e-03 tol=1.0e-10 plane=8 roundtrip=3.532e-11 nfev=809346 nfev_rt=809346 nonok=0 backflow_enc=0
ORACLE hmax=1.953125e-03 tol=1.0e-10 plane=9 roundtrip=3.398e-11 nfev=908244 nfev_rt=908244 nonok=0 backflow_enc=0
ORACLE hmax=1.953125e-03 tol=1.0e-10 plane=10 roundtrip=4.520e-11 nfev=1007112 nfev_rt=1007112 nonok=0 backflow_enc=0
ORACLE hmax=1.953125e-03 tol=1.0e-10 plane=11 roundtrip=5.773e-11 nfev=1106010 nfev_rt=1106010 nonok=0 backflow_enc=0
ORACLE hmax=1.953125e-03 tol=1.0e-10 plane=12 roundtrip=5.116e-11 nfev=1204926 nfev_rt=1204926 nonok=0 backflow_enc=0
ORACLE hmax=1.953125e-03 tol=1.0e-10 plane=13 roundtrip=6.544e-11 nfev=1303716 nfev_rt=1303716 nonok=0 backflow_enc=0
ORACLE hmax=1.953125e-03 tol=1.0e-10 plane=14 roundtrip=7.478e-11 nfev=1402458 nfev_rt=1402458 nonok=0 backflow_enc=0
ORACLE hmax=1.953125e-03 tol=1.0e-10 plane=15 roundtrip=7.723e-11 nfev=1501248 nfev_rt=1501248 nonok=0 backflow_enc=0
ORACLE hmax=1.953125e-03 tol=1.0e-10 plane=16 roundtrip=6.862e-11 nfev=1600020 nfev_rt=1600020 nonok=0 backflow_enc=0
ORACLE hmax=1.953125e-03 tol=1.0e-10 plane=17 roundtrip=5.781e-11 nfev=1698708 nfev_rt=1698708 nonok=0 backflow_enc=0
ORACLE hmax=1.953125e-03 tol=1.0e-10 plane=18 roundtrip=5.529e-11 nfev=1797294 nfev_rt=1797294 nonok=0 backflow_enc=0
ORACLE hmax=1.953125e-03 tol=1.0e-10 plane=19 roundtrip=5.399e-11 nfev=1895802 nfev_rt=1895802 nonok=0 backflow_enc=0
ORACLE hmax=1.953125e-03 tol=1.0e-10 plane=20 roundtrip=6.469e-11 nfev=1994418 nfev_rt=1994418 nonok=0 backflow_enc=0
ORACLE hmax=1.953125e-03 tol=1.0e-10 plane=21 roundtrip=6.932e-11 nfev=2093058 nfev_rt=2093058 nonok=0 backflow_enc=0
ORACLE hmax=1.953125e-03 tol=1.0e-10 plane=22 roundtrip=6.532e-11 nfev=2191644 nfev_rt=2191644 nonok=0 backflow_enc=0
ORACLE hmax=1.953125e-03 tol=1.0e-10 plane=23 roundtrip=6.233e-11 nfev=2290296 nfev_rt=2290296 nonok=0 backflow_enc=0
ORACLE hmax=1.953125e-03 tol=1.0e-10 plane=24 roundtrip=6.564e-11 nfev=2389242 nfev_rt=2389242 nonok=0 backflow_enc=0
ORACLE hmax=1.953125e-03 tol=1.0e-10 plane=25 roundtrip=4.872e-11 nfev=2488344 nfev_rt=2488344 nonok=0 backflow_enc=0
ORACLE hmax=1.953125e-03 tol=1.0e-10 plane=26 roundtrip=4.839e-11 nfev=2587302 nfev_rt=2587302 nonok=0 backflow_enc=0
ORACLE hmax=1.953125e-03 tol=1.0e-10 plane=27 roundtrip=5.153e-11 nfev=2686122 nfev_rt=2686122 nonok=0 backflow_enc=0
ORACLE hmax=1.953125e-03 tol=1.0e-10 plane=28 roundtrip=6.008e-11 nfev=2784912 nfev_rt=2784912 nonok=0 backflow_enc=0
ORACLE hmax=1.953125e-03 tol=1.0e-10 plane=29 roundtrip=6.665e-11 nfev=2883648 nfev_rt=2883648 nonok=0 backflow_enc=0
ORACLE hmax=1.953125e-03 tol=1.0e-10 plane=30 roundtrip=7.284e-11 nfev=2982192 nfev_rt=2982192 nonok=0 backflow_enc=0
ORACLE hmax=1.953125e-03 tol=1.0e-10 plane=31 roundtrip=7.406e-11 nfev=3080658 nfev_rt=3080658 nonok=0 backflow_enc=0
ORACLE hmax=1.953125e-03 tol=1.0e-10 plane=32 roundtrip=7.260e-11 nfev=3179148 nfev_rt=3179148 nonok=0 backflow_enc=0
ORACLE_SUMMARY hmax=1.953125e-03 tol=1.0e-10 status=ok max_roundtrip=7.723e-11 non_ok=0 t_trace=1.51s t_labels=0.002s
ORACLE_LABELDIFF (hmax=1.953125e-03 tol=1.0e-08) vs primary: max|dpsi1|=4.234e-10 max|dpsi2|=6.027e-10
ORACLE_LABELDIFF (hmax=1.953125e-03 tol=1.0e-10) vs primary: max|dpsi1|=4.234e-10 max|dpsi2|=6.027e-10
SAVED_ORACLE /home/sesquerre/MacroFlow3D-SF-33/docs/experiments/artifacts/2026-10-06-sf33-gpu-inlet-labels/exports/oracle_gpu/N32 (psi_or_{1,2}[suffix].npy, full labels, (N+1, N, N), slab layout)
CASE field=cells eps=1 N=32 cand=i1o4 | r_F=9.745e-15 its=18 | e_v=1.674e-03 e_psi=1.345e-02 e_i=(8.481e-04,6.207e-04) e_div=1.019e-03 min_c=5.052e-01 p0.1=5.388e-01 p1=6.261e-01 p5=7.291e-01 p50=9.833e-01 | t=41.0 | e_psi1=1.345e-02 e_psi2=1.149e-02
CASE field=cells eps=1 N=32 cand=oracle_fd4 | r_F=nan its=nan | e_v=2.294e-03 e_psi=1.378e-17 e_i=(8.717e-05,6.251e-05) e_div=1.210e-03 min_c=5.043e-01 p0.1=5.374e-01 p1=6.252e-01 p5=7.294e-01 p50=9.832e-01 | t=0.0 | e_psi1=0.000e+00 e_psi2=1.378e-17
EXTRA field=cells eps=1 N=32 cand=i1o4 status=converged r_F=9.745e-15 r_out=4.184e-16 | outlet c_perp-vperp_in: cand=4.184e-16 oracle_fd=2.592e-04 | inlet oblique defect (c x e1 - vperp_in x e1)/v_rms: j=0(one-sided) cand=1.558e-03 oracle_fd=1.878e-04; j=1 cand=2.164e-02 oracle_fd=2.222e-02; j=1 vs vD(j=1) cand=1.366e-03 oracle_fd=1.228e-04 | min|c|/v_rms=0.4948 min|vD|/v_rms=0.4948 e_i1=8.481e-04 e_i2=6.207e-04 | t=41.0s | a_psi1=4.198e-04 a_psi2=2.552e-04 (FD order 4)
HISTORY field=cells eps=1 N=32 cand=i1o4 r_F: 2.46e+00 1.34e+00 7.77e-01 4.62e-01 2.57e-01 1.28e-01 6.13e-02 3.29e-02 2.09e-02 1.49e-02 1.05e-02 6.73e-03 3.64e-03 1.46e-03 3.18e-04 1.85e-05 6.35e-08 7.74e-13 9.74e-15
HISTORY field=cells eps=1 N=32 cand=i1o4 r_out: 3.33e-02 7.22e-04 1.80e-04 1.94e-04 1.80e-04 3.00e-05 2.10e-05 6.13e-06 6.80e-06 1.07e-05 1.20e-05 1.03e-05 7.09e-06 3.58e-06 9.41e-07 6.00e-08 2.31e-10 2.88e-15 4.18e-16
HISTORY_FULL field=cells eps=1 N=32 cand=i1o4 r_F: 2.46476803202017569e+00 1.34350190961726845e+00 7.77159528651894638e-01 4.61770706028366340e-01 2.57060785977135886e-01 1.28207272785006127e-01 6.13000279200105122e-02 3.28533002372731822e-02 2.09446797328255718e-02 1.49407701975014344e-02 1.05156381319681785e-02 6.73304212603664277e-03 3.64264810578695088e-03 1.45705601537745775e-03 3.18158145392683975e-04 1.84575980546153720e-05 6.35236360417003552e-08 7.74347853248422476e-13 9.74491839566672639e-15
HISTORY_FULL field=cells eps=1 N=32 cand=i1o4 r_out: 3.32918416338086887e-02 7.21989476704480390e-04 1.80304886963660640e-04 1.94074659952434117e-04 1.80191117080355376e-04 3.00010682870192645e-05 2.09888546230625103e-05 6.13143005480047942e-06 6.80143501390451394e-06 1.07251320587868471e-05 1.20296713600963234e-05 1.03492081425372027e-05 7.09392082529549466e-06 3.58368665929429025e-06 9.41011887996208998e-07 6.00153840740687581e-08 2.31241821472751200e-10 2.87564470304793318e-15 4.18429964643881744e-16
TIMING_SETUP stage_builds=2.769s (inside the solve phase; Newton-Krylov only = 38.276s)
TIMING field=0.048s metrics=0.003s oracle=3.895s prepare=0.047s solve=41.045s total=45.039s
MEMORY peak_device_bytes=625999872 free_min=33463730176 total_device=34089730048 workspaces_bytes=107732615 (peak/free: cudaMemGetInfo polls before/after every phase, device-wide)
STATUS_DETAIL solver=converged oracle=ok
SUMMARY_JSON /home/sesquerre/MacroFlow3D-SF-33/docs/experiments/artifacts/2026-10-06-sf33-gpu-inlet-labels/raw/oracle32/N32.json
STATUS converged
