candidate_i.py mode=solve opts={'maxit': 40, 'tol': 1e-13, 'continuation': True, 'out': '/home/sesquerre/MacroFlow3D-SF-33/docs/experiments/artifacts/2026-10-02-sf29-inlet-labels/raw', 'prec': 'lin0', 'lin_tol': 1e-13, 'init': 'zero', 'bisect': 4, 'lm': 30, 'direct_max': 32, 'restart': 300, 'order': 2, 'reuse_lu': 0, 'save': '/home/sesquerre/sf33_ref24'} numpy=1.26.4 scipy=1.11.4 python=3.11.7
STAGE field=gauss eps=0.25 N=24 cand=i1o4 (from eps=0, u=0)
  NEWTON gauss:0.25:24:i1o4 it= 0 r_F=3.571e+00 r_out=6.530e-02
    LINEAR splu n=27648 nnz(J)=3262464 t_fact=105.76s t_solve=0.422s nnz(L+U)=115512579 fill=35.4 mem(L+U)~1322MB maxrss=2956MB res=2.5e-14
  NEWTON gauss:0.25:24:i1o4 it= 1 r_F=5.360e-01 r_out=1.099e-02 lambda=1 |dx|max=8.99e-02 lin=splu rel=2.5e-14 lits=0 t_jac=3.4s t_lin=107.6s |dx|2=3.31e+00 t_fact=105.76s
    LINEAR splu n=27648 nnz(J)=3262464 t_fact=97.06s t_solve=0.577s nnz(L+U)=127523474 fill=39.1 mem(L+U)~1459MB maxrss=5854MB res=1.6e-12
  NEWTON gauss:0.25:24:i1o4 it= 2 r_F=5.128e-01 r_out=1.074e-02 lambda=0.01562 |dx|max=1.96e+00 lin=splu rel=1.6e-12 lits=0 t_jac=3.5s t_lin=99.6s |dx|2=2.97e+01 t_fact=97.06s
    LINEAR splu n=27648 nnz(J)=3262464 t_fact=98.83s t_solve=0.576s nnz(L+U)=127648300 fill=39.1 mem(L+U)~1461MB maxrss=5992MB res=5.2e-13
  NEWTON gauss:0.25:24:i1o4 it= 3 r_F=4.548e-01 r_out=1.009e-02 lambda=0.0625 |dx|max=3.54e-01 lin=splu rel=5.2e-13 lits=0 t_jac=3.7s t_lin=101.4s |dx|2=9.07e+00 t_fact=98.83s
    LINEAR splu n=27648 nnz(J)=3262464 t_fact=98.66s t_solve=0.637s nnz(L+U)=127595216 fill=39.1 mem(L+U)~1460MB maxrss=5994MB res=1.6e-12
  NEWTON gauss:0.25:24:i1o4 it= 4 r_F=4.464e-01 r_out=9.549e-03 lambda=0.03125 |dx|max=1.47e+00 lin=splu rel=1.6e-12 lits=0 t_jac=3.8s t_lin=101.1s |dx|2=2.51e+01 t_fact=98.66s
    LINEAR splu n=27648 nnz(J)=3262464 t_fact=100.29s t_solve=0.770s nnz(L+U)=127633659 fill=39.1 mem(L+U)~1461MB maxrss=5994MB res=1.9e-13
  NEWTON gauss:0.25:24:i1o4 it= 5 r_F=4.042e-01 r_out=7.170e-03 lambda=0.25 |dx|max=1.44e-01 lin=splu rel=1.9e-13 lits=0 t_jac=3.4s t_lin=103.1s |dx|2=2.87e+00 t_fact=100.29s
  STAGE_END field=gauss eps=0.25 N=24 cand=i1o4 status=stagnation its=5 r_F=4.042e-01 r_out=7.170e-03 -> FAILED
  CONTINUATION bisection 1/4: retry from eps=0 at eps=0.125
STAGE field=gauss eps=0.125 N=24 cand=i1o4 (from eps=0, u=0)
  NEWTON gauss:0.125:24:i1o4 it= 0 r_F=1.745e+00 r_out=3.286e-02
    LINEAR splu n=27648 nnz(J)=3262464 t_fact=95.92s t_solve=0.661s nnz(L+U)=115517420 fill=35.4 mem(L+U)~1322MB maxrss=5994MB res=2.7e-14
  NEWTON gauss:0.125:24:i1o4 it= 1 r_F=1.034e-01 r_out=3.251e-03 lambda=1 |dx|max=4.57e-02 lin=splu rel=2.7e-14 lits=0 t_jac=3.6s t_lin=98.1s |dx|2=1.76e+00 t_fact=95.92s
    LINEAR splu n=27648 nnz(J)=3262464 t_fact=95.91s t_solve=0.544s nnz(L+U)=127561277 fill=39.1 mem(L+U)~1460MB maxrss=5994MB res=2.8e-13
  NEWTON gauss:0.125:24:i1o4 it= 2 r_F=5.897e-02 r_out=1.621e-03 lambda=0.5 |dx|max=3.11e-02 lin=splu rel=2.8e-13 lits=0 t_jac=3.4s t_lin=98.4s |dx|2=1.00e+00 t_fact=95.91s
    LINEAR splu n=27648 nnz(J)=3262464 t_fact=96.56s t_solve=0.601s nnz(L+U)=127740090 fill=39.2 mem(L+U)~1462MB maxrss=5995MB res=2.4e-13
  NEWTON gauss:0.125:24:i1o4 it= 3 r_F=2.900e-02 r_out=7.830e-05 lambda=1 |dx|max=1.61e-02 lin=splu rel=2.4e-13 lits=0 t_jac=3.5s t_lin=99.2s |dx|2=4.85e-01 t_fact=96.56s
    LINEAR splu n=27648 nnz(J)=3262464 t_fact=95.75s t_solve=0.559s nnz(L+U)=127748656 fill=39.2 mem(L+U)~1462MB maxrss=5999MB res=3.5e-14
  NEWTON gauss:0.125:24:i1o4 it= 4 r_F=1.138e-03 r_out=7.921e-07 lambda=1 |dx|max=1.42e-03 lin=splu rel=3.5e-14 lits=0 t_jac=3.3s t_lin=98.3s |dx|2=3.47e-02 t_fact=95.75s
    LINEAR splu n=27648 nnz(J)=3262464 t_fact=97.19s t_solve=0.566s nnz(L+U)=127748079 fill=39.2 mem(L+U)~1462MB maxrss=6000MB res=1.2e-13
  NEWTON gauss:0.125:24:i1o4 it= 5 r_F=1.715e-05 r_out=1.549e-08 lambda=1 |dx|max=2.45e-04 lin=splu rel=1.2e-13 lits=0 t_jac=3.4s t_lin=99.5s |dx|2=4.73e-03 t_fact=97.19s
    LINEAR splu n=27648 nnz(J)=3262464 t_fact=97.36s t_solve=0.571s nnz(L+U)=127747832 fill=39.2 mem(L+U)~1462MB maxrss=6000MB res=2.8e-14
  NEWTON gauss:0.125:24:i1o4 it= 6 r_F=4.895e-10 r_out=2.384e-13 lambda=1 |dx|max=1.09e-06 lin=splu rel=2.8e-14 lits=0 t_jac=3.6s t_lin=99.8s |dx|2=1.58e-05 t_fact=97.36s
    LINEAR splu n=27648 nnz(J)=3262464 t_fact=96.89s t_solve=0.419s nnz(L+U)=127747831 fill=39.2 mem(L+U)~1462MB maxrss=6000MB res=9.8e-14
  NEWTON gauss:0.125:24:i1o4 it= 7 r_F=3.108e-15 r_out=1.922e-16 lambda=1 |dx|max=1.46e-10 lin=splu rel=9.8e-14 lits=0 t_jac=3.3s t_lin=99.1s |dx|2=1.70e-09 t_fact=96.89s
  STAGE_END field=gauss eps=0.125 N=24 cand=i1o4 status=converged its=7 r_F=3.108e-15 r_out=1.922e-16 -> accepted
STAGE field=gauss eps=0.25 N=24 cand=i1o4 (from eps=0.125, warm start)
  NEWTON gauss:0.25:24:i1o4 it= 0 r_F=1.785e+00 r_out=3.334e-02
    LINEAR splu n=27648 nnz(J)=3262464 t_fact=97.25s t_solve=0.476s nnz(L+U)=127683280 fill=39.1 mem(L+U)~1461MB maxrss=6000MB res=2.9e-14
  NEWTON gauss:0.25:24:i1o4 it= 1 r_F=7.863e-02 r_out=3.154e-03 lambda=1 |dx|max=4.62e-02 lin=splu rel=2.9e-14 lits=0 t_jac=3.7s t_lin=99.4s |dx|2=1.83e+00 t_fact=97.25s
    LINEAR splu n=27648 nnz(J)=3262464 t_fact=96.97s t_solve=0.538s nnz(L+U)=127696618 fill=39.1 mem(L+U)~1461MB maxrss=6000MB res=4.1e-13
  NEWTON gauss:0.25:24:i1o4 it= 2 r_F=4.875e-02 r_out=1.552e-03 lambda=0.5 |dx|max=3.49e-02 lin=splu rel=4.1e-13 lits=0 t_jac=3.7s t_lin=99.5s |dx|2=1.19e+00 t_fact=96.97s
    LINEAR splu n=27648 nnz(J)=3262464 t_fact=95.73s t_solve=0.540s nnz(L+U)=127689372 fill=39.1 mem(L+U)~1461MB maxrss=6000MB res=2.9e-13
  NEWTON gauss:0.25:24:i1o4 it= 3 r_F=2.068e-02 r_out=9.739e-05 lambda=1 |dx|max=1.56e-02 lin=splu rel=2.9e-13 lits=0 t_jac=3.4s t_lin=98.1s |dx|2=5.19e-01 t_fact=95.73s
    LINEAR splu n=27648 nnz(J)=3262464 t_fact=88.51s t_solve=0.633s nnz(L+U)=127650098 fill=39.1 mem(L+U)~1461MB maxrss=6000MB res=8.0e-14
  NEWTON gauss:0.25:24:i1o4 it= 4 r_F=1.802e-03 r_out=2.200e-06 lambda=1 |dx|max=3.02e-03 lin=splu rel=8.0e-14 lits=0 t_jac=3.2s t_lin=90.9s |dx|2=5.48e-02 t_fact=88.51s
    LINEAR splu n=27648 nnz(J)=3262464 t_fact=86.10s t_solve=0.574s nnz(L+U)=127650099 fill=39.1 mem(L+U)~1461MB maxrss=6000MB res=1.3e-13
  NEWTON gauss:0.25:24:i1o4 it= 5 r_F=2.798e-05 r_out=8.326e-08 lambda=1 |dx|max=4.23e-04 lin=splu rel=1.3e-13 lits=0 t_jac=3.3s t_lin=88.4s |dx|2=8.80e-03 t_fact=86.10s
    LINEAR splu n=27648 nnz(J)=3262464 t_fact=86.38s t_solve=0.503s nnz(L+U)=127650099 fill=39.1 mem(L+U)~1461MB maxrss=6000MB res=1.4e-13
  NEWTON gauss:0.25:24:i1o4 it= 6 r_F=2.022e-08 r_out=2.047e-11 lambda=1 |dx|max=1.04e-05 lin=splu rel=1.4e-13 lits=0 t_jac=3.2s t_lin=88.6s |dx|2=1.29e-04 t_fact=86.38s
    LINEAR splu n=27648 nnz(J)=3262464 t_fact=87.33s t_solve=0.537s nnz(L+U)=127650098 fill=39.1 mem(L+U)~1461MB maxrss=6000MB res=8.5e-14
  NEWTON gauss:0.25:24:i1o4 it= 7 r_F=6.363e-15 r_out=3.608e-16 lambda=1 |dx|max=3.63e-09 lin=splu rel=8.5e-14 lits=0 t_jac=3.4s t_lin=89.6s |dx|2=5.64e-08 t_fact=87.33s
  STAGE_END field=gauss eps=0.25 N=24 cand=i1o4 status=converged its=7 r_F=6.363e-15 r_out=3.608e-16 -> accepted
STAGE field=gauss eps=0.5 N=24 cand=i1o4 (from eps=0.25, warm start)
  NEWTON gauss:0.5:24:i1o4 it= 0 r_F=3.642e+00 r_out=7.205e-02
    LINEAR splu n=27648 nnz(J)=3262464 t_fact=73.26s t_solve=0.417s nnz(L+U)=127621295 fill=39.1 mem(L+U)~1461MB maxrss=6000MB res=3.1e-14
  NEWTON gauss:0.5:24:i1o4 it= 1 r_F=3.684e-01 r_out=1.009e-02 lambda=1 |dx|max=8.71e-02 lin=splu rel=3.1e-14 lits=0 t_jac=3.1s t_lin=75.2s |dx|2=3.96e+00 t_fact=73.26s
    LINEAR splu n=27648 nnz(J)=3262464 t_fact=77.64s t_solve=0.504s nnz(L+U)=127653651 fill=39.1 mem(L+U)~1461MB maxrss=6000MB res=2.9e-13
  NEWTON gauss:0.5:24:i1o4 it= 2 r_F=2.885e-01 r_out=7.298e-03 lambda=0.25 |dx|max=1.13e-01 lin=splu rel=2.9e-13 lits=0 t_jac=3.2s t_lin=80.1s |dx|2=4.26e+00 t_fact=77.64s
    LINEAR splu n=27648 nnz(J)=3262464 t_fact=76.82s t_solve=0.518s nnz(L+U)=127699091 fill=39.1 mem(L+U)~1461MB maxrss=6000MB res=2.2e-12
  NEWTON gauss:0.5:24:i1o4 it= 3 r_F=2.853e-01 r_out=7.246e-03 lambda=0.007812 |dx|max=1.38e+00 lin=splu rel=2.2e-12 lits=0 t_jac=3.2s t_lin=79.1s |dx|2=2.55e+01 t_fact=76.82s
    LINEAR splu n=27648 nnz(J)=3262464 t_fact=76.80s t_solve=0.481s nnz(L+U)=127708259 fill=39.1 mem(L+U)~1462MB maxrss=6000MB res=2.1e-13
  NEWTON gauss:0.5:24:i1o4 it= 4 r_F=2.361e-01 r_out=5.434e-03 lambda=0.25 |dx|max=8.03e-02 lin=splu rel=2.1e-13 lits=0 t_jac=3.1s t_lin=79.0s |dx|2=2.14e+00 t_fact=76.80s
    LINEAR splu n=27648 nnz(J)=3262464 t_fact=78.22s t_solve=0.445s nnz(L+U)=127647242 fill=39.1 mem(L+U)~1461MB maxrss=6000MB res=3.8e-13
  NEWTON gauss:0.5:24:i1o4 it= 5 r_F=2.169e-01 r_out=4.759e-03 lambda=0.125 |dx|max=1.93e-01 lin=splu rel=3.8e-13 lits=0 t_jac=3.0s t_lin=80.4s |dx|2=2.71e+00 t_fact=78.22s
  STAGE_END field=gauss eps=0.5 N=24 cand=i1o4 status=stagnation its=5 r_F=2.169e-01 r_out=4.759e-03 -> FAILED
  CONTINUATION bisection 2/4: retry from eps=0.25 at eps=0.375
STAGE field=gauss eps=0.375 N=24 cand=i1o4 (from eps=0.25, warm start)
  NEWTON gauss:0.375:24:i1o4 it= 0 r_F=1.806e+00 r_out=3.524e-02
    LINEAR splu n=27648 nnz(J)=3262464 t_fact=76.21s t_solve=0.425s nnz(L+U)=127644000 fill=39.1 mem(L+U)~1461MB maxrss=6000MB res=3.0e-14
  NEWTON gauss:0.375:24:i1o4 it= 1 r_F=7.579e-02 r_out=3.029e-03 lambda=1 |dx|max=4.57e-02 lin=splu rel=3.0e-14 lits=0 t_jac=3.0s t_lin=78.1s |dx|2=1.91e+00 t_fact=76.21s
    LINEAR splu n=27648 nnz(J)=3262464 t_fact=78.89s t_solve=0.528s nnz(L+U)=127631354 fill=39.1 mem(L+U)~1461MB maxrss=6000MB res=4.8e-13
  NEWTON gauss:0.375:24:i1o4 it= 2 r_F=4.826e-02 r_out=1.471e-03 lambda=0.5 |dx|max=3.65e-02 lin=splu rel=4.8e-13 lits=0 t_jac=3.0s t_lin=81.1s |dx|2=1.38e+00 t_fact=78.89s
    LINEAR splu n=27648 nnz(J)=3262464 t_fact=78.30s t_solve=0.483s nnz(L+U)=127603876 fill=39.1 mem(L+U)~1460MB maxrss=6000MB res=3.2e-13
  NEWTON gauss:0.375:24:i1o4 it= 3 r_F=2.482e-02 r_out=1.549e-04 lambda=1 |dx|max=1.56e-02 lin=splu rel=3.2e-13 lits=0 t_jac=3.0s t_lin=80.5s |dx|2=5.79e-01 t_fact=78.30s
    LINEAR splu n=27648 nnz(J)=3262464 t_fact=78.39s t_solve=0.559s nnz(L+U)=127625901 fill=39.1 mem(L+U)~1461MB maxrss=6000MB res=1.1e-13
  NEWTON gauss:0.375:24:i1o4 it= 4 r_F=4.959e-03 r_out=9.414e-06 lambda=1 |dx|max=4.61e-03 lin=splu rel=1.1e-13 lits=0 t_jac=3.0s t_lin=80.8s |dx|2=8.73e-02 t_fact=78.39s
    LINEAR splu n=27648 nnz(J)=3262464 t_fact=77.79s t_solve=0.486s nnz(L+U)=127617302 fill=39.1 mem(L+U)~1460MB maxrss=6000MB res=1.1e-13
  NEWTON gauss:0.375:24:i1o4 it= 5 r_F=9.528e-05 r_out=4.091e-07 lambda=1 |dx|max=7.97e-04 lin=splu rel=1.1e-13 lits=0 t_jac=3.1s t_lin=80.0s |dx|2=1.89e-02 t_fact=77.79s
    LINEAR splu n=27648 nnz(J)=3262464 t_fact=80.17s t_solve=0.412s nnz(L+U)=127617301 fill=39.1 mem(L+U)~1460MB maxrss=6000MB res=2.7e-13
  NEWTON gauss:0.375:24:i1o4 it= 6 r_F=5.822e-07 r_out=9.775e-10 lambda=1 |dx|max=5.34e-05 lin=splu rel=2.7e-13 lits=0 t_jac=3.2s t_lin=82.3s |dx|2=7.84e-04 t_fact=80.17s
    LINEAR splu n=27648 nnz(J)=3262464 t_fact=78.63s t_solve=0.473s nnz(L+U)=127617300 fill=39.1 mem(L+U)~1460MB maxrss=6000MB res=8.5e-14
  NEWTON gauss:0.375:24:i1o4 it= 7 r_F=7.858e-13 r_out=6.181e-15 lambda=1 |dx|max=9.35e-08 lin=splu rel=8.5e-14 lits=0 t_jac=3.1s t_lin=80.8s |dx|2=1.56e-06 t_fact=78.63s
    LINEAR splu n=27648 nnz(J)=3262464 t_fact=78.95s t_solve=0.511s nnz(L+U)=127617301 fill=39.1 mem(L+U)~1460MB maxrss=6000MB res=1.6e-13
  NEWTON gauss:0.375:24:i1o4 it= 8 r_F=9.167e-15 r_out=5.571e-16 lambda=1 |dx|max=2.50e-13 lin=splu rel=1.6e-13 lits=0 t_jac=3.0s t_lin=81.2s |dx|2=3.98e-12 t_fact=78.95s
  STAGE_END field=gauss eps=0.375 N=24 cand=i1o4 status=converged its=8 r_F=9.167e-15 r_out=5.571e-16 -> accepted
STAGE field=gauss eps=0.5 N=24 cand=i1o4 (from eps=0.375, warm start)
  NEWTON gauss:0.5:24:i1o4 it= 0 r_F=1.815e+00 r_out=3.829e-02
    LINEAR splu n=27648 nnz(J)=3262464 t_fact=77.18s t_solve=0.366s nnz(L+U)=127622142 fill=39.1 mem(L+U)~1461MB maxrss=6000MB res=3.2e-14
  NEWTON gauss:0.5:24:i1o4 it= 1 r_F=8.401e-02 r_out=2.870e-03 lambda=1 |dx|max=4.41e-02 lin=splu rel=3.2e-14 lits=0 t_jac=3.0s t_lin=79.0s |dx|2=2.02e+00 t_fact=77.18s
    LINEAR splu n=27648 nnz(J)=3262464 t_fact=75.15s t_solve=0.456s nnz(L+U)=127664723 fill=39.1 mem(L+U)~1461MB maxrss=6000MB res=5.0e-13
  NEWTON gauss:0.5:24:i1o4 it= 2 r_F=5.503e-02 r_out=1.379e-03 lambda=0.5 |dx|max=4.10e-02 lin=splu rel=5.0e-13 lits=0 t_jac=3.0s t_lin=77.4s |dx|2=1.59e+00 t_fact=75.15s
    LINEAR splu n=27648 nnz(J)=3262464 t_fact=75.34s t_solve=0.500s nnz(L+U)=127700889 fill=39.1 mem(L+U)~1461MB maxrss=6000MB res=3.1e-13
  NEWTON gauss:0.5:24:i1o4 it= 3 r_F=3.387e-02 r_out=2.231e-04 lambda=1 |dx|max=1.61e-02 lin=splu rel=3.1e-13 lits=0 t_jac=3.0s t_lin=77.6s |dx|2=6.21e-01 t_fact=75.34s
    LINEAR splu n=27648 nnz(J)=3262464 t_fact=76.76s t_solve=0.343s nnz(L+U)=127769240 fill=39.2 mem(L+U)~1462MB maxrss=6000MB res=9.9e-14
  NEWTON gauss:0.5:24:i1o4 it= 4 r_F=6.931e-03 r_out=1.933e-05 lambda=1 |dx|max=5.56e-03 lin=splu rel=9.9e-14 lits=0 t_jac=3.0s t_lin=78.8s |dx|2=1.10e-01 t_fact=76.76s
    LINEAR splu n=27648 nnz(J)=3262464 t_fact=77.05s t_solve=0.234s nnz(L+U)=127736747 fill=39.2 mem(L+U)~1462MB maxrss=6000MB res=1.5e-13
  NEWTON gauss:0.5:24:i1o4 it= 5 r_F=3.197e-04 r_out=1.468e-06 lambda=1 |dx|max=1.33e-03 lin=splu rel=1.5e-13 lits=0 t_jac=3.0s t_lin=79.0s |dx|2=3.19e-02 t_fact=77.05s
    LINEAR splu n=27648 nnz(J)=3262464 t_fact=76.69s t_solve=0.395s nnz(L+U)=127737352 fill=39.2 mem(L+U)~1462MB maxrss=6000MB res=1.8e-13
  NEWTON gauss:0.5:24:i1o4 it= 6 r_F=2.046e-06 r_out=9.340e-09 lambda=1 |dx|max=1.08e-04 lin=splu rel=1.8e-13 lits=0 t_jac=3.0s t_lin=78.8s |dx|2=1.66e-03 t_fact=76.69s
    LINEAR splu n=27648 nnz(J)=3262464 t_fact=74.71s t_solve=0.231s nnz(L+U)=127737352 fill=39.2 mem(L+U)~1462MB maxrss=6000MB res=1.4e-13
  NEWTON gauss:0.5:24:i1o4 it= 7 r_F=2.259e-11 r_out=1.637e-13 lambda=1 |dx|max=5.80e-07 lin=splu rel=1.4e-13 lits=0 t_jac=3.1s t_lin=76.6s |dx|2=8.23e-06 t_fact=74.71s
    LINEAR splu n=27648 nnz(J)=3262464 t_fact=77.77s t_solve=0.496s nnz(L+U)=127737354 fill=39.2 mem(L+U)~1462MB maxrss=6000MB res=1.8e-13
  NEWTON gauss:0.5:24:i1o4 it= 8 r_F=1.224e-14 r_out=7.597e-16 lambda=1 |dx|max=1.09e-11 lin=splu rel=1.8e-13 lits=0 t_jac=2.9s t_lin=80.3s |dx|2=1.28e-10 t_fact=77.77s
  STAGE_END field=gauss eps=0.5 N=24 cand=i1o4 status=converged its=8 r_F=1.224e-14 r_out=7.597e-16 -> accepted
PATH field=gauss eps=0.5 N=24 cand=i1o4 continuation path: 0.25(fail)->0.125->0.25->0.5(fail)->0.375->0.5
CASE field=gauss eps=0.5 N=24 cand=i1o4 | r_F=1.224e-14 its=8 | e_v=8.474e-03 e_psi=6.831e-02 e_i=(6.569e-03,3.721e-03) e_div=2.053e-02 min_c=2.392e-01 p0.1=2.758e-01 p1=3.772e-01 p5=5.183e-01 p50=9.444e-01 | t=3683.3 | e_psi1=6.831e-02 e_psi2=4.405e-02
CASE field=gauss eps=0.5 N=24 cand=oracle_fd4 | r_F=nan its=nan | e_v=7.278e-03 e_psi=0.000e+00 e_i=(2.664e-03,7.688e-04) e_div=4.242e-02 min_c=2.391e-01 p0.1=2.756e-01 p1=3.762e-01 p5=5.189e-01 p50=9.442e-01 | t=0.0 | e_psi1=0.000e+00 e_psi2=0.000e+00
CASE field=gauss eps=0.5 N=24 cand=i1o4_fd2 | r_F=1.224e-14 its=8 | e_v=1.775e-02 e_psi=6.831e-02 e_i=(7.073e-03,4.895e-03) e_div=4.631e-02 min_c=2.524e-01 p0.1=2.907e-01 p1=3.935e-01 p5=5.306e-01 p50=9.467e-01 | t=3683.3 | e_psi1=6.831e-02 e_psi2=4.405e-02
CASE field=gauss eps=0.5 N=24 cand=oracle_fd | r_F=nan its=nan | e_v=2.004e-02 e_psi=0.000e+00 e_i=(6.512e-03,3.341e-03) e_div=6.392e-02 min_c=2.518e-01 p0.1=2.895e-01 p1=3.933e-01 p5=5.309e-01 p50=9.459e-01 | t=0.0 | e_psi1=0.000e+00 e_psi2=0.000e+00
EXTRA field=gauss eps=0.5 N=24 cand=i1o4 status=converged r_F=1.224e-14 r_out=7.597e-16 | outlet c_perp-vperp_in: cand=4.945e-15 oracle_fd=1.937e-03 | inlet oblique defect (c x e1 - vperp_in x e1)/v_rms: j=0(one-sided) cand=1.025e-02 oracle_fd=1.532e-03; j=1 cand=5.896e-02 oracle_fd=5.862e-02; j=1 vs vD(j=1) cand=9.706e-03 oracle_fd=6.519e-04 | min|c|/v_rms=0.2213 min|vD|/v_rms=0.2216 e_i1=6.569e-03 e_i2=3.721e-03 | t=3683.3s | a_psi1=4.305e-03 a_psi2=2.106e-03 (FD order 4)
HISTORY field=gauss eps=0.5 N=24 cand=i1o4 r_F: 1.82e+00 8.40e-02 5.50e-02 3.39e-02 6.93e-03 3.20e-04 2.05e-06 2.26e-11 1.22e-14
HISTORY field=gauss eps=0.5 N=24 cand=i1o4 r_out: 3.83e-02 2.87e-03 1.38e-03 2.23e-04 1.93e-05 1.47e-06 9.34e-09 1.64e-13 7.60e-16
SAVED ../../../../../../sf33_ref24/gauss_0.5_24_i1o4.npz status=converged (241 kB)
