candidate_i.py mode=solve opts={'maxit': 40, 'tol': 1e-13, 'continuation': True, 'out': '/home/sesquerre/MacroFlow3D-SF-33/docs/experiments/artifacts/2026-10-02-sf29-inlet-labels/raw', 'prec': 'lin0', 'lin_tol': 1e-13, 'init': 'zero', 'bisect': 4, 'lm': 30, 'direct_max': 32, 'restart': 300, 'order': 2, 'reuse_lu': 0, 'save': '/home/sesquerre/sf33_ref24'} numpy=1.26.4 scipy=1.11.4 python=3.11.7
STAGE field=gauss eps=0.25 N=24 cand=i1o4 (from eps=0, u=0)
  NEWTON gauss:0.25:24:i1o4 it= 0 r_F=3.571e+00 r_out=6.530e-02
    LINEAR splu n=27648 nnz(J)=3262464 t_fact=96.43s t_solve=0.413s nnz(L+U)=115512579 fill=35.4 mem(L+U)~1322MB maxrss=2959MB res=2.5e-14
  NEWTON gauss:0.25:24:i1o4 it= 1 r_F=5.360e-01 r_out=1.099e-02 lambda=1 |dx|max=8.99e-02 lin=splu rel=2.5e-14 lits=0 t_jac=3.2s t_lin=98.5s |dx|2=3.31e+00 t_fact=96.43s
    LINEAR splu n=27648 nnz(J)=3262464 t_fact=89.36s t_solve=0.549s nnz(L+U)=127523474 fill=39.1 mem(L+U)~1459MB maxrss=5857MB res=1.6e-12
  NEWTON gauss:0.25:24:i1o4 it= 2 r_F=5.128e-01 r_out=1.074e-02 lambda=0.01562 |dx|max=1.96e+00 lin=splu rel=1.6e-12 lits=0 t_jac=3.8s t_lin=91.8s |dx|2=2.97e+01 t_fact=89.36s
    LINEAR splu n=27648 nnz(J)=3262464 t_fact=95.66s t_solve=0.598s nnz(L+U)=127648300 fill=39.1 mem(L+U)~1461MB maxrss=5995MB res=5.2e-13
  NEWTON gauss:0.25:24:i1o4 it= 3 r_F=4.548e-01 r_out=1.009e-02 lambda=0.0625 |dx|max=3.54e-01 lin=splu rel=5.2e-13 lits=0 t_jac=3.5s t_lin=98.1s |dx|2=9.07e+00 t_fact=95.66s
    LINEAR splu n=27648 nnz(J)=3262464 t_fact=94.36s t_solve=0.565s nnz(L+U)=127595216 fill=39.1 mem(L+U)~1460MB maxrss=5997MB res=1.6e-12
  NEWTON gauss:0.25:24:i1o4 it= 4 r_F=4.464e-01 r_out=9.549e-03 lambda=0.03125 |dx|max=1.47e+00 lin=splu rel=1.6e-12 lits=0 t_jac=3.6s t_lin=96.9s |dx|2=2.51e+01 t_fact=94.36s
    LINEAR splu n=27648 nnz(J)=3262464 t_fact=91.88s t_solve=0.594s nnz(L+U)=127633659 fill=39.1 mem(L+U)~1461MB maxrss=5997MB res=1.9e-13
  NEWTON gauss:0.25:24:i1o4 it= 5 r_F=4.042e-01 r_out=7.170e-03 lambda=0.25 |dx|max=1.44e-01 lin=splu rel=1.9e-13 lits=0 t_jac=3.5s t_lin=94.2s |dx|2=2.87e+00 t_fact=91.88s
  STAGE_END field=gauss eps=0.25 N=24 cand=i1o4 status=stagnation its=5 r_F=4.042e-01 r_out=7.170e-03 -> FAILED
  CONTINUATION bisection 1/4: retry from eps=0 at eps=0.125
STAGE field=gauss eps=0.125 N=24 cand=i1o4 (from eps=0, u=0)
  NEWTON gauss:0.125:24:i1o4 it= 0 r_F=1.745e+00 r_out=3.286e-02
    LINEAR splu n=27648 nnz(J)=3262464 t_fact=92.90s t_solve=0.597s nnz(L+U)=115517420 fill=35.4 mem(L+U)~1322MB maxrss=5997MB res=2.7e-14
  NEWTON gauss:0.125:24:i1o4 it= 1 r_F=1.034e-01 r_out=3.251e-03 lambda=1 |dx|max=4.57e-02 lin=splu rel=2.7e-14 lits=0 t_jac=3.5s t_lin=94.9s |dx|2=1.76e+00 t_fact=92.90s
    LINEAR splu n=27648 nnz(J)=3262464 t_fact=92.28s t_solve=0.591s nnz(L+U)=127561277 fill=39.1 mem(L+U)~1460MB maxrss=5997MB res=2.8e-13
  NEWTON gauss:0.125:24:i1o4 it= 2 r_F=5.897e-02 r_out=1.621e-03 lambda=0.5 |dx|max=3.11e-02 lin=splu rel=2.8e-13 lits=0 t_jac=3.6s t_lin=94.7s |dx|2=1.00e+00 t_fact=92.28s
    LINEAR splu n=27648 nnz(J)=3262464 t_fact=93.99s t_solve=0.592s nnz(L+U)=127740090 fill=39.2 mem(L+U)~1462MB maxrss=5998MB res=2.4e-13
  NEWTON gauss:0.125:24:i1o4 it= 3 r_F=2.900e-02 r_out=7.830e-05 lambda=1 |dx|max=1.61e-02 lin=splu rel=2.4e-13 lits=0 t_jac=3.5s t_lin=96.5s |dx|2=4.85e-01 t_fact=93.99s
    LINEAR splu n=27648 nnz(J)=3262464 t_fact=92.47s t_solve=0.534s nnz(L+U)=127748656 fill=39.2 mem(L+U)~1462MB maxrss=6002MB res=3.5e-14
  NEWTON gauss:0.125:24:i1o4 it= 4 r_F=1.138e-03 r_out=7.921e-07 lambda=1 |dx|max=1.42e-03 lin=splu rel=3.5e-14 lits=0 t_jac=3.5s t_lin=95.0s |dx|2=3.47e-02 t_fact=92.47s
    LINEAR splu n=27648 nnz(J)=3262464 t_fact=94.36s t_solve=0.607s nnz(L+U)=127748079 fill=39.2 mem(L+U)~1462MB maxrss=6003MB res=1.2e-13
  NEWTON gauss:0.125:24:i1o4 it= 5 r_F=1.715e-05 r_out=1.549e-08 lambda=1 |dx|max=2.45e-04 lin=splu rel=1.2e-13 lits=0 t_jac=3.5s t_lin=96.9s |dx|2=4.73e-03 t_fact=94.36s
    LINEAR splu n=27648 nnz(J)=3262464 t_fact=94.68s t_solve=0.541s nnz(L+U)=127747832 fill=39.2 mem(L+U)~1462MB maxrss=6003MB res=2.8e-14
  NEWTON gauss:0.125:24:i1o4 it= 6 r_F=4.895e-10 r_out=2.384e-13 lambda=1 |dx|max=1.09e-06 lin=splu rel=2.8e-14 lits=0 t_jac=3.7s t_lin=97.1s |dx|2=1.58e-05 t_fact=94.68s
    LINEAR splu n=27648 nnz(J)=3262464 t_fact=98.52s t_solve=0.567s nnz(L+U)=127747831 fill=39.2 mem(L+U)~1462MB maxrss=6003MB res=9.8e-14
  NEWTON gauss:0.125:24:i1o4 it= 7 r_F=3.108e-15 r_out=1.922e-16 lambda=1 |dx|max=1.46e-10 lin=splu rel=9.8e-14 lits=0 t_jac=3.7s t_lin=101.0s |dx|2=1.70e-09 t_fact=98.52s
  STAGE_END field=gauss eps=0.125 N=24 cand=i1o4 status=converged its=7 r_F=3.108e-15 r_out=1.922e-16 -> accepted
STAGE field=gauss eps=0.25 N=24 cand=i1o4 (from eps=0.125, warm start)
  NEWTON gauss:0.25:24:i1o4 it= 0 r_F=1.785e+00 r_out=3.334e-02
    LINEAR splu n=27648 nnz(J)=3262464 t_fact=94.57s t_solve=0.506s nnz(L+U)=127683280 fill=39.1 mem(L+U)~1461MB maxrss=6003MB res=2.9e-14
  NEWTON gauss:0.25:24:i1o4 it= 1 r_F=7.863e-02 r_out=3.154e-03 lambda=1 |dx|max=4.62e-02 lin=splu rel=2.9e-14 lits=0 t_jac=3.6s t_lin=96.7s |dx|2=1.83e+00 t_fact=94.57s
    LINEAR splu n=27648 nnz(J)=3262464 t_fact=93.86s t_solve=0.185s nnz(L+U)=127696618 fill=39.1 mem(L+U)~1461MB maxrss=6003MB res=4.1e-13
  NEWTON gauss:0.25:24:i1o4 it= 2 r_F=4.875e-02 r_out=1.552e-03 lambda=0.5 |dx|max=3.49e-02 lin=splu rel=4.1e-13 lits=0 t_jac=3.7s t_lin=96.0s |dx|2=1.19e+00 t_fact=93.86s
    LINEAR splu n=27648 nnz(J)=3262464 t_fact=94.58s t_solve=0.436s nnz(L+U)=127689372 fill=39.1 mem(L+U)~1461MB maxrss=6003MB res=2.9e-13
  NEWTON gauss:0.25:24:i1o4 it= 3 r_F=2.068e-02 r_out=9.739e-05 lambda=1 |dx|max=1.56e-02 lin=splu rel=2.9e-13 lits=0 t_jac=3.7s t_lin=97.0s |dx|2=5.19e-01 t_fact=94.58s
    LINEAR splu n=27648 nnz(J)=3262464 t_fact=86.64s t_solve=0.225s nnz(L+U)=127650098 fill=39.1 mem(L+U)~1461MB maxrss=6003MB res=8.0e-14
  NEWTON gauss:0.25:24:i1o4 it= 4 r_F=1.802e-03 r_out=2.200e-06 lambda=1 |dx|max=3.02e-03 lin=splu rel=8.0e-14 lits=0 t_jac=3.5s t_lin=88.7s |dx|2=5.48e-02 t_fact=86.64s
    LINEAR splu n=27648 nnz(J)=3262464 t_fact=83.80s t_solve=0.506s nnz(L+U)=127650099 fill=39.1 mem(L+U)~1461MB maxrss=6003MB res=1.3e-13
  NEWTON gauss:0.25:24:i1o4 it= 5 r_F=2.798e-05 r_out=8.326e-08 lambda=1 |dx|max=4.23e-04 lin=splu rel=1.3e-13 lits=0 t_jac=3.3s t_lin=86.1s |dx|2=8.80e-03 t_fact=83.80s
    LINEAR splu n=27648 nnz(J)=3262464 t_fact=82.72s t_solve=0.189s nnz(L+U)=127650099 fill=39.1 mem(L+U)~1461MB maxrss=6003MB res=1.4e-13
  NEWTON gauss:0.25:24:i1o4 it= 6 r_F=2.022e-08 r_out=2.047e-11 lambda=1 |dx|max=1.04e-05 lin=splu rel=1.4e-13 lits=0 t_jac=3.3s t_lin=84.7s |dx|2=1.29e-04 t_fact=82.72s
    LINEAR splu n=27648 nnz(J)=3262464 t_fact=84.14s t_solve=0.583s nnz(L+U)=127650098 fill=39.1 mem(L+U)~1461MB maxrss=6003MB res=8.5e-14
  NEWTON gauss:0.25:24:i1o4 it= 7 r_F=6.363e-15 r_out=3.608e-16 lambda=1 |dx|max=3.63e-09 lin=splu rel=8.5e-14 lits=0 t_jac=3.2s t_lin=86.6s |dx|2=5.64e-08 t_fact=84.14s
  STAGE_END field=gauss eps=0.25 N=24 cand=i1o4 status=converged its=7 r_F=6.363e-15 r_out=3.608e-16 -> accepted
PATH field=gauss eps=0.25 N=24 cand=i1o4 continuation path: 0.25(fail)->0.125->0.25
CASE field=gauss eps=0.25 N=24 cand=i1o4 | r_F=6.363e-15 its=7 | e_v=1.808e-03 e_psi=2.886e-02 e_i=(1.479e-03,8.368e-04) e_div=2.689e-03 min_c=5.050e-01 p0.1=5.400e-01 p1=6.267e-01 p5=7.301e-01 p50=9.821e-01 | t=1875.2 | e_psi1=2.886e-02 e_psi2=2.106e-02
CASE field=gauss eps=0.25 N=24 cand=oracle_fd4 | r_F=nan its=nan | e_v=7.699e-04 e_psi=0.000e+00 e_i=(2.450e-04,1.520e-04) e_div=3.344e-03 min_c=5.052e-01 p0.1=5.402e-01 p1=6.268e-01 p5=7.301e-01 p50=9.822e-01 | t=0.0 | e_psi1=0.000e+00 e_psi2=0.000e+00
CASE field=gauss eps=0.25 N=24 cand=i1o4_fd2 | r_F=6.363e-15 its=7 | e_v=7.536e-03 e_psi=2.886e-02 e_i=(2.138e-03,1.752e-03) e_div=9.350e-03 min_c=5.180e-01 p0.1=5.524e-01 p1=6.373e-01 p5=7.374e-01 p50=9.830e-01 | t=1875.2 | e_psi1=2.886e-02 e_psi2=2.106e-02
CASE field=gauss eps=0.25 N=24 cand=oracle_fd | r_F=nan its=nan | e_v=7.624e-03 e_psi=0.000e+00 e_i=(1.796e-03,1.498e-03) e_div=1.014e-02 min_c=5.179e-01 p0.1=5.526e-01 p1=6.376e-01 p5=7.376e-01 p50=9.829e-01 | t=0.0 | e_psi1=0.000e+00 e_psi2=0.000e+00
EXTRA field=gauss eps=0.25 N=24 cand=i1o4 status=converged r_F=6.363e-15 r_out=3.608e-16 | outlet c_perp-vperp_in: cand=4.485e-15 oracle_fd=6.805e-04 | inlet oblique defect (c x e1 - vperp_in x e1)/v_rms: j=0(one-sided) cand=2.626e-03 oracle_fd=5.595e-04; j=1 cand=2.955e-02 oracle_fd=2.955e-02; j=1 vs vD(j=1) cand=2.439e-03 oracle_fd=1.668e-04 | min|c|/v_rms=0.4949 min|vD|/v_rms=0.4948 e_i1=1.479e-03 e_i2=8.368e-04 | t=1875.2s | a_psi1=9.041e-04 a_psi2=4.696e-04 (FD order 4)
HISTORY field=gauss eps=0.25 N=24 cand=i1o4 r_F: 1.78e+00 7.86e-02 4.87e-02 2.07e-02 1.80e-03 2.80e-05 2.02e-08 6.36e-15
HISTORY field=gauss eps=0.25 N=24 cand=i1o4 r_out: 3.33e-02 3.15e-03 1.55e-03 9.74e-05 2.20e-06 8.33e-08 2.05e-11 3.61e-16
SAVED ../../../../../../sf33_ref24/gauss_0.25_24_i1o4.npz status=converged (241 kB)
