[2026-10-06T16:06:26Z] job=sf32-int-build session=macroflow3d-SF-32-sf32-int-build started
[2026-10-06T16:06:26Z] GPU=0 (CUDA_VISIBLE_DEVICES=0, request=auto)
[2026-10-06T16:06:26Z] cwd=/home/sesquerre/MacroFlow3D-SF-32
[2026-10-06T16:06:26Z] command=cmake --preset v100-release && cmake --build build/v100-release -j 2>&1 | grep -i -E ' error|warning.*(spurious|Pollock|StokesFace|face_flux|pollock_tracker)' ; echo BUILD_EXIT=${PIPESTATUS[0]}; ctest --test-dir build/v100-release -N | tail -1; ctest --test-dir build/v100-release --output-on-failure -R 'tracker|spurious' 2>&1 | tail -14
CMake Deprecation Warning at src/external/yaml-cpp-0.8.0/CMakeLists.txt:4 (cmake_minimum_required):
  Compatibility with CMake < 3.10 will be removed from a future version of
  CMake.

  Update the VERSION argument <min> value.  Or, use the <min>...<max> syntax
  to tell CMake that the project requires at least <min> but has been updated
  to work with policies introduced by <max> or earlier.


-- Configuring done (0.2s)
-- Generating done (0.1s)
-- Build files have been written to: /home/sesquerre/MacroFlow3D-SF-32/build/v100-release
BUILD_EXIT=0
Total Tests: 23
    Start 17: streamline_tracker_pseudo_symplectic
1/5 Test #17: streamline_tracker_pseudo_symplectic ...   Passed    4.46 sec
    Start 18: streamline_tracker_reference_rk
2/5 Test #18: streamline_tracker_reference_rk ........   Passed    3.85 sec
    Start 19: streamline_tracker_face_flux
3/5 Test #19: streamline_tracker_face_flux ...........   Passed    4.64 sec
    Start 20: streamline_tracker_pollock
4/5 Test #20: streamline_tracker_pollock .............   Passed    4.78 sec
    Start 22: spurious_spreading_controls16
5/5 Test #22: spurious_spreading_controls16 ..........   Passed    4.10 sec

100% tests passed, 0 tests failed out of 5

Total Test time (real) =  21.85 sec
[2026-10-06T16:07:21Z] job=sf32-int-build finished exit=0
