command: /home/sesquerre/MacroFlow3D-SF-33/build/v100-release/inlet_slab --proto /home/sesquerre/MacroFlow3D-SF-33/docs/experiments/artifacts/2026-10-06-sf33-gpu-inlet-labels/exports/gauss_0.25_16 --solution /home/sesquerre/MacroFlow3D-SF-33/docs/experiments/artifacts/2026-10-06-sf33-gpu-inlet-labels/exports/solutions/gauss_0.25_16_i1o4 --summary /home/sesquerre/MacroFlow3D-SF-33/docs/experiments/artifacts/2026-10-06-sf33-gpu-inlet-labels/raw/proto_b/gauss_0.25_16.json
CASE_DIR /home/sesquerre/MacroFlow3D-SF-33/docs/experiments/artifacts/2026-10-06-sf33-gpu-inlet-labels/exports/gauss_0.25_16 field=gauss eps=0.25 N=16 nphi=32 Q0=0.99999999999644 inlet_vmin=6.326717e-01 v_rms=1.02048170137554 cache_hit=1 stage_amplitudes=16 target_eps=0.25
SETUP grad_lnk=analytic (prototype export: complex-step gradient of the analytic ln k at the vertices)
SOLVER N=16 eps=0.25 cand=i1o4 newton_tol=1.0e-13 max_newton=120 lin_tol=1.0e-12 restart=100 max_inner=6000 bisect=4 prec=P-A ladder=(0.25,0.5,1) stage_ok=1e-09 forcing=ew ew_gamma=0.9 ew_alpha=2 ew_eta0=0.1 ew_eta_max=0.1 ew_eta_min=1.0e-12 psitc=on psitc_mu0=1 psitc_mu_max=100 psitc_norm=merit psitc_retries=4 psitc_retry_factor=4 stagnation_window=5 stagnation_factor=0.5 gmres_stagnation_factor=0.9 coarse=mult coarse_profiles=2 coarse_assembly=colored coarse_factor=banded
SOLVER_COARSE mode=mult profiles=2 K=1024 assembly=colored factor=banded (SF-33 N7c probe: Galerkin coarse correction on the x1-constant + x1-linear column subspace, rebuilt with P-A at every factor)
STAGE field=gauss eps=0.25 N=16 cand=i1o4 (from eps=0, u=0)
  NEWTON gauss:0.25:16:i1o4 it= 0 r_F=2.567e+00 r_out=6.530e-02
    COARSE build mode=mult profiles=2 K=1024 t_assembly=0.018s t_lu=0.070s t_cond=0.006s norm1=6.738e+04 inv_norm1_est=9.321e-03 rcond_est=1.592e-03 min|U_kk|=5.154e+02 max|U_kk|=1.735e+04 zero_pivots=0 mu=1.000e+00 assembly=colored factor=banded applications=256 color_period=8 kl=319 ku=319
    COARSE apply applications=3 t_apply_avg=0.992ms t_host_solve_avg=0.671ms
    LINEAR gmres+P-A+CC(mult,2) its=2 rel=2.5e-03 t=0.00s cycles=1 reorth=2 rec=2.5e-03 status=converged t_fact=0.00s singular_modes=0 mu=1.000e+00
  NEWTON gauss:0.25:16:i1o4 it= 1 r_F=1.343e+00 r_out=3.926e-03 lambda=1 |dx|max=3.80e-02 lin=gmres+P-A+CC(mult,2) rel=2.5e-03 lits=2 t_lin=0.0s |dx|2=4.69e-01 t_fact=0.09s eta=1.00e-01 mu=1.000e+00 retries=0
    COARSE build mode=mult profiles=2 K=1024 t_assembly=0.016s t_lu=0.046s t_cond=0.004s norm1=6.332e+04 inv_norm1_est=1.688e-02 rcond_est=9.354e-04 min|U_kk|=3.754e+02 max|U_kk|=1.505e+04 zero_pivots=0 mu=5.230e-01 assembly=colored factor=banded applications=256 color_period=8 kl=319 ku=319
    COARSE apply applications=3 t_apply_avg=0.785ms t_host_solve_avg=0.487ms
    LINEAR gmres+P-A+CC(mult,2) its=2 rel=4.5e-03 t=0.00s cycles=1 reorth=2 rec=4.5e-03 status=converged t_fact=0.00s singular_modes=0 mu=5.230e-01
  NEWTON gauss:0.25:16:i1o4 it= 2 r_F=5.930e-01 r_out=5.962e-04 lambda=1 |dx|max=2.25e-02 lin=gmres+P-A+CC(mult,2) rel=4.5e-03 lits=2 t_lin=0.0s |dx|2=4.00e-01 t_fact=0.07s eta=1.00e-01 mu=5.230e-01 retries=0
    COARSE build mode=mult profiles=2 K=1024 t_assembly=0.015s t_lu=0.036s t_cond=0.003s norm1=6.153e+04 inv_norm1_est=3.254e-02 rcond_est=4.995e-04 min|U_kk|=2.715e+02 max|U_kk|=1.366e+04 zero_pivots=0 mu=2.309e-01 assembly=colored factor=banded applications=256 color_period=8 kl=319 ku=319
    COARSE apply applications=4 t_apply_avg=0.710ms t_host_solve_avg=0.421ms
    LINEAR gmres+P-A+CC(mult,2) its=3 rel=1.9e-03 t=0.00s cycles=1 reorth=3 rec=1.9e-03 status=converged t_fact=0.00s singular_modes=0 mu=2.309e-01
  NEWTON gauss:0.25:16:i1o4 it= 3 r_F=2.095e-01 r_out=8.822e-05 lambda=1 |dx|max=1.74e-02 lin=gmres+P-A+CC(mult,2) rel=1.9e-03 lits=3 t_lin=0.0s |dx|2=3.18e-01 t_fact=0.06s eta=1.00e-01 mu=2.309e-01 retries=0
    COARSE build mode=mult profiles=2 K=1024 t_assembly=0.015s t_lu=0.030s t_cond=0.003s norm1=6.073e+04 inv_norm1_est=6.045e-02 rcond_est=2.724e-04 min|U_kk|=2.040e+02 max|U_kk|=1.297e+04 zero_pivots=0 mu=8.157e-02 assembly=colored factor=banded applications=256 color_period=8 kl=319 ku=319
    COARSE apply applications=4 t_apply_avg=0.661ms t_host_solve_avg=0.373ms
    LINEAR gmres+P-A+CC(mult,2) its=3 rel=8.1e-03 t=0.00s cycles=1 reorth=3 rec=8.1e-03 status=converged t_fact=0.00s singular_modes=0 mu=8.157e-02
  NEWTON gauss:0.25:16:i1o4 it= 4 r_F=7.436e-02 r_out=6.390e-05 lambda=1 |dx|max=1.73e-02 lin=gmres+P-A+CC(mult,2) rel=8.1e-03 lits=3 t_lin=0.0s |dx|2=3.17e-01 t_fact=0.05s eta=1.00e-01 mu=8.157e-02 retries=0
    COARSE build mode=mult profiles=2 K=1024 t_assembly=0.015s t_lu=0.027s t_cond=0.003s norm1=6.122e+04 inv_norm1_est=8.681e-02 rcond_est=1.882e-04 min|U_kk|=1.717e+02 max|U_kk|=1.273e+04 zero_pivots=0 mu=2.896e-02 assembly=colored factor=banded applications=256 color_period=8 kl=319 ku=319
    COARSE apply applications=6 t_apply_avg=0.635ms t_host_solve_avg=0.352ms
    LINEAR gmres+P-A+CC(mult,2) its=5 rel=4.2e-03 t=0.00s cycles=1 reorth=5 rec=4.2e-03 status=converged t_fact=0.00s singular_modes=0 mu=2.896e-02
  NEWTON gauss:0.25:16:i1o4 it= 5 r_F=3.720e-02 r_out=5.419e-05 lambda=1 |dx|max=1.88e-02 lin=gmres+P-A+CC(mult,2) rel=4.2e-03 lits=5 t_lin=0.0s |dx|2=4.50e-01 t_fact=0.05s eta=1.00e-01 mu=2.896e-02 retries=0
    COARSE build mode=mult profiles=2 K=1024 t_assembly=0.015s t_lu=0.026s t_cond=0.003s norm1=6.714e+04 inv_norm1_est=8.968e-02 rcond_est=1.661e-04 min|U_kk|=1.592e+02 max|U_kk|=1.265e+04 zero_pivots=0 mu=1.449e-02 assembly=colored factor=banded applications=256 color_period=8 kl=319 ku=319
    COARSE apply applications=7 t_apply_avg=0.644ms t_host_solve_avg=0.353ms
    LINEAR gmres+P-A+CC(mult,2) its=6 rel=9.5e-03 t=0.01s cycles=1 reorth=5 rec=9.5e-03 status=converged t_fact=0.00s singular_modes=0 mu=1.449e-02
  NEWTON gauss:0.25:16:i1o4 it= 6 r_F=2.342e-02 r_out=9.758e-05 lambda=1 |dx|max=2.26e-02 lin=gmres+P-A+CC(mult,2) rel=9.5e-03 lits=6 t_lin=0.0s |dx|2=4.98e-01 t_fact=0.04s eta=1.00e-01 mu=1.449e-02 retries=0
    COARSE build mode=mult profiles=2 K=1024 t_assembly=0.015s t_lu=0.026s t_cond=0.003s norm1=7.255e+04 inv_norm1_est=1.005e-01 rcond_est=1.372e-04 min|U_kk|=1.528e+02 max|U_kk|=1.262e+04 zero_pivots=0 mu=9.121e-03 assembly=colored factor=banded applications=256 color_period=8 kl=319 ku=319
    COARSE apply applications=8 t_apply_avg=0.644ms t_host_solve_avg=0.354ms
    LINEAR gmres+P-A+CC(mult,2) its=7 rel=9.4e-03 t=0.01s cycles=1 reorth=6 rec=9.4e-03 status=converged t_fact=0.00s singular_modes=0 mu=9.121e-03
  NEWTON gauss:0.25:16:i1o4 it= 7 r_F=1.185e-02 r_out=5.771e-05 lambda=1 |dx|max=1.74e-02 lin=gmres+P-A+CC(mult,2) rel=9.4e-03 lits=7 t_lin=0.0s |dx|2=3.72e-01 t_fact=0.04s eta=1.00e-01 mu=9.121e-03 retries=0
    COARSE build mode=mult profiles=2 K=1024 t_assembly=0.015s t_lu=0.026s t_cond=0.003s norm1=7.603e+04 inv_norm1_est=1.125e-01 rcond_est=1.169e-04 min|U_kk|=1.474e+02 max|U_kk|=1.259e+04 zero_pivots=0 mu=4.615e-03 assembly=colored factor=banded applications=256 color_period=8 kl=319 ku=319
    COARSE apply applications=10 t_apply_avg=0.638ms t_host_solve_avg=0.354ms
    LINEAR gmres+P-A+CC(mult,2) its=9 rel=5.3e-03 t=0.01s cycles=1 reorth=8 rec=5.3e-03 status=converged t_fact=0.00s singular_modes=0 mu=4.615e-03
  NEWTON gauss:0.25:16:i1o4 it= 8 r_F=4.604e-03 r_out=2.336e-05 lambda=1 |dx|max=1.08e-02 lin=gmres+P-A+CC(mult,2) rel=5.3e-03 lits=9 t_lin=0.0s |dx|2=2.35e-01 t_fact=0.05s eta=1.00e-01 mu=4.615e-03 retries=0
    COARSE build mode=mult profiles=2 K=1024 t_assembly=0.015s t_lu=0.026s t_cond=0.003s norm1=7.795e+04 inv_norm1_est=1.221e-01 rcond_est=1.050e-04 min|U_kk|=1.438e+02 max|U_kk|=1.258e+04 zero_pivots=0 mu=1.793e-03 assembly=colored factor=banded applications=256 color_period=8 kl=319 ku=319
    COARSE apply applications=11 t_apply_avg=0.645ms t_host_solve_avg=0.354ms
    LINEAR gmres+P-A+CC(mult,2) its=10 rel=5.8e-03 t=0.01s cycles=1 reorth=9 rec=5.8e-03 status=converged t_fact=0.00s singular_modes=0 mu=1.793e-03
  NEWTON gauss:0.25:16:i1o4 it= 9 r_F=8.129e-04 r_out=4.086e-06 lambda=1 |dx|max=4.23e-03 lin=gmres+P-A+CC(mult,2) rel=5.8e-03 lits=10 t_lin=0.0s |dx|2=9.37e-02 t_fact=0.05s eta=1.00e-01 mu=1.793e-03 retries=0
    COARSE build mode=mult profiles=2 K=1024 t_assembly=0.015s t_lu=0.027s t_cond=0.003s norm1=7.864e+04 inv_norm1_est=1.279e-01 rcond_est=9.943e-05 min|U_kk|=1.419e+02 max|U_kk|=1.257e+04 zero_pivots=0 mu=3.166e-04 assembly=colored factor=banded applications=256 color_period=8 kl=319 ku=319
    COARSE apply applications=14 t_apply_avg=0.645ms t_host_solve_avg=0.354ms
    LINEAR gmres+P-A+CC(mult,2) its=13 rel=1.6e-03 t=0.01s cycles=1 reorth=12 rec=1.6e-03 status=converged t_fact=0.00s singular_modes=0 mu=3.166e-04
  NEWTON gauss:0.25:16:i1o4 it=10 r_F=3.275e-05 r_out=1.429e-07 lambda=1 |dx|max=7.39e-04 lin=gmres+P-A+CC(mult,2) rel=1.6e-03 lits=13 t_lin=0.0s |dx|2=1.68e-02 t_fact=0.05s eta=2.81e-02 mu=3.166e-04 retries=0
    COARSE build mode=mult profiles=2 K=1024 t_assembly=0.015s t_lu=0.027s t_cond=0.003s norm1=7.877e+04 inv_norm1_est=1.291e-01 rcond_est=9.830e-05 min|U_kk|=1.416e+02 max|U_kk|=1.257e+04 zero_pivots=0 mu=1.276e-05 assembly=colored factor=banded applications=256 color_period=8 kl=319 ku=319
    COARSE apply applications=18 t_apply_avg=0.637ms t_host_solve_avg=0.352ms
    LINEAR gmres+P-A+CC(mult,2) its=17 rel=1.4e-04 t=0.02s cycles=1 reorth=16 rec=1.4e-04 status=converged t_fact=0.00s singular_modes=0 mu=1.276e-05
  NEWTON gauss:0.25:16:i1o4 it=11 r_F=4.465e-08 r_out=2.677e-10 lambda=1 |dx|max=2.35e-05 lin=gmres+P-A+CC(mult,2) rel=1.4e-04 lits=17 t_lin=0.0s |dx|2=5.51e-04 t_fact=0.05s eta=1.46e-03 mu=1.276e-05 retries=0
    COARSE build mode=mult profiles=2 K=1024 t_assembly=0.015s t_lu=0.027s t_cond=0.003s norm1=7.878e+04 inv_norm1_est=1.292e-01 rcond_est=9.826e-05 min|U_kk|=1.415e+02 max|U_kk|=1.257e+04 zero_pivots=0 mu=1.739e-08 assembly=colored factor=banded applications=256 color_period=8 kl=319 ku=319
    COARSE apply applications=31 t_apply_avg=0.646ms t_host_solve_avg=0.355ms
    LINEAR gmres+P-A+CC(mult,2) its=30 rel=9.9e-08 t=0.03s cycles=1 reorth=29 rec=9.9e-08 status=converged t_fact=0.00s singular_modes=0 mu=1.739e-08
  NEWTON gauss:0.25:16:i1o4 it=12 r_F=9.636e-14 r_out=3.921e-16 lambda=1 |dx|max=2.98e-08 lin=gmres+P-A+CC(mult,2) rel=9.9e-08 lits=30 t_lin=0.0s |dx|2=7.33e-07 t_fact=0.05s eta=1.67e-06 mu=1.739e-08 retries=0
  STAGE_END field=gauss eps=0.25 N=16 cand=i1o4 status=converged its=12 r_F=9.636e-14 r_out=3.921e-16 -> accepted
PATH field=gauss eps=0.25 N=16 cand=i1o4 continuation path: 0.25
GMRES_STATS field=gauss eps=0.25 N=16 stage_eps=0.25 status=converged newton_its=12 steps=12 its_max=30 its_median=6.5 its_total=107 rel_max=9.5e-03 linear_failures=0 forcing=ew etas=1.00e-01,1.00e-01,1.00e-01,1.00e-01,1.00e-01,1.00e-01,1.00e-01,1.00e-01,1.00e-01,2.81e-02,1.46e-03,1.67e-06 psitc=on mus=1.00e+00,5.23e-01,2.31e-01,8.16e-02,2.90e-02,1.45e-02,9.12e-03,4.62e-03,1.79e-03,3.17e-04,1.28e-05,1.74e-08
CASE field=gauss eps=0.25 N=16 cand=i1o4 | r_F=9.636e-14 its=12 | e_v=5.506e-03 e_psi=7.727e-02 e_i=(4.049e-03,2.639e-03) e_div=9.457e-03 min_c=5.058e-01 p0.1=5.470e-01 p1=6.352e-01 p5=7.302e-01 p50=9.813e-01 | t=0.7 | e_psi1=7.727e-02 e_psi2=5.859e-02
CASE field=gauss eps=0.25 N=16 cand=oracle_fd4 | r_F=nan its=nan | e_v=3.291e-03 e_psi=1.237e-17 e_i=(1.098e-03,7.752e-04) e_div=1.260e-02 min_c=5.065e-01 p0.1=5.478e-01 p1=6.360e-01 p5=7.315e-01 p50=9.819e-01 | t=0.0 | e_psi1=0.000e+00 e_psi2=1.237e-17
EXTRA field=gauss eps=0.25 N=16 cand=i1o4 status=converged r_F=9.636e-14 r_out=3.921e-16 | outlet c_perp-vperp_in: cand=3.921e-16 oracle_fd=3.054e-03 | inlet oblique defect (c x e1 - vperp_in x e1)/v_rms: j=0(one-sided) cand=8.974e-03 oracle_fd=2.791e-03; j=1 cand=4.415e-02 oracle_fd=4.388e-02; j=1 vs vD(j=1) cand=7.269e-03 oracle_fd=8.397e-04 | min|c|/v_rms=0.4957 min|vD|/v_rms=0.4950 e_i1=4.049e-03 e_i2=2.639e-03 | t=0.7s | a_psi1=2.423e-03 a_psi2=1.305e-03 (FD order 4)
HISTORY field=gauss eps=0.25 N=16 cand=i1o4 r_F: 2.57e+00 1.34e+00 5.93e-01 2.09e-01 7.44e-02 3.72e-02 2.34e-02 1.19e-02 4.60e-03 8.13e-04 3.28e-05 4.47e-08 9.64e-14
HISTORY field=gauss eps=0.25 N=16 cand=i1o4 r_out: 6.53e-02 3.93e-03 5.96e-04 8.82e-05 6.39e-05 5.42e-05 9.76e-05 5.77e-05 2.34e-05 4.09e-06 1.43e-07 2.68e-10 3.92e-16
HISTORY_FULL field=gauss eps=0.25 N=16 cand=i1o4 r_F: 2.56703654405878634e+00 1.34288859587163034e+00 5.93011243795740439e-01 2.09451498141964926e-01 7.43620161522181716e-02 3.71968067556838686e-02 2.34220755104368530e-02 1.18507642524069597e-02 4.60442952317979912e-03 8.12918460332922644e-04 3.27541242664146617e-05 4.46506178417965773e-08 9.63617831524301222e-14
HISTORY_FULL field=gauss eps=0.25 N=16 cand=i1o4 r_out: 6.52974588146857798e-02 3.92593157959221072e-03 5.96231758142201271e-04 8.82219793457593904e-05 6.38966398876502582e-05 5.41911360440203789e-05 9.75849691636116205e-05 5.77068464122074593e-05 2.33571689520456726e-05 4.08613178259293580e-06 1.42888546446363755e-07 2.67651361412386143e-10 3.92133011292658614e-16
FIELDDIFF max_rel_diff_u1=7.046e-13 max_rel_diff_u2=7.658e-13 max_rel_diff_joint=7.046e-13 max_abs_diff_u1=6.518e-14 max_abs_diff_u2=5.166e-14 max_abs_u_proto=(9.251e-02,6.746e-02) (rel: max|u_gpu - u_proto| / max|u_proto| over planes 0..N; joint: max abs diff / max over both fields; prototype /home/sesquerre/MacroFlow3D-SF-33/docs/experiments/artifacts/2026-10-06-sf33-gpu-inlet-labels/exports/solutions/gauss_0.25_16_i1o4 status=converged its=10 path=0.25 r_F=8.631e-14)
TIMING load=0.003s metrics=0.001s prepare=0.039s solve=0.739s total=0.783s
MEMORY peak_device_bytes=523239424 free_min=33566490624 total_device=34089730048 workspaces_bytes=11116415 (peak/free: cudaMemGetInfo polls before/after every phase, device-wide)
SUMMARY_JSON /home/sesquerre/MacroFlow3D-SF-33/docs/experiments/artifacts/2026-10-06-sf33-gpu-inlet-labels/raw/proto_b/gauss_0.25_16.json
STATUS converged
