command: /home/sesquerre/MacroFlow3D-SF-33/build/v100-release/inlet_slab --proto /home/sesquerre/MacroFlow3D-SF-33/docs/experiments/artifacts/2026-10-06-sf33-gpu-inlet-labels/exports/gauss_0.5_24 --solution /home/sesquerre/MacroFlow3D-SF-33/docs/experiments/artifacts/2026-10-06-sf33-gpu-inlet-labels/exports/solutions/gauss_0.5_24_i1o4 --summary /home/sesquerre/MacroFlow3D-SF-33/docs/experiments/artifacts/2026-10-06-sf33-gpu-inlet-labels/raw/proto_b/gauss_0.5_24.json
CASE_DIR /home/sesquerre/MacroFlow3D-SF-33/docs/experiments/artifacts/2026-10-06-sf33-gpu-inlet-labels/exports/gauss_0.5_24 field=gauss eps=0.5 N=24 nphi=32 Q0=0.999999999790303 inlet_vmin=3.833921e-01 v_rms=1.08106430337394 cache_hit=1 stage_amplitudes=32 target_eps=0.5
SETUP grad_lnk=analytic (prototype export: complex-step gradient of the analytic ln k at the vertices)
SOLVER N=24 eps=0.5 cand=i1o4 newton_tol=1.0e-13 max_newton=120 lin_tol=1.0e-12 restart=100 max_inner=6000 bisect=4 prec=P-A ladder=(0.25,0.5,1) stage_ok=1e-09 forcing=ew ew_gamma=0.9 ew_alpha=2 ew_eta0=0.1 ew_eta_max=0.1 ew_eta_min=1.0e-12 psitc=on psitc_mu0=1 psitc_mu_max=100 psitc_norm=merit psitc_retries=4 psitc_retry_factor=4 stagnation_window=5 stagnation_factor=0.5 gmres_stagnation_factor=0.9 coarse=mult coarse_profiles=2 coarse_assembly=colored coarse_factor=banded
SOLVER_COARSE mode=mult profiles=2 K=2304 assembly=colored factor=banded (SF-33 N7c probe: Galerkin coarse correction on the x1-constant + x1-linear column subspace, rebuilt with P-A at every factor)
STAGE field=gauss eps=0.25 N=24 cand=i1o4 (from eps=0, u=0)
  NEWTON gauss:0.25:24:i1o4 it= 0 r_F=3.571e+00 r_out=6.530e-02
    COARSE build mode=mult profiles=2 K=2304 t_assembly=0.010s t_lu=0.170s t_cond=0.012s norm1=2.326e+05 inv_norm1_est=2.942e-03 rcond_est=1.461e-03 min|U_kk|=1.751e+03 max|U_kk|=5.990e+04 zero_pivots=0 mu=1.000e+00 assembly=colored factor=banded applications=144 color_period=6 kl=479 ku=479
    COARSE apply applications=3 t_apply_avg=2.258ms t_host_solve_avg=1.572ms
    LINEAR gmres+P-A+CC(mult,2) its=2 rel=2.9e-03 t=0.01s cycles=1 reorth=2 rec=2.9e-03 status=converged t_fact=0.00s singular_modes=0 mu=1.000e+00
  NEWTON gauss:0.25:24:i1o4 it= 1 r_F=2.009e+00 r_out=2.329e-03 lambda=1 |dx|max=3.80e-02 lin=gmres+P-A+CC(mult,2) rel=2.9e-03 lits=2 t_lin=0.0s |dx|2=5.66e-01 t_fact=0.19s eta=1.00e-01 mu=1.000e+00 retries=0
    COARSE build mode=mult profiles=2 K=2304 t_assembly=0.010s t_lu=0.256s t_cond=0.016s norm1=2.210e+05 inv_norm1_est=5.321e-03 rcond_est=8.505e-04 min|U_kk|=1.286e+03 max|U_kk|=5.255e+04 zero_pivots=0 mu=5.627e-01 assembly=colored factor=banded applications=144 color_period=6 kl=479 ku=479
    COARSE apply applications=3 t_apply_avg=3.382ms t_host_solve_avg=2.696ms
    LINEAR gmres+P-A+CC(mult,2) its=2 rel=3.7e-03 t=0.01s cycles=1 reorth=2 rec=3.7e-03 status=converged t_fact=0.00s singular_modes=0 mu=5.627e-01
  NEWTON gauss:0.25:24:i1o4 it= 2 r_F=1.124e+00 r_out=3.369e-04 lambda=1 |dx|max=2.31e-02 lin=gmres+P-A+CC(mult,2) rel=3.7e-03 lits=2 t_lin=0.0s |dx|2=5.72e-01 t_fact=0.28s eta=1.00e-01 mu=5.627e-01 retries=0
    COARSE build mode=mult profiles=2 K=2304 t_assembly=0.010s t_lu=0.176s t_cond=0.014s norm1=2.163e+05 inv_norm1_est=9.384e-03 rcond_est=4.926e-04 min|U_kk|=9.697e+02 max|U_kk|=4.841e+04 zero_pivots=0 mu=3.148e-01 assembly=colored factor=banded applications=144 color_period=6 kl=479 ku=479
    COARSE apply applications=3 t_apply_avg=2.938ms t_host_solve_avg=2.255ms
    LINEAR gmres+P-A+CC(mult,2) its=2 rel=6.7e-03 t=0.01s cycles=1 reorth=2 rec=6.7e-03 status=converged t_fact=0.00s singular_modes=0 mu=3.148e-01
  NEWTON gauss:0.25:24:i1o4 it= 3 r_F=5.824e-01 r_out=2.761e-04 lambda=1 |dx|max=1.70e-02 lin=gmres+P-A+CC(mult,2) rel=6.7e-03 lits=2 t_lin=0.0s |dx|2=5.35e-01 t_fact=0.20s eta=1.00e-01 mu=3.148e-01 retries=0
    COARSE build mode=mult profiles=2 K=2304 t_assembly=0.009s t_lu=0.176s t_cond=0.015s norm1=2.143e+05 inv_norm1_est=1.646e-02 rcond_est=2.835e-04 min|U_kk|=7.346e+02 max|U_kk|=4.594e+04 zero_pivots=0 mu=1.631e-01 assembly=colored factor=banded applications=144 color_period=6 kl=479 ku=479
    COARSE apply applications=4 t_apply_avg=3.295ms t_host_solve_avg=2.617ms
    LINEAR gmres+P-A+CC(mult,2) its=3 rel=2.3e-03 t=0.01s cycles=1 reorth=3 rec=2.3e-03 status=converged t_fact=0.00s singular_modes=0 mu=1.631e-01
  NEWTON gauss:0.25:24:i1o4 it= 4 r_F=2.625e-01 r_out=6.594e-05 lambda=1 |dx|max=1.45e-02 lin=gmres+P-A+CC(mult,2) rel=2.3e-03 lits=3 t_lin=0.0s |dx|2=4.64e-01 t_fact=0.20s eta=1.00e-01 mu=1.631e-01 retries=0
    COARSE build mode=mult profiles=2 K=2304 t_assembly=0.009s t_lu=0.179s t_cond=0.015s norm1=2.132e+05 inv_norm1_est=2.796e-02 rcond_est=1.678e-04 min|U_kk|=5.628e+02 max|U_kk|=4.455e+04 zero_pivots=0 mu=7.351e-02 assembly=colored factor=banded applications=144 color_period=6 kl=479 ku=479
    COARSE apply applications=4 t_apply_avg=3.302ms t_host_solve_avg=2.620ms
    LINEAR gmres+P-A+CC(mult,2) its=3 rel=6.5e-03 t=0.01s cycles=1 reorth=3 rec=6.5e-03 status=converged t_fact=0.00s singular_modes=0 mu=7.351e-02
  NEWTON gauss:0.25:24:i1o4 it= 5 r_F=1.117e-01 r_out=4.466e-05 lambda=1 |dx|max=1.42e-02 lin=gmres+P-A+CC(mult,2) rel=6.5e-03 lits=3 t_lin=0.0s |dx|2=4.35e-01 t_fact=0.21s eta=1.00e-01 mu=7.351e-02 retries=0
    COARSE build mode=mult profiles=2 K=2304 t_assembly=0.009s t_lu=0.176s t_cond=0.015s norm1=2.126e+05 inv_norm1_est=4.217e-02 rcond_est=1.115e-04 min|U_kk|=4.570e+02 max|U_kk|=4.393e+04 zero_pivots=0 mu=3.128e-02 assembly=colored factor=banded applications=144 color_period=6 kl=479 ku=479
    COARSE apply applications=5 t_apply_avg=3.314ms t_host_solve_avg=2.630ms
    LINEAR gmres+P-A+CC(mult,2) its=4 rel=7.2e-03 t=0.02s cycles=1 reorth=4 rec=7.2e-03 status=converged t_fact=0.00s singular_modes=0 mu=3.128e-02
  NEWTON gauss:0.25:24:i1o4 it= 6 r_F=5.584e-02 r_out=1.622e-05 lambda=1 |dx|max=1.44e-02 lin=gmres+P-A+CC(mult,2) rel=7.2e-03 lits=4 t_lin=0.0s |dx|2=5.18e-01 t_fact=0.20s eta=1.00e-01 mu=3.128e-02 retries=0
    COARSE build mode=mult profiles=2 K=2304 t_assembly=0.009s t_lu=0.176s t_cond=0.015s norm1=2.216e+05 inv_norm1_est=4.434e-02 rcond_est=1.017e-04 min|U_kk|=4.051e+02 max|U_kk|=4.368e+04 zero_pivots=0 mu=1.564e-02 assembly=colored factor=banded applications=144 color_period=6 kl=479 ku=479
    COARSE apply applications=7 t_apply_avg=3.287ms t_host_solve_avg=2.612ms
    LINEAR gmres+P-A+CC(mult,2) its=6 rel=4.7e-03 t=0.02s cycles=1 reorth=6 rec=4.7e-03 status=converged t_fact=0.00s singular_modes=0 mu=1.564e-02
  NEWTON gauss:0.25:24:i1o4 it= 7 r_F=3.494e-02 r_out=3.846e-05 lambda=1 |dx|max=1.49e-02 lin=gmres+P-A+CC(mult,2) rel=4.7e-03 lits=6 t_lin=0.0s |dx|2=6.60e-01 t_fact=0.20s eta=1.00e-01 mu=1.564e-02 retries=0
    COARSE build mode=mult profiles=2 K=2304 t_assembly=0.009s t_lu=0.177s t_cond=0.015s norm1=2.391e+05 inv_norm1_est=5.468e-02 rcond_est=7.649e-05 min|U_kk|=3.794e+02 max|U_kk|=4.357e+04 zero_pivots=0 mu=9.783e-03 assembly=colored factor=banded applications=144 color_period=6 kl=479 ku=479
    COARSE apply applications=8 t_apply_avg=3.301ms t_host_solve_avg=2.625ms
    LINEAR gmres+P-A+CC(mult,2) its=7 rel=8.7e-03 t=0.03s cycles=1 reorth=6 rec=8.7e-03 status=converged t_fact=0.00s singular_modes=0 mu=9.783e-03
  NEWTON gauss:0.25:24:i1o4 it= 8 r_F=2.398e-02 r_out=6.331e-05 lambda=1 |dx|max=1.78e-02 lin=gmres+P-A+CC(mult,2) rel=8.7e-03 lits=7 t_lin=0.0s |dx|2=7.01e-01 t_fact=0.20s eta=1.00e-01 mu=9.783e-03 retries=0
    COARSE build mode=mult profiles=2 K=2304 t_assembly=0.010s t_lu=0.180s t_cond=0.015s norm1=2.548e+05 inv_norm1_est=6.320e-02 rcond_est=6.209e-05 min|U_kk|=3.614e+02 max|U_kk|=4.350e+04 zero_pivots=0 mu=6.715e-03 assembly=colored factor=banded applications=144 color_period=6 kl=479 ku=479
    COARSE apply applications=11 t_apply_avg=3.285ms t_host_solve_avg=2.607ms
    LINEAR gmres+P-A+CC(mult,2) its=10 rel=6.2e-03 t=0.04s cycles=1 reorth=9 rec=6.2e-03 status=converged t_fact=0.00s singular_modes=0 mu=6.715e-03
  NEWTON gauss:0.25:24:i1o4 it= 9 r_F=1.522e-02 r_out=5.258e-05 lambda=1 |dx|max=1.65e-02 lin=gmres+P-A+CC(mult,2) rel=6.2e-03 lits=10 t_lin=0.0s |dx|2=6.14e-01 t_fact=0.21s eta=1.00e-01 mu=6.715e-03 retries=0
    COARSE build mode=mult profiles=2 K=2304 t_assembly=0.009s t_lu=0.213s t_cond=0.017s norm1=2.667e+05 inv_norm1_est=7.280e-02 rcond_est=5.149e-05 min|U_kk|=3.453e+02 max|U_kk|=4.345e+04 zero_pivots=0 mu=4.262e-03 assembly=colored factor=banded applications=144 color_period=6 kl=479 ku=479
    COARSE apply applications=13 t_apply_avg=2.563ms t_host_solve_avg=1.886ms
    LINEAR gmres+P-A+CC(mult,2) its=12 rel=8.4e-03 t=0.04s cycles=1 reorth=11 rec=8.4e-03 status=converged t_fact=0.00s singular_modes=0 mu=4.262e-03
  NEWTON gauss:0.25:24:i1o4 it=10 r_F=8.311e-03 r_out=3.286e-05 lambda=1 |dx|max=1.30e-02 lin=gmres+P-A+CC(mult,2) rel=8.4e-03 lits=12 t_lin=0.0s |dx|2=4.78e-01 t_fact=0.24s eta=1.00e-01 mu=4.262e-03 retries=0
    COARSE build mode=mult profiles=2 K=2304 t_assembly=0.012s t_lu=0.187s t_cond=0.013s norm1=2.743e+05 inv_norm1_est=8.297e-02 rcond_est=4.394e-05 min|U_kk|=3.318e+02 max|U_kk|=4.340e+04 zero_pivots=0 mu=2.327e-03 assembly=colored factor=banded applications=144 color_period=6 kl=479 ku=479
    COARSE apply applications=16 t_apply_avg=2.535ms t_host_solve_avg=1.868ms
    LINEAR gmres+P-A+CC(mult,2) its=15 rel=8.9e-03 t=0.04s cycles=1 reorth=13 rec=8.9e-03 status=converged t_fact=0.00s singular_modes=0 mu=2.327e-03
  NEWTON gauss:0.25:24:i1o4 it=11 r_F=3.409e-03 r_out=1.379e-05 lambda=1 |dx|max=8.21e-03 lin=gmres+P-A+CC(mult,2) rel=8.9e-03 lits=15 t_lin=0.0s |dx|2=3.06e-01 t_fact=0.21s eta=1.00e-01 mu=2.327e-03 retries=0
    COARSE build mode=mult profiles=2 K=2304 t_assembly=0.010s t_lu=0.186s t_cond=0.013s norm1=2.792e+05 inv_norm1_est=9.206e-02 rcond_est=3.890e-05 min|U_kk|=3.220e+02 max|U_kk|=4.337e+04 zero_pivots=0 mu=9.547e-04 assembly=colored factor=banded applications=144 color_period=6 kl=479 ku=479
    COARSE apply applications=18 t_apply_avg=2.525ms t_host_solve_avg=1.867ms
    LINEAR gmres+P-A+CC(mult,2) its=17 rel=9.8e-03 t=0.05s cycles=1 reorth=15 rec=9.8e-03 status=converged t_fact=0.00s singular_modes=0 mu=9.547e-04
  NEWTON gauss:0.25:24:i1o4 it=12 r_F=7.804e-04 r_out=3.011e-06 lambda=1 |dx|max=3.59e-03 lin=gmres+P-A+CC(mult,2) rel=9.8e-03 lits=17 t_lin=0.0s |dx|2=1.36e-01 t_fact=0.21s eta=1.00e-01 mu=9.547e-04 retries=0
    COARSE build mode=mult profiles=2 K=2304 t_assembly=0.010s t_lu=0.188s t_cond=0.013s norm1=2.823e+05 inv_norm1_est=1.047e-01 rcond_est=3.384e-05 min|U_kk|=3.163e+02 max|U_kk|=4.336e+04 zero_pivots=0 mu=2.185e-04 assembly=colored factor=banded applications=144 color_period=6 kl=479 ku=479
    COARSE apply applications=23 t_apply_avg=2.523ms t_host_solve_avg=1.866ms
    LINEAR gmres+P-A+CC(mult,2) its=22 rel=3.6e-03 t=0.06s cycles=1 reorth=20 rec=3.6e-03 status=converged t_fact=0.00s singular_modes=0 mu=2.185e-04
  NEWTON gauss:0.25:24:i1o4 it=13 r_F=4.745e-05 r_out=1.713e-07 lambda=1 |dx|max=7.53e-04 lin=gmres+P-A+CC(mult,2) rel=3.6e-03 lits=22 t_lin=0.1s |dx|2=2.90e-02 t_fact=0.21s eta=4.72e-02 mu=2.185e-04 retries=0
    COARSE build mode=mult profiles=2 K=2304 t_assembly=0.010s t_lu=0.249s t_cond=0.019s norm1=2.830e+05 inv_norm1_est=1.068e-01 rcond_est=3.309e-05 min|U_kk|=3.149e+02 max|U_kk|=4.335e+04 zero_pivots=0 mu=1.329e-05 assembly=colored factor=banded applications=144 color_period=6 kl=479 ku=479
    COARSE apply applications=33 t_apply_avg=2.975ms t_host_solve_avg=2.318ms
    LINEAR gmres+P-A+CC(mult,2) its=32 rel=2.5e-04 t=0.11s cycles=1 reorth=30 rec=2.5e-04 status=converged t_fact=0.00s singular_modes=0 mu=1.329e-05
  NEWTON gauss:0.25:24:i1o4 it=14 r_F=1.716e-07 r_out=6.471e-10 lambda=1 |dx|max=3.83e-05 lin=gmres+P-A+CC(mult,2) rel=2.5e-04 lits=32 t_lin=0.1s |dx|2=1.49e-03 t_fact=0.28s eta=3.33e-03 mu=1.329e-05 retries=0
    COARSE build mode=mult profiles=2 K=2304 t_assembly=0.010s t_lu=0.186s t_cond=0.013s norm1=2.830e+05 inv_norm1_est=1.069e-01 rcond_est=3.304e-05 min|U_kk|=3.148e+02 max|U_kk|=4.335e+04 zero_pivots=0 mu=4.806e-08 assembly=colored factor=banded applications=144 color_period=6 kl=479 ku=479
    COARSE apply applications=50 t_apply_avg=2.776ms t_host_solve_avg=2.112ms
    LINEAR gmres+P-A+CC(mult,2) its=49 rel=1.1e-06 t=0.17s cycles=1 reorth=47 rec=1.1e-06 status=converged t_fact=0.00s singular_modes=0 mu=4.806e-08
  NEWTON gauss:0.25:24:i1o4 it=15 r_F=2.247e-12 r_out=8.499e-15 lambda=1 |dx|max=1.20e-07 lin=gmres+P-A+CC(mult,2) rel=1.1e-06 lits=49 t_lin=0.2s |dx|2=4.68e-06 t_fact=0.21s eta=1.18e-05 mu=4.806e-08 retries=0
    COARSE build mode=mult profiles=2 K=2304 t_assembly=0.010s t_lu=0.186s t_cond=0.013s norm1=2.830e+05 inv_norm1_est=1.069e-01 rcond_est=3.304e-05 min|U_kk|=3.148e+02 max|U_kk|=4.335e+04 zero_pivots=0 mu=6.292e-13 assembly=colored factor=banded applications=144 color_period=6 kl=479 ku=479
    COARSE apply applications=25 t_apply_avg=2.908ms t_host_solve_avg=2.236ms
    LINEAR gmres+P-A+CC(mult,2) its=24 rel=2.1e-03 t=0.08s cycles=1 reorth=23 rec=2.1e-03 status=converged t_fact=0.00s singular_modes=0 mu=6.292e-13
  NEWTON gauss:0.25:24:i1o4 it=16 r_F=6.758e-15 r_out=3.508e-16 lambda=1 |dx|max=1.38e-12 lin=gmres+P-A+CC(mult,2) rel=2.1e-03 lits=24 t_lin=0.1s |dx|2=5.35e-11 t_fact=0.21s eta=2.23e-02 mu=6.292e-13 retries=0
  STAGE_END field=gauss eps=0.25 N=24 cand=i1o4 status=converged its=16 r_F=6.758e-15 r_out=3.508e-16 -> accepted
STAGE field=gauss eps=0.5 N=24 cand=i1o4 (from eps=0.25, warm start)
  NEWTON gauss:0.5:24:i1o4 it= 0 r_F=3.642e+00 r_out=7.205e-02
    COARSE build mode=mult profiles=2 K=2304 t_assembly=0.010s t_lu=0.177s t_cond=0.013s norm1=3.790e+05 inv_norm1_est=4.906e-03 rcond_est=5.379e-04 min|U_kk|=1.239e+03 max|U_kk|=8.074e+04 zero_pivots=0 mu=1.000e+00 assembly=colored factor=banded applications=144 color_period=6 kl=479 ku=479
    COARSE apply applications=3 t_apply_avg=2.558ms t_host_solve_avg=1.892ms
    LINEAR gmres+P-A+CC(mult,2) its=2 rel=9.5e-03 t=0.01s cycles=1 reorth=2 rec=9.5e-03 status=converged t_fact=0.00s singular_modes=0 mu=1.000e+00
  NEWTON gauss:0.5:24:i1o4 it= 1 r_F=2.005e+00 r_out=7.194e-03 lambda=1 |dx|max=3.82e-02 lin=gmres+P-A+CC(mult,2) rel=9.5e-03 lits=2 t_lin=0.0s |dx|2=5.70e-01 t_fact=0.20s eta=1.00e-01 mu=1.000e+00 retries=0
    COARSE build mode=mult profiles=2 K=2304 t_assembly=0.010s t_lu=0.174s t_cond=0.013s norm1=3.710e+05 inv_norm1_est=9.236e-03 rcond_est=2.918e-04 min|U_kk|=8.972e+02 max|U_kk|=7.079e+04 zero_pivots=0 mu=5.504e-01 assembly=colored factor=banded applications=144 color_period=6 kl=479 ku=479
    COARSE apply applications=4 t_apply_avg=2.553ms t_host_solve_avg=1.900ms
    LINEAR gmres+P-A+CC(mult,2) its=3 rel=4.9e-03 t=0.01s cycles=1 reorth=3 rec=4.9e-03 status=converged t_fact=0.00s singular_modes=0 mu=5.504e-01
  NEWTON gauss:0.5:24:i1o4 it= 2 r_F=1.083e+00 r_out=9.334e-04 lambda=1 |dx|max=2.32e-02 lin=gmres+P-A+CC(mult,2) rel=4.9e-03 lits=3 t_lin=0.0s |dx|2=5.79e-01 t_fact=0.20s eta=1.00e-01 mu=5.504e-01 retries=0
    COARSE build mode=mult profiles=2 K=2304 t_assembly=0.010s t_lu=0.173s t_cond=0.013s norm1=3.699e+05 inv_norm1_est=1.676e-02 rcond_est=1.613e-04 min|U_kk|=6.670e+02 max|U_kk|=6.530e+04 zero_pivots=0 mu=2.973e-01 assembly=colored factor=banded applications=144 color_period=6 kl=479 ku=479
    COARSE apply applications=5 t_apply_avg=2.527ms t_host_solve_avg=1.866ms
    LINEAR gmres+P-A+CC(mult,2) its=4 rel=6.5e-03 t=0.01s cycles=1 reorth=4 rec=6.5e-03 status=converged t_fact=0.00s singular_modes=0 mu=2.973e-01
  NEWTON gauss:0.5:24:i1o4 it= 3 r_F=5.418e-01 r_out=3.372e-04 lambda=1 |dx|max=1.79e-02 lin=gmres+P-A+CC(mult,2) rel=6.5e-03 lits=4 t_lin=0.0s |dx|2=5.43e-01 t_fact=0.20s eta=1.00e-01 mu=2.973e-01 retries=0
    COARSE build mode=mult profiles=2 K=2304 t_assembly=0.010s t_lu=0.173s t_cond=0.013s norm1=3.732e+05 inv_norm1_est=2.957e-02 rcond_est=9.062e-05 min|U_kk|=5.044e+02 max|U_kk|=6.217e+04 zero_pivots=0 mu=1.487e-01 assembly=colored factor=banded applications=144 color_period=6 kl=479 ku=479
    COARSE apply applications=7 t_apply_avg=2.507ms t_host_solve_avg=1.851ms
    LINEAR gmres+P-A+CC(mult,2) its=6 rel=6.8e-03 t=0.02s cycles=1 reorth=6 rec=6.8e-03 status=converged t_fact=0.00s singular_modes=0 mu=1.487e-01
  NEWTON gauss:0.5:24:i1o4 it= 4 r_F=2.440e-01 r_out=1.537e-04 lambda=1 |dx|max=1.54e-02 lin=gmres+P-A+CC(mult,2) rel=6.8e-03 lits=6 t_lin=0.0s |dx|2=4.83e-01 t_fact=0.20s eta=1.00e-01 mu=1.487e-01 retries=0
    COARSE build mode=mult profiles=2 K=2304 t_assembly=0.010s t_lu=0.176s t_cond=0.013s norm1=3.783e+05 inv_norm1_est=4.558e-02 rcond_est=5.799e-05 min|U_kk|=3.963e+02 max|U_kk|=6.055e+04 zero_pivots=0 mu=6.697e-02 assembly=colored factor=banded applications=144 color_period=6 kl=479 ku=479
    COARSE apply applications=13 t_apply_avg=2.533ms t_host_solve_avg=1.870ms
    LINEAR gmres+P-A+CC(mult,2) its=12 rel=7.7e-03 t=0.04s cycles=1 reorth=11 rec=7.7e-03 status=converged t_fact=0.00s singular_modes=0 mu=6.697e-02
  NEWTON gauss:0.5:24:i1o4 it= 5 r_F=1.099e-01 r_out=4.977e-05 lambda=1 |dx|max=1.40e-02 lin=gmres+P-A+CC(mult,2) rel=7.7e-03 lits=12 t_lin=0.0s |dx|2=4.81e-01 t_fact=0.20s eta=1.00e-01 mu=6.697e-02 retries=0
    COARSE build mode=mult profiles=2 K=2304 t_assembly=0.010s t_lu=0.182s t_cond=0.013s norm1=3.928e+05 inv_norm1_est=5.712e-02 rcond_est=4.457e-05 min|U_kk|=3.377e+02 max|U_kk|=5.982e+04 zero_pivots=0 mu=3.017e-02 assembly=colored factor=banded applications=144 color_period=6 kl=479 ku=479
    COARSE apply applications=22 t_apply_avg=2.528ms t_host_solve_avg=1.867ms
    LINEAR gmres+P-A+CC(mult,2) its=21 rel=8.7e-03 t=0.06s cycles=1 reorth=20 rec=8.7e-03 status=converged t_fact=0.00s singular_modes=0 mu=3.017e-02
  NEWTON gauss:0.5:24:i1o4 it= 6 r_F=5.747e-02 r_out=3.610e-05 lambda=1 |dx|max=1.32e-02 lin=gmres+P-A+CC(mult,2) rel=8.7e-03 lits=21 t_lin=0.1s |dx|2=5.72e-01 t_fact=0.21s eta=1.00e-01 mu=3.017e-02 retries=0
    COARSE build mode=mult profiles=2 K=2304 t_assembly=0.010s t_lu=0.199s t_cond=0.014s norm1=4.175e+05 inv_norm1_est=5.712e-02 rcond_est=4.193e-05 min|U_kk|=3.114e+02 max|U_kk|=5.944e+04 zero_pivots=0 mu=1.577e-02 assembly=colored factor=banded applications=144 color_period=6 kl=479 ku=479
    COARSE apply applications=36 t_apply_avg=2.476ms t_host_solve_avg=1.813ms
    LINEAR gmres+P-A+CC(mult,2) its=35 rel=9.8e-03 t=0.10s cycles=1 reorth=33 rec=9.8e-03 status=converged t_fact=0.00s singular_modes=0 mu=1.577e-02
  NEWTON gauss:0.5:24:i1o4 it= 7 r_F=3.690e-02 r_out=8.403e-05 lambda=1 |dx|max=1.40e-02 lin=gmres+P-A+CC(mult,2) rel=9.8e-03 lits=35 t_lin=0.1s |dx|2=6.98e-01 t_fact=0.22s eta=1.00e-01 mu=1.577e-02 retries=0
    COARSE build mode=mult profiles=2 K=2304 t_assembly=0.010s t_lu=0.191s t_cond=0.013s norm1=4.493e+05 inv_norm1_est=7.318e-02 rcond_est=3.041e-05 min|U_kk|=2.995e+02 max|U_kk|=7.106e+04 zero_pivots=0 mu=1.013e-02 assembly=colored factor=banded applications=144 color_period=6 kl=479 ku=479
    COARSE apply applications=49 t_apply_avg=2.538ms t_host_solve_avg=1.872ms
    LINEAR gmres+P-A+CC(mult,2) its=48 rel=9.1e-03 t=0.15s cycles=1 reorth=46 rec=9.1e-03 status=converged t_fact=0.00s singular_modes=0 mu=1.013e-02
  NEWTON gauss:0.5:24:i1o4 it= 8 r_F=2.696e-02 r_out=1.266e-04 lambda=1 |dx|max=1.66e-02 lin=gmres+P-A+CC(mult,2) rel=9.1e-03 lits=48 t_lin=0.2s |dx|2=7.29e-01 t_fact=0.22s eta=1.00e-01 mu=1.013e-02 retries=0
    COARSE build mode=mult profiles=2 K=2304 t_assembly=0.010s t_lu=0.191s t_cond=0.013s norm1=4.782e+05 inv_norm1_est=8.604e-02 rcond_est=2.431e-05 min|U_kk|=2.927e+02 max|U_kk|=6.175e+04 zero_pivots=0 mu=7.401e-03 assembly=colored factor=banded applications=144 color_period=6 kl=479 ku=479
    COARSE apply applications=63 t_apply_avg=2.691ms t_host_solve_avg=1.995ms
    LINEAR gmres+P-A+CC(mult,2) its=62 rel=8.9e-03 t=0.21s cycles=1 reorth=60 rec=8.9e-03 status=converged t_fact=0.00s singular_modes=0 mu=7.401e-03
  NEWTON gauss:0.5:24:i1o4 it= 9 r_F=1.861e-02 r_out=1.044e-04 lambda=1 |dx|max=1.48e-02 lin=gmres+P-A+CC(mult,2) rel=8.9e-03 lits=62 t_lin=0.2s |dx|2=6.28e-01 t_fact=0.22s eta=1.00e-01 mu=7.401e-03 retries=0
    COARSE build mode=mult profiles=2 K=2304 t_assembly=0.010s t_lu=0.192s t_cond=0.018s norm1=4.987e+05 inv_norm1_est=1.772e-01 rcond_est=1.132e-05 min|U_kk|=2.457e+02 max|U_kk|=5.890e+04 zero_pivots=0 mu=5.108e-03 assembly=colored factor=banded applications=144 color_period=6 kl=479 ku=479
    COARSE apply applications=75 t_apply_avg=2.563ms t_host_solve_avg=1.901ms
    LINEAR gmres+P-A+CC(mult,2) its=74 rel=9.7e-03 t=0.25s cycles=1 reorth=73 rec=9.7e-03 status=converged t_fact=0.00s singular_modes=0 mu=5.108e-03
  NEWTON gauss:0.5:24:i1o4 it=10 r_F=1.173e-02 r_out=7.040e-05 lambda=1 |dx|max=1.16e-02 lin=gmres+P-A+CC(mult,2) rel=9.7e-03 lits=74 t_lin=0.3s |dx|2=4.99e-01 t_fact=0.22s eta=1.00e-01 mu=5.108e-03 retries=0
    COARSE build mode=mult profiles=2 K=2304 t_assembly=0.009s t_lu=0.193s t_cond=0.012s norm1=5.116e+05 inv_norm1_est=2.730e-01 rcond_est=7.160e-06 min|U_kk|=2.812e+02 max|U_kk|=5.879e+04 zero_pivots=0 mu=3.221e-03 assembly=colored factor=banded applications=144 color_period=6 kl=479 ku=479
    COARSE apply applications=90 t_apply_avg=2.222ms t_host_solve_avg=1.594ms
    LINEAR gmres+P-A+CC(mult,2) its=89 rel=9.1e-03 t=0.28s cycles=1 reorth=86 rec=9.1e-03 status=converged t_fact=0.00s singular_modes=0 mu=3.221e-03
  NEWTON gauss:0.5:24:i1o4 it=11 r_F=6.114e-03 r_out=3.651e-05 lambda=1 |dx|max=7.99e-03 lin=gmres+P-A+CC(mult,2) rel=9.1e-03 lits=89 t_lin=0.3s |dx|2=3.47e-01 t_fact=0.21s eta=1.00e-01 mu=3.221e-03 retries=0
    COARSE build mode=mult profiles=2 K=2304 t_assembly=0.009s t_lu=0.203s t_cond=0.019s norm1=5.186e+05 inv_norm1_est=8.864e-01 rcond_est=2.175e-06 min|U_kk|=2.369e+02 max|U_kk|=5.871e+04 zero_pivots=0 mu=1.678e-03 assembly=colored factor=banded applications=144 color_period=6 kl=479 ku=479
    COARSE apply applications=101 t_apply_avg=2.213ms t_host_solve_avg=1.596ms
    LINEAR gmres+P-A+CC(mult,2) its=100 rel=1.1e-02 t=0.31s cycles=1 reorth=98 rec=1.1e-02 status=converged t_fact=0.00s singular_modes=0 mu=1.678e-03
  NEWTON gauss:0.5:24:i1o4 it=12 r_F=2.254e-03 r_out=1.349e-05 lambda=1 |dx|max=4.36e-03 lin=gmres+P-A+CC(mult,2) rel=1.1e-02 lits=100 t_lin=0.3s |dx|2=1.95e-01 t_fact=0.23s eta=1.00e-01 mu=1.678e-03 retries=0
    COARSE build mode=mult profiles=2 K=2304 t_assembly=0.009s t_lu=0.199s t_cond=0.012s norm1=5.218e+05 inv_norm1_est=2.588e+00 rcond_est=7.404e-07 min|U_kk|=2.338e+02 max|U_kk|=5.867e+04 zero_pivots=0 mu=6.188e-04 assembly=colored factor=banded applications=144 color_period=6 kl=479 ku=479
    COARSE apply applications=101 t_apply_avg=2.216ms t_host_solve_avg=1.599ms
    LINEAR gmres+P-A+CC(mult,2) its=100 rel=2.1e-02 t=0.31s cycles=1 reorth=98 rec=2.1e-02 status=converged t_fact=0.00s singular_modes=0 mu=6.188e-04
  NEWTON gauss:0.5:24:i1o4 it=13 r_F=3.806e-04 r_out=2.458e-06 lambda=1 |dx|max=1.71e-03 lin=gmres+P-A+CC(mult,2) rel=2.1e-02 lits=100 t_lin=0.3s |dx|2=7.19e-02 t_fact=0.22s eta=1.00e-01 mu=6.188e-04 retries=0
    COARSE build mode=mult profiles=2 K=2304 t_assembly=0.009s t_lu=0.197s t_cond=0.017s norm1=5.230e+05 inv_norm1_est=1.037e+00 rcond_est=1.843e-06 min|U_kk|=2.362e+02 max|U_kk|=6.228e+04 zero_pivots=0 mu=1.045e-04 assembly=colored factor=banded applications=144 color_period=6 kl=479 ku=479
    COARSE apply applications=187 t_apply_avg=2.210ms t_host_solve_avg=1.596ms
    LINEAR gmres+P-A+CC(mult,2) its=185 rel=2.5e-03 t=0.57s cycles=2 reorth=182 rec=2.5e-03 status=converged t_fact=0.00s singular_modes=0 mu=1.045e-04
  NEWTON gauss:0.5:24:i1o4 it=14 r_F=1.303e-05 r_out=8.658e-08 lambda=1 |dx|max=3.03e-04 lin=gmres+P-A+CC(mult,2) rel=2.5e-03 lits=185 t_lin=0.6s |dx|2=1.15e-02 t_fact=0.22s eta=2.57e-02 mu=1.045e-04 retries=0
    COARSE build mode=mult profiles=2 K=2304 t_assembly=0.009s t_lu=0.197s t_cond=0.026s norm1=5.232e+05 inv_norm1_est=1.127e+00 rcond_est=1.695e-06 min|U_kk|=2.354e+02 max|U_kk|=5.865e+04 zero_pivots=0 mu=3.577e-06 assembly=colored factor=banded applications=144 color_period=6 kl=479 ku=479
    COARSE apply applications=202 t_apply_avg=2.213ms t_host_solve_avg=1.597ms
    LINEAR gmres+P-A+CC(mult,2) its=200 rel=7.5e-04 t=0.63s cycles=2 reorth=197 rec=7.5e-04 status=converged t_fact=0.00s singular_modes=0 mu=3.577e-06
  NEWTON gauss:0.5:24:i1o4 it=15 r_F=1.682e-08 r_out=2.498e-10 lambda=1 |dx|max=9.33e-06 lin=gmres+P-A+CC(mult,2) rel=7.5e-04 lits=200 t_lin=0.6s |dx|2=3.32e-04 t_fact=0.23s eta=1.06e-03 mu=3.577e-06 retries=0
    COARSE build mode=mult profiles=2 K=2304 t_assembly=0.009s t_lu=0.198s t_cond=0.017s norm1=5.232e+05 inv_norm1_est=1.131e+00 rcond_est=1.690e-06 min|U_kk|=2.354e+02 max|U_kk|=5.865e+04 zero_pivots=0 mu=4.619e-09 assembly=colored factor=banded applications=144 color_period=6 kl=479 ku=479
    COARSE apply applications=404 t_apply_avg=2.316ms t_host_solve_avg=1.698ms
    LINEAR gmres+P-A+CC(mult,2) its=400 rel=1.3e-06 t=1.30s cycles=4 reorth=391 rec=1.3e-06 status=converged t_fact=0.00s singular_modes=0 mu=4.619e-09
  NEWTON gauss:0.5:24:i1o4 it=16 r_F=4.740e-14 r_out=8.302e-16 lambda=1 |dx|max=1.12e-08 lin=gmres+P-A+CC(mult,2) rel=1.3e-06 lits=400 t_lin=1.3s |dx|2=3.67e-07 t_fact=0.22s eta=2.97e-06 mu=4.619e-09 retries=0
  STAGE_END field=gauss eps=0.5 N=24 cand=i1o4 status=converged its=16 r_F=4.740e-14 r_out=8.302e-16 -> accepted
PATH field=gauss eps=0.5 N=24 cand=i1o4 continuation path: 0.25->0.5
GMRES_STATS field=gauss eps=0.5 N=24 stage_eps=0.25 status=converged newton_its=16 steps=16 its_max=49 its_median=8.5 its_total=210 rel_max=9.8e-03 linear_failures=0 forcing=ew etas=1.00e-01,1.00e-01,1.00e-01,1.00e-01,1.00e-01,1.00e-01,1.00e-01,1.00e-01,1.00e-01,1.00e-01,1.00e-01,1.00e-01,4.72e-02,3.33e-03,1.18e-05,2.23e-02 psitc=on mus=1.00e+00,5.63e-01,3.15e-01,1.63e-01,7.35e-02,3.13e-02,1.56e-02,9.78e-03,6.72e-03,4.26e-03,2.33e-03,9.55e-04,2.19e-04,1.33e-05,4.81e-08,6.29e-13
GMRES_STATS field=gauss eps=0.5 N=24 stage_eps=0.5 status=converged newton_its=16 steps=16 its_max=400 its_median=55.0 its_total=1341 rel_max=2.1e-02 linear_failures=0 forcing=ew etas=1.00e-01,1.00e-01,1.00e-01,1.00e-01,1.00e-01,1.00e-01,1.00e-01,1.00e-01,1.00e-01,1.00e-01,1.00e-01,1.00e-01,1.00e-01,2.57e-02,1.06e-03,2.97e-06 psitc=on mus=1.00e+00,5.50e-01,2.97e-01,1.49e-01,6.70e-02,3.02e-02,1.58e-02,1.01e-02,7.40e-03,5.11e-03,3.22e-03,1.68e-03,6.19e-04,1.04e-04,3.58e-06,4.62e-09
CASE field=gauss eps=0.5 N=24 cand=i1o4 | r_F=4.740e-14 its=16 | e_v=8.474e-03 e_psi=6.831e-02 e_i=(6.569e-03,3.721e-03) e_div=2.053e-02 min_c=2.392e-01 p0.1=2.758e-01 p1=3.772e-01 p5=5.183e-01 p50=9.444e-01 | t=11.9 | e_psi1=6.831e-02 e_psi2=4.405e-02
CASE field=gauss eps=0.5 N=24 cand=oracle_fd4 | r_F=nan its=nan | e_v=7.278e-03 e_psi=2.045e-17 e_i=(2.664e-03,7.688e-04) e_div=4.242e-02 min_c=2.391e-01 p0.1=2.756e-01 p1=3.762e-01 p5=5.189e-01 p50=9.442e-01 | t=0.0 | e_psi1=9.459e-19 e_psi2=2.045e-17
EXTRA field=gauss eps=0.5 N=24 cand=i1o4 status=converged r_F=4.740e-14 r_out=8.302e-16 | outlet c_perp-vperp_in: cand=8.302e-16 oracle_fd=1.937e-03 | inlet oblique defect (c x e1 - vperp_in x e1)/v_rms: j=0(one-sided) cand=1.025e-02 oracle_fd=1.532e-03; j=1 cand=5.896e-02 oracle_fd=5.862e-02; j=1 vs vD(j=1) cand=9.706e-03 oracle_fd=6.519e-04 | min|c|/v_rms=0.2213 min|vD|/v_rms=0.2216 e_i1=6.569e-03 e_i2=3.721e-03 | t=11.9s | a_psi1=4.305e-03 a_psi2=2.106e-03 (FD order 4)
HISTORY field=gauss eps=0.5 N=24 cand=i1o4 r_F: 3.64e+00 2.00e+00 1.08e+00 5.42e-01 2.44e-01 1.10e-01 5.75e-02 3.69e-02 2.70e-02 1.86e-02 1.17e-02 6.11e-03 2.25e-03 3.81e-04 1.30e-05 1.68e-08 4.74e-14
HISTORY field=gauss eps=0.5 N=24 cand=i1o4 r_out: 7.21e-02 7.19e-03 9.33e-04 3.37e-04 1.54e-04 4.98e-05 3.61e-05 8.40e-05 1.27e-04 1.04e-04 7.04e-05 3.65e-05 1.35e-05 2.46e-06 8.66e-08 2.50e-10 8.30e-16
HISTORY_FULL field=gauss eps=0.5 N=24 cand=i1o4 r_F: 3.64233939137381846e+00 2.00495745304123263e+00 1.08293560757079144e+00 5.41759676040071358e-01 2.43974050853593943e-01 1.09896074883038375e-01 5.74662292528240540e-02 3.69045274784921343e-02 2.69621154012417465e-02 1.86079246809952720e-02 1.17340884443423339e-02 6.11355435114047108e-03 2.25418540136775383e-03 3.80593452960696871e-04 1.30318386686816408e-05 1.68247022543956629e-08 4.74000748938095255e-14
HISTORY_FULL field=gauss eps=0.5 N=24 cand=i1o4 r_out: 7.20527485928079414e-02 7.19425491690527628e-03 9.33429615138551693e-04 3.37249598898342292e-04 1.53748591356603787e-04 4.97716062472793014e-05 3.60983263765207385e-05 8.40274210207847641e-05 1.26613345885550022e-04 1.04430621367227706e-04 7.04023818500474258e-05 3.65072927550787931e-05 1.34918924997422562e-05 2.45791137539315297e-06 8.65756803492430109e-08 2.49773685024597335e-10 8.30209245963120055e-16
FIELDDIFF max_rel_diff_u1=6.986e-14 max_rel_diff_u2=8.963e-14 max_rel_diff_joint=7.579e-14 max_abs_diff_u1=1.341e-14 max_abs_diff_u2=1.455e-14 max_abs_u_proto=(1.920e-01,1.623e-01) (rel: max|u_gpu - u_proto| / max|u_proto| over planes 0..N; joint: max abs diff / max over both fields; prototype /home/sesquerre/MacroFlow3D-SF-33/docs/experiments/artifacts/2026-10-06-sf33-gpu-inlet-labels/exports/solutions/gauss_0.5_24_i1o4 status=converged its=8 path=0.25(fail)->0.125->0.25->0.5(fail)->0.375->0.5 r_F=1.224e-14)
TIMING load=0.007s metrics=0.002s prepare=0.067s solve=11.900s total=11.979s
MEMORY peak_device_bytes=554696704 free_min=33535033344 total_device=34089730048 workspaces_bytes=36219551 (peak/free: cudaMemGetInfo polls before/after every phase, device-wide)
SUMMARY_JSON /home/sesquerre/MacroFlow3D-SF-33/docs/experiments/artifacts/2026-10-06-sf33-gpu-inlet-labels/raw/proto_b/gauss_0.5_24.json
STATUS converged
