command: /home/sesquerre/MacroFlow3D-SF-33/build/v100-release/inlet_slab --proto /home/sesquerre/MacroFlow3D-SF-33/docs/experiments/artifacts/2026-10-06-sf33-gpu-inlet-labels/exports/gauss_0.5_16 --solution /home/sesquerre/MacroFlow3D-SF-33/docs/experiments/artifacts/2026-10-06-sf33-gpu-inlet-labels/exports/solutions/gauss_0.5_16_i1o4 --summary /home/sesquerre/MacroFlow3D-SF-33/docs/experiments/artifacts/2026-10-06-sf33-gpu-inlet-labels/raw/proto_b/gauss_0.5_16.json
CASE_DIR /home/sesquerre/MacroFlow3D-SF-33/docs/experiments/artifacts/2026-10-06-sf33-gpu-inlet-labels/exports/gauss_0.5_16 field=gauss eps=0.5 N=16 nphi=32 Q0=0.999999999790303 inlet_vmin=3.833921e-01 v_rms=1.08116674059215 cache_hit=0 stage_amplitudes=32 target_eps=0.5
SETUP grad_lnk=analytic (prototype export: complex-step gradient of the analytic ln k at the vertices)
SOLVER N=16 eps=0.5 cand=i1o4 newton_tol=1.0e-13 max_newton=120 lin_tol=1.0e-12 restart=100 max_inner=6000 bisect=4 prec=P-A ladder=(0.25,0.5,1) stage_ok=1e-09 forcing=ew ew_gamma=0.9 ew_alpha=2 ew_eta0=0.1 ew_eta_max=0.1 ew_eta_min=1.0e-12 psitc=on psitc_mu0=1 psitc_mu_max=100 psitc_norm=merit psitc_retries=4 psitc_retry_factor=4 stagnation_window=5 stagnation_factor=0.5 gmres_stagnation_factor=0.9 coarse=mult coarse_profiles=2 coarse_assembly=colored coarse_factor=banded
SOLVER_COARSE mode=mult profiles=2 K=1024 assembly=colored factor=banded (SF-33 N7c probe: Galerkin coarse correction on the x1-constant + x1-linear column subspace, rebuilt with P-A at every factor)
STAGE field=gauss eps=0.25 N=16 cand=i1o4 (from eps=0, u=0)
  NEWTON gauss:0.25:16:i1o4 it= 0 r_F=2.567e+00 r_out=6.530e-02
    COARSE build mode=mult profiles=2 K=1024 t_assembly=0.018s t_lu=0.028s t_cond=0.003s norm1=6.738e+04 inv_norm1_est=9.321e-03 rcond_est=1.592e-03 min|U_kk|=5.154e+02 max|U_kk|=1.735e+04 zero_pivots=0 mu=1.000e+00 assembly=colored factor=banded applications=256 color_period=8 kl=319 ku=319
    COARSE apply applications=3 t_apply_avg=0.661ms t_host_solve_avg=0.361ms
    LINEAR gmres+P-A+CC(mult,2) its=2 rel=2.5e-03 t=0.00s cycles=1 reorth=2 rec=2.5e-03 status=converged t_fact=0.00s singular_modes=0 mu=1.000e+00
  NEWTON gauss:0.25:16:i1o4 it= 1 r_F=1.343e+00 r_out=3.926e-03 lambda=1 |dx|max=3.80e-02 lin=gmres+P-A+CC(mult,2) rel=2.5e-03 lits=2 t_lin=0.0s |dx|2=4.69e-01 t_fact=0.05s eta=1.00e-01 mu=1.000e+00 retries=0
    COARSE build mode=mult profiles=2 K=1024 t_assembly=0.015s t_lu=0.028s t_cond=0.003s norm1=6.332e+04 inv_norm1_est=1.688e-02 rcond_est=9.354e-04 min|U_kk|=3.754e+02 max|U_kk|=1.505e+04 zero_pivots=0 mu=5.230e-01 assembly=colored factor=banded applications=256 color_period=8 kl=319 ku=319
    COARSE apply applications=3 t_apply_avg=0.660ms t_host_solve_avg=0.364ms
    LINEAR gmres+P-A+CC(mult,2) its=2 rel=4.5e-03 t=0.00s cycles=1 reorth=2 rec=4.5e-03 status=converged t_fact=0.00s singular_modes=0 mu=5.230e-01
  NEWTON gauss:0.25:16:i1o4 it= 2 r_F=5.930e-01 r_out=5.962e-04 lambda=1 |dx|max=2.25e-02 lin=gmres+P-A+CC(mult,2) rel=4.5e-03 lits=2 t_lin=0.0s |dx|2=4.00e-01 t_fact=0.05s eta=1.00e-01 mu=5.230e-01 retries=0
    COARSE build mode=mult profiles=2 K=1024 t_assembly=0.015s t_lu=0.028s t_cond=0.003s norm1=6.153e+04 inv_norm1_est=3.254e-02 rcond_est=4.995e-04 min|U_kk|=2.715e+02 max|U_kk|=1.366e+04 zero_pivots=0 mu=2.309e-01 assembly=colored factor=banded applications=256 color_period=8 kl=319 ku=319
    COARSE apply applications=4 t_apply_avg=0.647ms t_host_solve_avg=0.360ms
    LINEAR gmres+P-A+CC(mult,2) its=3 rel=1.9e-03 t=0.00s cycles=1 reorth=3 rec=1.9e-03 status=converged t_fact=0.00s singular_modes=0 mu=2.309e-01
  NEWTON gauss:0.25:16:i1o4 it= 3 r_F=2.095e-01 r_out=8.822e-05 lambda=1 |dx|max=1.74e-02 lin=gmres+P-A+CC(mult,2) rel=1.9e-03 lits=3 t_lin=0.0s |dx|2=3.18e-01 t_fact=0.05s eta=1.00e-01 mu=2.309e-01 retries=0
    COARSE build mode=mult profiles=2 K=1024 t_assembly=0.015s t_lu=0.028s t_cond=0.003s norm1=6.073e+04 inv_norm1_est=6.045e-02 rcond_est=2.724e-04 min|U_kk|=2.040e+02 max|U_kk|=1.297e+04 zero_pivots=0 mu=8.157e-02 assembly=colored factor=banded applications=256 color_period=8 kl=319 ku=319
    COARSE apply applications=4 t_apply_avg=0.652ms t_host_solve_avg=0.366ms
    LINEAR gmres+P-A+CC(mult,2) its=3 rel=8.1e-03 t=0.00s cycles=1 reorth=3 rec=8.1e-03 status=converged t_fact=0.00s singular_modes=0 mu=8.157e-02
  NEWTON gauss:0.25:16:i1o4 it= 4 r_F=7.436e-02 r_out=6.390e-05 lambda=1 |dx|max=1.73e-02 lin=gmres+P-A+CC(mult,2) rel=8.1e-03 lits=3 t_lin=0.0s |dx|2=3.17e-01 t_fact=0.05s eta=1.00e-01 mu=8.157e-02 retries=0
    COARSE build mode=mult profiles=2 K=1024 t_assembly=0.015s t_lu=0.028s t_cond=0.003s norm1=6.122e+04 inv_norm1_est=8.681e-02 rcond_est=1.882e-04 min|U_kk|=1.717e+02 max|U_kk|=1.273e+04 zero_pivots=0 mu=2.896e-02 assembly=colored factor=banded applications=256 color_period=8 kl=319 ku=319
    COARSE apply applications=6 t_apply_avg=0.959ms t_host_solve_avg=0.649ms
    LINEAR gmres+P-A+CC(mult,2) its=5 rel=4.2e-03 t=0.01s cycles=1 reorth=5 rec=4.2e-03 status=converged t_fact=0.00s singular_modes=0 mu=2.896e-02
  NEWTON gauss:0.25:16:i1o4 it= 5 r_F=3.720e-02 r_out=5.419e-05 lambda=1 |dx|max=1.88e-02 lin=gmres+P-A+CC(mult,2) rel=4.2e-03 lits=5 t_lin=0.0s |dx|2=4.50e-01 t_fact=0.05s eta=1.00e-01 mu=2.896e-02 retries=0
    COARSE build mode=mult profiles=2 K=1024 t_assembly=0.016s t_lu=0.064s t_cond=0.005s norm1=6.714e+04 inv_norm1_est=8.968e-02 rcond_est=1.661e-04 min|U_kk|=1.592e+02 max|U_kk|=1.265e+04 zero_pivots=0 mu=1.449e-02 assembly=colored factor=banded applications=256 color_period=8 kl=319 ku=319
    COARSE apply applications=7 t_apply_avg=0.894ms t_host_solve_avg=0.592ms
    LINEAR gmres+P-A+CC(mult,2) its=6 rel=9.5e-03 t=0.01s cycles=1 reorth=5 rec=9.5e-03 status=converged t_fact=0.00s singular_modes=0 mu=1.449e-02
  NEWTON gauss:0.25:16:i1o4 it= 6 r_F=2.342e-02 r_out=9.758e-05 lambda=1 |dx|max=2.26e-02 lin=gmres+P-A+CC(mult,2) rel=9.5e-03 lits=6 t_lin=0.0s |dx|2=4.98e-01 t_fact=0.09s eta=1.00e-01 mu=1.449e-02 retries=0
    COARSE build mode=mult profiles=2 K=1024 t_assembly=0.016s t_lu=0.042s t_cond=0.004s norm1=7.255e+04 inv_norm1_est=1.005e-01 rcond_est=1.372e-04 min|U_kk|=1.528e+02 max|U_kk|=1.262e+04 zero_pivots=0 mu=9.121e-03 assembly=colored factor=banded applications=256 color_period=8 kl=319 ku=319
    COARSE apply applications=8 t_apply_avg=0.750ms t_host_solve_avg=0.455ms
    LINEAR gmres+P-A+CC(mult,2) its=7 rel=9.4e-03 t=0.01s cycles=1 reorth=6 rec=9.4e-03 status=converged t_fact=0.00s singular_modes=0 mu=9.121e-03
  NEWTON gauss:0.25:16:i1o4 it= 7 r_F=1.185e-02 r_out=5.771e-05 lambda=1 |dx|max=1.74e-02 lin=gmres+P-A+CC(mult,2) rel=9.4e-03 lits=7 t_lin=0.0s |dx|2=3.72e-01 t_fact=0.06s eta=1.00e-01 mu=9.121e-03 retries=0
    COARSE build mode=mult profiles=2 K=1024 t_assembly=0.015s t_lu=0.034s t_cond=0.003s norm1=7.603e+04 inv_norm1_est=1.125e-01 rcond_est=1.169e-04 min|U_kk|=1.474e+02 max|U_kk|=1.259e+04 zero_pivots=0 mu=4.615e-03 assembly=colored factor=banded applications=256 color_period=8 kl=319 ku=319
    COARSE apply applications=10 t_apply_avg=0.669ms t_host_solve_avg=0.384ms
    LINEAR gmres+P-A+CC(mult,2) its=9 rel=5.3e-03 t=0.01s cycles=1 reorth=8 rec=5.3e-03 status=converged t_fact=0.00s singular_modes=0 mu=4.615e-03
  NEWTON gauss:0.25:16:i1o4 it= 8 r_F=4.604e-03 r_out=2.336e-05 lambda=1 |dx|max=1.08e-02 lin=gmres+P-A+CC(mult,2) rel=5.3e-03 lits=9 t_lin=0.0s |dx|2=2.35e-01 t_fact=0.05s eta=1.00e-01 mu=4.615e-03 retries=0
    COARSE build mode=mult profiles=2 K=1024 t_assembly=0.015s t_lu=0.029s t_cond=0.003s norm1=7.795e+04 inv_norm1_est=1.221e-01 rcond_est=1.050e-04 min|U_kk|=1.438e+02 max|U_kk|=1.258e+04 zero_pivots=0 mu=1.793e-03 assembly=colored factor=banded applications=256 color_period=8 kl=319 ku=319
    COARSE apply applications=11 t_apply_avg=0.637ms t_host_solve_avg=0.347ms
    LINEAR gmres+P-A+CC(mult,2) its=10 rel=5.8e-03 t=0.01s cycles=1 reorth=9 rec=5.8e-03 status=converged t_fact=0.00s singular_modes=0 mu=1.793e-03
  NEWTON gauss:0.25:16:i1o4 it= 9 r_F=8.129e-04 r_out=4.086e-06 lambda=1 |dx|max=4.23e-03 lin=gmres+P-A+CC(mult,2) rel=5.8e-03 lits=10 t_lin=0.0s |dx|2=9.37e-02 t_fact=0.05s eta=1.00e-01 mu=1.793e-03 retries=0
    COARSE build mode=mult profiles=2 K=1024 t_assembly=0.015s t_lu=0.028s t_cond=0.003s norm1=7.864e+04 inv_norm1_est=1.279e-01 rcond_est=9.943e-05 min|U_kk|=1.419e+02 max|U_kk|=1.257e+04 zero_pivots=0 mu=3.166e-04 assembly=colored factor=banded applications=256 color_period=8 kl=319 ku=319
    COARSE apply applications=14 t_apply_avg=0.639ms t_host_solve_avg=0.350ms
    LINEAR gmres+P-A+CC(mult,2) its=13 rel=1.6e-03 t=0.01s cycles=1 reorth=12 rec=1.6e-03 status=converged t_fact=0.00s singular_modes=0 mu=3.166e-04
  NEWTON gauss:0.25:16:i1o4 it=10 r_F=3.275e-05 r_out=1.429e-07 lambda=1 |dx|max=7.39e-04 lin=gmres+P-A+CC(mult,2) rel=1.6e-03 lits=13 t_lin=0.0s |dx|2=1.68e-02 t_fact=0.05s eta=2.81e-02 mu=3.166e-04 retries=0
    COARSE build mode=mult profiles=2 K=1024 t_assembly=0.015s t_lu=0.028s t_cond=0.003s norm1=7.877e+04 inv_norm1_est=1.291e-01 rcond_est=9.830e-05 min|U_kk|=1.416e+02 max|U_kk|=1.257e+04 zero_pivots=0 mu=1.276e-05 assembly=colored factor=banded applications=256 color_period=8 kl=319 ku=319
    COARSE apply applications=18 t_apply_avg=0.634ms t_host_solve_avg=0.350ms
    LINEAR gmres+P-A+CC(mult,2) its=17 rel=1.4e-04 t=0.02s cycles=1 reorth=16 rec=1.4e-04 status=converged t_fact=0.00s singular_modes=0 mu=1.276e-05
  NEWTON gauss:0.25:16:i1o4 it=11 r_F=4.465e-08 r_out=2.677e-10 lambda=1 |dx|max=2.35e-05 lin=gmres+P-A+CC(mult,2) rel=1.4e-04 lits=17 t_lin=0.0s |dx|2=5.51e-04 t_fact=0.05s eta=1.46e-03 mu=1.276e-05 retries=0
    COARSE build mode=mult profiles=2 K=1024 t_assembly=0.015s t_lu=0.028s t_cond=0.003s norm1=7.878e+04 inv_norm1_est=1.292e-01 rcond_est=9.826e-05 min|U_kk|=1.415e+02 max|U_kk|=1.257e+04 zero_pivots=0 mu=1.739e-08 assembly=colored factor=banded applications=256 color_period=8 kl=319 ku=319
    COARSE apply applications=31 t_apply_avg=0.641ms t_host_solve_avg=0.352ms
    LINEAR gmres+P-A+CC(mult,2) its=30 rel=9.9e-08 t=0.03s cycles=1 reorth=29 rec=9.9e-08 status=converged t_fact=0.00s singular_modes=0 mu=1.739e-08
  NEWTON gauss:0.25:16:i1o4 it=12 r_F=9.634e-14 r_out=3.931e-16 lambda=1 |dx|max=2.98e-08 lin=gmres+P-A+CC(mult,2) rel=9.9e-08 lits=30 t_lin=0.0s |dx|2=7.33e-07 t_fact=0.05s eta=1.67e-06 mu=1.739e-08 retries=0
  STAGE_END field=gauss eps=0.25 N=16 cand=i1o4 status=converged its=12 r_F=9.634e-14 r_out=3.931e-16 -> accepted
STAGE field=gauss eps=0.5 N=16 cand=i1o4 (from eps=0.25, warm start)
  NEWTON gauss:0.5:16:i1o4 it= 0 r_F=2.529e+00 r_out=7.205e-02
    COARSE build mode=mult profiles=2 K=1024 t_assembly=0.015s t_lu=0.027s t_cond=0.003s norm1=1.098e+05 inv_norm1_est=1.546e-02 rcond_est=5.887e-04 min|U_kk|=3.718e+02 max|U_kk|=2.333e+04 zero_pivots=0 mu=1.000e+00 assembly=colored factor=banded applications=256 color_period=8 kl=319 ku=319
    COARSE apply applications=4 t_apply_avg=0.608ms t_host_solve_avg=0.349ms
    LINEAR gmres+P-A+CC(mult,2) its=3 rel=3.8e-03 t=0.00s cycles=1 reorth=3 rec=3.8e-03 status=converged t_fact=0.00s singular_modes=0 mu=1.000e+00
  NEWTON gauss:0.5:16:i1o4 it= 1 r_F=1.307e+00 r_out=5.365e-03 lambda=1 |dx|max=3.83e-02 lin=gmres+P-A+CC(mult,2) rel=3.8e-03 lits=3 t_lin=0.0s |dx|2=4.69e-01 t_fact=0.05s eta=1.00e-01 mu=1.000e+00 retries=0
    COARSE build mode=mult profiles=2 K=1024 t_assembly=0.014s t_lu=0.027s t_cond=0.003s norm1=1.040e+05 inv_norm1_est=2.856e-02 rcond_est=3.366e-04 min|U_kk|=2.706e+02 max|U_kk|=2.029e+04 zero_pivots=0 mu=5.167e-01 assembly=colored factor=banded applications=256 color_period=8 kl=319 ku=319
    COARSE apply applications=4 t_apply_avg=0.608ms t_host_solve_avg=0.352ms
    LINEAR gmres+P-A+CC(mult,2) its=3 rel=9.0e-03 t=0.00s cycles=1 reorth=3 rec=9.0e-03 status=converged t_fact=0.00s singular_modes=0 mu=5.167e-01
  NEWTON gauss:0.5:16:i1o4 it= 2 r_F=5.676e-01 r_out=9.733e-04 lambda=1 |dx|max=2.38e-02 lin=gmres+P-A+CC(mult,2) rel=9.0e-03 lits=3 t_lin=0.0s |dx|2=3.98e-01 t_fact=0.04s eta=1.00e-01 mu=5.167e-01 retries=0
    COARSE build mode=mult profiles=2 K=1024 t_assembly=0.014s t_lu=0.027s t_cond=0.003s norm1=1.019e+05 inv_norm1_est=5.371e-02 rcond_est=1.826e-04 min|U_kk|=1.970e+02 max|U_kk|=1.851e+04 zero_pivots=0 mu=2.243e-01 assembly=colored factor=banded applications=256 color_period=8 kl=319 ku=319
    COARSE apply applications=6 t_apply_avg=0.605ms t_host_solve_avg=0.350ms
    LINEAR gmres+P-A+CC(mult,2) its=5 rel=7.1e-03 t=0.00s cycles=1 reorth=5 rec=7.1e-03 status=converged t_fact=0.00s singular_modes=0 mu=2.243e-01
  NEWTON gauss:0.5:16:i1o4 it= 3 r_F=2.058e-01 r_out=2.361e-04 lambda=1 |dx|max=1.87e-02 lin=gmres+P-A+CC(mult,2) rel=7.1e-03 lits=5 t_lin=0.0s |dx|2=3.27e-01 t_fact=0.04s eta=1.00e-01 mu=2.243e-01 retries=0
    COARSE build mode=mult profiles=2 K=1024 t_assembly=0.014s t_lu=0.073s t_cond=0.005s norm1=1.032e+05 inv_norm1_est=7.689e-02 rcond_est=1.260e-04 min|U_kk|=1.529e+02 max|U_kk|=1.766e+04 zero_pivots=0 mu=8.132e-02 assembly=colored factor=banded applications=256 color_period=8 kl=319 ku=319
    COARSE apply applications=9 t_apply_avg=0.894ms t_host_solve_avg=0.618ms
    LINEAR gmres+P-A+CC(mult,2) its=8 rel=7.9e-03 t=0.01s cycles=1 reorth=8 rec=7.9e-03 status=converged t_fact=0.00s singular_modes=0 mu=8.132e-02
  NEWTON gauss:0.5:16:i1o4 it= 4 r_F=7.846e-02 r_out=6.019e-05 lambda=1 |dx|max=1.61e-02 lin=gmres+P-A+CC(mult,2) rel=7.9e-03 lits=8 t_lin=0.0s |dx|2=3.43e-01 t_fact=0.09s eta=1.00e-01 mu=8.132e-02 retries=0
    COARSE build mode=mult profiles=2 K=1024 t_assembly=0.014s t_lu=0.044s t_cond=0.004s norm1=1.061e+05 inv_norm1_est=1.022e-01 rcond_est=9.216e-05 min|U_kk|=1.340e+02 max|U_kk|=1.735e+04 zero_pivots=0 mu=3.101e-02 assembly=colored factor=banded applications=256 color_period=8 kl=319 ku=319
    COARSE apply applications=14 t_apply_avg=0.729ms t_host_solve_avg=0.464ms
    LINEAR gmres+P-A+CC(mult,2) its=13 rel=8.1e-03 t=0.01s cycles=1 reorth=12 rec=8.1e-03 status=converged t_fact=0.00s singular_modes=0 mu=3.101e-02
  NEWTON gauss:0.5:16:i1o4 it= 5 r_F=4.058e-02 r_out=1.027e-04 lambda=1 |dx|max=1.62e-02 lin=gmres+P-A+CC(mult,2) rel=8.1e-03 lits=13 t_lin=0.0s |dx|2=4.59e-01 t_fact=0.06s eta=1.00e-01 mu=3.101e-02 retries=0
    COARSE build mode=mult profiles=2 K=1024 t_assembly=0.014s t_lu=0.034s t_cond=0.003s norm1=1.102e+05 inv_norm1_est=1.189e-01 rcond_est=7.628e-05 min|U_kk|=1.273e+02 max|U_kk|=1.722e+04 zero_pivots=0 mu=1.604e-02 assembly=colored factor=banded applications=256 color_period=8 kl=319 ku=319
    COARSE apply applications=22 t_apply_avg=0.650ms t_host_solve_avg=0.390ms
    LINEAR gmres+P-A+CC(mult,2) its=21 rel=7.5e-03 t=0.02s cycles=1 reorth=20 rec=7.5e-03 status=converged t_fact=0.00s singular_modes=0 mu=1.604e-02
  NEWTON gauss:0.5:16:i1o4 it= 6 r_F=2.787e-02 r_out=1.813e-04 lambda=1 |dx|max=1.96e-02 lin=gmres+P-A+CC(mult,2) rel=7.5e-03 lits=21 t_lin=0.0s |dx|2=5.03e-01 t_fact=0.05s eta=1.00e-01 mu=1.604e-02 retries=0
    COARSE build mode=mult profiles=2 K=1024 t_assembly=0.014s t_lu=0.029s t_cond=0.003s norm1=1.139e+05 inv_norm1_est=1.285e-01 rcond_est=6.832e-05 min|U_kk|=1.248e+02 max|U_kk|=1.714e+04 zero_pivots=0 mu=1.102e-02 assembly=colored factor=banded applications=256 color_period=8 kl=319 ku=319
    COARSE apply applications=27 t_apply_avg=0.624ms t_host_solve_avg=0.362ms
    LINEAR gmres+P-A+CC(mult,2) its=26 rel=9.1e-03 t=0.02s cycles=1 reorth=25 rec=9.1e-03 status=converged t_fact=0.00s singular_modes=0 mu=1.102e-02
  NEWTON gauss:0.5:16:i1o4 it= 7 r_F=1.550e-02 r_out=1.104e-04 lambda=1 |dx|max=1.50e-02 lin=gmres+P-A+CC(mult,2) rel=9.1e-03 lits=26 t_lin=0.0s |dx|2=3.80e-01 t_fact=0.05s eta=1.00e-01 mu=1.102e-02 retries=0
    COARSE build mode=mult profiles=2 K=1024 t_assembly=0.014s t_lu=0.029s t_cond=0.003s norm1=1.167e+05 inv_norm1_est=1.443e-01 rcond_est=5.941e-05 min|U_kk|=1.223e+02 max|U_kk|=1.709e+04 zero_pivots=0 mu=6.125e-03 assembly=colored factor=banded applications=256 color_period=8 kl=319 ku=319
    COARSE apply applications=34 t_apply_avg=0.622ms t_host_solve_avg=0.361ms
    LINEAR gmres+P-A+CC(mult,2) its=33 rel=8.7e-03 t=0.03s cycles=1 reorth=32 rec=8.7e-03 status=converged t_fact=0.00s singular_modes=0 mu=6.125e-03
  NEWTON gauss:0.5:16:i1o4 it= 8 r_F=7.456e-03 r_out=5.729e-05 lambda=1 |dx|max=1.01e-02 lin=gmres+P-A+CC(mult,2) rel=8.7e-03 lits=33 t_lin=0.0s |dx|2=2.65e-01 t_fact=0.05s eta=1.00e-01 mu=6.125e-03 retries=0
    COARSE build mode=mult profiles=2 K=1024 t_assembly=0.014s t_lu=0.030s t_cond=0.003s norm1=1.180e+05 inv_norm1_est=2.340e-01 rcond_est=3.622e-05 min|U_kk|=1.233e+02 max|U_kk|=1.705e+04 zero_pivots=0 mu=2.947e-03 assembly=colored factor=banded applications=256 color_period=8 kl=319 ku=319
    COARSE apply applications=38 t_apply_avg=0.624ms t_host_solve_avg=0.362ms
    LINEAR gmres+P-A+CC(mult,2) its=37 rel=9.3e-03 t=0.04s cycles=1 reorth=35 rec=9.3e-03 status=converged t_fact=0.00s singular_modes=0 mu=2.947e-03
  NEWTON gauss:0.5:16:i1o4 it= 9 r_F=1.947e-03 r_out=1.458e-05 lambda=1 |dx|max=5.25e-03 lin=gmres+P-A+CC(mult,2) rel=9.3e-03 lits=37 t_lin=0.0s |dx|2=1.30e-01 t_fact=0.05s eta=1.00e-01 mu=2.947e-03 retries=0
    COARSE build mode=mult profiles=2 K=1024 t_assembly=0.014s t_lu=0.030s t_cond=0.003s norm1=1.184e+05 inv_norm1_est=2.760e-01 rcond_est=3.062e-05 min|U_kk|=1.219e+02 max|U_kk|=2.628e+04 zero_pivots=0 mu=7.694e-04 assembly=colored factor=banded applications=256 color_period=8 kl=319 ku=319
    COARSE apply applications=45 t_apply_avg=0.625ms t_host_solve_avg=0.362ms
    LINEAR gmres+P-A+CC(mult,2) its=44 rel=5.3e-03 t=0.05s cycles=1 reorth=41 rec=5.3e-03 status=converged t_fact=0.00s singular_modes=0 mu=7.694e-04
  NEWTON gauss:0.5:16:i1o4 it=10 r_F=1.964e-04 r_out=1.418e-06 lambda=1 |dx|max=1.68e-03 lin=gmres+P-A+CC(mult,2) rel=5.3e-03 lits=44 t_lin=0.0s |dx|2=3.84e-02 t_fact=0.05s eta=6.13e-02 mu=7.694e-04 retries=0
    COARSE build mode=mult profiles=2 K=1024 t_assembly=0.014s t_lu=0.030s t_cond=0.003s norm1=1.184e+05 inv_norm1_est=2.927e-01 rcond_est=2.885e-05 min|U_kk|=1.215e+02 max|U_kk|=1.702e+04 zero_pivots=0 mu=7.761e-05 assembly=colored factor=banded applications=256 color_period=8 kl=319 ku=319
    COARSE apply applications=54 t_apply_avg=0.631ms t_host_solve_avg=0.363ms
    LINEAR gmres+P-A+CC(mult,2) its=53 rel=8.2e-04 t=0.06s cycles=1 reorth=52 rec=8.2e-04 status=converged t_fact=0.00s singular_modes=0 mu=7.761e-05
  NEWTON gauss:0.5:16:i1o4 it=11 r_F=1.954e-06 r_out=1.304e-08 lambda=1 |dx|max=1.56e-04 lin=gmres+P-A+CC(mult,2) rel=8.2e-04 lits=53 t_lin=0.1s |dx|2=3.30e-03 t_fact=0.05s eta=9.16e-03 mu=7.761e-05 retries=0
    COARSE build mode=mult profiles=2 K=1024 t_assembly=0.014s t_lu=0.030s t_cond=0.003s norm1=1.184e+05 inv_norm1_est=2.946e-01 rcond_est=2.866e-05 min|U_kk|=1.214e+02 max|U_kk|=1.702e+04 zero_pivots=0 mu=7.721e-07 assembly=colored factor=banded applications=256 color_period=8 kl=319 ku=319
    COARSE apply applications=75 t_apply_avg=0.656ms t_host_solve_avg=0.363ms
    LINEAR gmres+P-A+CC(mult,2) its=74 rel=7.5e-06 t=0.10s cycles=1 reorth=72 rec=7.5e-06 status=converged t_fact=0.00s singular_modes=0 mu=7.721e-07
  NEWTON gauss:0.5:16:i1o4 it=12 r_F=2.392e-10 r_out=1.363e-12 lambda=1 |dx|max=1.50e-06 lin=gmres+P-A+CC(mult,2) rel=7.5e-06 lits=74 t_lin=0.1s |dx|2=3.03e-05 t_fact=0.05s eta=8.91e-05 mu=7.721e-07 retries=0
    COARSE build mode=mult profiles=2 K=1024 t_assembly=0.014s t_lu=0.030s t_cond=0.003s norm1=1.184e+05 inv_norm1_est=2.946e-01 rcond_est=2.866e-05 min|U_kk|=1.214e+02 max|U_kk|=1.702e+04 zero_pivots=0 mu=9.455e-11 assembly=colored factor=banded applications=256 color_period=8 kl=319 ku=319
    COARSE apply applications=70 t_apply_avg=0.643ms t_host_solve_avg=0.363ms
    LINEAR gmres+P-A+CC(mult,2) its=69 rel=1.9e-05 t=0.09s cycles=1 reorth=67 rec=1.9e-05 status=converged t_fact=0.00s singular_modes=0 mu=9.455e-11
  NEWTON gauss:0.5:16:i1o4 it=13 r_F=6.313e-15 r_out=4.207e-16 lambda=1 |dx|max=1.49e-10 lin=gmres+P-A+CC(mult,2) rel=1.9e-05 lits=69 t_lin=0.1s |dx|2=2.88e-09 t_fact=0.05s eta=2.09e-04 mu=9.455e-11 retries=0
  STAGE_END field=gauss eps=0.5 N=16 cand=i1o4 status=converged its=13 r_F=6.313e-15 r_out=4.207e-16 -> accepted
PATH field=gauss eps=0.5 N=16 cand=i1o4 continuation path: 0.25->0.5
GMRES_STATS field=gauss eps=0.5 N=16 stage_eps=0.25 status=converged newton_its=12 steps=12 its_max=30 its_median=6.5 its_total=107 rel_max=9.5e-03 linear_failures=0 forcing=ew etas=1.00e-01,1.00e-01,1.00e-01,1.00e-01,1.00e-01,1.00e-01,1.00e-01,1.00e-01,1.00e-01,2.81e-02,1.46e-03,1.67e-06 psitc=on mus=1.00e+00,5.23e-01,2.31e-01,8.16e-02,2.90e-02,1.45e-02,9.12e-03,4.62e-03,1.79e-03,3.17e-04,1.28e-05,1.74e-08
GMRES_STATS field=gauss eps=0.5 N=16 stage_eps=0.5 status=converged newton_its=13 steps=13 its_max=74 its_median=26.0 its_total=389 rel_max=9.3e-03 linear_failures=0 forcing=ew etas=1.00e-01,1.00e-01,1.00e-01,1.00e-01,1.00e-01,1.00e-01,1.00e-01,1.00e-01,1.00e-01,6.13e-02,9.16e-03,8.91e-05,2.09e-04 psitc=on mus=1.00e+00,5.17e-01,2.24e-01,8.13e-02,3.10e-02,1.60e-02,1.10e-02,6.12e-03,2.95e-03,7.69e-04,7.76e-05,7.72e-07,9.46e-11
CASE field=gauss eps=0.5 N=16 cand=i1o4 | r_F=6.313e-15 its=13 | e_v=1.908e-02 e_psi=1.403e-01 e_i=(1.391e-02,9.230e-03) e_div=4.908e-02 min_c=2.372e-01 p0.1=2.801e-01 p1=3.849e-01 p5=5.196e-01 p50=9.422e-01 | t=1.9 | e_psi1=1.403e-01 e_psi2=9.954e-02
CASE field=gauss eps=0.5 N=16 cand=oracle_fd4 | r_F=nan its=nan | e_v=2.149e-02 e_psi=1.883e-17 e_i=(8.998e-03,2.776e-03) e_div=1.002e-01 min_c=2.370e-01 p0.1=2.808e-01 p1=3.855e-01 p5=5.200e-01 p50=9.429e-01 | t=0.0 | e_psi1=1.445e-18 e_psi2=1.883e-17
EXTRA field=gauss eps=0.5 N=16 cand=i1o4 status=converged r_F=6.313e-15 r_out=4.207e-16 | outlet c_perp-vperp_in: cand=4.207e-16 oracle_fd=9.452e-03 | inlet oblique defect (c x e1 - vperp_in x e1)/v_rms: j=0(one-sided) cand=2.766e-02 oracle_fd=7.308e-03; j=1 cand=8.884e-02 oracle_fd=8.712e-02; j=1 vs vD(j=1) cand=2.291e-02 oracle_fd=3.469e-03 | min|c|/v_rms=0.2194 min|vD|/v_rms=0.2205 e_i1=1.391e-02 e_i2=9.230e-03 | t=1.9s | a_psi1=8.845e-03 a_psi2=4.753e-03 (FD order 4)
HISTORY field=gauss eps=0.5 N=16 cand=i1o4 r_F: 2.53e+00 1.31e+00 5.68e-01 2.06e-01 7.85e-02 4.06e-02 2.79e-02 1.55e-02 7.46e-03 1.95e-03 1.96e-04 1.95e-06 2.39e-10 6.31e-15
HISTORY field=gauss eps=0.5 N=16 cand=i1o4 r_out: 7.20e-02 5.36e-03 9.73e-04 2.36e-04 6.02e-05 1.03e-04 1.81e-04 1.10e-04 5.73e-05 1.46e-05 1.42e-06 1.30e-08 1.36e-12 4.21e-16
HISTORY_FULL field=gauss eps=0.5 N=16 cand=i1o4 r_F: 2.52920728933434802e+00 1.30739849970766042e+00 5.67567242356923685e-01 2.05759711753281338e-01 7.84643077746126349e-02 4.05797527098790828e-02 2.78730272033233771e-02 1.54969253455009438e-02 7.45601090188261796e-03 1.94662868669567097e-03 1.96371953837672347e-04 1.95358027493264854e-06 2.39232154678181189e-10 6.31331747283821609e-15
HISTORY_FULL field=gauss eps=0.5 N=16 cand=i1o4 r_out: 7.20458999073079892e-02 5.36471142586183655e-03 9.73253007686370841e-04 2.36132126938353012e-04 6.01897770185806584e-05 1.02738101759629495e-04 1.81319029611109805e-04 1.10358978502273798e-04 5.72888287394326810e-05 1.45788831677195798e-05 1.41827321946119058e-06 1.30415747254229796e-08 1.36263553699710124e-12 4.20728470762893837e-16
FIELDDIFF max_rel_diff_u1=6.143e-15 max_rel_diff_u2=5.606e-15 max_rel_diff_joint=6.143e-15 max_abs_diff_u1=1.140e-15 max_abs_diff_u2=8.856e-16 max_abs_u_proto=(1.855e-01,1.580e-01) (rel: max|u_gpu - u_proto| / max|u_proto| over planes 0..N; joint: max abs diff / max over both fields; prototype /home/sesquerre/MacroFlow3D-SF-33/docs/experiments/artifacts/2026-10-06-sf33-gpu-inlet-labels/exports/solutions/gauss_0.5_16_i1o4 status=converged its=7 path=0.25->0.5(fail)->0.375->0.5 r_F=5.431e-15)
TIMING load=0.004s metrics=0.001s prepare=0.047s solve=1.853s total=1.907s
MEMORY peak_device_bytes=523239424 free_min=33566490624 total_device=34089730048 workspaces_bytes=11116415 (peak/free: cudaMemGetInfo polls before/after every phase, device-wide)
SUMMARY_JSON /home/sesquerre/MacroFlow3D-SF-33/docs/experiments/artifacts/2026-10-06-sf33-gpu-inlet-labels/raw/proto_b/gauss_0.5_16.json
STATUS converged
