command: /home/sesquerre/MacroFlow3D-SF-33/build/v100-release/inlet_slab --proto /home/sesquerre/MacroFlow3D-SF-33/docs/experiments/artifacts/2026-10-06-sf33-gpu-inlet-labels/exports/gauss_ch_0.25_24 --solution /home/sesquerre/MacroFlow3D-SF-33/docs/experiments/artifacts/2026-10-06-sf33-gpu-inlet-labels/exports/solutions/gauss_ch_0.25_24_i1o4 --summary /home/sesquerre/MacroFlow3D-SF-33/docs/experiments/artifacts/2026-10-06-sf33-gpu-inlet-labels/raw/proto_b/gauss_ch_0.25_24.json
CASE_DIR /home/sesquerre/MacroFlow3D-SF-33/docs/experiments/artifacts/2026-10-06-sf33-gpu-inlet-labels/exports/gauss_ch_0.25_24 field=gauss_ch eps=0.25 N=24 nphi=48 Q0=1.00000000000808 inlet_vmin=5.832088e-01 v_rms=1.02185172031718 cache_hit=1 stage_amplitudes=16 target_eps=0.25
SETUP grad_lnk=analytic (prototype export: complex-step gradient of the analytic ln k at the vertices)
SOLVER N=24 eps=0.25 cand=i1o4 newton_tol=1.0e-13 max_newton=120 lin_tol=1.0e-12 restart=100 max_inner=6000 bisect=4 prec=P-A ladder=(0.25,0.5,1) stage_ok=1e-09 forcing=ew ew_gamma=0.9 ew_alpha=2 ew_eta0=0.1 ew_eta_max=0.1 ew_eta_min=1.0e-12 psitc=on psitc_mu0=1 psitc_mu_max=100 psitc_norm=merit psitc_retries=4 psitc_retry_factor=4 stagnation_window=5 stagnation_factor=0.5 gmres_stagnation_factor=0.9 coarse=mult coarse_profiles=2 coarse_assembly=colored coarse_factor=banded
SOLVER_COARSE mode=mult profiles=2 K=2304 assembly=colored factor=banded (SF-33 N7c probe: Galerkin coarse correction on the x1-constant + x1-linear column subspace, rebuilt with P-A at every factor)
STAGE field=gauss_ch eps=0.25 N=24 cand=i1o4 (from eps=0, u=0)
  NEWTON gauss_ch:0.25:24:i1o4 it= 0 r_F=4.128e+00 r_out=1.326e-16
    COARSE build mode=mult profiles=2 K=2304 t_assembly=0.011s t_lu=0.182s t_cond=0.016s norm1=2.310e+05 inv_norm1_est=3.296e-03 rcond_est=1.313e-03 min|U_kk|=1.731e+03 max|U_kk|=6.417e+04 zero_pivots=0 mu=1.000e+00 assembly=colored factor=banded applications=144 color_period=6 kl=479 ku=479
    COARSE apply applications=3 t_apply_avg=2.387ms t_host_solve_avg=1.686ms
    LINEAR gmres+P-A+CC(mult,2) its=2 rel=4.7e-03 t=0.01s cycles=1 reorth=2 rec=4.7e-03 status=converged t_fact=0.00s singular_modes=0 mu=1.000e+00
  NEWTON gauss_ch:0.25:24:i1o4 it= 1 r_F=2.229e+00 r_out=4.630e-05 lambda=1 |dx|max=4.67e-02 lin=gmres+P-A+CC(mult,2) rel=4.7e-03 lits=2 t_lin=0.0s |dx|2=6.41e-01 t_fact=0.21s eta=1.00e-01 mu=1.000e+00 retries=0
    COARSE build mode=mult profiles=2 K=2304 t_assembly=0.010s t_lu=0.170s t_cond=0.012s norm1=2.206e+05 inv_norm1_est=6.014e-03 rcond_est=7.538e-04 min|U_kk|=1.256e+03 max|U_kk|=5.596e+04 zero_pivots=0 mu=5.398e-01 assembly=colored factor=banded applications=144 color_period=6 kl=479 ku=479
    COARSE apply applications=3 t_apply_avg=2.345ms t_host_solve_avg=1.670ms
    LINEAR gmres+P-A+CC(mult,2) its=2 rel=4.7e-03 t=0.01s cycles=1 reorth=2 rec=4.7e-03 status=converged t_fact=0.00s singular_modes=0 mu=5.398e-01
  NEWTON gauss_ch:0.25:24:i1o4 it= 2 r_F=1.197e+00 r_out=6.327e-05 lambda=1 |dx|max=2.92e-02 lin=gmres+P-A+CC(mult,2) rel=4.7e-03 lits=2 t_lin=0.0s |dx|2=6.45e-01 t_fact=0.19s eta=1.00e-01 mu=5.398e-01 retries=0
    COARSE build mode=mult profiles=2 K=2304 t_assembly=0.010s t_lu=0.170s t_cond=0.012s norm1=2.169e+05 inv_norm1_est=1.086e-02 rcond_est=4.245e-04 min|U_kk|=9.388e+02 max|U_kk|=5.151e+04 zero_pivots=0 mu=2.900e-01 assembly=colored factor=banded applications=144 color_period=6 kl=479 ku=479
    COARSE apply applications=3 t_apply_avg=2.329ms t_host_solve_avg=1.655ms
    LINEAR gmres+P-A+CC(mult,2) its=2 rel=9.0e-03 t=0.01s cycles=1 reorth=2 rec=9.0e-03 status=converged t_fact=0.00s singular_modes=0 mu=2.900e-01
  NEWTON gauss_ch:0.25:24:i1o4 it= 3 r_F=6.115e-01 r_out=1.000e-04 lambda=1 |dx|max=2.20e-02 lin=gmres+P-A+CC(mult,2) rel=9.0e-03 lits=2 t_lin=0.0s |dx|2=6.13e-01 t_fact=0.19s eta=1.00e-01 mu=2.900e-01 retries=0
    COARSE build mode=mult profiles=2 K=2304 t_assembly=0.010s t_lu=0.170s t_cond=0.012s norm1=2.165e+05 inv_norm1_est=1.898e-02 rcond_est=2.435e-04 min|U_kk|=7.141e+02 max|U_kk|=4.897e+04 zero_pivots=0 mu=1.481e-01 assembly=colored factor=banded applications=144 color_period=6 kl=479 ku=479
    COARSE apply applications=4 t_apply_avg=2.330ms t_host_solve_avg=1.660ms
    LINEAR gmres+P-A+CC(mult,2) its=3 rel=4.0e-03 t=0.01s cycles=1 reorth=3 rec=4.0e-03 status=converged t_fact=0.00s singular_modes=0 mu=1.481e-01
  NEWTON gauss_ch:0.25:24:i1o4 it= 4 r_F=2.894e-01 r_out=1.699e-05 lambda=1 |dx|max=1.85e-02 lin=gmres+P-A+CC(mult,2) rel=4.0e-03 lits=3 t_lin=0.0s |dx|2=5.62e-01 t_fact=0.19s eta=1.00e-01 mu=1.481e-01 retries=0
    COARSE build mode=mult profiles=2 K=2304 t_assembly=0.010s t_lu=0.170s t_cond=0.012s norm1=2.178e+05 inv_norm1_est=3.086e-02 rcond_est=1.488e-04 min|U_kk|=5.592e+02 max|U_kk|=4.759e+04 zero_pivots=0 mu=7.011e-02 assembly=colored factor=banded applications=144 color_period=6 kl=479 ku=479
    COARSE apply applications=4 t_apply_avg=2.328ms t_host_solve_avg=1.658ms
    LINEAR gmres+P-A+CC(mult,2) its=3 rel=9.5e-03 t=0.01s cycles=1 reorth=3 rec=9.5e-03 status=converged t_fact=0.00s singular_modes=0 mu=7.011e-02
  NEWTON gauss_ch:0.25:24:i1o4 it= 5 r_F=1.366e-01 r_out=2.390e-05 lambda=1 |dx|max=1.73e-02 lin=gmres+P-A+CC(mult,2) rel=9.5e-03 lits=3 t_lin=0.0s |dx|2=5.57e-01 t_fact=0.19s eta=1.00e-01 mu=7.011e-02 retries=0
    COARSE build mode=mult profiles=2 K=2304 t_assembly=0.010s t_lu=0.170s t_cond=0.012s norm1=2.201e+05 inv_norm1_est=4.437e-02 rcond_est=1.024e-04 min|U_kk|=4.637e+02 max|U_kk|=4.693e+04 zero_pivots=0 mu=3.309e-02 assembly=colored factor=banded applications=144 color_period=6 kl=479 ku=479
    COARSE apply applications=5 t_apply_avg=2.307ms t_host_solve_avg=1.637ms
    LINEAR gmres+P-A+CC(mult,2) its=4 rel=7.7e-03 t=0.01s cycles=1 reorth=4 rec=7.7e-03 status=converged t_fact=0.00s singular_modes=0 mu=3.309e-02
  NEWTON gauss_ch:0.25:24:i1o4 it= 6 r_F=7.228e-02 r_out=7.536e-06 lambda=1 |dx|max=1.67e-02 lin=gmres+P-A+CC(mult,2) rel=7.7e-03 lits=4 t_lin=0.0s |dx|2=6.39e-01 t_fact=0.19s eta=1.00e-01 mu=3.309e-02 retries=0
    COARSE build mode=mult profiles=2 K=2304 t_assembly=0.010s t_lu=0.172s t_cond=0.012s norm1=2.273e+05 inv_norm1_est=5.630e-02 rcond_est=7.812e-05 min|U_kk|=4.105e+02 max|U_kk|=4.661e+04 zero_pivots=0 mu=1.751e-02 assembly=colored factor=banded applications=144 color_period=6 kl=479 ku=479
    COARSE apply applications=6 t_apply_avg=2.330ms t_host_solve_avg=1.658ms
    LINEAR gmres+P-A+CC(mult,2) its=5 rel=7.6e-03 t=0.01s cycles=1 reorth=5 rec=7.6e-03 status=converged t_fact=0.00s singular_modes=0 mu=1.751e-02
  NEWTON gauss_ch:0.25:24:i1o4 it= 7 r_F=4.661e-02 r_out=6.372e-06 lambda=1 |dx|max=1.70e-02 lin=gmres+P-A+CC(mult,2) rel=7.6e-03 lits=5 t_lin=0.0s |dx|2=7.97e-01 t_fact=0.20s eta=1.00e-01 mu=1.751e-02 retries=0
    COARSE build mode=mult profiles=2 K=2304 t_assembly=0.010s t_lu=0.172s t_cond=0.012s norm1=2.437e+05 inv_norm1_est=6.495e-02 rcond_est=6.317e-05 min|U_kk|=3.820e+02 max|U_kk|=4.646e+04 zero_pivots=0 mu=1.129e-02 assembly=colored factor=banded applications=144 color_period=6 kl=479 ku=479
    COARSE apply applications=7 t_apply_avg=2.327ms t_host_solve_avg=1.657ms
    LINEAR gmres+P-A+CC(mult,2) its=6 rel=8.4e-03 t=0.02s cycles=1 reorth=5 rec=8.4e-03 status=converged t_fact=0.00s singular_modes=0 mu=1.129e-02
  NEWTON gauss_ch:0.25:24:i1o4 it= 8 r_F=3.305e-02 r_out=4.208e-06 lambda=1 |dx|max=1.97e-02 lin=gmres+P-A+CC(mult,2) rel=8.4e-03 lits=6 t_lin=0.0s |dx|2=8.61e-01 t_fact=0.20s eta=1.00e-01 mu=1.129e-02 retries=0
    COARSE build mode=mult profiles=2 K=2304 t_assembly=0.010s t_lu=0.175s t_cond=0.012s norm1=2.583e+05 inv_norm1_est=6.509e-02 rcond_est=5.948e-05 min|U_kk|=3.617e+02 max|U_kk|=4.636e+04 zero_pivots=0 mu=8.005e-03 assembly=colored factor=banded applications=144 color_period=6 kl=479 ku=479
    COARSE apply applications=9 t_apply_avg=2.316ms t_host_solve_avg=1.650ms
    LINEAR gmres+P-A+CC(mult,2) its=8 rel=8.6e-03 t=0.02s cycles=1 reorth=7 rec=8.6e-03 status=converged t_fact=0.00s singular_modes=0 mu=8.005e-03
  NEWTON gauss_ch:0.25:24:i1o4 it= 9 r_F=2.209e-02 r_out=2.861e-06 lambda=1 |dx|max=1.91e-02 lin=gmres+P-A+CC(mult,2) rel=8.6e-03 lits=8 t_lin=0.0s |dx|2=7.84e-01 t_fact=0.20s eta=1.00e-01 mu=8.005e-03 retries=0
    COARSE build mode=mult profiles=2 K=2304 t_assembly=0.010s t_lu=0.176s t_cond=0.012s norm1=2.694e+05 inv_norm1_est=6.493e-02 rcond_est=5.716e-05 min|U_kk|=3.429e+02 max|U_kk|=4.628e+04 zero_pivots=0 mu=5.350e-03 assembly=colored factor=banded applications=144 color_period=6 kl=479 ku=479
    COARSE apply applications=12 t_apply_avg=2.324ms t_host_solve_avg=1.655ms
    LINEAR gmres+P-A+CC(mult,2) its=11 rel=6.4e-03 t=0.03s cycles=1 reorth=10 rec=6.4e-03 status=converged t_fact=0.00s singular_modes=0 mu=5.350e-03
  NEWTON gauss_ch:0.25:24:i1o4 it=10 r_F=1.301e-02 r_out=1.424e-06 lambda=1 |dx|max=1.61e-02 lin=gmres+P-A+CC(mult,2) rel=6.4e-03 lits=11 t_lin=0.0s |dx|2=6.50e-01 t_fact=0.20s eta=1.00e-01 mu=5.350e-03 retries=0
    COARSE build mode=mult profiles=2 K=2304 t_assembly=0.010s t_lu=0.177s t_cond=0.012s norm1=2.798e+05 inv_norm1_est=7.456e-02 rcond_est=4.794e-05 min|U_kk|=3.261e+02 max|U_kk|=4.622e+04 zero_pivots=0 mu=3.150e-03 assembly=colored factor=banded applications=144 color_period=6 kl=479 ku=479
    COARSE apply applications=15 t_apply_avg=2.327ms t_host_solve_avg=1.660ms
    LINEAR gmres+P-A+CC(mult,2) its=14 rel=7.4e-03 t=0.04s cycles=1 reorth=13 rec=7.4e-03 status=converged t_fact=0.00s singular_modes=0 mu=3.150e-03
  NEWTON gauss_ch:0.25:24:i1o4 it=11 r_F=6.102e-03 r_out=1.009e-06 lambda=1 |dx|max=1.15e-02 lin=gmres+P-A+CC(mult,2) rel=7.4e-03 lits=14 t_lin=0.0s |dx|2=4.67e-01 t_fact=0.20s eta=1.00e-01 mu=3.150e-03 retries=0
    COARSE build mode=mult profiles=2 K=2304 t_assembly=0.010s t_lu=0.181s t_cond=0.012s norm1=2.878e+05 inv_norm1_est=8.016e-02 rcond_est=4.334e-05 min|U_kk|=3.125e+02 max|U_kk|=5.433e+04 zero_pivots=0 mu=1.478e-03 assembly=colored factor=banded applications=144 color_period=6 kl=479 ku=479
    COARSE apply applications=18 t_apply_avg=2.324ms t_host_solve_avg=1.660ms
    LINEAR gmres+P-A+CC(mult,2) its=17 rel=7.6e-03 t=0.05s cycles=1 reorth=16 rec=7.6e-03 status=converged t_fact=0.00s singular_modes=0 mu=1.478e-03
  NEWTON gauss_ch:0.25:24:i1o4 it=12 r_F=1.859e-03 r_out=5.646e-07 lambda=1 |dx|max=6.19e-03 lin=gmres+P-A+CC(mult,2) rel=7.6e-03 lits=17 t_lin=0.0s |dx|2=2.55e-01 t_fact=0.20s eta=1.00e-01 mu=1.478e-03 retries=0
    COARSE build mode=mult profiles=2 K=2304 t_assembly=0.010s t_lu=0.184s t_cond=0.012s norm1=2.946e+05 inv_norm1_est=8.803e-02 rcond_est=3.856e-05 min|U_kk|=3.038e+02 max|U_kk|=4.615e+04 zero_pivots=0 mu=4.502e-04 assembly=colored factor=banded applications=144 color_period=6 kl=479 ku=479
    COARSE apply applications=20 t_apply_avg=2.334ms t_host_solve_avg=1.667ms
    LINEAR gmres+P-A+CC(mult,2) its=19 rel=7.8e-03 t=0.05s cycles=1 reorth=18 rec=7.8e-03 status=converged t_fact=0.00s singular_modes=0 mu=4.502e-04
  NEWTON gauss_ch:0.25:24:i1o4 it=13 r_F=2.192e-04 r_out=2.269e-07 lambda=1 |dx|max=1.90e-03 lin=gmres+P-A+CC(mult,2) rel=7.8e-03 lits=19 t_lin=0.1s |dx|2=8.00e-02 t_fact=0.21s eta=8.35e-02 mu=4.502e-04 retries=0
    COARSE build mode=mult profiles=2 K=2304 t_assembly=0.010s t_lu=0.184s t_cond=0.012s norm1=2.970e+05 inv_norm1_est=9.619e-02 rcond_est=3.500e-05 min|U_kk|=3.004e+02 max|U_kk|=4.614e+04 zero_pivots=0 mu=5.311e-05 assembly=colored factor=banded applications=144 color_period=6 kl=479 ku=479
    COARSE apply applications=28 t_apply_avg=2.331ms t_host_solve_avg=1.665ms
    LINEAR gmres+P-A+CC(mult,2) its=27 rel=1.1e-03 t=0.07s cycles=1 reorth=26 rec=1.1e-03 status=converged t_fact=0.00s singular_modes=0 mu=5.311e-05
  NEWTON gauss_ch:0.25:24:i1o4 it=14 r_F=3.290e-06 r_out=3.080e-09 lambda=1 |dx|max=1.95e-04 lin=gmres+P-A+CC(mult,2) rel=1.1e-03 lits=27 t_lin=0.1s |dx|2=8.35e-03 t_fact=0.21s eta=1.25e-02 mu=5.311e-05 retries=0
    COARSE build mode=mult profiles=2 K=2304 t_assembly=0.010s t_lu=0.184s t_cond=0.012s norm1=2.973e+05 inv_norm1_est=9.666e-02 rcond_est=3.480e-05 min|U_kk|=2.999e+02 max|U_kk|=4.614e+04 zero_pivots=0 mu=7.971e-07 assembly=colored factor=banded applications=144 color_period=6 kl=479 ku=479
    COARSE apply applications=42 t_apply_avg=2.334ms t_host_solve_avg=1.669ms
    LINEAR gmres+P-A+CC(mult,2) its=41 rel=1.6e-05 t=0.12s cycles=1 reorth=40 rec=1.6e-05 status=converged t_fact=0.00s singular_modes=0 mu=7.971e-07
  NEWTON gauss_ch:0.25:24:i1o4 it=15 r_F=7.053e-10 r_out=6.576e-13 lambda=1 |dx|max=2.43e-06 lin=gmres+P-A+CC(mult,2) rel=1.6e-05 lits=41 t_lin=0.1s |dx|2=1.05e-04 t_fact=0.21s eta=2.03e-04 mu=7.971e-07 retries=0
    COARSE build mode=mult profiles=2 K=2304 t_assembly=0.010s t_lu=0.184s t_cond=0.012s norm1=2.973e+05 inv_norm1_est=9.667e-02 rcond_est=3.479e-05 min|U_kk|=2.999e+02 max|U_kk|=4.614e+04 zero_pivots=0 mu=1.708e-10 assembly=colored factor=banded applications=144 color_period=6 kl=479 ku=479
    COARSE apply applications=46 t_apply_avg=2.337ms t_host_solve_avg=1.672ms
    LINEAR gmres+P-A+CC(mult,2) its=45 rel=5.2e-06 t=0.13s cycles=1 reorth=44 rec=5.2e-06 status=converged t_fact=0.00s singular_modes=0 mu=1.708e-10
  NEWTON gauss_ch:0.25:24:i1o4 it=16 r_F=7.317e-15 r_out=4.029e-16 lambda=1 |dx|max=4.55e-10 lin=gmres+P-A+CC(mult,2) rel=5.2e-06 lits=45 t_lin=0.1s |dx|2=1.97e-08 t_fact=0.21s eta=7.09e-05 mu=1.708e-10 retries=0
  STAGE_END field=gauss_ch eps=0.25 N=24 cand=i1o4 status=converged its=16 r_F=7.317e-15 r_out=4.029e-16 -> accepted
PATH field=gauss_ch eps=0.25 N=24 cand=i1o4 continuation path: 0.25
GMRES_STATS field=gauss_ch eps=0.25 N=24 stage_eps=0.25 status=converged newton_its=16 steps=16 its_max=45 its_median=7.0 its_total=209 rel_max=9.5e-03 linear_failures=0 forcing=ew etas=1.00e-01,1.00e-01,1.00e-01,1.00e-01,1.00e-01,1.00e-01,1.00e-01,1.00e-01,1.00e-01,1.00e-01,1.00e-01,1.00e-01,8.35e-02,1.25e-02,2.03e-04,7.09e-05 psitc=on mus=1.00e+00,5.40e-01,2.90e-01,1.48e-01,7.01e-02,3.31e-02,1.75e-02,1.13e-02,8.00e-03,5.35e-03,3.15e-03,1.48e-03,4.50e-04,5.31e-05,7.97e-07,1.71e-10
CASE field=gauss_ch eps=0.25 N=24 cand=i1o4 | r_F=7.317e-15 its=16 | e_v=1.783e-03 e_psi=2.483e-02 e_i=(1.448e-03,8.505e-04) e_div=2.901e-03 min_c=5.556e-01 p0.1=5.881e-01 p1=6.566e-01 p5=7.302e-01 p50=9.729e-01 | t=3.8 | e_psi1=2.483e-02 e_psi2=1.503e-02
CASE field=gauss_ch eps=0.25 N=24 cand=oracle_fd4 | r_F=nan its=nan | e_v=8.060e-04 e_psi=7.758e-18 e_i=(3.327e-04,2.617e-04) e_div=3.645e-03 min_c=5.557e-01 p0.1=5.882e-01 p1=6.567e-01 p5=7.303e-01 p50=9.732e-01 | t=0.0 | e_psi1=0.000e+00 e_psi2=7.758e-18
EXTRA field=gauss_ch eps=0.25 N=24 cand=i1o4 status=converged r_F=7.317e-15 r_out=4.029e-16 | outlet c_perp-vperp_in: cand=4.029e-16 oracle_fd=3.001e-04 | inlet oblique defect (c x e1 - vperp_in x e1)/v_rms: j=0(one-sided) cand=2.579e-03 oracle_fd=2.785e-04; j=1 cand=1.720e-02 oracle_fd=1.710e-02; j=1 vs vD(j=1) cand=2.481e-03 oracle_fd=7.961e-05 | min|c|/v_rms=0.5437 min|vD|/v_rms=0.5436 e_i1=1.448e-03 e_i2=8.505e-04 | t=3.8s | a_psi1=9.183e-04 a_psi2=4.837e-04 (FD order 4)
HISTORY field=gauss_ch eps=0.25 N=24 cand=i1o4 r_F: 4.13e+00 2.23e+00 1.20e+00 6.11e-01 2.89e-01 1.37e-01 7.23e-02 4.66e-02 3.30e-02 2.21e-02 1.30e-02 6.10e-03 1.86e-03 2.19e-04 3.29e-06 7.05e-10 7.32e-15
HISTORY field=gauss_ch eps=0.25 N=24 cand=i1o4 r_out: 1.33e-16 4.63e-05 6.33e-05 1.00e-04 1.70e-05 2.39e-05 7.54e-06 6.37e-06 4.21e-06 2.86e-06 1.42e-06 1.01e-06 5.65e-07 2.27e-07 3.08e-09 6.58e-13 4.03e-16
HISTORY_FULL field=gauss_ch eps=0.25 N=24 cand=i1o4 r_F: 4.12824818537061233e+00 2.22854990844597234e+00 1.19719058933733935e+00 6.11466793482061344e-01 2.89415562639147028e-01 1.36583416109243599e-01 7.22788349577425243e-02 4.66050978846999781e-02 3.30465270603874581e-02 2.20870206494197599e-02 1.30055072849613856e-02 6.10169015258719104e-03 1.85871381891329016e-03 2.19244459467816364e-04 3.29044516370512942e-06 7.05291381029252975e-10 7.31668399618875390e-15
HISTORY_FULL field=gauss_ch eps=0.25 N=24 cand=i1o4 r_out: 1.32551414670450173e-16 4.62969227746766153e-05 6.32703939939448191e-05 1.00024081278058885e-04 1.69877237181745937e-05 2.38984179539104715e-05 7.53592581838443054e-06 6.37200974883109299e-06 4.20829281961243733e-06 2.86076420537935118e-06 1.42444768893601445e-06 1.00874956400341310e-06 5.64552207023272569e-07 2.26888213385128985e-07 3.07999602951829138e-09 6.57571947995245904e-13 4.02853592360958604e-16
FIELDDIFF max_rel_diff_u1=2.088e-14 max_rel_diff_u2=1.467e-14 max_rel_diff_joint=2.088e-14 max_abs_diff_u1=2.491e-15 max_abs_diff_u2=1.072e-15 max_abs_u_proto=(1.193e-01,7.310e-02) (rel: max|u_gpu - u_proto| / max|u_proto| over planes 0..N; joint: max abs diff / max over both fields; prototype /home/sesquerre/MacroFlow3D-SF-33/docs/experiments/artifacts/2026-10-06-sf33-gpu-inlet-labels/exports/solutions/gauss_ch_0.25_24_i1o4 status=converged its=7 path=0.25(fail)->0.125->0.25 r_F=8.914e-15)
TIMING load=0.016s metrics=0.002s prepare=0.089s solve=3.807s total=3.917s
MEMORY peak_device_bytes=554696704 free_min=33535033344 total_device=34089730048 workspaces_bytes=36219551 (peak/free: cudaMemGetInfo polls before/after every phase, device-wide)
SUMMARY_JSON /home/sesquerre/MacroFlow3D-SF-33/docs/experiments/artifacts/2026-10-06-sf33-gpu-inlet-labels/raw/proto_b/gauss_ch_0.25_24.json
STATUS converged
