command: /home/sesquerre/MacroFlow3D-SF-33/build/v100-release/inlet_slab --proto /home/sesquerre/MacroFlow3D-SF-33/docs/experiments/artifacts/2026-10-06-sf33-gpu-inlet-labels/exports/generic3d_0.25_16 --solution /home/sesquerre/MacroFlow3D-SF-33/docs/experiments/artifacts/2026-10-06-sf33-gpu-inlet-labels/exports/solutions/generic3d_0.25_16_i1o4 --summary /home/sesquerre/MacroFlow3D-SF-33/docs/experiments/artifacts/2026-10-06-sf33-gpu-inlet-labels/raw/proto_b/generic3d_0.25_16.json
CASE_DIR /home/sesquerre/MacroFlow3D-SF-33/docs/experiments/artifacts/2026-10-06-sf33-gpu-inlet-labels/exports/generic3d_0.25_16 field=generic3d eps=0.25 N=16 nphi=24 Q0=1 inlet_vmin=7.309099e-01 v_rms=1.02442822377344 cache_hit=0 stage_amplitudes=16 target_eps=0.25
SETUP grad_lnk=analytic (prototype export: complex-step gradient of the analytic ln k at the vertices)
SOLVER N=16 eps=0.25 cand=i1o4 newton_tol=1.0e-13 max_newton=120 lin_tol=1.0e-12 restart=100 max_inner=6000 bisect=4 prec=P-A ladder=(0.25,0.5,1) stage_ok=1e-09 forcing=ew ew_gamma=0.9 ew_alpha=2 ew_eta0=0.1 ew_eta_max=0.1 ew_eta_min=1.0e-12 psitc=on psitc_mu0=1 psitc_mu_max=100 psitc_norm=merit psitc_retries=4 psitc_retry_factor=4 stagnation_window=5 stagnation_factor=0.5 gmres_stagnation_factor=0.9 coarse=mult coarse_profiles=2 coarse_assembly=colored coarse_factor=banded
SOLVER_COARSE mode=mult profiles=2 K=1024 assembly=colored factor=banded (SF-33 N7c probe: Galerkin coarse correction on the x1-constant + x1-linear column subspace, rebuilt with P-A at every factor)
STAGE field=generic3d eps=0.25 N=16 cand=i1o4 (from eps=0, u=0)
  NEWTON generic3d:0.25:16:i1o4 it= 0 r_F=2.213e+00 r_out=1.339e-01
    COARSE build mode=mult profiles=2 K=1024 t_assembly=0.017s t_lu=0.030s t_cond=0.003s norm1=5.878e+04 inv_norm1_est=9.182e-03 rcond_est=1.853e-03 min|U_kk|=5.396e+02 max|U_kk|=1.574e+04 zero_pivots=0 mu=1.000e+00 assembly=colored factor=banded applications=256 color_period=8 kl=319 ku=319
    COARSE apply applications=3 t_apply_avg=0.692ms t_host_solve_avg=0.385ms
    LINEAR gmres+P-A+CC(mult,2) its=2 rel=2.9e-03 t=0.00s cycles=1 reorth=2 rec=2.9e-03 status=converged t_fact=0.00s singular_modes=0 mu=1.000e+00
  NEWTON generic3d:0.25:16:i1o4 it= 1 r_F=1.285e+00 r_out=8.098e-03 lambda=1 |dx|max=3.03e-02 lin=gmres+P-A+CC(mult,2) rel=2.9e-03 lits=2 t_lin=0.0s |dx|2=4.78e-01 t_fact=0.05s eta=1.00e-01 mu=1.000e+00 retries=0
    COARSE build mode=mult profiles=2 K=1024 t_assembly=0.015s t_lu=0.028s t_cond=0.003s norm1=5.623e+04 inv_norm1_est=1.610e-02 rcond_est=1.104e-03 min|U_kk|=4.072e+02 max|U_kk|=1.388e+04 zero_pivots=0 mu=5.796e-01 assembly=colored factor=banded applications=256 color_period=8 kl=319 ku=319
    COARSE apply applications=3 t_apply_avg=0.676ms t_host_solve_avg=0.376ms
    LINEAR gmres+P-A+CC(mult,2) its=2 rel=4.7e-03 t=0.00s cycles=1 reorth=2 rec=4.7e-03 status=converged t_fact=0.00s singular_modes=0 mu=5.796e-01
  NEWTON generic3d:0.25:16:i1o4 it= 2 r_F=6.992e-01 r_out=8.421e-04 lambda=1 |dx|max=1.79e-02 lin=gmres+P-A+CC(mult,2) rel=4.7e-03 lits=2 t_lin=0.0s |dx|2=4.32e-01 t_fact=0.05s eta=1.00e-01 mu=5.796e-01 retries=0
    COARSE build mode=mult profiles=2 K=1024 t_assembly=0.015s t_lu=0.028s t_cond=0.003s norm1=5.480e+04 inv_norm1_est=2.668e-02 rcond_est=6.841e-04 min|U_kk|=3.109e+02 max|U_kk|=1.276e+04 zero_pivots=0 mu=3.153e-01 assembly=colored factor=banded applications=256 color_period=8 kl=319 ku=319
    COARSE apply applications=3 t_apply_avg=0.677ms t_host_solve_avg=0.379ms
    LINEAR gmres+P-A+CC(mult,2) its=2 rel=7.6e-03 t=0.00s cycles=1 reorth=2 rec=7.6e-03 status=converged t_fact=0.00s singular_modes=0 mu=3.153e-01
  NEWTON generic3d:0.25:16:i1o4 it= 3 r_F=3.291e-01 r_out=3.706e-04 lambda=1 |dx|max=1.33e-02 lin=gmres+P-A+CC(mult,2) rel=7.6e-03 lits=2 t_lin=0.0s |dx|2=3.71e-01 t_fact=0.05s eta=1.00e-01 mu=3.153e-01 retries=0
    COARSE build mode=mult profiles=2 K=1024 t_assembly=0.015s t_lu=0.048s t_cond=0.008s norm1=5.415e+04 inv_norm1_est=4.407e-02 rcond_est=4.191e-04 min|U_kk|=2.406e+02 max|U_kk|=1.208e+04 zero_pivots=0 mu=1.484e-01 assembly=colored factor=banded applications=256 color_period=8 kl=319 ku=319
    COARSE apply applications=4 t_apply_avg=1.149ms t_host_solve_avg=0.836ms
    LINEAR gmres+P-A+CC(mult,2) its=3 rel=3.5e-03 t=0.01s cycles=1 reorth=3 rec=3.5e-03 status=converged t_fact=0.00s singular_modes=0 mu=1.484e-01
  NEWTON generic3d:0.25:16:i1o4 it= 4 r_F=1.260e-01 r_out=1.093e-04 lambda=1 |dx|max=1.12e-02 lin=gmres+P-A+CC(mult,2) rel=3.5e-03 lits=3 t_lin=0.0s |dx|2=2.99e-01 t_fact=0.07s eta=1.00e-01 mu=1.484e-01 retries=0
    COARSE build mode=mult profiles=2 K=1024 t_assembly=0.015s t_lu=0.053s t_cond=0.004s norm1=5.399e+04 inv_norm1_est=6.780e-02 rcond_est=2.732e-04 min|U_kk|=1.953e+02 max|U_kk|=1.172e+04 zero_pivots=0 mu=5.684e-02 assembly=colored factor=banded applications=256 color_period=8 kl=319 ku=319
    COARSE apply applications=5 t_apply_avg=0.834ms t_host_solve_avg=0.538ms
    LINEAR gmres+P-A+CC(mult,2) its=4 rel=4.2e-03 t=0.00s cycles=1 reorth=4 rec=4.2e-03 status=converged t_fact=0.00s singular_modes=0 mu=5.684e-02
  NEWTON generic3d:0.25:16:i1o4 it= 5 r_F=4.693e-02 r_out=4.573e-05 lambda=1 |dx|max=1.06e-02 lin=gmres+P-A+CC(mult,2) rel=4.2e-03 lits=4 t_lin=0.0s |dx|2=2.87e-01 t_fact=0.07s eta=1.00e-01 mu=5.684e-02 retries=0
    COARSE build mode=mult profiles=2 K=1024 t_assembly=0.015s t_lu=0.039s t_cond=0.003s norm1=5.460e+04 inv_norm1_est=8.840e-02 rcond_est=2.072e-04 min|U_kk|=1.741e+02 max|U_kk|=1.157e+04 zero_pivots=0 mu=2.116e-02 assembly=colored factor=banded applications=256 color_period=8 kl=319 ku=319
    COARSE apply applications=7 t_apply_avg=0.714ms t_host_solve_avg=0.427ms
    LINEAR gmres+P-A+CC(mult,2) its=6 rel=7.4e-03 t=0.01s cycles=1 reorth=6 rec=7.4e-03 status=converged t_fact=0.00s singular_modes=0 mu=2.116e-02
  NEWTON generic3d:0.25:16:i1o4 it= 6 r_F=2.355e-02 r_out=8.338e-05 lambda=1 |dx|max=1.09e-02 lin=gmres+P-A+CC(mult,2) rel=7.4e-03 lits=6 t_lin=0.0s |dx|2=3.97e-01 t_fact=0.06s eta=1.00e-01 mu=2.116e-02 retries=0
    COARSE build mode=mult profiles=2 K=1024 t_assembly=0.015s t_lu=0.031s t_cond=0.003s norm1=5.594e+04 inv_norm1_est=1.161e-01 rcond_est=1.540e-04 min|U_kk|=1.657e+02 max|U_kk|=1.153e+04 zero_pivots=0 mu=1.062e-02 assembly=colored factor=banded applications=256 color_period=8 kl=319 ku=319
    COARSE apply applications=9 t_apply_avg=0.651ms t_host_solve_avg=0.369ms
    LINEAR gmres+P-A+CC(mult,2) its=8 rel=6.4e-03 t=0.01s cycles=1 reorth=7 rec=6.4e-03 status=converged t_fact=0.00s singular_modes=0 mu=1.062e-02
  NEWTON generic3d:0.25:16:i1o4 it= 7 r_F=1.267e-02 r_out=1.044e-04 lambda=1 |dx|max=1.21e-02 lin=gmres+P-A+CC(mult,2) rel=6.4e-03 lits=8 t_lin=0.0s |dx|2=4.16e-01 t_fact=0.05s eta=1.00e-01 mu=1.062e-02 retries=0
    COARSE build mode=mult profiles=2 K=1024 t_assembly=0.015s t_lu=0.027s t_cond=0.003s norm1=5.783e+04 inv_norm1_est=1.317e-01 rcond_est=1.313e-04 min|U_kk|=1.614e+02 max|U_kk|=1.153e+04 zero_pivots=0 mu=5.714e-03 assembly=colored factor=banded applications=256 color_period=8 kl=319 ku=319
    COARSE apply applications=10 t_apply_avg=0.634ms t_host_solve_avg=0.349ms
    LINEAR gmres+P-A+CC(mult,2) its=9 rel=5.7e-03 t=0.01s cycles=1 reorth=8 rec=5.7e-03 status=converged t_fact=0.00s singular_modes=0 mu=5.714e-03
  NEWTON generic3d:0.25:16:i1o4 it= 8 r_F=5.303e-03 r_out=6.303e-05 lambda=1 |dx|max=9.28e-03 lin=gmres+P-A+CC(mult,2) rel=5.7e-03 lits=9 t_lin=0.0s |dx|2=3.03e-01 t_fact=0.05s eta=1.00e-01 mu=5.714e-03 retries=0
    COARSE build mode=mult profiles=2 K=1024 t_assembly=0.015s t_lu=0.027s t_cond=0.003s norm1=5.940e+04 inv_norm1_est=1.390e-01 rcond_est=1.211e-04 min|U_kk|=1.583e+02 max|U_kk|=1.154e+04 zero_pivots=0 mu=2.392e-03 assembly=colored factor=banded applications=256 color_period=8 kl=319 ku=319
    COARSE apply applications=10 t_apply_avg=0.634ms t_host_solve_avg=0.347ms
    LINEAR gmres+P-A+CC(mult,2) its=9 rel=9.5e-03 t=0.01s cycles=1 reorth=8 rec=9.5e-03 status=converged t_fact=0.00s singular_modes=0 mu=2.392e-03
  NEWTON generic3d:0.25:16:i1o4 it= 9 r_F=1.318e-03 r_out=2.005e-05 lambda=1 |dx|max=5.00e-03 lin=gmres+P-A+CC(mult,2) rel=9.5e-03 lits=9 t_lin=0.0s |dx|2=1.58e-01 t_fact=0.05s eta=1.00e-01 mu=2.392e-03 retries=0
    COARSE build mode=mult profiles=2 K=1024 t_assembly=0.015s t_lu=0.027s t_cond=0.003s norm1=6.029e+04 inv_norm1_est=1.487e-01 rcond_est=1.116e-04 min|U_kk|=1.565e+02 max|U_kk|=1.154e+04 zero_pivots=0 mu=5.944e-04 assembly=colored factor=banded applications=256 color_period=8 kl=319 ku=319
    COARSE apply applications=12 t_apply_avg=0.632ms t_host_solve_avg=0.349ms
    LINEAR gmres+P-A+CC(mult,2) its=11 rel=3.8e-03 t=0.01s cycles=1 reorth=10 rec=3.8e-03 status=converged t_fact=0.00s singular_modes=0 mu=5.944e-04
  NEWTON generic3d:0.25:16:i1o4 it=10 r_F=1.058e-04 r_out=1.835e-06 lambda=1 |dx|max=1.45e-03 lin=gmres+P-A+CC(mult,2) rel=3.8e-03 lits=11 t_lin=0.0s |dx|2=4.23e-02 t_fact=0.05s eta=5.56e-02 mu=5.944e-04 retries=0
    COARSE build mode=mult profiles=2 K=1024 t_assembly=0.015s t_lu=0.027s t_cond=0.003s norm1=6.053e+04 inv_norm1_est=1.518e-01 rcond_est=1.088e-04 min|U_kk|=1.559e+02 max|U_kk|=1.154e+04 zero_pivots=0 mu=4.774e-05 assembly=colored factor=banded applications=256 color_period=8 kl=319 ku=319
    COARSE apply applications=16 t_apply_avg=0.633ms t_host_solve_avg=0.346ms
    LINEAR gmres+P-A+CC(mult,2) its=15 rel=4.4e-04 t=0.01s cycles=1 reorth=14 rec=4.4e-04 status=converged t_fact=0.00s singular_modes=0 mu=4.774e-05
  NEWTON generic3d:0.25:16:i1o4 it=11 r_F=7.315e-07 r_out=1.311e-08 lambda=1 |dx|max=1.15e-04 lin=gmres+P-A+CC(mult,2) rel=4.4e-04 lits=15 t_lin=0.0s |dx|2=3.08e-03 t_fact=0.05s eta=5.81e-03 mu=4.774e-05 retries=0
    COARSE build mode=mult profiles=2 K=1024 t_assembly=0.015s t_lu=0.027s t_cond=0.003s norm1=6.055e+04 inv_norm1_est=1.521e-01 rcond_est=1.086e-04 min|U_kk|=1.559e+02 max|U_kk|=1.154e+04 zero_pivots=0 mu=3.299e-07 assembly=colored factor=banded applications=256 color_period=8 kl=319 ku=319
    COARSE apply applications=25 t_apply_avg=0.629ms t_host_solve_avg=0.347ms
    LINEAR gmres+P-A+CC(mult,2) its=24 rel=4.0e-06 t=0.02s cycles=1 reorth=23 rec=4.0e-06 status=converged t_fact=0.00s singular_modes=0 mu=3.299e-07
  NEWTON generic3d:0.25:16:i1o4 it=12 r_F=3.555e-11 r_out=6.179e-13 lambda=1 |dx|max=7.51e-07 lin=gmres+P-A+CC(mult,2) rel=4.0e-06 lits=24 t_lin=0.0s |dx|2=1.87e-05 t_fact=0.05s eta=4.30e-05 mu=3.299e-07 retries=0
    COARSE build mode=mult profiles=2 K=1024 t_assembly=0.015s t_lu=0.027s t_cond=0.003s norm1=6.055e+04 inv_norm1_est=1.521e-01 rcond_est=1.086e-04 min|U_kk|=1.559e+02 max|U_kk|=1.154e+04 zero_pivots=0 mu=1.603e-11 assembly=colored factor=banded applications=256 color_period=8 kl=319 ku=319
    COARSE apply applications=18 t_apply_avg=0.631ms t_host_solve_avg=0.348ms
    LINEAR gmres+P-A+CC(mult,2) its=17 rel=1.2e-04 t=0.02s cycles=1 reorth=16 rec=1.2e-04 status=converged t_fact=0.00s singular_modes=0 mu=1.603e-11
  NEWTON generic3d:0.25:16:i1o4 it=13 r_F=4.546e-15 r_out=3.964e-16 lambda=1 |dx|max=3.46e-11 lin=gmres+P-A+CC(mult,2) rel=1.2e-04 lits=17 t_lin=0.0s |dx|2=8.05e-10 t_fact=0.05s eta=1.41e-03 mu=1.603e-11 retries=0
  STAGE_END field=generic3d eps=0.25 N=16 cand=i1o4 status=converged its=13 r_F=4.546e-15 r_out=3.964e-16 -> accepted
PATH field=generic3d eps=0.25 N=16 cand=i1o4 continuation path: 0.25
GMRES_STATS field=generic3d eps=0.25 N=16 stage_eps=0.25 status=converged newton_its=13 steps=13 its_max=24 its_median=8.0 its_total=112 rel_max=9.5e-03 linear_failures=0 forcing=ew etas=1.00e-01,1.00e-01,1.00e-01,1.00e-01,1.00e-01,1.00e-01,1.00e-01,1.00e-01,1.00e-01,5.56e-02,5.81e-03,4.30e-05,1.41e-03 psitc=on mus=1.00e+00,5.80e-01,3.15e-01,1.48e-01,5.68e-02,2.12e-02,1.06e-02,5.71e-03,2.39e-03,5.94e-04,4.77e-05,3.30e-07,1.60e-11
CASE field=generic3d eps=0.25 N=16 cand=i1o4 | r_F=4.546e-15 its=13 | e_v=3.423e-03 e_psi=4.634e-02 e_i=(2.045e-03,2.270e-03) e_div=5.189e-03 min_c=6.430e-01 p0.1=6.531e-01 p1=6.976e-01 p5=7.584e-01 p50=9.966e-01 | t=0.8 | e_psi1=2.794e-02 e_psi2=4.634e-02
CASE field=generic3d eps=0.25 N=16 cand=oracle_fd4 | r_F=nan its=nan | e_v=1.744e-03 e_psi=1.032e-17 e_i=(1.332e-03,1.157e-03) e_div=5.364e-03 min_c=6.432e-01 p0.1=6.533e-01 p1=6.977e-01 p5=7.581e-01 p50=9.971e-01 | t=0.0 | e_psi1=7.311e-18 e_psi2=1.032e-17
EXTRA field=generic3d eps=0.25 N=16 cand=i1o4 status=converged r_F=4.546e-15 r_out=3.964e-16 | outlet c_perp-vperp_in: cand=3.964e-16 oracle_fd=4.405e-03 | inlet oblique defect (c x e1 - vperp_in x e1)/v_rms: j=0(one-sided) cand=6.767e-03 oracle_fd=4.487e-03; j=1 cand=8.304e-02 oracle_fd=8.310e-02; j=1 vs vD(j=1) cand=2.831e-03 oracle_fd=1.162e-03 | min|c|/v_rms=0.6277 min|vD|/v_rms=0.6278 e_i1=2.045e-03 e_i2=2.270e-03 | t=0.8s | a_psi1=7.783e-04 a_psi2=1.132e-03 (FD order 4)
HISTORY field=generic3d eps=0.25 N=16 cand=i1o4 r_F: 2.21e+00 1.29e+00 6.99e-01 3.29e-01 1.26e-01 4.69e-02 2.36e-02 1.27e-02 5.30e-03 1.32e-03 1.06e-04 7.31e-07 3.56e-11 4.55e-15
HISTORY field=generic3d eps=0.25 N=16 cand=i1o4 r_out: 1.34e-01 8.10e-03 8.42e-04 3.71e-04 1.09e-04 4.57e-05 8.34e-05 1.04e-04 6.30e-05 2.00e-05 1.83e-06 1.31e-08 6.18e-13 3.96e-16
HISTORY_FULL field=generic3d eps=0.25 N=16 cand=i1o4 r_F: 2.21343980011562680e+00 1.28520383345157518e+00 6.99186016269205624e-01 3.29140459456683077e-01 1.26033844052791111e-01 4.69287132437692378e-02 2.35501640852841809e-02 1.26701569996269456e-02 5.30331875333839818e-03 1.31796103807709452e-03 1.05846361045157058e-04 7.31456088589623298e-07 3.55514257273412936e-11 4.54587767018981970e-15
HISTORY_FULL field=generic3d eps=0.25 N=16 cand=i1o4 r_out: 1.33879432771303680e-01 8.09815263426245414e-03 8.42112533966653015e-04 3.70561761520650566e-04 1.09325084559817225e-04 4.57323654569296063e-05 8.33846095859413762e-05 1.04392347927560351e-04 6.30260231540111411e-05 2.00498046723646738e-05 1.83469948699667638e-06 1.31097944076023079e-08 6.17897631440508084e-13 3.96412672441234377e-16
FIELDDIFF max_rel_diff_u1=1.789e-14 max_rel_diff_u2=1.948e-14 max_rel_diff_joint=1.789e-14 max_abs_diff_u1=1.233e-15 max_abs_diff_u2=1.048e-15 max_abs_u_proto=(6.895e-02,5.379e-02) (rel: max|u_gpu - u_proto| / max|u_proto| over planes 0..N; joint: max abs diff / max over both fields; prototype /home/sesquerre/MacroFlow3D-SF-33/docs/experiments/artifacts/2026-10-06-sf33-gpu-inlet-labels/exports/solutions/generic3d_0.25_16_i1o4 status=converged its=7 path=0.25 r_F=2.688e-15)
TIMING load=0.004s metrics=0.001s prepare=0.047s solve=0.794s total=0.847s
MEMORY peak_device_bytes=523239424 free_min=33566490624 total_device=34089730048 workspaces_bytes=11116415 (peak/free: cudaMemGetInfo polls before/after every phase, device-wide)
SUMMARY_JSON /home/sesquerre/MacroFlow3D-SF-33/docs/experiments/artifacts/2026-10-06-sf33-gpu-inlet-labels/raw/proto_b/generic3d_0.25_16.json
STATUS converged
