command: /home/sesquerre/MacroFlow3D-SF-33/build/v100-release/inlet_slab --proto /home/sesquerre/MacroFlow3D-SF-33/docs/experiments/artifacts/2026-10-06-sf33-gpu-inlet-labels/exports/generic3d_1_16 --solution /home/sesquerre/MacroFlow3D-SF-33/docs/experiments/artifacts/2026-10-06-sf33-gpu-inlet-labels/exports/solutions/generic3d_1_16_i1o4 --summary /home/sesquerre/MacroFlow3D-SF-33/docs/experiments/artifacts/2026-10-06-sf33-gpu-inlet-labels/raw/proto_b/generic3d_1_16.json
CASE_DIR /home/sesquerre/MacroFlow3D-SF-33/docs/experiments/artifacts/2026-10-06-sf33-gpu-inlet-labels/exports/generic3d_1_16 field=generic3d eps=1 N=16 nphi=32 Q0=1.00000000000136 inlet_vmin=2.341302e-01 v_rms=1.44911633371529 cache_hit=0 stage_amplitudes=48 target_eps=1
SETUP grad_lnk=analytic (prototype export: complex-step gradient of the analytic ln k at the vertices)
SOLVER N=16 eps=1 cand=i1o4 newton_tol=1.0e-13 max_newton=120 lin_tol=1.0e-12 restart=100 max_inner=6000 bisect=4 prec=P-A ladder=(0.25,0.5,1) stage_ok=1e-09 forcing=ew ew_gamma=0.9 ew_alpha=2 ew_eta0=0.1 ew_eta_max=0.1 ew_eta_min=1.0e-12 psitc=on psitc_mu0=1 psitc_mu_max=100 psitc_norm=merit psitc_retries=4 psitc_retry_factor=4 stagnation_window=5 stagnation_factor=0.5 gmres_stagnation_factor=0.9 coarse=mult coarse_profiles=2 coarse_assembly=colored coarse_factor=banded
SOLVER_COARSE mode=mult profiles=2 K=1024 assembly=colored factor=banded (SF-33 N7c probe: Galerkin coarse correction on the x1-constant + x1-linear column subspace, rebuilt with P-A at every factor)
STAGE field=generic3d eps=0.25 N=16 cand=i1o4 (from eps=0, u=0)
  NEWTON generic3d:0.25:16:i1o4 it= 0 r_F=2.213e+00 r_out=1.339e-01
    COARSE build mode=mult profiles=2 K=1024 t_assembly=0.017s t_lu=0.027s t_cond=0.003s norm1=5.878e+04 inv_norm1_est=9.182e-03 rcond_est=1.853e-03 min|U_kk|=5.396e+02 max|U_kk|=1.574e+04 zero_pivots=0 mu=1.000e+00 assembly=colored factor=banded applications=256 color_period=8 kl=319 ku=319
    COARSE apply applications=3 t_apply_avg=0.641ms t_host_solve_avg=0.344ms
    LINEAR gmres+P-A+CC(mult,2) its=2 rel=2.9e-03 t=0.00s cycles=1 reorth=2 rec=2.9e-03 status=converged t_fact=0.00s singular_modes=0 mu=1.000e+00
  NEWTON generic3d:0.25:16:i1o4 it= 1 r_F=1.285e+00 r_out=8.098e-03 lambda=1 |dx|max=3.03e-02 lin=gmres+P-A+CC(mult,2) rel=2.9e-03 lits=2 t_lin=0.0s |dx|2=4.78e-01 t_fact=0.05s eta=1.00e-01 mu=1.000e+00 retries=0
    COARSE build mode=mult profiles=2 K=1024 t_assembly=0.015s t_lu=0.027s t_cond=0.003s norm1=5.623e+04 inv_norm1_est=1.610e-02 rcond_est=1.104e-03 min|U_kk|=4.072e+02 max|U_kk|=1.388e+04 zero_pivots=0 mu=5.796e-01 assembly=colored factor=banded applications=256 color_period=8 kl=319 ku=319
    COARSE apply applications=3 t_apply_avg=0.653ms t_host_solve_avg=0.362ms
    LINEAR gmres+P-A+CC(mult,2) its=2 rel=4.7e-03 t=0.00s cycles=1 reorth=2 rec=4.7e-03 status=converged t_fact=0.00s singular_modes=0 mu=5.796e-01
  NEWTON generic3d:0.25:16:i1o4 it= 2 r_F=6.992e-01 r_out=8.421e-04 lambda=1 |dx|max=1.79e-02 lin=gmres+P-A+CC(mult,2) rel=4.7e-03 lits=2 t_lin=0.0s |dx|2=4.32e-01 t_fact=0.05s eta=1.00e-01 mu=5.796e-01 retries=0
    COARSE build mode=mult profiles=2 K=1024 t_assembly=0.015s t_lu=0.026s t_cond=0.003s norm1=5.480e+04 inv_norm1_est=2.668e-02 rcond_est=6.841e-04 min|U_kk|=3.109e+02 max|U_kk|=1.276e+04 zero_pivots=0 mu=3.153e-01 assembly=colored factor=banded applications=256 color_period=8 kl=319 ku=319
    COARSE apply applications=3 t_apply_avg=0.614ms t_host_solve_avg=0.331ms
    LINEAR gmres+P-A+CC(mult,2) its=2 rel=7.6e-03 t=0.00s cycles=1 reorth=2 rec=7.6e-03 status=converged t_fact=0.00s singular_modes=0 mu=3.153e-01
  NEWTON generic3d:0.25:16:i1o4 it= 3 r_F=3.291e-01 r_out=3.706e-04 lambda=1 |dx|max=1.33e-02 lin=gmres+P-A+CC(mult,2) rel=7.6e-03 lits=2 t_lin=0.0s |dx|2=3.71e-01 t_fact=0.05s eta=1.00e-01 mu=3.153e-01 retries=0
    COARSE build mode=mult profiles=2 K=1024 t_assembly=0.015s t_lu=0.025s t_cond=0.003s norm1=5.415e+04 inv_norm1_est=4.407e-02 rcond_est=4.191e-04 min|U_kk|=2.406e+02 max|U_kk|=1.208e+04 zero_pivots=0 mu=1.484e-01 assembly=colored factor=banded applications=256 color_period=8 kl=319 ku=319
    COARSE apply applications=4 t_apply_avg=0.627ms t_host_solve_avg=0.340ms
    LINEAR gmres+P-A+CC(mult,2) its=3 rel=3.5e-03 t=0.00s cycles=1 reorth=3 rec=3.5e-03 status=converged t_fact=0.00s singular_modes=0 mu=1.484e-01
  NEWTON generic3d:0.25:16:i1o4 it= 4 r_F=1.260e-01 r_out=1.093e-04 lambda=1 |dx|max=1.12e-02 lin=gmres+P-A+CC(mult,2) rel=3.5e-03 lits=3 t_lin=0.0s |dx|2=2.99e-01 t_fact=0.04s eta=1.00e-01 mu=1.484e-01 retries=0
    COARSE build mode=mult profiles=2 K=1024 t_assembly=0.015s t_lu=0.026s t_cond=0.003s norm1=5.399e+04 inv_norm1_est=6.780e-02 rcond_est=2.732e-04 min|U_kk|=1.953e+02 max|U_kk|=1.172e+04 zero_pivots=0 mu=5.684e-02 assembly=colored factor=banded applications=256 color_period=8 kl=319 ku=319
    COARSE apply applications=5 t_apply_avg=0.625ms t_host_solve_avg=0.338ms
    LINEAR gmres+P-A+CC(mult,2) its=4 rel=4.2e-03 t=0.00s cycles=1 reorth=4 rec=4.2e-03 status=converged t_fact=0.00s singular_modes=0 mu=5.684e-02
  NEWTON generic3d:0.25:16:i1o4 it= 5 r_F=4.693e-02 r_out=4.573e-05 lambda=1 |dx|max=1.06e-02 lin=gmres+P-A+CC(mult,2) rel=4.2e-03 lits=4 t_lin=0.0s |dx|2=2.87e-01 t_fact=0.05s eta=1.00e-01 mu=5.684e-02 retries=0
    COARSE build mode=mult profiles=2 K=1024 t_assembly=0.015s t_lu=0.026s t_cond=0.003s norm1=5.460e+04 inv_norm1_est=8.840e-02 rcond_est=2.072e-04 min|U_kk|=1.741e+02 max|U_kk|=1.157e+04 zero_pivots=0 mu=2.116e-02 assembly=colored factor=banded applications=256 color_period=8 kl=319 ku=319
    COARSE apply applications=7 t_apply_avg=0.630ms t_host_solve_avg=0.347ms
    LINEAR gmres+P-A+CC(mult,2) its=6 rel=7.4e-03 t=0.01s cycles=1 reorth=6 rec=7.4e-03 status=converged t_fact=0.00s singular_modes=0 mu=2.116e-02
  NEWTON generic3d:0.25:16:i1o4 it= 6 r_F=2.355e-02 r_out=8.338e-05 lambda=1 |dx|max=1.09e-02 lin=gmres+P-A+CC(mult,2) rel=7.4e-03 lits=6 t_lin=0.0s |dx|2=3.97e-01 t_fact=0.05s eta=1.00e-01 mu=2.116e-02 retries=0
    COARSE build mode=mult profiles=2 K=1024 t_assembly=0.015s t_lu=0.029s t_cond=0.003s norm1=5.594e+04 inv_norm1_est=1.161e-01 rcond_est=1.540e-04 min|U_kk|=1.657e+02 max|U_kk|=1.153e+04 zero_pivots=0 mu=1.062e-02 assembly=colored factor=banded applications=256 color_period=8 kl=319 ku=319
    COARSE apply applications=9 t_apply_avg=0.618ms t_host_solve_avg=0.354ms
    LINEAR gmres+P-A+CC(mult,2) its=8 rel=6.4e-03 t=0.01s cycles=1 reorth=7 rec=6.4e-03 status=converged t_fact=0.00s singular_modes=0 mu=1.062e-02
  NEWTON generic3d:0.25:16:i1o4 it= 7 r_F=1.267e-02 r_out=1.044e-04 lambda=1 |dx|max=1.21e-02 lin=gmres+P-A+CC(mult,2) rel=6.4e-03 lits=8 t_lin=0.0s |dx|2=4.16e-01 t_fact=0.05s eta=1.00e-01 mu=1.062e-02 retries=0
    COARSE build mode=mult profiles=2 K=1024 t_assembly=0.014s t_lu=0.027s t_cond=0.003s norm1=5.783e+04 inv_norm1_est=1.317e-01 rcond_est=1.313e-04 min|U_kk|=1.614e+02 max|U_kk|=1.153e+04 zero_pivots=0 mu=5.714e-03 assembly=colored factor=banded applications=256 color_period=8 kl=319 ku=319
    COARSE apply applications=10 t_apply_avg=0.617ms t_host_solve_avg=0.353ms
    LINEAR gmres+P-A+CC(mult,2) its=9 rel=5.7e-03 t=0.01s cycles=1 reorth=8 rec=5.7e-03 status=converged t_fact=0.00s singular_modes=0 mu=5.714e-03
  NEWTON generic3d:0.25:16:i1o4 it= 8 r_F=5.303e-03 r_out=6.303e-05 lambda=1 |dx|max=9.28e-03 lin=gmres+P-A+CC(mult,2) rel=5.7e-03 lits=9 t_lin=0.0s |dx|2=3.03e-01 t_fact=0.04s eta=1.00e-01 mu=5.714e-03 retries=0
    COARSE build mode=mult profiles=2 K=1024 t_assembly=0.014s t_lu=0.027s t_cond=0.003s norm1=5.940e+04 inv_norm1_est=1.390e-01 rcond_est=1.211e-04 min|U_kk|=1.583e+02 max|U_kk|=1.154e+04 zero_pivots=0 mu=2.392e-03 assembly=colored factor=banded applications=256 color_period=8 kl=319 ku=319
    COARSE apply applications=10 t_apply_avg=0.625ms t_host_solve_avg=0.355ms
    LINEAR gmres+P-A+CC(mult,2) its=9 rel=9.5e-03 t=0.01s cycles=1 reorth=8 rec=9.5e-03 status=converged t_fact=0.00s singular_modes=0 mu=2.392e-03
  NEWTON generic3d:0.25:16:i1o4 it= 9 r_F=1.318e-03 r_out=2.005e-05 lambda=1 |dx|max=5.00e-03 lin=gmres+P-A+CC(mult,2) rel=9.5e-03 lits=9 t_lin=0.0s |dx|2=1.58e-01 t_fact=0.05s eta=1.00e-01 mu=2.392e-03 retries=0
    COARSE build mode=mult profiles=2 K=1024 t_assembly=0.014s t_lu=0.028s t_cond=0.003s norm1=6.029e+04 inv_norm1_est=1.487e-01 rcond_est=1.116e-04 min|U_kk|=1.565e+02 max|U_kk|=1.154e+04 zero_pivots=0 mu=5.944e-04 assembly=colored factor=banded applications=256 color_period=8 kl=319 ku=319
    COARSE apply applications=12 t_apply_avg=0.614ms t_host_solve_avg=0.353ms
    LINEAR gmres+P-A+CC(mult,2) its=11 rel=3.8e-03 t=0.01s cycles=1 reorth=10 rec=3.8e-03 status=converged t_fact=0.00s singular_modes=0 mu=5.944e-04
  NEWTON generic3d:0.25:16:i1o4 it=10 r_F=1.058e-04 r_out=1.835e-06 lambda=1 |dx|max=1.45e-03 lin=gmres+P-A+CC(mult,2) rel=3.8e-03 lits=11 t_lin=0.0s |dx|2=4.23e-02 t_fact=0.05s eta=5.56e-02 mu=5.944e-04 retries=0
    COARSE build mode=mult profiles=2 K=1024 t_assembly=0.014s t_lu=0.027s t_cond=0.003s norm1=6.053e+04 inv_norm1_est=1.518e-01 rcond_est=1.088e-04 min|U_kk|=1.559e+02 max|U_kk|=1.154e+04 zero_pivots=0 mu=4.774e-05 assembly=colored factor=banded applications=256 color_period=8 kl=319 ku=319
    COARSE apply applications=16 t_apply_avg=0.622ms t_host_solve_avg=0.354ms
    LINEAR gmres+P-A+CC(mult,2) its=15 rel=4.4e-04 t=0.01s cycles=1 reorth=14 rec=4.4e-04 status=converged t_fact=0.00s singular_modes=0 mu=4.774e-05
  NEWTON generic3d:0.25:16:i1o4 it=11 r_F=7.315e-07 r_out=1.311e-08 lambda=1 |dx|max=1.15e-04 lin=gmres+P-A+CC(mult,2) rel=4.4e-04 lits=15 t_lin=0.0s |dx|2=3.08e-03 t_fact=0.05s eta=5.81e-03 mu=4.774e-05 retries=0
    COARSE build mode=mult profiles=2 K=1024 t_assembly=0.014s t_lu=0.028s t_cond=0.003s norm1=6.055e+04 inv_norm1_est=1.521e-01 rcond_est=1.086e-04 min|U_kk|=1.559e+02 max|U_kk|=1.154e+04 zero_pivots=0 mu=3.299e-07 assembly=colored factor=banded applications=256 color_period=8 kl=319 ku=319
    COARSE apply applications=25 t_apply_avg=0.614ms t_host_solve_avg=0.353ms
    LINEAR gmres+P-A+CC(mult,2) its=24 rel=4.0e-06 t=0.02s cycles=1 reorth=23 rec=4.0e-06 status=converged t_fact=0.00s singular_modes=0 mu=3.299e-07
  NEWTON generic3d:0.25:16:i1o4 it=12 r_F=3.555e-11 r_out=6.179e-13 lambda=1 |dx|max=7.51e-07 lin=gmres+P-A+CC(mult,2) rel=4.0e-06 lits=24 t_lin=0.0s |dx|2=1.87e-05 t_fact=0.05s eta=4.30e-05 mu=3.299e-07 retries=0
    COARSE build mode=mult profiles=2 K=1024 t_assembly=0.014s t_lu=0.027s t_cond=0.003s norm1=6.055e+04 inv_norm1_est=1.521e-01 rcond_est=1.086e-04 min|U_kk|=1.559e+02 max|U_kk|=1.154e+04 zero_pivots=0 mu=1.603e-11 assembly=colored factor=banded applications=256 color_period=8 kl=319 ku=319
    COARSE apply applications=18 t_apply_avg=0.615ms t_host_solve_avg=0.353ms
    LINEAR gmres+P-A+CC(mult,2) its=17 rel=1.2e-04 t=0.01s cycles=1 reorth=16 rec=1.2e-04 status=converged t_fact=0.00s singular_modes=0 mu=1.603e-11
  NEWTON generic3d:0.25:16:i1o4 it=13 r_F=4.546e-15 r_out=3.964e-16 lambda=1 |dx|max=3.46e-11 lin=gmres+P-A+CC(mult,2) rel=1.2e-04 lits=17 t_lin=0.0s |dx|2=8.05e-10 t_fact=0.05s eta=1.41e-03 mu=1.603e-11 retries=0
  STAGE_END field=generic3d eps=0.25 N=16 cand=i1o4 status=converged its=13 r_F=4.546e-15 r_out=3.964e-16 -> accepted
STAGE field=generic3d eps=0.5 N=16 cand=i1o4 (from eps=0.25, warm start)
  NEWTON generic3d:0.5:16:i1o4 it= 0 r_F=2.016e+00 r_out=1.734e-01
    COARSE build mode=mult profiles=2 K=1024 t_assembly=0.014s t_lu=0.028s t_cond=0.003s norm1=9.177e+04 inv_norm1_est=1.158e-02 rcond_est=9.413e-04 min|U_kk|=4.699e+02 max|U_kk|=2.239e+04 zero_pivots=0 mu=1.000e+00 assembly=colored factor=banded applications=256 color_period=8 kl=319 ku=319
    COARSE apply applications=4 t_apply_avg=0.624ms t_host_solve_avg=0.354ms
    LINEAR gmres+P-A+CC(mult,2) its=3 rel=2.5e-03 t=0.00s cycles=1 reorth=3 rec=2.5e-03 status=converged t_fact=0.00s singular_modes=0 mu=1.000e+00
  NEWTON generic3d:0.5:16:i1o4 it= 1 r_F=1.186e+00 r_out=1.336e-02 lambda=1 |dx|max=2.94e-02 lin=gmres+P-A+CC(mult,2) rel=2.5e-03 lits=3 t_lin=0.0s |dx|2=4.82e-01 t_fact=0.05s eta=1.00e-01 mu=1.000e+00 retries=0
    COARSE build mode=mult profiles=2 K=1024 t_assembly=0.014s t_lu=0.028s t_cond=0.003s norm1=8.920e+04 inv_norm1_est=1.948e-02 rcond_est=5.754e-04 min|U_kk|=3.601e+02 max|U_kk|=1.980e+04 zero_pivots=0 mu=5.861e-01 assembly=colored factor=banded applications=256 color_period=8 kl=319 ku=319
    COARSE apply applications=4 t_apply_avg=0.635ms t_host_solve_avg=0.366ms
    LINEAR gmres+P-A+CC(mult,2) its=3 rel=4.4e-03 t=0.00s cycles=1 reorth=3 rec=4.4e-03 status=converged t_fact=0.00s singular_modes=0 mu=5.861e-01
  NEWTON generic3d:0.5:16:i1o4 it= 2 r_F=6.582e-01 r_out=1.732e-03 lambda=1 |dx|max=1.68e-02 lin=gmres+P-A+CC(mult,2) rel=4.4e-03 lits=3 t_lin=0.0s |dx|2=4.29e-01 t_fact=0.05s eta=1.00e-01 mu=5.861e-01 retries=0
    COARSE build mode=mult profiles=2 K=1024 t_assembly=0.014s t_lu=0.028s t_cond=0.003s norm1=8.818e+04 inv_norm1_est=3.183e-02 rcond_est=3.563e-04 min|U_kk|=2.799e+02 max|U_kk|=1.846e+04 zero_pivots=0 mu=3.252e-01 assembly=colored factor=banded applications=256 color_period=8 kl=319 ku=319
    COARSE apply applications=4 t_apply_avg=0.619ms t_host_solve_avg=0.350ms
    LINEAR gmres+P-A+CC(mult,2) its=3 rel=9.5e-03 t=0.00s cycles=1 reorth=3 rec=9.5e-03 status=converged t_fact=0.00s singular_modes=0 mu=3.252e-01
  NEWTON generic3d:0.5:16:i1o4 it= 3 r_F=3.190e-01 r_out=6.088e-04 lambda=1 |dx|max=1.27e-02 lin=gmres+P-A+CC(mult,2) rel=9.5e-03 lits=3 t_lin=0.0s |dx|2=3.71e-01 t_fact=0.05s eta=1.00e-01 mu=3.252e-01 retries=0
    COARSE build mode=mult profiles=2 K=1024 t_assembly=0.014s t_lu=0.028s t_cond=0.003s norm1=8.805e+04 inv_norm1_est=5.157e-02 rcond_est=2.202e-04 min|U_kk|=2.210e+02 max|U_kk|=1.770e+04 zero_pivots=0 mu=1.576e-01 assembly=colored factor=banded applications=256 color_period=8 kl=319 ku=319
    COARSE apply applications=6 t_apply_avg=0.629ms t_host_solve_avg=0.360ms
    LINEAR gmres+P-A+CC(mult,2) its=5 rel=5.8e-03 t=0.00s cycles=1 reorth=5 rec=5.8e-03 status=converged t_fact=0.00s singular_modes=0 mu=1.576e-01
  NEWTON generic3d:0.5:16:i1o4 it= 4 r_F=1.308e-01 r_out=2.978e-04 lambda=1 |dx|max=1.14e-02 lin=gmres+P-A+CC(mult,2) rel=5.8e-03 lits=5 t_lin=0.0s |dx|2=3.18e-01 t_fact=0.05s eta=1.00e-01 mu=1.576e-01 retries=0
    COARSE build mode=mult profiles=2 K=1024 t_assembly=0.014s t_lu=0.028s t_cond=0.003s norm1=8.867e+04 inv_norm1_est=7.790e-02 rcond_est=1.448e-04 min|U_kk|=1.839e+02 max|U_kk|=1.732e+04 zero_pivots=0 mu=6.461e-02 assembly=colored factor=banded applications=256 color_period=8 kl=319 ku=319
    COARSE apply applications=9 t_apply_avg=0.632ms t_host_solve_avg=0.361ms
    LINEAR gmres+P-A+CC(mult,2) its=8 rel=9.2e-03 t=0.01s cycles=1 reorth=8 rec=9.2e-03 status=converged t_fact=0.00s singular_modes=0 mu=6.461e-02
  NEWTON generic3d:0.5:16:i1o4 it= 5 r_F=5.575e-02 r_out=2.712e-04 lambda=1 |dx|max=1.12e-02 lin=gmres+P-A+CC(mult,2) rel=9.2e-03 lits=8 t_lin=0.0s |dx|2=3.29e-01 t_fact=0.05s eta=1.00e-01 mu=6.461e-02 retries=0
    COARSE build mode=mult profiles=2 K=1024 t_assembly=0.014s t_lu=0.028s t_cond=0.003s norm1=9.038e+04 inv_norm1_est=1.008e-01 rcond_est=1.097e-04 min|U_kk|=1.680e+02 max|U_kk|=1.717e+04 zero_pivots=0 mu=2.755e-02 assembly=colored factor=banded applications=256 color_period=8 kl=319 ku=319
    COARSE apply applications=14 t_apply_avg=0.623ms t_host_solve_avg=0.355ms
    LINEAR gmres+P-A+CC(mult,2) its=13 rel=8.9e-03 t=0.01s cycles=1 reorth=12 rec=8.9e-03 status=converged t_fact=0.00s singular_modes=0 mu=2.755e-02
  NEWTON generic3d:0.5:16:i1o4 it= 6 r_F=3.146e-02 r_out=2.862e-04 lambda=1 |dx|max=1.47e-02 lin=gmres+P-A+CC(mult,2) rel=8.9e-03 lits=13 t_lin=0.0s |dx|2=4.21e-01 t_fact=0.05s eta=1.00e-01 mu=2.755e-02 retries=0
    COARSE build mode=mult profiles=2 K=1024 t_assembly=0.014s t_lu=0.029s t_cond=0.003s norm1=9.361e+04 inv_norm1_est=1.349e-01 rcond_est=7.919e-05 min|U_kk|=1.625e+02 max|U_kk|=1.717e+04 zero_pivots=0 mu=1.554e-02 assembly=colored factor=banded applications=256 color_period=8 kl=319 ku=319
    COARSE apply applications=17 t_apply_avg=0.634ms t_host_solve_avg=0.367ms
    LINEAR gmres+P-A+CC(mult,2) its=16 rel=9.7e-03 t=0.01s cycles=1 reorth=15 rec=9.7e-03 status=converged t_fact=0.00s singular_modes=0 mu=1.554e-02
  NEWTON generic3d:0.5:16:i1o4 it= 7 r_F=2.030e-02 r_out=3.565e-04 lambda=1 |dx|max=1.59e-02 lin=gmres+P-A+CC(mult,2) rel=9.7e-03 lits=16 t_lin=0.0s |dx|2=4.59e-01 t_fact=0.05s eta=1.00e-01 mu=1.554e-02 retries=0
    COARSE build mode=mult profiles=2 K=1024 t_assembly=0.014s t_lu=0.028s t_cond=0.003s norm1=9.777e+04 inv_norm1_est=1.592e-01 rcond_est=6.425e-05 min|U_kk|=1.595e+02 max|U_kk|=1.721e+04 zero_pivots=0 mu=1.003e-02 assembly=colored factor=banded applications=256 color_period=8 kl=319 ku=319
    COARSE apply applications=20 t_apply_avg=0.617ms t_host_solve_avg=0.353ms
    LINEAR gmres+P-A+CC(mult,2) its=19 rel=8.9e-03 t=0.02s cycles=1 reorth=18 rec=8.9e-03 status=converged t_fact=0.00s singular_modes=0 mu=1.003e-02
  NEWTON generic3d:0.5:16:i1o4 it= 8 r_F=1.188e-02 r_out=2.600e-04 lambda=1 |dx|max=1.35e-02 lin=gmres+P-A+CC(mult,2) rel=8.9e-03 lits=19 t_lin=0.0s |dx|2=3.98e-01 t_fact=0.05s eta=1.00e-01 mu=1.003e-02 retries=0
    COARSE build mode=mult profiles=2 K=1024 t_assembly=0.014s t_lu=0.029s t_cond=0.003s norm1=1.019e+05 inv_norm1_est=1.813e-01 rcond_est=5.410e-05 min|U_kk|=1.572e+02 max|U_kk|=1.722e+04 zero_pivots=0 mu=5.872e-03 assembly=colored factor=banded applications=256 color_period=8 kl=319 ku=319
    COARSE apply applications=23 t_apply_avg=0.613ms t_host_solve_avg=0.352ms
    LINEAR gmres+P-A+CC(mult,2) its=22 rel=9.1e-03 t=0.02s cycles=1 reorth=21 rec=9.1e-03 status=converged t_fact=0.00s singular_modes=0 mu=5.872e-03
  NEWTON generic3d:0.5:16:i1o4 it= 9 r_F=5.753e-03 r_out=1.504e-04 lambda=1 |dx|max=9.96e-03 lin=gmres+P-A+CC(mult,2) rel=9.1e-03 lits=22 t_lin=0.0s |dx|2=3.01e-01 t_fact=0.05s eta=1.00e-01 mu=5.872e-03 retries=0
    COARSE build mode=mult profiles=2 K=1024 t_assembly=0.014s t_lu=0.028s t_cond=0.003s norm1=1.057e+05 inv_norm1_est=2.033e-01 rcond_est=4.656e-05 min|U_kk|=1.556e+02 max|U_kk|=1.721e+04 zero_pivots=0 mu=2.844e-03 assembly=colored factor=banded applications=256 color_period=8 kl=319 ku=319
    COARSE apply applications=26 t_apply_avg=0.613ms t_host_solve_avg=0.354ms
    LINEAR gmres+P-A+CC(mult,2) its=25 rel=9.5e-03 t=0.02s cycles=1 reorth=24 rec=9.5e-03 status=converged t_fact=0.00s singular_modes=0 mu=2.844e-03
  NEWTON generic3d:0.5:16:i1o4 it=10 r_F=2.136e-03 r_out=6.309e-05 lambda=1 |dx|max=5.83e-03 lin=gmres+P-A+CC(mult,2) rel=9.5e-03 lits=25 t_lin=0.0s |dx|2=1.81e-01 t_fact=0.05s eta=1.00e-01 mu=2.844e-03 retries=0
    COARSE build mode=mult profiles=2 K=1024 t_assembly=0.014s t_lu=0.028s t_cond=0.003s norm1=1.084e+05 inv_norm1_est=2.196e-01 rcond_est=4.201e-05 min|U_kk|=1.548e+02 max|U_kk|=1.718e+04 zero_pivots=0 mu=1.056e-03 assembly=colored factor=banded applications=256 color_period=8 kl=319 ku=319
    COARSE apply applications=29 t_apply_avg=0.609ms t_host_solve_avg=0.353ms
    LINEAR gmres+P-A+CC(mult,2) its=28 rel=8.9e-03 t=0.03s cycles=1 reorth=27 rec=8.9e-03 status=converged t_fact=0.00s singular_modes=0 mu=1.056e-03
  NEWTON generic3d:0.5:16:i1o4 it=11 r_F=4.485e-04 r_out=1.288e-05 lambda=1 |dx|max=2.37e-03 lin=gmres+P-A+CC(mult,2) rel=8.9e-03 lits=28 t_lin=0.0s |dx|2=6.84e-02 t_fact=0.05s eta=1.00e-01 mu=1.056e-03 retries=0
    COARSE build mode=mult profiles=2 K=1024 t_assembly=0.014s t_lu=0.028s t_cond=0.003s norm1=1.096e+05 inv_norm1_est=2.283e-01 rcond_est=3.996e-05 min|U_kk|=1.544e+02 max|U_kk|=1.717e+04 zero_pivots=0 mu=2.217e-04 assembly=colored factor=banded applications=256 color_period=8 kl=319 ku=319
    COARSE apply applications=34 t_apply_avg=0.609ms t_host_solve_avg=0.353ms
    LINEAR gmres+P-A+CC(mult,2) its=33 rel=3.9e-03 t=0.03s cycles=1 reorth=32 rec=3.9e-03 status=converged t_fact=0.00s singular_modes=0 mu=2.217e-04
  NEWTON generic3d:0.5:16:i1o4 it=12 r_F=2.283e-05 r_out=5.990e-07 lambda=1 |dx|max=4.47e-04 lin=gmres+P-A+CC(mult,2) rel=3.9e-03 lits=33 t_lin=0.0s |dx|2=1.19e-02 t_fact=0.05s eta=3.97e-02 mu=2.217e-04 retries=0
    COARSE build mode=mult profiles=2 K=1024 t_assembly=0.014s t_lu=0.028s t_cond=0.003s norm1=1.099e+05 inv_norm1_est=2.306e-01 rcond_est=3.946e-05 min|U_kk|=1.543e+02 max|U_kk|=1.716e+04 zero_pivots=0 mu=1.128e-05 assembly=colored factor=banded applications=256 color_period=8 kl=319 ku=319
    COARSE apply applications=49 t_apply_avg=0.629ms t_host_solve_avg=0.367ms
    LINEAR gmres+P-A+CC(mult,2) its=48 rel=2.3e-04 t=0.05s cycles=1 reorth=47 rec=2.3e-04 status=converged t_fact=0.00s singular_modes=0 mu=1.128e-05
  NEWTON generic3d:0.5:16:i1o4 it=13 r_F=6.181e-08 r_out=1.326e-09 lambda=1 |dx|max=2.18e-05 lin=gmres+P-A+CC(mult,2) rel=2.3e-04 lits=48 t_lin=0.1s |dx|2=5.07e-04 t_fact=0.05s eta=2.33e-03 mu=1.128e-05 retries=0
    COARSE build mode=mult profiles=2 K=1024 t_assembly=0.014s t_lu=0.028s t_cond=0.003s norm1=1.099e+05 inv_norm1_est=2.308e-01 rcond_est=3.944e-05 min|U_kk|=1.543e+02 max|U_kk|=1.716e+04 zero_pivots=0 mu=3.055e-08 assembly=colored factor=banded applications=256 color_period=8 kl=319 ku=319
    COARSE apply applications=78 t_apply_avg=0.649ms t_host_solve_avg=0.354ms
    LINEAR gmres+P-A+CC(mult,2) its=77 rel=5.5e-07 t=0.10s cycles=1 reorth=75 rec=5.5e-07 status=converged t_fact=0.00s singular_modes=0 mu=3.055e-08
  NEWTON generic3d:0.5:16:i1o4 it=14 r_F=4.349e-13 r_out=8.256e-15 lambda=1 |dx|max=5.47e-08 lin=gmres+P-A+CC(mult,2) rel=5.5e-07 lits=77 t_lin=0.1s |dx|2=1.23e-06 t_fact=0.05s eta=6.60e-06 mu=3.055e-08 retries=0
    COARSE build mode=mult profiles=2 K=1024 t_assembly=0.014s t_lu=0.028s t_cond=0.003s norm1=1.099e+05 inv_norm1_est=2.308e-01 rcond_est=3.944e-05 min|U_kk|=1.543e+02 max|U_kk|=1.716e+04 zero_pivots=0 mu=2.149e-13 assembly=colored factor=banded applications=256 color_period=8 kl=319 ku=319
    COARSE apply applications=28 t_apply_avg=0.609ms t_host_solve_avg=0.354ms
    LINEAR gmres+P-A+CC(mult,2) its=27 rel=1.1e-02 t=0.02s cycles=1 reorth=25 rec=1.1e-02 status=converged t_fact=0.00s singular_modes=0 mu=2.149e-13
  NEWTON generic3d:0.5:16:i1o4 it=15 r_F=6.129e-15 r_out=7.046e-16 lambda=1 |dx|max=3.85e-13 lin=gmres+P-A+CC(mult,2) rel=1.1e-02 lits=27 t_lin=0.0s |dx|2=8.68e-12 t_fact=0.05s eta=1.15e-01 mu=2.149e-13 retries=0
  STAGE_END field=generic3d eps=0.5 N=16 cand=i1o4 status=converged its=15 r_F=6.129e-15 r_out=7.046e-16 -> accepted
STAGE field=generic3d eps=1 N=16 cand=i1o4 (from eps=0.5, warm start)
  NEWTON generic3d:1:16:i1o4 it= 0 r_F=3.178e+00 r_out=4.879e-01
    COARSE build mode=mult profiles=2 K=1024 t_assembly=0.014s t_lu=0.027s t_cond=0.003s norm1=3.033e+05 inv_norm1_est=1.155e-02 rcond_est=2.856e-04 min|U_kk|=4.789e+02 max|U_kk|=7.208e+04 zero_pivots=0 mu=1.000e+00 assembly=colored factor=banded applications=256 color_period=8 kl=319 ku=319
    COARSE apply applications=5 t_apply_avg=0.615ms t_host_solve_avg=0.355ms
    LINEAR gmres+P-A+CC(mult,2) its=4 rel=5.3e-03 t=0.00s cycles=1 reorth=4 rec=5.3e-03 status=converged t_fact=0.00s singular_modes=0 mu=1.000e+00
  NEWTON generic3d:1:16:i1o4 it= 1 r_F=1.813e+00 r_out=1.097e-01 lambda=1 |dx|max=7.97e-02 lin=gmres+P-A+CC(mult,2) rel=5.3e-03 lits=4 t_lin=0.0s |dx|2=1.00e+00 t_fact=0.04s eta=1.00e-01 mu=1.000e+00 retries=0
    COARSE build mode=mult profiles=2 K=1024 t_assembly=0.014s t_lu=0.028s t_cond=0.003s norm1=3.091e+05 inv_norm1_est=2.095e-02 rcond_est=1.544e-04 min|U_kk|=3.882e+02 max|U_kk|=6.313e+04 zero_pivots=0 mu=5.650e-01 assembly=colored factor=banded applications=256 color_period=8 kl=319 ku=319
    COARSE apply applications=7 t_apply_avg=0.604ms t_host_solve_avg=0.352ms
    LINEAR gmres+P-A+CC(mult,2) its=6 rel=9.2e-03 t=0.01s cycles=1 reorth=6 rec=9.2e-03 status=converged t_fact=0.00s singular_modes=0 mu=5.650e-01
  NEWTON generic3d:1:16:i1o4 it= 2 r_F=9.752e-01 r_out=3.946e-02 lambda=1 |dx|max=3.30e-02 lin=gmres+P-A+CC(mult,2) rel=9.2e-03 lits=6 t_lin=0.0s |dx|2=8.68e-01 t_fact=0.04s eta=1.00e-01 mu=5.650e-01 retries=0
    COARSE build mode=mult profiles=2 K=1024 t_assembly=0.014s t_lu=0.028s t_cond=0.003s norm1=3.316e+05 inv_norm1_est=3.346e-02 rcond_est=9.012e-05 min|U_kk|=3.063e+02 max|U_kk|=6.387e+04 zero_pivots=0 mu=3.036e-01 assembly=colored factor=banded applications=256 color_period=8 kl=319 ku=319
    COARSE apply applications=10 t_apply_avg=0.614ms t_host_solve_avg=0.355ms
    LINEAR gmres+P-A+CC(mult,2) its=9 rel=8.7e-03 t=0.01s cycles=1 reorth=9 rec=8.7e-03 status=converged t_fact=0.00s singular_modes=0 mu=3.036e-01
  NEWTON generic3d:1:16:i1o4 it= 3 r_F=4.406e-01 r_out=1.086e-02 lambda=1 |dx|max=2.48e-02 lin=gmres+P-A+CC(mult,2) rel=8.7e-03 lits=9 t_lin=0.0s |dx|2=7.69e-01 t_fact=0.04s eta=1.00e-01 mu=3.036e-01 retries=0
    COARSE build mode=mult profiles=2 K=1024 t_assembly=0.014s t_lu=0.031s t_cond=0.003s norm1=3.615e+05 inv_norm1_est=4.883e-02 rcond_est=5.665e-05 min|U_kk|=2.907e+02 max|U_kk|=6.470e+04 zero_pivots=0 mu=1.371e-01 assembly=colored factor=banded applications=256 color_period=8 kl=319 ku=319
    COARSE apply applications=22 t_apply_avg=0.606ms t_host_solve_avg=0.353ms
    LINEAR gmres+P-A+CC(mult,2) its=21 rel=9.8e-03 t=0.02s cycles=1 reorth=20 rec=9.8e-03 status=converged t_fact=0.00s singular_modes=0 mu=1.371e-01
  NEWTON generic3d:1:16:i1o4 it= 4 r_F=1.681e-01 r_out=4.571e-03 lambda=1 |dx|max=2.74e-02 lin=gmres+P-A+CC(mult,2) rel=9.8e-03 lits=21 t_lin=0.0s |dx|2=7.57e-01 t_fact=0.05s eta=1.00e-01 mu=1.371e-01 retries=0
    COARSE build mode=mult profiles=2 K=1024 t_assembly=0.014s t_lu=0.039s t_cond=0.003s norm1=3.951e+05 inv_norm1_est=8.893e-02 rcond_est=2.846e-05 min|U_kk|=2.620e+02 max|U_kk|=6.328e+04 zero_pivots=0 mu=5.232e-02 assembly=colored factor=banded applications=256 color_period=8 kl=319 ku=319
    COARSE apply applications=53 t_apply_avg=0.617ms t_host_solve_avg=0.353ms
    LINEAR gmres+P-A+CC(mult,2) its=52 rel=9.2e-03 t=0.06s cycles=1 reorth=47 rec=9.2e-03 status=converged t_fact=0.00s singular_modes=0 mu=5.232e-02
  NEWTON generic3d:1:16:i1o4 it= 5 r_F=1.157e-01 r_out=6.577e-03 lambda=1 |dx|max=4.91e-02 lin=gmres+P-A+CC(mult,2) rel=9.2e-03 lits=52 t_lin=0.1s |dx|2=9.20e-01 t_fact=0.06s eta=1.00e-01 mu=5.232e-02 retries=0
    COARSE build mode=mult profiles=2 K=1024 t_assembly=0.014s t_lu=0.039s t_cond=0.003s norm1=4.387e+05 inv_norm1_est=1.306e+01 rcond_est=1.745e-07 min|U_kk|=2.341e+02 max|U_kk|=6.747e+04 zero_pivots=0 mu=3.606e-02 assembly=colored factor=banded applications=256 color_period=8 kl=319 ku=319
    COARSE apply applications=90 t_apply_avg=0.661ms t_host_solve_avg=0.354ms
    LINEAR gmres+P-A+CC(mult,2) its=89 rel=9.7e-03 t=0.13s cycles=1 reorth=88 rec=9.7e-03 status=converged t_fact=0.00s singular_modes=0 mu=3.606e-02
  NEWTON generic3d:1:16:i1o4 it= 6 r_F=1.084e-01 r_out=5.331e-03 lambda=0.25 |dx|max=1.05e-01 lin=gmres+P-A+CC(mult,2) rel=9.7e-03 lits=89 t_lin=0.1s |dx|2=1.03e+00 t_fact=0.06s eta=1.00e-01 mu=3.606e-02 retries=0
    COARSE build mode=mult profiles=2 K=1024 t_assembly=0.014s t_lu=0.040s t_cond=0.003s norm1=4.511e+05 inv_norm1_est=9.666e-01 rcond_est=2.293e-06 min|U_kk|=2.384e+02 max|U_kk|=6.787e+04 zero_pivots=0 mu=3.376e-02 assembly=colored factor=banded applications=256 color_period=8 kl=319 ku=319
    COARSE apply applications=88 t_apply_avg=0.657ms t_host_solve_avg=0.355ms
    LINEAR gmres+P-A+CC(mult,2) its=87 rel=9.7e-03 t=0.12s cycles=1 reorth=84 rec=9.7e-03 status=converged t_fact=0.00s singular_modes=0 mu=3.376e-02
  NEWTON generic3d:1:16:i1o4 it= 7 r_F=1.045e-01 r_out=4.586e-03 lambda=0.25 |dx|max=1.01e-01 lin=gmres+P-A+CC(mult,2) rel=9.7e-03 lits=87 t_lin=0.1s |dx|2=9.83e-01 t_fact=0.06s eta=1.00e-01 mu=3.376e-02 retries=0
    COARSE build mode=mult profiles=2 K=1024 t_assembly=0.014s t_lu=0.040s t_cond=0.003s norm1=4.651e+05 inv_norm1_est=6.739e-01 rcond_est=3.191e-06 min|U_kk|=2.512e+02 max|U_kk|=6.425e+04 zero_pivots=0 mu=3.254e-02 assembly=colored factor=banded applications=256 color_period=8 kl=319 ku=319
    COARSE apply applications=101 t_apply_avg=0.675ms t_host_solve_avg=0.356ms
    LINEAR gmres+P-A+CC(mult,2) its=100 rel=1.3e-02 t=0.15s cycles=1 reorth=98 rec=1.3e-02 status=converged t_fact=0.00s singular_modes=0 mu=3.254e-02
  NEWTON generic3d:1:16:i1o4 it= 8 r_F=9.503e-02 r_out=3.976e-03 lambda=0.5 |dx|max=5.29e-02 lin=gmres+P-A+CC(mult,2) rel=1.3e-02 lits=100 t_lin=0.2s |dx|2=8.83e-01 t_fact=0.06s eta=1.00e-01 mu=3.254e-02 retries=0
  STAGE_END field=generic3d eps=1 N=16 cand=i1o4 status=stagnation its=8 r_F=9.503e-02 r_out=3.976e-03 -> FAILED
  CONTINUATION bisection 1/4: retry from eps=0.5 at eps=0.75
STAGE field=generic3d eps=0.75 N=16 cand=i1o4 (from eps=0.5, warm start)
  NEWTON generic3d:0.75:16:i1o4 it= 0 r_F=1.783e+00 r_out=2.331e-01
    COARSE build mode=mult profiles=2 K=1024 t_assembly=0.014s t_lu=0.027s t_cond=0.003s norm1=1.813e+05 inv_norm1_est=1.156e-02 rcond_est=4.769e-04 min|U_kk|=4.729e+02 max|U_kk|=3.841e+04 zero_pivots=0 mu=1.000e+00 assembly=colored factor=banded applications=256 color_period=8 kl=319 ku=319
    COARSE apply applications=5 t_apply_avg=0.615ms t_host_solve_avg=0.354ms
    LINEAR gmres+P-A+CC(mult,2) its=4 rel=4.2e-03 t=0.00s cycles=1 reorth=4 rec=4.2e-03 status=converged t_fact=0.00s singular_modes=0 mu=1.000e+00
  NEWTON generic3d:0.75:16:i1o4 it= 1 r_F=1.047e+00 r_out=2.368e-02 lambda=1 |dx|max=3.26e-02 lin=gmres+P-A+CC(mult,2) rel=4.2e-03 lits=4 t_lin=0.0s |dx|2=4.93e-01 t_fact=0.04s eta=1.00e-01 mu=1.000e+00 retries=0
    COARSE build mode=mult profiles=2 K=1024 t_assembly=0.014s t_lu=0.027s t_cond=0.003s norm1=1.801e+05 inv_norm1_est=1.800e-02 rcond_est=3.085e-04 min|U_kk|=3.732e+02 max|U_kk|=3.363e+04 zero_pivots=0 mu=5.824e-01 assembly=colored factor=banded applications=256 color_period=8 kl=319 ku=319
    COARSE apply applications=5 t_apply_avg=0.610ms t_host_solve_avg=0.353ms
    LINEAR gmres+P-A+CC(mult,2) its=4 rel=7.8e-03 t=0.00s cycles=1 reorth=4 rec=7.8e-03 status=converged t_fact=0.00s singular_modes=0 mu=5.824e-01
  NEWTON generic3d:0.75:16:i1o4 it= 2 r_F=5.800e-01 r_out=6.806e-03 lambda=1 |dx|max=1.59e-02 lin=gmres+P-A+CC(mult,2) rel=7.8e-03 lits=4 t_lin=0.0s |dx|2=4.30e-01 t_fact=0.04s eta=1.00e-01 mu=5.824e-01 retries=0
    COARSE build mode=mult profiles=2 K=1024 t_assembly=0.014s t_lu=0.027s t_cond=0.003s norm1=1.818e+05 inv_norm1_est=2.962e-02 rcond_est=1.857e-04 min|U_kk|=2.942e+02 max|U_kk|=3.201e+04 zero_pivots=0 mu=3.225e-01 assembly=colored factor=banded applications=256 color_period=8 kl=319 ku=319
    COARSE apply applications=7 t_apply_avg=0.615ms t_host_solve_avg=0.354ms
    LINEAR gmres+P-A+CC(mult,2) its=6 rel=8.0e-03 t=0.01s cycles=1 reorth=6 rec=8.0e-03 status=converged t_fact=0.00s singular_modes=0 mu=3.225e-01
  NEWTON generic3d:0.75:16:i1o4 it= 3 r_F=2.780e-01 r_out=2.947e-03 lambda=1 |dx|max=1.22e-02 lin=gmres+P-A+CC(mult,2) rel=8.0e-03 lits=6 t_lin=0.0s |dx|2=3.77e-01 t_fact=0.04s eta=1.00e-01 mu=3.225e-01 retries=0
    COARSE build mode=mult profiles=2 K=1024 t_assembly=0.014s t_lu=0.027s t_cond=0.003s norm1=1.854e+05 inv_norm1_est=5.563e-02 rcond_est=9.698e-05 min|U_kk|=2.353e+02 max|U_kk|=3.138e+04 zero_pivots=0 mu=1.546e-01 assembly=colored factor=banded applications=256 color_period=8 kl=319 ku=319
    COARSE apply applications=12 t_apply_avg=0.609ms t_host_solve_avg=0.353ms
    LINEAR gmres+P-A+CC(mult,2) its=11 rel=8.9e-03 t=0.01s cycles=1 reorth=11 rec=8.9e-03 status=converged t_fact=0.00s singular_modes=0 mu=1.546e-01
  NEWTON generic3d:0.75:16:i1o4 it= 4 r_F=1.151e-01 r_out=6.945e-04 lambda=1 |dx|max=1.18e-02 lin=gmres+P-A+CC(mult,2) rel=8.9e-03 lits=11 t_lin=0.0s |dx|2=3.52e-01 t_fact=0.04s eta=1.00e-01 mu=1.546e-01 retries=0
    COARSE build mode=mult profiles=2 K=1024 t_assembly=0.014s t_lu=0.028s t_cond=0.003s norm1=1.899e+05 inv_norm1_est=8.650e-02 rcond_est=6.089e-05 min|U_kk|=1.985e+02 max|U_kk|=3.121e+04 zero_pivots=0 mu=6.397e-02 assembly=colored factor=banded applications=256 color_period=8 kl=319 ku=319
    COARSE apply applications=23 t_apply_avg=0.611ms t_host_solve_avg=0.354ms
    LINEAR gmres+P-A+CC(mult,2) its=22 rel=8.7e-03 t=0.02s cycles=1 reorth=18 rec=8.7e-03 status=converged t_fact=0.00s singular_modes=0 mu=6.397e-02
  NEWTON generic3d:0.75:16:i1o4 it= 5 r_F=5.592e-02 r_out=5.919e-04 lambda=1 |dx|max=1.42e-02 lin=gmres+P-A+CC(mult,2) rel=8.7e-03 lits=22 t_lin=0.0s |dx|2=3.96e-01 t_fact=0.04s eta=1.00e-01 mu=6.397e-02 retries=0
    COARSE build mode=mult profiles=2 K=1024 t_assembly=0.014s t_lu=0.031s t_cond=0.003s norm1=1.964e+05 inv_norm1_est=1.189e-01 rcond_est=4.283e-05 min|U_kk|=1.835e+02 max|U_kk|=3.121e+04 zero_pivots=0 mu=3.109e-02 assembly=colored factor=banded applications=256 color_period=8 kl=319 ku=319
    COARSE apply applications=33 t_apply_avg=0.606ms t_host_solve_avg=0.354ms
    LINEAR gmres+P-A+CC(mult,2) its=32 rel=9.2e-03 t=0.03s cycles=1 reorth=30 rec=9.2e-03 status=converged t_fact=0.00s singular_modes=0 mu=3.109e-02
  NEWTON generic3d:0.75:16:i1o4 it= 6 r_F=3.835e-02 r_out=7.695e-04 lambda=1 |dx|max=2.18e-02 lin=gmres+P-A+CC(mult,2) rel=9.2e-03 lits=32 t_lin=0.0s |dx|2=4.79e-01 t_fact=0.05s eta=1.00e-01 mu=3.109e-02 retries=0
    COARSE build mode=mult profiles=2 K=1024 t_assembly=0.014s t_lu=0.032s t_cond=0.003s norm1=2.065e+05 inv_norm1_est=1.434e-01 rcond_est=3.376e-05 min|U_kk|=1.789e+02 max|U_kk|=2.785e+04 zero_pivots=0 mu=2.133e-02 assembly=colored factor=banded applications=256 color_period=8 kl=319 ku=319
    COARSE apply applications=41 t_apply_avg=0.605ms t_host_solve_avg=0.353ms
    LINEAR gmres+P-A+CC(mult,2) its=40 rel=9.3e-03 t=0.04s cycles=1 reorth=39 rec=9.3e-03 status=converged t_fact=0.00s singular_modes=0 mu=2.133e-02
  NEWTON generic3d:0.75:16:i1o4 it= 7 r_F=2.896e-02 r_out=6.968e-04 lambda=1 |dx|max=2.20e-02 lin=gmres+P-A+CC(mult,2) rel=9.3e-03 lits=40 t_lin=0.0s |dx|2=4.78e-01 t_fact=0.05s eta=1.00e-01 mu=2.133e-02 retries=0
    COARSE build mode=mult profiles=2 K=1024 t_assembly=0.014s t_lu=0.035s t_cond=0.003s norm1=2.179e+05 inv_norm1_est=1.692e-01 rcond_est=2.713e-05 min|U_kk|=1.761e+02 max|U_kk|=2.779e+04 zero_pivots=0 mu=1.611e-02 assembly=colored factor=banded applications=256 color_period=8 kl=319 ku=319
    COARSE apply applications=48 t_apply_avg=0.613ms t_host_solve_avg=0.355ms
    LINEAR gmres+P-A+CC(mult,2) its=47 rel=9.3e-03 t=0.05s cycles=1 reorth=45 rec=9.3e-03 status=converged t_fact=0.00s singular_modes=0 mu=1.611e-02
  NEWTON generic3d:0.75:16:i1o4 it= 8 r_F=2.061e-02 r_out=4.987e-04 lambda=1 |dx|max=1.93e-02 lin=gmres+P-A+CC(mult,2) rel=9.3e-03 lits=47 t_lin=0.1s |dx|2=4.32e-01 t_fact=0.05s eta=1.00e-01 mu=1.611e-02 retries=0
    COARSE build mode=mult profiles=2 K=1024 t_assembly=0.014s t_lu=0.035s t_cond=0.003s norm1=2.293e+05 inv_norm1_est=2.118e-01 rcond_est=2.059e-05 min|U_kk|=1.731e+02 max|U_kk|=2.795e+04 zero_pivots=0 mu=1.146e-02 assembly=colored factor=banded applications=256 color_period=8 kl=319 ku=319
    COARSE apply applications=56 t_apply_avg=0.625ms t_host_solve_avg=0.357ms
    LINEAR gmres+P-A+CC(mult,2) its=55 rel=9.7e-03 t=0.06s cycles=1 reorth=53 rec=9.7e-03 status=converged t_fact=0.00s singular_modes=0 mu=1.146e-02
  NEWTON generic3d:0.75:16:i1o4 it= 9 r_F=1.363e-02 r_out=3.479e-04 lambda=1 |dx|max=1.64e-02 lin=gmres+P-A+CC(mult,2) rel=9.7e-03 lits=55 t_lin=0.1s |dx|2=3.84e-01 t_fact=0.05s eta=1.00e-01 mu=1.146e-02 retries=0
    COARSE build mode=mult profiles=2 K=1024 t_assembly=0.014s t_lu=0.036s t_cond=0.003s norm1=2.411e+05 inv_norm1_est=2.744e-01 rcond_est=1.512e-05 min|U_kk|=1.720e+02 max|U_kk|=2.897e+04 zero_pivots=0 mu=7.581e-03 assembly=colored factor=banded applications=256 color_period=8 kl=319 ku=319
    COARSE apply applications=67 t_apply_avg=0.622ms t_host_solve_avg=0.349ms
    LINEAR gmres+P-A+CC(mult,2) its=66 rel=9.7e-03 t=0.08s cycles=1 reorth=65 rec=9.7e-03 status=converged t_fact=0.00s singular_modes=0 mu=7.581e-03
  NEWTON generic3d:0.75:16:i1o4 it=10 r_F=8.444e-03 r_out=2.351e-04 lambda=1 |dx|max=1.37e-02 lin=gmres+P-A+CC(mult,2) rel=9.7e-03 lits=66 t_lin=0.1s |dx|2=3.21e-01 t_fact=0.05s eta=1.00e-01 mu=7.581e-03 retries=0
    COARSE build mode=mult profiles=2 K=1024 t_assembly=0.014s t_lu=0.037s t_cond=0.003s norm1=2.525e+05 inv_norm1_est=3.659e-01 rcond_est=1.082e-05 min|U_kk|=1.507e+02 max|U_kk|=2.886e+04 zero_pivots=0 mu=4.696e-03 assembly=colored factor=banded applications=256 color_period=8 kl=319 ku=319
    COARSE apply applications=86 t_apply_avg=0.651ms t_host_solve_avg=0.352ms
    LINEAR gmres+P-A+CC(mult,2) its=85 rel=9.4e-03 t=0.12s cycles=1 reorth=84 rec=9.4e-03 status=converged t_fact=0.00s singular_modes=0 mu=4.696e-03
  NEWTON generic3d:0.75:16:i1o4 it=11 r_F=5.231e-03 r_out=1.579e-04 lambda=1 |dx|max=1.08e-02 lin=gmres+P-A+CC(mult,2) rel=9.4e-03 lits=85 t_lin=0.1s |dx|2=2.36e-01 t_fact=0.05s eta=1.00e-01 mu=4.696e-03 retries=0
    COARSE build mode=mult profiles=2 K=1024 t_assembly=0.014s t_lu=0.037s t_cond=0.003s norm1=2.625e+05 inv_norm1_est=4.715e-01 rcond_est=8.079e-06 min|U_kk|=1.620e+02 max|U_kk|=2.874e+04 zero_pivots=0 mu=2.910e-03 assembly=colored factor=banded applications=256 color_period=8 kl=319 ku=319
    COARSE apply applications=97 t_apply_avg=0.667ms t_host_solve_avg=0.353ms
    LINEAR gmres+P-A+CC(mult,2) its=96 rel=9.9e-03 t=0.14s cycles=1 reorth=93 rec=9.9e-03 status=converged t_fact=0.00s singular_modes=0 mu=2.910e-03
  NEWTON generic3d:0.75:16:i1o4 it=12 r_F=2.757e-03 r_out=8.108e-05 lambda=1 |dx|max=6.50e-03 lin=gmres+P-A+CC(mult,2) rel=9.9e-03 lits=96 t_lin=0.1s |dx|2=1.37e-01 t_fact=0.05s eta=1.00e-01 mu=2.910e-03 retries=0
    COARSE build mode=mult profiles=2 K=1024 t_assembly=0.014s t_lu=0.037s t_cond=0.003s norm1=2.694e+05 inv_norm1_est=5.997e-01 rcond_est=6.190e-06 min|U_kk|=1.709e+02 max|U_kk|=2.863e+04 zero_pivots=0 mu=1.534e-03 assembly=colored factor=banded applications=256 color_period=8 kl=319 ku=319
    COARSE apply applications=101 t_apply_avg=0.665ms t_host_solve_avg=0.351ms
    LINEAR gmres+P-A+CC(mult,2) its=100 rel=1.4e-02 t=0.15s cycles=1 reorth=98 rec=1.4e-02 status=converged t_fact=0.00s singular_modes=0 mu=1.534e-03
  NEWTON generic3d:0.75:16:i1o4 it=13 r_F=1.018e-03 r_out=2.821e-05 lambda=1 |dx|max=2.97e-03 lin=gmres+P-A+CC(mult,2) rel=1.4e-02 lits=100 t_lin=0.2s |dx|2=6.67e-02 t_fact=0.05s eta=1.00e-01 mu=1.534e-03 retries=0
    COARSE build mode=mult profiles=2 K=1024 t_assembly=0.014s t_lu=0.036s t_cond=0.003s norm1=2.730e+05 inv_norm1_est=7.296e-01 rcond_est=5.020e-06 min|U_kk|=1.947e+02 max|U_kk|=3.025e+04 zero_pivots=0 mu=5.665e-04 assembly=colored factor=banded applications=256 color_period=8 kl=319 ku=319
    COARSE apply applications=101 t_apply_avg=0.652ms t_host_solve_avg=0.337ms
    LINEAR gmres+P-A+CC(mult,2) its=100 rel=1.8e-02 t=0.15s cycles=1 reorth=98 rec=1.8e-02 status=converged t_fact=0.00s singular_modes=0 mu=5.665e-04
  NEWTON generic3d:0.75:16:i1o4 it=14 r_F=1.833e-04 r_out=5.340e-06 lambda=1 |dx|max=1.10e-03 lin=gmres+P-A+CC(mult,2) rel=1.8e-02 lits=100 t_lin=0.2s |dx|2=2.48e-02 t_fact=0.05s eta=1.00e-01 mu=5.665e-04 retries=0
    COARSE build mode=mult profiles=2 K=1024 t_assembly=0.014s t_lu=0.035s t_cond=0.003s norm1=2.744e+05 inv_norm1_est=8.096e-01 rcond_est=4.502e-06 min|U_kk|=1.946e+02 max|U_kk|=3.021e+04 zero_pivots=0 mu=1.020e-04 assembly=colored factor=banded applications=256 color_period=8 kl=319 ku=319
    COARSE apply applications=101 t_apply_avg=0.654ms t_host_solve_avg=0.337ms
    LINEAR gmres+P-A+CC(mult,2) its=100 rel=1.8e-02 t=0.15s cycles=1 reorth=97 rec=1.8e-02 status=converged t_fact=0.00s singular_modes=0 mu=1.020e-04
  NEWTON generic3d:0.75:16:i1o4 it=15 r_F=7.914e-06 r_out=5.429e-07 lambda=1 |dx|max=2.10e-04 lin=gmres+P-A+CC(mult,2) rel=1.8e-02 lits=100 t_lin=0.2s |dx|2=4.77e-03 t_fact=0.05s eta=2.92e-02 mu=1.020e-04 retries=0
    COARSE build mode=mult profiles=2 K=1024 t_assembly=0.014s t_lu=0.035s t_cond=0.003s norm1=2.746e+05 inv_norm1_est=8.280e-01 rcond_est=4.399e-06 min|U_kk|=1.945e+02 max|U_kk|=3.020e+04 zero_pivots=0 mu=4.410e-06 assembly=colored factor=banded applications=256 color_period=8 kl=319 ku=319
    COARSE apply applications=202 t_apply_avg=0.653ms t_host_solve_avg=0.337ms
    LINEAR gmres+P-A+CC(mult,2) its=200 rel=3.4e-04 t=0.30s cycles=2 reorth=195 rec=3.4e-04 status=converged t_fact=0.00s singular_modes=0 mu=4.410e-06
  NEWTON generic3d:0.75:16:i1o4 it=16 r_F=1.261e-08 r_out=4.686e-10 lambda=1 |dx|max=7.75e-06 lin=gmres+P-A+CC(mult,2) rel=3.4e-04 lits=200 t_lin=0.3s |dx|2=1.70e-04 t_fact=0.05s eta=1.68e-03 mu=4.410e-06 retries=0
    COARSE build mode=mult profiles=2 K=1024 t_assembly=0.014s t_lu=0.035s t_cond=0.003s norm1=2.746e+05 inv_norm1_est=8.288e-01 rcond_est=4.394e-06 min|U_kk|=1.945e+02 max|U_kk|=3.020e+04 zero_pivots=0 mu=7.017e-09 assembly=colored factor=banded applications=256 color_period=8 kl=319 ku=319
    COARSE apply applications=382 t_apply_avg=0.650ms t_host_solve_avg=0.337ms
    LINEAR gmres+P-A+CC(mult,2) its=378 rel=3.8e-07 t=0.55s cycles=4 reorth=365 rec=3.8e-07 status=converged t_fact=0.00s singular_modes=0 mu=7.017e-09
  NEWTON generic3d:0.75:16:i1o4 it=17 r_F=3.058e-14 r_out=1.066e-15 lambda=1 |dx|max=1.06e-08 lin=gmres+P-A+CC(mult,2) rel=3.8e-07 lits=378 t_lin=0.6s |dx|2=2.84e-07 t_fact=0.05s eta=3.96e-06 mu=7.017e-09 retries=0
  STAGE_END field=generic3d eps=0.75 N=16 cand=i1o4 status=converged its=17 r_F=3.058e-14 r_out=1.066e-15 -> accepted
STAGE field=generic3d eps=1 N=16 cand=i1o4 (from eps=0.75, warm start)
  NEWTON generic3d:1:16:i1o4 it= 0 r_F=1.551e+00 r_out=2.909e-01
    COARSE build mode=mult profiles=2 K=1024 t_assembly=0.014s t_lu=0.025s t_cond=0.003s norm1=4.806e+05 inv_norm1_est=1.224e-02 rcond_est=1.700e-04 min|U_kk|=5.057e+02 max|U_kk|=7.199e+04 zero_pivots=0 mu=1.000e+00 assembly=colored factor=banded applications=256 color_period=8 kl=319 ku=319
    COARSE apply applications=6 t_apply_avg=0.596ms t_host_solve_avg=0.338ms
    LINEAR gmres+P-A+CC(mult,2) its=5 rel=9.4e-03 t=0.00s cycles=1 reorth=5 rec=9.4e-03 status=converged t_fact=0.00s singular_modes=0 mu=1.000e+00
  NEWTON generic3d:1:16:i1o4 it= 1 r_F=8.993e-01 r_out=4.115e-02 lambda=1 |dx|max=4.23e-02 lin=gmres+P-A+CC(mult,2) rel=9.4e-03 lits=5 t_lin=0.0s |dx|2=5.12e-01 t_fact=0.04s eta=1.00e-01 mu=1.000e+00 retries=0
    COARSE build mode=mult profiles=2 K=1024 t_assembly=0.014s t_lu=0.029s t_cond=0.003s norm1=4.978e+05 inv_norm1_est=2.236e-02 rcond_est=8.985e-05 min|U_kk|=3.209e+02 max|U_kk|=6.288e+04 zero_pivots=0 mu=5.705e-01 assembly=colored factor=banded applications=256 color_period=8 kl=319 ku=319
    COARSE apply applications=10 t_apply_avg=0.594ms t_host_solve_avg=0.336ms
    LINEAR gmres+P-A+CC(mult,2) its=9 rel=8.1e-03 t=0.01s cycles=1 reorth=9 rec=8.1e-03 status=converged t_fact=0.00s singular_modes=0 mu=5.705e-01
  NEWTON generic3d:1:16:i1o4 it= 2 r_F=4.867e-01 r_out=8.451e-03 lambda=1 |dx|max=1.59e-02 lin=gmres+P-A+CC(mult,2) rel=8.1e-03 lits=9 t_lin=0.0s |dx|2=4.42e-01 t_fact=0.05s eta=1.00e-01 mu=5.705e-01 retries=0
    COARSE build mode=mult profiles=2 K=1024 t_assembly=0.014s t_lu=0.032s t_cond=0.003s norm1=5.251e+05 inv_norm1_est=3.278e-02 rcond_est=5.811e-05 min|U_kk|=3.229e+02 max|U_kk|=8.416e+04 zero_pivots=0 mu=3.085e-01 assembly=colored factor=banded applications=256 color_period=8 kl=319 ku=319
    COARSE apply applications=20 t_apply_avg=0.593ms t_host_solve_avg=0.336ms
    LINEAR gmres+P-A+CC(mult,2) its=19 rel=9.1e-03 t=0.02s cycles=1 reorth=18 rec=9.1e-03 status=converged t_fact=0.00s singular_modes=0 mu=3.085e-01
  NEWTON generic3d:1:16:i1o4 it= 3 r_F=2.238e-01 r_out=2.733e-03 lambda=1 |dx|max=1.51e-02 lin=gmres+P-A+CC(mult,2) rel=9.1e-03 lits=19 t_lin=0.0s |dx|2=4.03e-01 t_fact=0.05s eta=1.00e-01 mu=3.085e-01 retries=0
    COARSE build mode=mult profiles=2 K=1024 t_assembly=0.014s t_lu=0.036s t_cond=0.003s norm1=5.552e+05 inv_norm1_est=5.622e-02 rcond_est=3.203e-05 min|U_kk|=3.127e+02 max|U_kk|=7.463e+04 zero_pivots=0 mu=1.418e-01 assembly=colored factor=banded applications=256 color_period=8 kl=319 ku=319
    COARSE apply applications=50 t_apply_avg=0.595ms t_host_solve_avg=0.336ms
    LINEAR gmres+P-A+CC(mult,2) its=49 rel=9.3e-03 t=0.05s cycles=1 reorth=46 rec=9.3e-03 status=converged t_fact=0.00s singular_modes=0 mu=1.418e-01
  NEWTON generic3d:1:16:i1o4 it= 4 r_F=9.774e-02 r_out=1.861e-03 lambda=1 |dx|max=2.23e-02 lin=gmres+P-A+CC(mult,2) rel=9.3e-03 lits=49 t_lin=0.1s |dx|2=4.23e-01 t_fact=0.05s eta=1.00e-01 mu=1.418e-01 retries=0
    COARSE build mode=mult profiles=2 K=1024 t_assembly=0.014s t_lu=0.038s t_cond=0.004s norm1=5.864e+05 inv_norm1_est=1.200e+00 rcond_est=1.422e-06 min|U_kk|=2.881e+02 max|U_kk|=7.614e+04 zero_pivots=0 mu=6.195e-02 assembly=colored factor=banded applications=256 color_period=8 kl=319 ku=319
    COARSE apply applications=101 t_apply_avg=0.656ms t_host_solve_avg=0.338ms
    LINEAR gmres+P-A+CC(mult,2) its=100 rel=1.4e-02 t=0.15s cycles=1 reorth=98 rec=1.4e-02 status=converged t_fact=0.00s singular_modes=0 mu=6.195e-02
  NEWTON generic3d:1:16:i1o4 it= 5 r_F=8.380e-02 r_out=2.092e-03 lambda=0.5 |dx|max=4.67e-02 lin=gmres+P-A+CC(mult,2) rel=1.4e-02 lits=100 t_lin=0.2s |dx|2=5.42e-01 t_fact=0.06s eta=1.00e-01 mu=6.195e-02 retries=0
    COARSE build mode=mult profiles=2 K=1024 t_assembly=0.014s t_lu=0.038s t_cond=0.004s norm1=6.052e+05 inv_norm1_est=2.062e+00 rcond_est=8.013e-07 min|U_kk|=2.852e+02 max|U_kk|=6.747e+04 zero_pivots=0 mu=5.312e-02 assembly=colored factor=banded applications=256 color_period=8 kl=319 ku=319
    COARSE apply applications=101 t_apply_avg=0.653ms t_host_solve_avg=0.337ms
    LINEAR gmres+P-A+CC(mult,2) its=100 rel=2.3e-02 t=0.15s cycles=1 reorth=99 rec=2.3e-02 status=converged t_fact=0.00s singular_modes=0 mu=5.312e-02
  NEWTON generic3d:1:16:i1o4 it= 6 r_F=7.637e-02 r_out=1.842e-03 lambda=0.25 |dx|max=5.84e-02 lin=gmres+P-A+CC(mult,2) rel=2.3e-02 lits=100 t_lin=0.2s |dx|2=5.18e-01 t_fact=0.06s eta=1.00e-01 mu=5.312e-02 retries=0
    COARSE build mode=mult profiles=2 K=1024 t_assembly=0.014s t_lu=0.040s t_cond=0.003s norm1=6.152e+05 inv_norm1_est=2.005e+00 rcond_est=8.106e-07 min|U_kk|=2.839e+02 max|U_kk|=6.695e+04 zero_pivots=0 mu=4.841e-02 assembly=colored factor=banded applications=256 color_period=8 kl=319 ku=319
    COARSE apply applications=101 t_apply_avg=0.669ms t_host_solve_avg=0.355ms
    LINEAR gmres+P-A+CC(mult,2) its=100 rel=3.8e-02 t=0.15s cycles=1 reorth=98 rec=3.8e-02 status=converged t_fact=0.00s singular_modes=0 mu=4.841e-02
  NEWTON generic3d:1:16:i1o4 it= 7 r_F=7.209e-02 r_out=1.783e-03 lambda=0.25 |dx|max=7.31e-02 lin=gmres+P-A+CC(mult,2) rel=3.8e-02 lits=100 t_lin=0.2s |dx|2=5.29e-01 t_fact=0.06s eta=1.00e-01 mu=4.841e-02 retries=0
    COARSE build mode=mult profiles=2 K=1024 t_assembly=0.014s t_lu=0.041s t_cond=0.003s norm1=6.260e+05 inv_norm1_est=2.642e+00 rcond_est=6.047e-07 min|U_kk|=2.831e+02 max|U_kk|=6.567e+04 zero_pivots=0 mu=4.570e-02 assembly=colored factor=banded applications=256 color_period=8 kl=319 ku=319
    COARSE apply applications=404 t_apply_avg=0.680ms t_host_solve_avg=0.363ms
    LINEAR gmres+P-A+CC(mult,2) its=400 rel=8.3e-02 t=0.61s cycles=4 reorth=393 rec=8.3e-02 status=converged t_fact=0.00s singular_modes=0 mu=4.570e-02
  NEWTON generic3d:1:16:i1o4 it= 8 r_F=7.170e-02 r_out=1.818e-03 lambda=0.03125 |dx|max=2.64e-01 lin=gmres+P-A+CC(mult,2) rel=8.3e-02 lits=400 t_lin=0.6s |dx|2=1.10e+00 t_fact=0.06s eta=1.00e-01 mu=4.570e-02 retries=0
  STAGE_END field=generic3d eps=1 N=16 cand=i1o4 status=stagnation its=8 r_F=7.170e-02 r_out=1.818e-03 -> FAILED
  CONTINUATION bisection 2/4: retry from eps=0.75 at eps=0.875
STAGE field=generic3d eps=0.875 N=16 cand=i1o4 (from eps=0.75, warm start)
  NEWTON generic3d:0.875:16:i1o4 it= 0 r_F=8.324e-01 r_out=1.446e-01
    COARSE build mode=mult profiles=2 K=1024 t_assembly=0.014s t_lu=0.027s t_cond=0.003s norm1=3.684e+05 inv_norm1_est=1.196e-02 rcond_est=2.269e-04 min|U_kk|=5.003e+02 max|U_kk|=5.214e+04 zero_pivots=0 mu=1.000e+00 assembly=colored factor=banded applications=256 color_period=8 kl=319 ku=319
    COARSE apply applications=6 t_apply_avg=0.614ms t_host_solve_avg=0.353ms
    LINEAR gmres+P-A+CC(mult,2) its=5 rel=9.6e-03 t=0.00s cycles=1 reorth=5 rec=9.6e-03 status=converged t_fact=0.00s singular_modes=0 mu=1.000e+00
  NEWTON generic3d:0.875:16:i1o4 it= 1 r_F=4.891e-01 r_out=1.219e-02 lambda=1 |dx|max=1.92e-02 lin=gmres+P-A+CC(mult,2) rel=9.6e-03 lits=5 t_lin=0.0s |dx|2=2.55e-01 t_fact=0.04s eta=1.00e-01 mu=1.000e+00 retries=0
    COARSE build mode=mult profiles=2 K=1024 t_assembly=0.014s t_lu=0.030s t_cond=0.003s norm1=3.696e+05 inv_norm1_est=1.981e-02 rcond_est=1.366e-04 min|U_kk|=3.778e+02 max|U_kk|=4.678e+04 zero_pivots=0 mu=5.791e-01 assembly=colored factor=banded applications=256 color_period=8 kl=319 ku=319
    COARSE apply applications=8 t_apply_avg=0.611ms t_host_solve_avg=0.351ms
    LINEAR gmres+P-A+CC(mult,2) its=7 rel=9.4e-03 t=0.01s cycles=1 reorth=7 rec=9.4e-03 status=converged t_fact=0.00s singular_modes=0 mu=5.791e-01
  NEWTON generic3d:0.875:16:i1o4 it= 2 r_F=2.681e-01 r_out=3.021e-03 lambda=1 |dx|max=7.66e-03 lin=gmres+P-A+CC(mult,2) rel=9.4e-03 lits=7 t_lin=0.0s |dx|2=2.20e-01 t_fact=0.05s eta=1.00e-01 mu=5.791e-01 retries=0
    COARSE build mode=mult profiles=2 K=1024 t_assembly=0.014s t_lu=0.033s t_cond=0.003s norm1=3.757e+05 inv_norm1_est=3.618e-02 rcond_est=7.358e-05 min|U_kk|=3.197e+02 max|U_kk|=4.465e+04 zero_pivots=0 mu=3.174e-01 assembly=colored factor=banded applications=256 color_period=8 kl=319 ku=319
    COARSE apply applications=15 t_apply_avg=0.611ms t_host_solve_avg=0.352ms
    LINEAR gmres+P-A+CC(mult,2) its=14 rel=9.5e-03 t=0.01s cycles=1 reorth=14 rec=9.5e-03 status=converged t_fact=0.00s singular_modes=0 mu=3.174e-01
  NEWTON generic3d:0.875:16:i1o4 it= 3 r_F=1.270e-01 r_out=7.442e-04 lambda=1 |dx|max=7.32e-03 lin=gmres+P-A+CC(mult,2) rel=9.5e-03 lits=14 t_lin=0.0s |dx|2=1.99e-01 t_fact=0.05s eta=1.00e-01 mu=3.174e-01 retries=0
    COARSE build mode=mult profiles=2 K=1024 t_assembly=0.014s t_lu=0.036s t_cond=0.003s norm1=3.828e+05 inv_norm1_est=6.010e-02 rcond_est=4.346e-05 min|U_kk|=2.581e+02 max|U_kk|=4.219e+04 zero_pivots=0 mu=1.504e-01 assembly=colored factor=banded applications=256 color_period=8 kl=319 ku=319
    COARSE apply applications=34 t_apply_avg=0.610ms t_host_solve_avg=0.352ms
    LINEAR gmres+P-A+CC(mult,2) its=33 rel=9.1e-03 t=0.03s cycles=1 reorth=27 rec=9.1e-03 status=converged t_fact=0.00s singular_modes=0 mu=1.504e-01
  NEWTON generic3d:0.875:16:i1o4 it= 4 r_F=5.483e-02 r_out=3.637e-04 lambda=1 |dx|max=9.35e-03 lin=gmres+P-A+CC(mult,2) rel=9.1e-03 lits=33 t_lin=0.0s |dx|2=2.01e-01 t_fact=0.05s eta=1.00e-01 mu=1.504e-01 retries=0
    COARSE build mode=mult profiles=2 K=1024 t_assembly=0.014s t_lu=0.038s t_cond=0.003s norm1=3.906e+05 inv_norm1_est=9.934e-02 rcond_est=2.577e-05 min|U_kk|=2.251e+02 max|U_kk|=4.355e+04 zero_pivots=0 mu=6.490e-02 assembly=colored factor=banded applications=256 color_period=8 kl=319 ku=319
    COARSE apply applications=67 t_apply_avg=0.635ms t_host_solve_avg=0.355ms
    LINEAR gmres+P-A+CC(mult,2) its=66 rel=9.9e-03 t=0.08s cycles=1 reorth=62 rec=9.9e-03 status=converged t_fact=0.00s singular_modes=0 mu=6.490e-02
  NEWTON generic3d:0.875:16:i1o4 it= 5 r_F=3.151e-02 r_out=4.655e-04 lambda=1 |dx|max=1.24e-02 lin=gmres+P-A+CC(mult,2) rel=9.9e-03 lits=66 t_lin=0.1s |dx|2=2.37e-01 t_fact=0.05s eta=1.00e-01 mu=6.490e-02 retries=0
    COARSE build mode=mult profiles=2 K=1024 t_assembly=0.014s t_lu=0.039s t_cond=0.003s norm1=4.009e+05 inv_norm1_est=1.433e-01 rcond_est=1.740e-05 min|U_kk|=2.125e+02 max|U_kk|=4.531e+04 zero_pivots=0 mu=3.730e-02 assembly=colored factor=banded applications=256 color_period=8 kl=319 ku=319
    COARSE apply applications=97 t_apply_avg=0.665ms t_host_solve_avg=0.354ms
    LINEAR gmres+P-A+CC(mult,2) its=96 rel=9.8e-03 t=0.14s cycles=1 reorth=94 rec=9.8e-03 status=converged t_fact=0.00s singular_modes=0 mu=3.730e-02
  NEWTON generic3d:0.875:16:i1o4 it= 6 r_F=2.509e-02 r_out=5.859e-04 lambda=1 |dx|max=1.42e-02 lin=gmres+P-A+CC(mult,2) rel=9.8e-03 lits=96 t_lin=0.1s |dx|2=2.68e-01 t_fact=0.06s eta=1.00e-01 mu=3.730e-02 retries=0
    COARSE build mode=mult profiles=2 K=1024 t_assembly=0.014s t_lu=0.040s t_cond=0.005s norm1=4.147e+05 inv_norm1_est=4.774e-01 rcond_est=5.051e-06 min|U_kk|=2.121e+02 max|U_kk|=5.882e+04 zero_pivots=0 mu=2.971e-02 assembly=colored factor=banded applications=256 color_period=8 kl=319 ku=319
    COARSE apply applications=101 t_apply_avg=0.674ms t_host_solve_avg=0.355ms
    LINEAR gmres+P-A+CC(mult,2) its=100 rel=1.2e-02 t=0.15s cycles=1 reorth=97 rec=1.2e-02 status=converged t_fact=0.00s singular_modes=0 mu=2.971e-02
  NEWTON generic3d:0.875:16:i1o4 it= 7 r_F=1.959e-02 r_out=3.802e-04 lambda=1 |dx|max=1.35e-02 lin=gmres+P-A+CC(mult,2) rel=1.2e-02 lits=100 t_lin=0.2s |dx|2=2.49e-01 t_fact=0.06s eta=1.00e-01 mu=2.971e-02 retries=0
    COARSE build mode=mult profiles=2 K=1024 t_assembly=0.014s t_lu=0.040s t_cond=0.004s norm1=4.297e+05 inv_norm1_est=8.607e-01 rcond_est=2.704e-06 min|U_kk|=2.051e+02 max|U_kk|=5.691e+04 zero_pivots=0 mu=2.319e-02 assembly=colored factor=banded applications=256 color_period=8 kl=319 ku=319
    COARSE apply applications=101 t_apply_avg=0.676ms t_host_solve_avg=0.357ms
    LINEAR gmres+P-A+CC(mult,2) its=100 rel=2.6e-02 t=0.15s cycles=1 reorth=99 rec=2.6e-02 status=converged t_fact=0.00s singular_modes=0 mu=2.319e-02
  NEWTON generic3d:0.875:16:i1o4 it= 8 r_F=1.486e-02 r_out=2.701e-04 lambda=1 |dx|max=1.08e-02 lin=gmres+P-A+CC(mult,2) rel=2.6e-02 lits=100 t_lin=0.2s |dx|2=2.32e-01 t_fact=0.06s eta=1.00e-01 mu=2.319e-02 retries=0
    COARSE build mode=mult profiles=2 K=1024 t_assembly=0.014s t_lu=0.040s t_cond=0.003s norm1=4.456e+05 inv_norm1_est=4.014e+00 rcond_est=5.591e-07 min|U_kk|=2.016e+02 max|U_kk|=5.592e+04 zero_pivots=0 mu=1.759e-02 assembly=colored factor=banded applications=256 color_period=8 kl=319 ku=319
    COARSE apply applications=101 t_apply_avg=0.673ms t_host_solve_avg=0.354ms
    LINEAR gmres+P-A+CC(mult,2) its=100 rel=6.7e-02 t=0.15s cycles=1 reorth=99 rec=6.7e-02 status=converged t_fact=0.00s singular_modes=0 mu=1.759e-02
  NEWTON generic3d:0.875:16:i1o4 it= 9 r_F=1.098e-02 r_out=2.769e-04 lambda=1 |dx|max=9.80e-03 lin=gmres+P-A+CC(mult,2) rel=6.7e-02 lits=100 t_lin=0.2s |dx|2=2.12e-01 t_fact=0.06s eta=1.00e-01 mu=1.759e-02 retries=0
    COARSE build mode=mult profiles=2 K=1024 t_assembly=0.014s t_lu=0.040s t_cond=0.003s norm1=4.622e+05 inv_norm1_est=1.277e+00 rcond_est=1.694e-06 min|U_kk|=1.999e+02 max|U_kk|=5.794e+04 zero_pivots=0 mu=1.300e-02 assembly=colored factor=banded applications=256 color_period=8 kl=319 ku=319
    COARSE apply applications=202 t_apply_avg=0.670ms t_host_solve_avg=0.355ms
    LINEAR gmres+P-A+CC(mult,2) its=200 rel=1.9e-02 t=0.30s cycles=2 reorth=193 rec=1.9e-02 status=converged t_fact=0.00s singular_modes=0 mu=1.300e-02
  NEWTON generic3d:0.875:16:i1o4 it=10 r_F=7.822e-03 r_out=1.240e-04 lambda=1 |dx|max=9.30e-03 lin=gmres+P-A+CC(mult,2) rel=1.9e-02 lits=200 t_lin=0.3s |dx|2=1.91e-01 t_fact=0.06s eta=1.00e-01 mu=1.300e-02 retries=0
    COARSE build mode=mult profiles=2 K=1024 t_assembly=0.014s t_lu=0.040s t_cond=0.003s norm1=4.780e+05 inv_norm1_est=1.752e+00 rcond_est=1.194e-06 min|U_kk|=2.502e+02 max|U_kk|=5.036e+04 zero_pivots=0 mu=9.260e-03 assembly=colored factor=banded applications=256 color_period=8 kl=319 ku=319
    COARSE apply applications=202 t_apply_avg=0.672ms t_host_solve_avg=0.355ms
    LINEAR gmres+P-A+CC(mult,2) its=200 rel=4.3e-02 t=0.31s cycles=2 reorth=193 rec=4.3e-02 status=converged t_fact=0.00s singular_modes=0 mu=9.260e-03
  NEWTON generic3d:0.875:16:i1o4 it=11 r_F=5.901e-03 r_out=1.208e-04 lambda=1 |dx|max=8.94e-03 lin=gmres+P-A+CC(mult,2) rel=4.3e-02 lits=200 t_lin=0.3s |dx|2=1.69e-01 t_fact=0.06s eta=1.00e-01 mu=9.260e-03 retries=0
    COARSE build mode=mult profiles=2 K=1024 t_assembly=0.014s t_lu=0.041s t_cond=0.003s norm1=4.925e+05 inv_norm1_est=1.689e+00 rcond_est=1.202e-06 min|U_kk|=2.021e+02 max|U_kk|=5.020e+04 zero_pivots=0 mu=6.986e-03 assembly=colored factor=banded applications=256 color_period=8 kl=319 ku=319
    COARSE apply applications=202 t_apply_avg=0.671ms t_host_solve_avg=0.353ms
    LINEAR gmres+P-A+CC(mult,2) its=200 rel=6.8e-02 t=0.30s cycles=2 reorth=194 rec=6.8e-02 status=converged t_fact=0.00s singular_modes=0 mu=6.986e-03
  NEWTON generic3d:0.875:16:i1o4 it=12 r_F=4.067e-03 r_out=1.263e-04 lambda=1 |dx|max=7.28e-03 lin=gmres+P-A+CC(mult,2) rel=6.8e-02 lits=200 t_lin=0.3s |dx|2=1.31e-01 t_fact=0.06s eta=1.00e-01 mu=6.986e-03 retries=0
    COARSE build mode=mult profiles=2 K=1024 t_assembly=0.014s t_lu=0.041s t_cond=0.003s norm1=5.040e+05 inv_norm1_est=1.753e+00 rcond_est=1.132e-06 min|U_kk|=2.555e+02 max|U_kk|=4.377e+04 zero_pivots=0 mu=4.816e-03 assembly=colored factor=banded applications=256 color_period=8 kl=319 ku=319
    COARSE apply applications=303 t_apply_avg=0.672ms t_host_solve_avg=0.353ms
    LINEAR gmres+P-A+CC(mult,2) its=300 rel=7.6e-02 t=0.46s cycles=3 reorth=292 rec=7.6e-02 status=converged t_fact=0.00s singular_modes=0 mu=4.816e-03
  NEWTON generic3d:0.875:16:i1o4 it=13 r_F=2.582e-03 r_out=1.039e-04 lambda=1 |dx|max=5.30e-03 lin=gmres+P-A+CC(mult,2) rel=7.6e-02 lits=300 t_lin=0.5s |dx|2=9.63e-02 t_fact=0.06s eta=1.00e-01 mu=4.816e-03 retries=0
    COARSE build mode=mult profiles=2 K=1024 t_assembly=0.014s t_lu=0.038s t_cond=0.003s norm1=5.121e+05 inv_norm1_est=1.966e+00 rcond_est=9.935e-07 min|U_kk|=2.547e+02 max|U_kk|=4.544e+04 zero_pivots=0 mu=3.058e-03 assembly=colored factor=banded applications=256 color_period=8 kl=319 ku=319
    COARSE apply applications=505 t_apply_avg=0.654ms t_host_solve_avg=0.338ms
    LINEAR gmres+P-A+CC(mult,2) its=500 rel=8.8e-02 t=0.75s cycles=5 reorth=485 rec=8.8e-02 status=converged t_fact=0.00s singular_modes=0 mu=3.058e-03
  NEWTON generic3d:0.875:16:i1o4 it=14 r_F=1.428e-03 r_out=5.695e-05 lambda=1 |dx|max=3.18e-03 lin=gmres+P-A+CC(mult,2) rel=8.8e-02 lits=500 t_lin=0.8s |dx|2=6.59e-02 t_fact=0.06s eta=1.00e-01 mu=3.058e-03 retries=0
    COARSE build mode=mult profiles=2 K=1024 t_assembly=0.014s t_lu=0.038s t_cond=0.003s norm1=5.175e+05 inv_norm1_est=2.140e+00 rcond_est=9.029e-07 min|U_kk|=2.490e+02 max|U_kk|=4.423e+04 zero_pivots=0 mu=1.692e-03 assembly=colored factor=banded applications=256 color_period=8 kl=319 ku=319
    COARSE apply applications=707 t_apply_avg=0.653ms t_host_solve_avg=0.337ms
    LINEAR gmres+P-A+CC(mult,2) its=700 rel=8.1e-02 t=1.05s cycles=7 reorth=676 rec=8.1e-02 status=converged t_fact=0.00s singular_modes=0 mu=1.692e-03
  NEWTON generic3d:0.875:16:i1o4 it=15 r_F=6.882e-04 r_out=3.193e-05 lambda=1 |dx|max=1.96e-03 lin=gmres+P-A+CC(mult,2) rel=8.1e-02 lits=700 t_lin=1.1s |dx|2=4.32e-02 t_fact=0.06s eta=1.00e-01 mu=1.692e-03 retries=0
    COARSE build mode=mult profiles=2 K=1024 t_assembly=0.014s t_lu=0.038s t_cond=0.003s norm1=5.199e+05 inv_norm1_est=2.216e+00 rcond_est=8.678e-07 min|U_kk|=2.084e+02 max|U_kk|=4.939e+04 zero_pivots=0 mu=8.154e-04 assembly=colored factor=banded applications=256 color_period=8 kl=319 ku=319
    COARSE apply applications=808 t_apply_avg=0.672ms t_host_solve_avg=0.354ms
    LINEAR gmres+P-A+CC(mult,2) its=800 rel=7.9e-02 t=1.22s cycles=8 reorth=779 rec=7.9e-02 status=converged t_fact=0.00s singular_modes=0 mu=8.154e-04
  NEWTON generic3d:0.875:16:i1o4 it=16 r_F=2.488e-04 r_out=1.184e-05 lambda=1 |dx|max=1.04e-03 lin=gmres+P-A+CC(mult,2) rel=7.9e-02 lits=800 t_lin=1.2s |dx|2=2.48e-02 t_fact=0.06s eta=1.00e-01 mu=8.154e-04 retries=0
    COARSE build mode=mult profiles=2 K=1024 t_assembly=0.014s t_lu=0.040s t_cond=0.003s norm1=5.210e+05 inv_norm1_est=2.270e+00 rcond_est=8.455e-07 min|U_kk|=2.642e+02 max|U_kk|=5.392e+04 zero_pivots=0 mu=2.948e-04 assembly=colored factor=banded applications=256 color_period=8 kl=319 ku=319
    COARSE apply applications=808 t_apply_avg=0.675ms t_host_solve_avg=0.358ms
    LINEAR gmres+P-A+CC(mult,2) its=800 rel=9.1e-02 t=1.22s cycles=8 reorth=777 rec=9.1e-02 status=converged t_fact=0.00s singular_modes=0 mu=2.948e-04
  NEWTON generic3d:0.875:16:i1o4 it=17 r_F=4.980e-05 r_out=4.267e-06 lambda=1 |dx|max=3.96e-04 lin=gmres+P-A+CC(mult,2) rel=9.1e-02 lits=800 t_lin=1.2s |dx|2=1.04e-02 t_fact=0.06s eta=1.00e-01 mu=2.948e-04 retries=0
    COARSE build mode=mult profiles=2 K=1024 t_assembly=0.014s t_lu=0.041s t_cond=0.003s norm1=5.214e+05 inv_norm1_est=2.304e+00 rcond_est=8.324e-07 min|U_kk|=2.019e+02 max|U_kk|=4.499e+04 zero_pivots=0 mu=5.916e-05 assembly=colored factor=banded applications=256 color_period=8 kl=319 ku=319
    COARSE apply applications=1414 t_apply_avg=0.673ms t_host_solve_avg=0.355ms
    LINEAR gmres+P-A+CC(mult,2) its=1400 rel=3.4e-02 t=2.14s cycles=14 reorth=1365 rec=3.4e-02 status=converged t_fact=0.00s singular_modes=0 mu=5.916e-05
  NEWTON generic3d:0.875:16:i1o4 it=18 r_F=3.234e-06 r_out=2.893e-07 lambda=1 |dx|max=9.81e-05 lin=gmres+P-A+CC(mult,2) rel=3.4e-02 lits=1400 t_lin=2.1s |dx|2=2.73e-03 t_fact=0.06s eta=3.62e-02 mu=5.916e-05 retries=0
    COARSE build mode=mult profiles=2 K=1024 t_assembly=0.014s t_lu=0.038s t_cond=0.003s norm1=5.215e+05 inv_norm1_est=2.310e+00 rcond_est=8.302e-07 min|U_kk|=2.020e+02 max|U_kk|=4.497e+04 zero_pivots=0 mu=3.843e-06 assembly=colored factor=banded applications=256 color_period=8 kl=319 ku=319
    COARSE apply applications=2525 t_apply_avg=0.667ms t_host_solve_avg=0.350ms
    LINEAR gmres+P-A+CC(mult,2) its=2500 rel=3.7e-03 t=3.80s cycles=25 reorth=2437 rec=3.7e-03 status=converged t_fact=0.00s singular_modes=0 mu=3.843e-06
  NEWTON generic3d:0.875:16:i1o4 it=19 r_F=1.580e-08 r_out=1.853e-09 lambda=1 |dx|max=6.38e-06 lin=gmres+P-A+CC(mult,2) rel=3.7e-03 lits=2500 t_lin=3.8s |dx|2=1.83e-04 t_fact=0.06s eta=3.80e-03 mu=3.843e-06 retries=0
    COARSE build mode=mult profiles=2 K=1024 t_assembly=0.014s t_lu=0.041s t_cond=0.003s norm1=5.215e+05 inv_norm1_est=2.310e+00 rcond_est=8.301e-07 min|U_kk|=2.020e+02 max|U_kk|=4.497e+04 zero_pivots=0 mu=1.883e-08 assembly=colored factor=banded applications=256 color_period=8 kl=319 ku=319
    COARSE apply applications=4747 t_apply_avg=0.669ms t_host_solve_avg=0.352ms
    LINEAR gmres+P-A+CC(mult,2) its=4700 rel=2.1e-05 t=7.15s cycles=47 reorth=4579 rec=2.1e-05 status=converged t_fact=0.00s singular_modes=0 mu=1.883e-08
  NEWTON generic3d:0.875:16:i1o4 it=20 r_F=4.435e-13 r_out=5.791e-14 lambda=1 |dx|max=3.79e-08 lin=gmres+P-A+CC(mult,2) rel=2.1e-05 lits=4700 t_lin=7.2s |dx|2=1.04e-06 t_fact=0.06s eta=2.16e-05 mu=1.883e-08 retries=0
    COARSE build mode=mult profiles=2 K=1024 t_assembly=0.014s t_lu=0.042s t_cond=0.003s norm1=5.215e+05 inv_norm1_est=2.310e+00 rcond_est=8.301e-07 min|U_kk|=2.020e+02 max|U_kk|=4.497e+04 zero_pivots=0 mu=5.293e-13 assembly=colored factor=banded applications=256 color_period=8 kl=319 ku=319
    COARSE apply applications=909 t_apply_avg=0.666ms t_host_solve_avg=0.349ms
    LINEAR gmres+P-A+CC(mult,2) its=900 rel=1.1e-01 t=1.37s cycles=9 reorth=879 rec=1.1e-01 status=converged t_fact=0.00s singular_modes=0 mu=5.293e-13
  NEWTON generic3d:0.875:16:i1o4 it=21 r_F=4.561e-14 r_out=9.902e-15 lambda=1 |dx|max=1.03e-12 lin=gmres+P-A+CC(mult,2) rel=1.1e-01 lits=900 t_lin=1.4s |dx|2=2.84e-11 t_fact=0.06s eta=1.12e-01 mu=5.293e-13 retries=0
  STAGE_END field=generic3d eps=0.875 N=16 cand=i1o4 status=converged its=21 r_F=4.561e-14 r_out=9.902e-15 -> accepted
STAGE field=generic3d eps=1 N=16 cand=i1o4 (from eps=0.875, warm start)
  NEWTON generic3d:1:16:i1o4 it= 0 r_F=7.823e-01 r_out=1.582e-01
    COARSE build mode=mult profiles=2 K=1024 t_assembly=0.014s t_lu=0.032s t_cond=0.004s norm1=7.112e+05 inv_norm1_est=2.082e-02 rcond_est=6.755e-05 min|U_kk|=5.058e+02 max|U_kk|=7.165e+04 zero_pivots=0 mu=1.000e+00 assembly=colored factor=banded applications=256 color_period=8 kl=319 ku=319
    COARSE apply applications=10 t_apply_avg=0.590ms t_host_solve_avg=0.336ms
    LINEAR gmres+P-A+CC(mult,2) its=9 rel=9.1e-03 t=0.01s cycles=1 reorth=9 rec=9.1e-03 status=converged t_fact=0.00s singular_modes=0 mu=1.000e+00
  NEWTON generic3d:1:16:i1o4 it= 1 r_F=4.554e-01 r_out=9.824e-03 lambda=1 |dx|max=2.04e-02 lin=gmres+P-A+CC(mult,2) rel=9.1e-03 lits=9 t_lin=0.0s |dx|2=2.62e-01 t_fact=0.05s eta=1.00e-01 mu=1.000e+00 retries=0
    COARSE build mode=mult profiles=2 K=1024 t_assembly=0.014s t_lu=0.034s t_cond=0.004s norm1=7.258e+05 inv_norm1_est=3.557e-02 rcond_est=3.873e-05 min|U_kk|=4.173e+02 max|U_kk|=6.646e+04 zero_pivots=0 mu=5.706e-01 assembly=colored factor=banded applications=256 color_period=8 kl=319 ku=319
    COARSE apply applications=20 t_apply_avg=0.592ms t_host_solve_avg=0.336ms
    LINEAR gmres+P-A+CC(mult,2) its=19 rel=9.4e-03 t=0.02s cycles=1 reorth=16 rec=9.4e-03 status=converged t_fact=0.00s singular_modes=0 mu=5.706e-01
  NEWTON generic3d:1:16:i1o4 it= 2 r_F=2.458e-01 r_out=2.549e-03 lambda=1 |dx|max=9.14e-03 lin=gmres+P-A+CC(mult,2) rel=9.4e-03 lits=19 t_lin=0.0s |dx|2=2.28e-01 t_fact=0.05s eta=1.00e-01 mu=5.706e-01 retries=0
    COARSE build mode=mult profiles=2 K=1024 t_assembly=0.014s t_lu=0.037s t_cond=0.003s norm1=7.481e+05 inv_norm1_est=3.712e-02 rcond_est=3.601e-05 min|U_kk|=3.407e+02 max|U_kk|=8.343e+04 zero_pivots=0 mu=3.080e-01 assembly=colored factor=banded applications=256 color_period=8 kl=319 ku=319
    COARSE apply applications=46 t_apply_avg=0.600ms t_host_solve_avg=0.340ms
    LINEAR gmres+P-A+CC(mult,2) its=45 rel=9.1e-03 t=0.05s cycles=1 reorth=41 rec=9.1e-03 status=converged t_fact=0.00s singular_modes=0 mu=3.080e-01
  NEWTON generic3d:1:16:i1o4 it= 3 r_F=1.157e-01 r_out=1.334e-03 lambda=1 |dx|max=9.65e-03 lin=gmres+P-A+CC(mult,2) rel=9.1e-03 lits=45 t_lin=0.0s |dx|2=2.15e-01 t_fact=0.05s eta=1.00e-01 mu=3.080e-01 retries=0
    COARSE build mode=mult profiles=2 K=1024 t_assembly=0.014s t_lu=0.038s t_cond=0.003s norm1=7.715e+05 inv_norm1_est=5.297e-01 rcond_est=2.447e-06 min|U_kk|=2.633e+02 max|U_kk|=6.241e+04 zero_pivots=0 mu=1.450e-01 assembly=colored factor=banded applications=256 color_period=8 kl=319 ku=319
    COARSE apply applications=96 t_apply_avg=0.648ms t_host_solve_avg=0.339ms
    LINEAR gmres+P-A+CC(mult,2) its=95 rel=9.5e-03 t=0.14s cycles=1 reorth=93 rec=9.5e-03 status=converged t_fact=0.00s singular_modes=0 mu=1.450e-01
  NEWTON generic3d:1:16:i1o4 it= 4 r_F=5.677e-02 r_out=7.769e-04 lambda=1 |dx|max=1.49e-02 lin=gmres+P-A+CC(mult,2) rel=9.5e-03 lits=95 t_lin=0.1s |dx|2=2.28e-01 t_fact=0.05s eta=1.00e-01 mu=1.450e-01 retries=0
    COARSE build mode=mult profiles=2 K=1024 t_assembly=0.014s t_lu=0.039s t_cond=0.003s norm1=7.946e+05 inv_norm1_est=1.119e+00 rcond_est=1.125e-06 min|U_kk|=2.735e+02 max|U_kk|=9.123e+04 zero_pivots=0 mu=7.114e-02 assembly=colored factor=banded applications=256 color_period=8 kl=319 ku=319
    COARSE apply applications=202 t_apply_avg=0.657ms t_host_solve_avg=0.338ms
    LINEAR gmres+P-A+CC(mult,2) its=200 rel=2.8e-02 t=0.30s cycles=2 reorth=192 rec=2.8e-02 status=converged t_fact=0.00s singular_modes=0 mu=7.114e-02
  NEWTON generic3d:1:16:i1o4 it= 5 r_F=5.026e-02 r_out=1.064e-03 lambda=1 |dx|max=2.16e-02 lin=gmres+P-A+CC(mult,2) rel=2.8e-02 lits=200 t_lin=0.3s |dx|2=2.39e-01 t_fact=0.06s eta=1.00e-01 mu=7.114e-02 retries=0
    COARSE build mode=mult profiles=2 K=1024 t_assembly=0.014s t_lu=0.039s t_cond=0.004s norm1=8.208e+05 inv_norm1_est=2.006e+00 rcond_est=6.074e-07 min|U_kk|=2.792e+02 max|U_kk|=7.427e+04 zero_pivots=0 mu=6.298e-02 assembly=colored factor=banded applications=256 color_period=8 kl=319 ku=319
    COARSE apply applications=404 t_apply_avg=0.665ms t_host_solve_avg=0.347ms
    LINEAR gmres+P-A+CC(mult,2) its=400 rel=7.6e-02 t=0.61s cycles=4 reorth=394 rec=7.6e-02 status=converged t_fact=0.00s singular_modes=0 mu=6.298e-02
  NEWTON generic3d:1:16:i1o4 it= 6 r_F=4.394e-02 r_out=9.882e-04 lambda=0.5 |dx|max=2.67e-02 lin=gmres+P-A+CC(mult,2) rel=7.6e-02 lits=400 t_lin=0.6s |dx|2=2.08e-01 t_fact=0.06s eta=1.00e-01 mu=6.298e-02 retries=0
    COARSE build mode=mult profiles=2 K=1024 t_assembly=0.014s t_lu=0.041s t_cond=0.003s norm1=8.318e+05 inv_norm1_est=2.641e+00 rcond_est=4.552e-07 min|U_kk|=2.652e+02 max|U_kk|=7.273e+04 zero_pivots=0 mu=5.507e-02 assembly=colored factor=banded applications=256 color_period=8 kl=319 ku=319
    COARSE apply applications=808 t_apply_avg=0.673ms t_host_solve_avg=0.355ms
    LINEAR gmres+P-A+CC(mult,2) its=800 rel=1.3e-01 t=1.22s cycles=8 reorth=786 rec=1.3e-01 status=stagnation t_fact=0.00s singular_modes=0 mu=5.507e-02
  NEWTON generic3d:1:16:i1o4 it= 7 linear_failure: GMRES status=stagnation rel=1.3e-01 lits=800 prec singular modes=0 (step not taken) eta=1.00e-01 mu=5.507e-02
  STAGE_END field=generic3d eps=1 N=16 cand=i1o4 status=linear_failure its=7 r_F=4.394e-02 r_out=9.882e-04 -> FAILED
  CONTINUATION bisection 3/4: retry from eps=0.875 at eps=0.9375
STAGE field=generic3d eps=0.9375 N=16 cand=i1o4 (from eps=0.875, warm start)
  NEWTON generic3d:0.9375:16:i1o4 it= 0 r_F=4.070e-01 r_out=7.917e-02
    COARSE build mode=mult profiles=2 K=1024 t_assembly=0.014s t_lu=0.033s t_cond=0.004s norm1=6.194e+05 inv_norm1_est=2.122e-02 rcond_est=7.606e-05 min|U_kk|=5.187e+02 max|U_kk|=6.089e+04 zero_pivots=0 mu=1.000e+00 assembly=colored factor=banded applications=256 color_period=8 kl=319 ku=319
    COARSE apply applications=10 t_apply_avg=0.613ms t_host_solve_avg=0.352ms
    LINEAR gmres+P-A+CC(mult,2) its=9 rel=9.2e-03 t=0.01s cycles=1 reorth=9 rec=9.2e-03 status=converged t_fact=0.00s singular_modes=0 mu=1.000e+00
  NEWTON generic3d:0.9375:16:i1o4 it= 1 r_F=2.383e-01 r_out=3.178e-03 lambda=1 |dx|max=9.73e-03 lin=gmres+P-A+CC(mult,2) rel=9.2e-03 lits=9 t_lin=0.0s |dx|2=1.31e-01 t_fact=0.05s eta=1.00e-01 mu=1.000e+00 retries=0
    COARSE build mode=mult profiles=2 K=1024 t_assembly=0.014s t_lu=0.036s t_cond=0.003s norm1=6.209e+05 inv_norm1_est=2.333e-02 rcond_est=6.902e-05 min|U_kk|=4.194e+02 max|U_kk|=5.504e+04 zero_pivots=0 mu=5.746e-01 assembly=colored factor=banded applications=256 color_period=8 kl=319 ku=319
    COARSE apply applications=19 t_apply_avg=0.610ms t_host_solve_avg=0.354ms
    LINEAR gmres+P-A+CC(mult,2) its=18 rel=8.6e-03 t=0.02s cycles=1 reorth=16 rec=8.6e-03 status=converged t_fact=0.00s singular_modes=0 mu=5.746e-01
  NEWTON generic3d:0.9375:16:i1o4 it= 2 r_F=1.293e-01 r_out=8.099e-04 lambda=1 |dx|max=4.48e-03 lin=gmres+P-A+CC(mult,2) rel=8.6e-03 lits=18 t_lin=0.0s |dx|2=1.14e-01 t_fact=0.05s eta=1.00e-01 mu=5.746e-01 retries=0
    COARSE build mode=mult profiles=2 K=1024 t_assembly=0.014s t_lu=0.038s t_cond=0.003s norm1=6.269e+05 inv_norm1_est=3.905e-02 rcond_est=4.085e-05 min|U_kk|=3.293e+02 max|U_kk|=5.491e+04 zero_pivots=0 mu=3.119e-01 assembly=colored factor=banded applications=256 color_period=8 kl=319 ku=319
    COARSE apply applications=41 t_apply_avg=0.608ms t_host_solve_avg=0.353ms
    LINEAR gmres+P-A+CC(mult,2) its=40 rel=9.0e-03 t=0.04s cycles=1 reorth=37 rec=9.0e-03 status=converged t_fact=0.00s singular_modes=0 mu=3.119e-01
  NEWTON generic3d:0.9375:16:i1o4 it= 3 r_F=6.153e-02 r_out=5.706e-04 lambda=1 |dx|max=4.65e-03 lin=gmres+P-A+CC(mult,2) rel=9.0e-03 lits=40 t_lin=0.0s |dx|2=1.06e-01 t_fact=0.06s eta=1.00e-01 mu=3.119e-01 retries=0
    COARSE build mode=mult profiles=2 K=1024 t_assembly=0.014s t_lu=0.040s t_cond=0.004s norm1=6.340e+05 inv_norm1_est=1.886e+00 rcond_est=8.364e-07 min|U_kk|=2.712e+02 max|U_kk|=7.434e+04 zero_pivots=0 mu=1.484e-01 assembly=colored factor=banded applications=256 color_period=8 kl=319 ku=319
    COARSE apply applications=82 t_apply_avg=0.650ms t_host_solve_avg=0.355ms
    LINEAR gmres+P-A+CC(mult,2) its=81 rel=9.7e-03 t=0.11s cycles=1 reorth=80 rec=9.7e-03 status=converged t_fact=0.00s singular_modes=0 mu=1.484e-01
  NEWTON generic3d:0.9375:16:i1o4 it= 4 r_F=2.823e-02 r_out=2.203e-04 lambda=1 |dx|max=6.87e-03 lin=gmres+P-A+CC(mult,2) rel=9.7e-03 lits=81 t_lin=0.1s |dx|2=1.12e-01 t_fact=0.06s eta=1.00e-01 mu=1.484e-01 retries=0
    COARSE build mode=mult profiles=2 K=1024 t_assembly=0.014s t_lu=0.040s t_cond=0.004s norm1=6.417e+05 inv_norm1_est=8.709e-01 rcond_est=1.789e-06 min|U_kk|=2.382e+02 max|U_kk|=4.880e+04 zero_pivots=0 mu=6.808e-02 assembly=colored factor=banded applications=256 color_period=8 kl=319 ku=319
    COARSE apply applications=101 t_apply_avg=0.671ms t_host_solve_avg=0.355ms
    LINEAR gmres+P-A+CC(mult,2) its=100 rel=5.5e-02 t=0.15s cycles=1 reorth=97 rec=5.5e-02 status=converged t_fact=0.00s singular_modes=0 mu=6.808e-02
  NEWTON generic3d:0.9375:16:i1o4 it= 5 r_F=1.725e-02 r_out=5.222e-04 lambda=1 |dx|max=8.36e-03 lin=gmres+P-A+CC(mult,2) rel=5.5e-02 lits=100 t_lin=0.2s |dx|2=1.24e-01 t_fact=0.06s eta=1.00e-01 mu=6.808e-02 retries=0
    COARSE build mode=mult profiles=2 K=1024 t_assembly=0.014s t_lu=0.041s t_cond=0.004s norm1=6.521e+05 inv_norm1_est=1.177e+00 rcond_est=1.303e-06 min|U_kk|=2.547e+02 max|U_kk|=7.659e+04 zero_pivots=0 mu=4.161e-02 assembly=colored factor=banded applications=256 color_period=8 kl=319 ku=319
    COARSE apply applications=202 t_apply_avg=0.670ms t_host_solve_avg=0.355ms
    LINEAR gmres+P-A+CC(mult,2) its=200 rel=5.4e-02 t=0.31s cycles=2 reorth=195 rec=5.4e-02 status=converged t_fact=0.00s singular_modes=0 mu=4.161e-02
  NEWTON generic3d:0.9375:16:i1o4 it= 6 r_F=1.283e-02 r_out=3.241e-04 lambda=1 |dx|max=8.35e-03 lin=gmres+P-A+CC(mult,2) rel=5.4e-02 lits=200 t_lin=0.3s |dx|2=1.26e-01 t_fact=0.06s eta=1.00e-01 mu=4.161e-02 retries=0
    COARSE build mode=mult profiles=2 K=1024 t_assembly=0.014s t_lu=0.041s t_cond=0.005s norm1=6.655e+05 inv_norm1_est=7.259e-01 rcond_est=2.070e-06 min|U_kk|=2.415e+02 max|U_kk|=7.977e+04 zero_pivots=0 mu=3.094e-02 assembly=colored factor=banded applications=256 color_period=8 kl=319 ku=319
    COARSE apply applications=303 t_apply_avg=0.672ms t_host_solve_avg=0.355ms
    LINEAR gmres+P-A+CC(mult,2) its=300 rel=8.9e-02 t=0.46s cycles=3 reorth=287 rec=8.9e-02 status=converged t_fact=0.00s singular_modes=0 mu=3.094e-02
  NEWTON generic3d:0.9375:16:i1o4 it= 7 r_F=9.338e-03 r_out=2.759e-04 lambda=1 |dx|max=6.01e-03 lin=gmres+P-A+CC(mult,2) rel=8.9e-02 lits=300 t_lin=0.5s |dx|2=1.18e-01 t_fact=0.06s eta=1.00e-01 mu=3.094e-02 retries=0
    COARSE build mode=mult profiles=2 K=1024 t_assembly=0.014s t_lu=0.041s t_cond=0.003s norm1=6.806e+05 inv_norm1_est=6.555e-01 rcond_est=2.241e-06 min|U_kk|=2.308e+02 max|U_kk|=6.458e+04 zero_pivots=0 mu=2.253e-02 assembly=colored factor=banded applications=256 color_period=8 kl=319 ku=319
    COARSE apply applications=606 t_apply_avg=0.671ms t_host_solve_avg=0.355ms
    LINEAR gmres+P-A+CC(mult,2) its=600 rel=8.9e-02 t=0.91s cycles=6 reorth=577 rec=8.9e-02 status=converged t_fact=0.00s singular_modes=0 mu=2.253e-02
  NEWTON generic3d:0.9375:16:i1o4 it= 8 r_F=6.993e-03 r_out=1.589e-04 lambda=1 |dx|max=5.16e-03 lin=gmres+P-A+CC(mult,2) rel=8.9e-02 lits=600 t_lin=0.9s |dx|2=1.13e-01 t_fact=0.06s eta=1.00e-01 mu=2.253e-02 retries=0
    COARSE build mode=mult profiles=2 K=1024 t_assembly=0.014s t_lu=0.041s t_cond=0.004s norm1=6.947e+05 inv_norm1_est=1.376e+00 rcond_est=1.046e-06 min|U_kk|=2.243e+02 max|U_kk|=8.112e+04 zero_pivots=0 mu=1.687e-02 assembly=colored factor=banded applications=256 color_period=8 kl=319 ku=319
    COARSE apply applications=1414 t_apply_avg=0.654ms t_host_solve_avg=0.338ms
    LINEAR gmres+P-A+CC(mult,2) its=1400 rel=1.7e-01 t=2.11s cycles=14 reorth=1360 rec=1.7e-01 status=stagnation t_fact=0.00s singular_modes=0 mu=1.687e-02
  NEWTON generic3d:0.9375:16:i1o4 it= 9 linear_failure: GMRES status=stagnation rel=1.7e-01 lits=1400 prec singular modes=0 (step not taken) eta=1.00e-01 mu=1.687e-02
  STAGE_END field=generic3d eps=0.9375 N=16 cand=i1o4 status=linear_failure its=9 r_F=6.993e-03 r_out=1.589e-04 -> FAILED
  CONTINUATION bisection 4/4: retry from eps=0.875 at eps=0.90625
STAGE field=generic3d eps=0.90625 N=16 cand=i1o4 (from eps=0.875, warm start)
  NEWTON generic3d:0.90625:16:i1o4 it= 0 r_F=2.075e-01 r_out=3.956e-02
    COARSE build mode=mult profiles=2 K=1024 t_assembly=0.014s t_lu=0.031s t_cond=0.004s norm1=5.785e+05 inv_norm1_est=2.137e-02 rcond_est=8.090e-05 min|U_kk|=5.211e+02 max|U_kk|=5.620e+04 zero_pivots=0 mu=1.000e+00 assembly=colored factor=banded applications=256 color_period=8 kl=319 ku=319
    COARSE apply applications=10 t_apply_avg=0.588ms t_host_solve_avg=0.338ms
    LINEAR gmres+P-A+CC(mult,2) its=9 rel=9.3e-03 t=0.01s cycles=1 reorth=9 rec=9.3e-03 status=converged t_fact=0.00s singular_modes=0 mu=1.000e+00
  NEWTON generic3d:0.90625:16:i1o4 it= 1 r_F=1.218e-01 r_out=1.356e-03 lambda=1 |dx|max=4.76e-03 lin=gmres+P-A+CC(mult,2) rel=9.3e-03 lits=9 t_lin=0.0s |dx|2=6.53e-02 t_fact=0.05s eta=1.00e-01 mu=1.000e+00 retries=0
    COARSE build mode=mult profiles=2 K=1024 t_assembly=0.014s t_lu=0.034s t_cond=0.003s norm1=5.749e+05 inv_norm1_est=2.390e-02 rcond_est=7.279e-05 min|U_kk|=4.160e+02 max|U_kk|=5.105e+04 zero_pivots=0 mu=5.766e-01 assembly=colored factor=banded applications=256 color_period=8 kl=319 ku=319
    COARSE apply applications=18 t_apply_avg=0.608ms t_host_solve_avg=0.352ms
    LINEAR gmres+P-A+CC(mult,2) its=17 rel=9.3e-03 t=0.01s cycles=1 reorth=16 rec=9.3e-03 status=converged t_fact=0.00s singular_modes=0 mu=5.766e-01
  NEWTON generic3d:0.90625:16:i1o4 it= 2 r_F=6.628e-02 r_out=3.420e-04 lambda=1 |dx|max=2.21e-03 lin=gmres+P-A+CC(mult,2) rel=9.3e-03 lits=17 t_lin=0.0s |dx|2=5.69e-02 t_fact=0.05s eta=1.00e-01 mu=5.766e-01 retries=0
    COARSE build mode=mult profiles=2 K=1024 t_assembly=0.014s t_lu=0.038s t_cond=0.003s norm1=5.747e+05 inv_norm1_est=3.993e-02 rcond_est=4.358e-05 min|U_kk|=3.315e+02 max|U_kk|=4.888e+04 zero_pivots=0 mu=3.138e-01 assembly=colored factor=banded applications=256 color_period=8 kl=319 ku=319
    COARSE apply applications=37 t_apply_avg=0.614ms t_host_solve_avg=0.356ms
    LINEAR gmres+P-A+CC(mult,2) its=36 rel=9.6e-03 t=0.04s cycles=1 reorth=30 rec=9.6e-03 status=converged t_fact=0.00s singular_modes=0 mu=3.138e-01
  NEWTON generic3d:0.90625:16:i1o4 it= 3 r_F=3.172e-02 r_out=1.855e-04 lambda=1 |dx|max=2.25e-03 lin=gmres+P-A+CC(mult,2) rel=9.6e-03 lits=36 t_lin=0.0s |dx|2=5.30e-02 t_fact=0.05s eta=1.00e-01 mu=3.138e-01 retries=0
    COARSE build mode=mult profiles=2 K=1024 t_assembly=0.014s t_lu=0.039s t_cond=0.003s norm1=5.761e+05 inv_norm1_est=3.747e-01 rcond_est=4.632e-06 min|U_kk|=2.726e+02 max|U_kk|=4.751e+04 zero_pivots=0 mu=1.502e-01 assembly=colored factor=banded applications=256 color_period=8 kl=319 ku=319
    COARSE apply applications=75 t_apply_avg=0.646ms t_host_solve_avg=0.353ms
    LINEAR gmres+P-A+CC(mult,2) its=74 rel=9.9e-03 t=0.10s cycles=1 reorth=72 rec=9.9e-03 status=converged t_fact=0.00s singular_modes=0 mu=1.502e-01
  NEWTON generic3d:0.90625:16:i1o4 it= 4 r_F=1.441e-02 r_out=9.682e-05 lambda=1 |dx|max=3.32e-03 lin=gmres+P-A+CC(mult,2) rel=9.9e-03 lits=74 t_lin=0.1s |dx|2=5.53e-02 t_fact=0.06s eta=1.00e-01 mu=1.502e-01 retries=0
    COARSE build mode=mult profiles=2 K=1024 t_assembly=0.014s t_lu=0.040s t_cond=0.004s norm1=5.785e+05 inv_norm1_est=9.163e-01 rcond_est=1.886e-06 min|U_kk|=2.151e+02 max|U_kk|=7.543e+04 zero_pivots=0 mu=6.823e-02 assembly=colored factor=banded applications=256 color_period=8 kl=319 ku=319
    COARSE apply applications=101 t_apply_avg=0.669ms t_host_solve_avg=0.354ms
    LINEAR gmres+P-A+CC(mult,2) its=100 rel=3.5e-02 t=0.15s cycles=1 reorth=97 rec=3.5e-02 status=converged t_fact=0.00s singular_modes=0 mu=6.823e-02
  NEWTON generic3d:0.90625:16:i1o4 it= 5 r_F=8.216e-03 r_out=1.314e-04 lambda=1 |dx|max=3.81e-03 lin=gmres+P-A+CC(mult,2) rel=3.5e-02 lits=100 t_lin=0.2s |dx|2=6.23e-02 t_fact=0.06s eta=1.00e-01 mu=6.823e-02 retries=0
    COARSE build mode=mult profiles=2 K=1024 t_assembly=0.014s t_lu=0.041s t_cond=0.004s norm1=5.827e+05 inv_norm1_est=1.304e+00 rcond_est=1.316e-06 min|U_kk|=2.352e+02 max|U_kk|=7.152e+04 zero_pivots=0 mu=3.890e-02 assembly=colored factor=banded applications=256 color_period=8 kl=319 ku=319
    COARSE apply applications=202 t_apply_avg=0.674ms t_host_solve_avg=0.355ms
    LINEAR gmres+P-A+CC(mult,2) its=200 rel=3.7e-02 t=0.31s cycles=2 reorth=195 rec=3.7e-02 status=converged t_fact=0.00s singular_modes=0 mu=3.890e-02
  NEWTON generic3d:0.90625:16:i1o4 it= 6 r_F=5.887e-03 r_out=7.391e-05 lambda=1 |dx|max=3.98e-03 lin=gmres+P-A+CC(mult,2) rel=3.7e-02 lits=200 t_lin=0.3s |dx|2=6.80e-02 t_fact=0.06s eta=1.00e-01 mu=3.890e-02 retries=0
    COARSE build mode=mult profiles=2 K=1024 t_assembly=0.014s t_lu=0.041s t_cond=0.005s norm1=5.887e+05 inv_norm1_est=1.026e+00 rcond_est=1.655e-06 min|U_kk|=2.188e+02 max|U_kk|=6.318e+04 zero_pivots=0 mu=2.787e-02 assembly=colored factor=banded applications=256 color_period=8 kl=319 ku=319
    COARSE apply applications=202 t_apply_avg=0.672ms t_host_solve_avg=0.355ms
    LINEAR gmres+P-A+CC(mult,2) its=200 rel=6.9e-02 t=0.31s cycles=2 reorth=195 rec=6.9e-02 status=converged t_fact=0.00s singular_modes=0 mu=2.787e-02
  NEWTON generic3d:0.90625:16:i1o4 it= 7 r_F=4.469e-03 r_out=1.002e-04 lambda=1 |dx|max=3.17e-03 lin=gmres+P-A+CC(mult,2) rel=6.9e-02 lits=200 t_lin=0.3s |dx|2=6.58e-02 t_fact=0.06s eta=1.00e-01 mu=2.787e-02 retries=0
    COARSE build mode=mult profiles=2 K=1024 t_assembly=0.014s t_lu=0.041s t_cond=0.003s norm1=5.956e+05 inv_norm1_est=6.656e-01 rcond_est=2.523e-06 min|U_kk|=2.211e+02 max|U_kk|=6.076e+04 zero_pivots=0 mu=2.116e-02 assembly=colored factor=banded applications=256 color_period=8 kl=319 ku=319
    COARSE apply applications=303 t_apply_avg=0.672ms t_host_solve_avg=0.356ms
    LINEAR gmres+P-A+CC(mult,2) its=300 rel=8.1e-02 t=0.46s cycles=3 reorth=287 rec=8.1e-02 status=converged t_fact=0.00s singular_modes=0 mu=2.116e-02
  NEWTON generic3d:0.90625:16:i1o4 it= 8 r_F=3.426e-03 r_out=6.795e-05 lambda=1 |dx|max=2.89e-03 lin=gmres+P-A+CC(mult,2) rel=8.1e-02 lits=300 t_lin=0.5s |dx|2=6.13e-02 t_fact=0.06s eta=1.00e-01 mu=2.116e-02 retries=0
    COARSE build mode=mult profiles=2 K=1024 t_assembly=0.014s t_lu=0.041s t_cond=0.003s norm1=6.028e+05 inv_norm1_est=7.740e-01 rcond_est=2.143e-06 min|U_kk|=2.454e+02 max|U_kk|=6.801e+04 zero_pivots=0 mu=1.622e-02 assembly=colored factor=banded applications=256 color_period=8 kl=319 ku=319
    COARSE apply applications=505 t_apply_avg=0.672ms t_host_solve_avg=0.354ms
    LINEAR gmres+P-A+CC(mult,2) its=500 rel=6.6e-02 t=0.76s cycles=5 reorth=477 rec=6.6e-02 status=converged t_fact=0.00s singular_modes=0 mu=1.622e-02
  NEWTON generic3d:0.90625:16:i1o4 it= 9 r_F=2.563e-03 r_out=3.810e-05 lambda=1 |dx|max=2.86e-03 lin=gmres+P-A+CC(mult,2) rel=6.6e-02 lits=500 t_lin=0.8s |dx|2=5.72e-02 t_fact=0.06s eta=1.00e-01 mu=1.622e-02 retries=0
    COARSE build mode=mult profiles=2 K=1024 t_assembly=0.014s t_lu=0.041s t_cond=0.003s norm1=6.091e+05 inv_norm1_est=9.722e-01 rcond_est=1.689e-06 min|U_kk|=2.013e+02 max|U_kk|=6.322e+04 zero_pivots=0 mu=1.213e-02 assembly=colored factor=banded applications=256 color_period=8 kl=319 ku=319
    COARSE apply applications=707 t_apply_avg=0.673ms t_host_solve_avg=0.356ms
    LINEAR gmres+P-A+CC(mult,2) its=700 rel=9.3e-02 t=1.07s cycles=7 reorth=675 rec=9.3e-02 status=converged t_fact=0.00s singular_modes=0 mu=1.213e-02
  NEWTON generic3d:0.90625:16:i1o4 it=10 r_F=1.950e-03 r_out=4.250e-05 lambda=1 |dx|max=2.76e-03 lin=gmres+P-A+CC(mult,2) rel=9.3e-02 lits=700 t_lin=1.1s |dx|2=5.32e-02 t_fact=0.06s eta=1.00e-01 mu=1.213e-02 retries=0
    COARSE build mode=mult profiles=2 K=1024 t_assembly=0.014s t_lu=0.041s t_cond=0.003s norm1=6.150e+05 inv_norm1_est=1.225e+00 rcond_est=1.327e-06 min|U_kk|=1.973e+02 max|U_kk|=6.257e+04 zero_pivots=0 mu=9.235e-03 assembly=colored factor=banded applications=256 color_period=8 kl=319 ku=319
    COARSE apply applications=1010 t_apply_avg=0.665ms t_host_solve_avg=0.348ms
    LINEAR gmres+P-A+CC(mult,2) its=1000 rel=8.7e-02 t=1.52s cycles=10 reorth=968 rec=8.7e-02 status=converged t_fact=0.00s singular_modes=0 mu=9.235e-03
  NEWTON generic3d:0.90625:16:i1o4 it=11 r_F=1.417e-03 r_out=3.087e-05 lambda=1 |dx|max=2.57e-03 lin=gmres+P-A+CC(mult,2) rel=8.7e-02 lits=1000 t_lin=1.5s |dx|2=4.74e-02 t_fact=0.06s eta=1.00e-01 mu=9.235e-03 retries=0
    COARSE build mode=mult profiles=2 K=1024 t_assembly=0.014s t_lu=0.038s t_cond=0.003s norm1=6.200e+05 inv_norm1_est=1.600e+00 rcond_est=1.008e-06 min|U_kk|=2.339e+02 max|U_kk|=6.474e+04 zero_pivots=0 mu=6.709e-03 assembly=colored factor=banded applications=256 color_period=8 kl=319 ku=319
    COARSE apply applications=1010 t_apply_avg=0.663ms t_host_solve_avg=0.346ms
    LINEAR gmres+P-A+CC(mult,2) its=1000 rel=2.5e-01 t=1.52s cycles=10 reorth=975 rec=2.5e-01 status=stagnation t_fact=0.00s singular_modes=0 mu=6.709e-03
  NEWTON generic3d:0.90625:16:i1o4 it=12 linear_failure: GMRES status=stagnation rel=2.5e-01 lits=1000 prec singular modes=0 (step not taken) eta=1.00e-01 mu=6.709e-03
  STAGE_END field=generic3d eps=0.90625 N=16 cand=i1o4 status=linear_failure its=12 r_F=1.417e-03 r_out=3.087e-05 -> FAILED
  CONTINUATION gave up after 4 bisections at the failed stage eps=0.90625
STAGE field=generic3d eps=1 N=16 cand=i1o4 (final attempt from eps=0.875)
  NEWTON generic3d:1:16:i1o4 it= 0 r_F=7.823e-01 r_out=1.582e-01
    COARSE build mode=mult profiles=2 K=1024 t_assembly=0.014s t_lu=0.034s t_cond=0.004s norm1=7.112e+05 inv_norm1_est=2.082e-02 rcond_est=6.755e-05 min|U_kk|=5.058e+02 max|U_kk|=7.165e+04 zero_pivots=0 mu=1.000e+00 assembly=colored factor=banded applications=256 color_period=8 kl=319 ku=319
    COARSE apply applications=10 t_apply_avg=0.615ms t_host_solve_avg=0.355ms
    LINEAR gmres+P-A+CC(mult,2) its=9 rel=9.1e-03 t=0.01s cycles=1 reorth=9 rec=9.1e-03 status=converged t_fact=0.00s singular_modes=0 mu=1.000e+00
  NEWTON generic3d:1:16:i1o4 it= 1 r_F=4.554e-01 r_out=9.824e-03 lambda=1 |dx|max=2.04e-02 lin=gmres+P-A+CC(mult,2) rel=9.1e-03 lits=9 t_lin=0.0s |dx|2=2.62e-01 t_fact=0.05s eta=1.00e-01 mu=1.000e+00 retries=0
    COARSE build mode=mult profiles=2 K=1024 t_assembly=0.014s t_lu=0.037s t_cond=0.004s norm1=7.258e+05 inv_norm1_est=3.557e-02 rcond_est=3.873e-05 min|U_kk|=4.173e+02 max|U_kk|=6.646e+04 zero_pivots=0 mu=5.706e-01 assembly=colored factor=banded applications=256 color_period=8 kl=319 ku=319
    COARSE apply applications=20 t_apply_avg=0.609ms t_host_solve_avg=0.353ms
    LINEAR gmres+P-A+CC(mult,2) its=19 rel=9.4e-03 t=0.02s cycles=1 reorth=16 rec=9.4e-03 status=converged t_fact=0.00s singular_modes=0 mu=5.706e-01
  NEWTON generic3d:1:16:i1o4 it= 2 r_F=2.458e-01 r_out=2.549e-03 lambda=1 |dx|max=9.14e-03 lin=gmres+P-A+CC(mult,2) rel=9.4e-03 lits=19 t_lin=0.0s |dx|2=2.28e-01 t_fact=0.06s eta=1.00e-01 mu=5.706e-01 retries=0
    COARSE build mode=mult profiles=2 K=1024 t_assembly=0.014s t_lu=0.039s t_cond=0.003s norm1=7.481e+05 inv_norm1_est=3.712e-02 rcond_est=3.601e-05 min|U_kk|=3.407e+02 max|U_kk|=8.343e+04 zero_pivots=0 mu=3.080e-01 assembly=colored factor=banded applications=256 color_period=8 kl=319 ku=319
    COARSE apply applications=46 t_apply_avg=0.611ms t_host_solve_avg=0.355ms
    LINEAR gmres+P-A+CC(mult,2) its=45 rel=9.1e-03 t=0.05s cycles=1 reorth=41 rec=9.1e-03 status=converged t_fact=0.00s singular_modes=0 mu=3.080e-01
  NEWTON generic3d:1:16:i1o4 it= 3 r_F=1.157e-01 r_out=1.334e-03 lambda=1 |dx|max=9.65e-03 lin=gmres+P-A+CC(mult,2) rel=9.1e-03 lits=45 t_lin=0.0s |dx|2=2.15e-01 t_fact=0.06s eta=1.00e-01 mu=3.080e-01 retries=0
    COARSE build mode=mult profiles=2 K=1024 t_assembly=0.014s t_lu=0.040s t_cond=0.003s norm1=7.715e+05 inv_norm1_est=5.297e-01 rcond_est=2.447e-06 min|U_kk|=2.633e+02 max|U_kk|=6.241e+04 zero_pivots=0 mu=1.450e-01 assembly=colored factor=banded applications=256 color_period=8 kl=319 ku=319
    COARSE apply applications=96 t_apply_avg=0.670ms t_host_solve_avg=0.355ms
    LINEAR gmres+P-A+CC(mult,2) its=95 rel=9.5e-03 t=0.14s cycles=1 reorth=93 rec=9.5e-03 status=converged t_fact=0.00s singular_modes=0 mu=1.450e-01
  NEWTON generic3d:1:16:i1o4 it= 4 r_F=5.677e-02 r_out=7.769e-04 lambda=1 |dx|max=1.49e-02 lin=gmres+P-A+CC(mult,2) rel=9.5e-03 lits=95 t_lin=0.1s |dx|2=2.28e-01 t_fact=0.06s eta=1.00e-01 mu=1.450e-01 retries=0
    COARSE build mode=mult profiles=2 K=1024 t_assembly=0.014s t_lu=0.041s t_cond=0.003s norm1=7.946e+05 inv_norm1_est=1.119e+00 rcond_est=1.125e-06 min|U_kk|=2.735e+02 max|U_kk|=9.123e+04 zero_pivots=0 mu=7.114e-02 assembly=colored factor=banded applications=256 color_period=8 kl=319 ku=319
    COARSE apply applications=202 t_apply_avg=0.675ms t_host_solve_avg=0.358ms
    LINEAR gmres+P-A+CC(mult,2) its=200 rel=2.8e-02 t=0.31s cycles=2 reorth=192 rec=2.8e-02 status=converged t_fact=0.00s singular_modes=0 mu=7.114e-02
  NEWTON generic3d:1:16:i1o4 it= 5 r_F=5.026e-02 r_out=1.064e-03 lambda=1 |dx|max=2.16e-02 lin=gmres+P-A+CC(mult,2) rel=2.8e-02 lits=200 t_lin=0.3s |dx|2=2.39e-01 t_fact=0.06s eta=1.00e-01 mu=7.114e-02 retries=0
    COARSE build mode=mult profiles=2 K=1024 t_assembly=0.014s t_lu=0.042s t_cond=0.004s norm1=8.208e+05 inv_norm1_est=2.006e+00 rcond_est=6.074e-07 min|U_kk|=2.792e+02 max|U_kk|=7.427e+04 zero_pivots=0 mu=6.298e-02 assembly=colored factor=banded applications=256 color_period=8 kl=319 ku=319
    COARSE apply applications=404 t_apply_avg=0.672ms t_host_solve_avg=0.355ms
    LINEAR gmres+P-A+CC(mult,2) its=400 rel=7.6e-02 t=0.61s cycles=4 reorth=394 rec=7.6e-02 status=converged t_fact=0.00s singular_modes=0 mu=6.298e-02
  NEWTON generic3d:1:16:i1o4 it= 6 r_F=4.394e-02 r_out=9.882e-04 lambda=0.5 |dx|max=2.67e-02 lin=gmres+P-A+CC(mult,2) rel=7.6e-02 lits=400 t_lin=0.6s |dx|2=2.08e-01 t_fact=0.06s eta=1.00e-01 mu=6.298e-02 retries=0
    COARSE build mode=mult profiles=2 K=1024 t_assembly=0.014s t_lu=0.041s t_cond=0.003s norm1=8.318e+05 inv_norm1_est=2.641e+00 rcond_est=4.552e-07 min|U_kk|=2.652e+02 max|U_kk|=7.273e+04 zero_pivots=0 mu=5.507e-02 assembly=colored factor=banded applications=256 color_period=8 kl=319 ku=319
    COARSE apply applications=808 t_apply_avg=0.673ms t_host_solve_avg=0.356ms
    LINEAR gmres+P-A+CC(mult,2) its=800 rel=1.3e-01 t=1.22s cycles=8 reorth=786 rec=1.3e-01 status=stagnation t_fact=0.00s singular_modes=0 mu=5.507e-02
  NEWTON generic3d:1:16:i1o4 it= 7 linear_failure: GMRES status=stagnation rel=1.3e-01 lits=800 prec singular modes=0 (step not taken) eta=1.00e-01 mu=5.507e-02
  STAGE_END field=generic3d eps=1 N=16 cand=i1o4 status=linear_failure its=7 r_F=4.394e-02 r_out=9.882e-04 (final attempt) -> FAILED
  CONTINUATION reporting the state of the final attempt at eps=1 (status=linear_failure)
PATH field=generic3d eps=1 N=16 cand=i1o4 continuation path: 0.25->0.5->1(fail)->0.75->1(fail)->0.875->1(fail)->0.9375(fail)->0.90625(fail)->1(final)
GMRES_STATS field=generic3d eps=1 N=16 stage_eps=0.25 status=converged newton_its=13 steps=13 its_max=24 its_median=8.0 its_total=112 rel_max=9.5e-03 linear_failures=0 forcing=ew etas=1.00e-01,1.00e-01,1.00e-01,1.00e-01,1.00e-01,1.00e-01,1.00e-01,1.00e-01,1.00e-01,5.56e-02,5.81e-03,4.30e-05,1.41e-03 psitc=on mus=1.00e+00,5.80e-01,3.15e-01,1.48e-01,5.68e-02,2.12e-02,1.06e-02,5.71e-03,2.39e-03,5.94e-04,4.77e-05,3.30e-07,1.60e-11
GMRES_STATS field=generic3d eps=1 N=16 stage_eps=0.5 status=converged newton_its=15 steps=15 its_max=77 its_median=19.0 its_total=330 rel_max=1.1e-02 linear_failures=0 forcing=ew etas=1.00e-01,1.00e-01,1.00e-01,1.00e-01,1.00e-01,1.00e-01,1.00e-01,1.00e-01,1.00e-01,1.00e-01,1.00e-01,3.97e-02,2.33e-03,6.60e-06,1.15e-01 psitc=on mus=1.00e+00,5.86e-01,3.25e-01,1.58e-01,6.46e-02,2.75e-02,1.55e-02,1.00e-02,5.87e-03,2.84e-03,1.06e-03,2.22e-04,1.13e-05,3.06e-08,2.15e-13
GMRES_STATS field=generic3d eps=1 N=16 stage_eps=1 status=stagnation newton_its=8 steps=8 its_max=100 its_median=36.5 its_total=368 rel_max=1.3e-02 linear_failures=0 forcing=ew etas=1.00e-01,1.00e-01,1.00e-01,1.00e-01,1.00e-01,1.00e-01,1.00e-01,1.00e-01 psitc=on mus=1.00e+00,5.65e-01,3.04e-01,1.37e-01,5.23e-02,3.61e-02,3.38e-02,3.25e-02
GMRES_STATS field=generic3d eps=1 N=16 stage_eps=0.75 status=converged newton_its=17 steps=17 its_max=378 its_median=55.0 its_total=1346 rel_max=1.8e-02 linear_failures=0 forcing=ew etas=1.00e-01,1.00e-01,1.00e-01,1.00e-01,1.00e-01,1.00e-01,1.00e-01,1.00e-01,1.00e-01,1.00e-01,1.00e-01,1.00e-01,1.00e-01,1.00e-01,2.92e-02,1.68e-03,3.96e-06 psitc=on mus=1.00e+00,5.82e-01,3.22e-01,1.55e-01,6.40e-02,3.11e-02,2.13e-02,1.61e-02,1.15e-02,7.58e-03,4.70e-03,2.91e-03,1.53e-03,5.66e-04,1.02e-04,4.41e-06,7.02e-09
GMRES_STATS field=generic3d eps=1 N=16 stage_eps=1 status=stagnation newton_its=8 steps=8 its_max=400 its_median=74.5 its_total=782 rel_max=8.3e-02 linear_failures=0 forcing=ew etas=1.00e-01,1.00e-01,1.00e-01,1.00e-01,1.00e-01,1.00e-01,1.00e-01,1.00e-01 psitc=on mus=1.00e+00,5.71e-01,3.08e-01,1.42e-01,6.19e-02,5.31e-02,4.84e-02,4.57e-02
GMRES_STATS field=generic3d eps=1 N=16 stage_eps=0.875 status=converged newton_its=21 steps=21 its_max=4700 its_median=200.0 its_total=13721 rel_max=1.1e-01 linear_failures=0 forcing=ew etas=1.00e-01,1.00e-01,1.00e-01,1.00e-01,1.00e-01,1.00e-01,1.00e-01,1.00e-01,1.00e-01,1.00e-01,1.00e-01,1.00e-01,1.00e-01,1.00e-01,1.00e-01,1.00e-01,1.00e-01,3.62e-02,3.80e-03,2.16e-05,1.12e-01 psitc=on mus=1.00e+00,5.79e-01,3.17e-01,1.50e-01,6.49e-02,3.73e-02,2.97e-02,2.32e-02,1.76e-02,1.30e-02,9.26e-03,6.99e-03,4.82e-03,3.06e-03,1.69e-03,8.15e-04,2.95e-04,5.92e-05,3.84e-06,1.88e-08,5.29e-13
GMRES_STATS field=generic3d eps=1 N=16 stage_eps=1 status=linear_failure newton_its=7 steps=7 its_max=800 its_median=95.0 its_total=1568 rel_max=1.3e-01 linear_failures=1 forcing=ew etas=1.00e-01,1.00e-01,1.00e-01,1.00e-01,1.00e-01,1.00e-01,1.00e-01 psitc=on mus=1.00e+00,5.71e-01,3.08e-01,1.45e-01,7.11e-02,6.30e-02,5.51e-02
GMRES_STATS field=generic3d eps=1 N=16 stage_eps=0.9375 status=linear_failure newton_its=9 steps=9 its_max=1400 its_median=100.0 its_total=2748 rel_max=1.7e-01 linear_failures=1 forcing=ew etas=1.00e-01,1.00e-01,1.00e-01,1.00e-01,1.00e-01,1.00e-01,1.00e-01,1.00e-01,1.00e-01 psitc=on mus=1.00e+00,5.75e-01,3.12e-01,1.48e-01,6.81e-02,4.16e-02,3.09e-02,2.25e-02,1.69e-02
GMRES_STATS field=generic3d eps=1 N=16 stage_eps=0.90625 status=linear_failure newton_its=12 steps=12 its_max=1000 its_median=200.0 its_total=4136 rel_max=2.5e-01 linear_failures=1 forcing=ew etas=1.00e-01,1.00e-01,1.00e-01,1.00e-01,1.00e-01,1.00e-01,1.00e-01,1.00e-01,1.00e-01,1.00e-01,1.00e-01,1.00e-01 psitc=on mus=1.00e+00,5.77e-01,3.14e-01,1.50e-01,6.82e-02,3.89e-02,2.79e-02,2.12e-02,1.62e-02,1.21e-02,9.24e-03,6.71e-03
GMRES_STATS field=generic3d eps=1 N=16 stage_eps=1(final) status=linear_failure newton_its=7 steps=7 its_max=800 its_median=95.0 its_total=1568 rel_max=1.3e-01 linear_failures=1 forcing=ew etas=1.00e-01,1.00e-01,1.00e-01,1.00e-01,1.00e-01,1.00e-01,1.00e-01 psitc=on mus=1.00e+00,5.71e-01,3.08e-01,1.45e-01,7.11e-02,6.30e-02,5.51e-02
CASE field=generic3d eps=1 N=16 cand=i1o4 | r_F=4.394e-02 its=7 | e_v=9.211e-02 e_psi=3.284e-01 e_i=(7.382e-02,6.828e-02) e_div=3.415e-01 min_c=1.164e-01 p0.1=1.262e-01 p1=1.702e-01 p5=2.711e-01 p50=9.393e-01 | t=46.0 | e_psi1=3.284e-01 e_psi2=2.892e-01
CASE field=generic3d eps=1 N=16 cand=oracle_fd4 | r_F=nan its=nan | e_v=1.634e-01 e_psi=2.271e-17 e_i=(4.951e-02,4.292e-02) e_div=1.258e+00 min_c=2.615e-02 p0.1=1.234e-01 p1=1.714e-01 p5=2.709e-01 p50=9.452e-01 | t=0.0 | e_psi1=1.253e-17 e_psi2=2.271e-17
EXTRA field=generic3d eps=1 N=16 cand=i1o4 status=linear_failure r_F=4.394e-02 r_out=9.882e-04 | outlet c_perp-vperp_in: cand=9.882e-04 oracle_fd=2.423e-01 | inlet oblique defect (c x e1 - vperp_in x e1)/v_rms: j=0(one-sided) cand=1.754e-01 oracle_fd=5.965e-02; j=1 cand=3.760e-01 oracle_fd=3.617e-01; j=1 vs vD(j=1) cand=8.932e-02 oracle_fd=1.643e-02 | min|c|/v_rms=0.0803 min|vD|/v_rms=0.0813 e_i1=7.382e-02 e_i2=6.828e-02 | t=46.0s | a_psi1=4.014e-02 a_psi2=4.415e-02 (FD order 4)
HISTORY field=generic3d eps=1 N=16 cand=i1o4 r_F: 7.82e-01 4.55e-01 2.46e-01 1.16e-01 5.68e-02 5.03e-02 4.39e-02
HISTORY field=generic3d eps=1 N=16 cand=i1o4 r_out: 1.58e-01 9.82e-03 2.55e-03 1.33e-03 7.77e-04 1.06e-03 9.88e-04
HISTORY_FULL field=generic3d eps=1 N=16 cand=i1o4 r_F: 7.82337671424352288e-01 4.55361643851437126e-01 2.45800901439766906e-01 1.15731938372818130e-01 5.67724193646995459e-02 5.02574197834588648e-02 4.39408976980423249e-02
HISTORY_FULL field=generic3d eps=1 N=16 cand=i1o4 r_out: 1.58163879972262084e-01 9.82443356987514928e-03 2.54882281402894284e-03 1.33424318693025896e-03 7.76938989931881064e-04 1.06358303546209582e-03 9.88177768190590805e-04
FIELDDIFF max_rel_diff_u1=1.624e-01 max_rel_diff_u2=1.827e-01 max_rel_diff_joint=1.827e-01 max_abs_diff_u1=4.549e-02 max_abs_diff_u2=6.561e-02 max_abs_u_proto=(2.800e-01,3.590e-01) (rel: max|u_gpu - u_proto| / max|u_proto| over planes 0..N; joint: max abs diff / max over both fields; prototype /home/sesquerre/MacroFlow3D-SF-33/docs/experiments/artifacts/2026-10-06-sf33-gpu-inlet-labels/exports/solutions/generic3d_1_16_i1o4 status=converged its=9 path=0.25->0.5->1(fail)->0.75->1(fail)->0.875->1(fail)->0.9375->1 r_F=1.580e-14)
TIMING load=0.003s metrics=0.002s prepare=0.038s solve=45.962s total=46.006s
MEMORY peak_device_bytes=523239424 free_min=33566490624 total_device=34089730048 workspaces_bytes=11116415 (peak/free: cudaMemGetInfo polls before/after every phase, device-wide)
SUMMARY_JSON /home/sesquerre/MacroFlow3D-SF-33/docs/experiments/artifacts/2026-10-06-sf33-gpu-inlet-labels/raw/proto_b/generic3d_1_16.json
STATUS continuation_floor
