command: /home/sesquerre/MacroFlow3D-SF-33/build/v100-release/inlet_slab --proto /home/sesquerre/MacroFlow3D-SF-33/docs/experiments/artifacts/2026-10-06-sf33-gpu-inlet-labels/exports/generic3d_1_20 --summary /home/sesquerre/MacroFlow3D-SF-33/docs/experiments/artifacts/2026-10-06-sf33-gpu-inlet-labels/raw/proto_b/generic3d_1_20.json
CASE_DIR /home/sesquerre/MacroFlow3D-SF-33/docs/experiments/artifacts/2026-10-06-sf33-gpu-inlet-labels/exports/generic3d_1_20 field=generic3d eps=1 N=20 nphi=32 Q0=1.00000000000136 inlet_vmin=2.341302e-01 v_rms=1.44687764294702 cache_hit=0 stage_amplitudes=48 target_eps=1
SETUP grad_lnk=analytic (prototype export: complex-step gradient of the analytic ln k at the vertices)
SOLVER N=20 eps=1 cand=i1o4 newton_tol=1.0e-13 max_newton=120 lin_tol=1.0e-12 restart=100 max_inner=6000 bisect=4 prec=P-A ladder=(0.25,0.5,1) stage_ok=1e-09 forcing=ew ew_gamma=0.9 ew_alpha=2 ew_eta0=0.1 ew_eta_max=0.1 ew_eta_min=1.0e-12 psitc=on psitc_mu0=1 psitc_mu_max=100 psitc_norm=merit psitc_retries=4 psitc_retry_factor=4 stagnation_window=5 stagnation_factor=0.5 gmres_stagnation_factor=0.9 coarse=mult coarse_profiles=2 coarse_assembly=colored coarse_factor=banded
SOLVER_COARSE mode=mult profiles=2 K=1600 assembly=colored factor=banded (SF-33 N7c probe: Galerkin coarse correction on the x1-constant + x1-linear column subspace, rebuilt with P-A at every factor)
STAGE field=generic3d eps=0.25 N=20 cand=i1o4 (from eps=0, u=0)
  NEWTON generic3d:0.25:20:i1o4 it= 0 r_F=2.627e+00 r_out=1.339e-01
    COARSE build mode=mult profiles=2 K=1600 t_assembly=0.007s t_lu=0.075s t_cond=0.006s norm1=1.156e+05 inv_norm1_est=4.871e-03 rcond_est=1.776e-03 min|U_kk|=1.051e+03 max|U_kk|=3.086e+04 zero_pivots=0 mu=1.000e+00 assembly=colored factor=banded applications=100 color_period=5 kl=399 ku=399
    COARSE apply applications=3 t_apply_avg=1.123ms t_host_solve_avg=0.706ms
    LINEAR gmres+P-A+CC(mult,2) its=2 rel=1.9e-03 t=0.00s cycles=1 reorth=2 rec=1.9e-03 status=converged t_fact=0.00s singular_modes=0 mu=1.000e+00
  NEWTON generic3d:0.25:20:i1o4 it= 1 r_F=1.560e+00 r_out=6.325e-03 lambda=1 |dx|max=2.92e-02 lin=gmres+P-A+CC(mult,2) rel=1.9e-03 lits=2 t_lin=0.0s |dx|2=5.22e-01 t_fact=0.09s eta=1.00e-01 mu=1.000e+00 retries=0
    COARSE build mode=mult profiles=2 K=1600 t_assembly=0.006s t_lu=0.075s t_cond=0.005s norm1=1.106e+05 inv_norm1_est=8.589e-03 rcond_est=1.053e-03 min|U_kk|=7.908e+02 max|U_kk|=2.731e+04 zero_pivots=0 mu=5.931e-01 assembly=colored factor=banded applications=100 color_period=5 kl=399 ku=399
    COARSE apply applications=3 t_apply_avg=1.108ms t_host_solve_avg=0.701ms
    LINEAR gmres+P-A+CC(mult,2) its=2 rel=3.3e-03 t=0.00s cycles=1 reorth=2 rec=3.3e-03 status=converged t_fact=0.00s singular_modes=0 mu=5.931e-01
  NEWTON generic3d:0.25:20:i1o4 it= 2 r_F=9.367e-01 r_out=6.636e-04 lambda=1 |dx|max=1.76e-02 lin=gmres+P-A+CC(mult,2) rel=3.3e-03 lits=2 t_lin=0.0s |dx|2=5.09e-01 t_fact=0.09s eta=1.00e-01 mu=5.931e-01 retries=0
    COARSE build mode=mult profiles=2 K=1600 t_assembly=0.006s t_lu=0.075s t_cond=0.005s norm1=1.080e+05 inv_norm1_est=1.377e-02 rcond_est=6.726e-04 min|U_kk|=6.159e+02 max|U_kk|=2.531e+04 zero_pivots=0 mu=3.561e-01 assembly=colored factor=banded applications=100 color_period=5 kl=399 ku=399
    COARSE apply applications=3 t_apply_avg=1.115ms t_host_solve_avg=0.711ms
    LINEAR gmres+P-A+CC(mult,2) its=2 rel=5.1e-03 t=0.00s cycles=1 reorth=2 rec=5.1e-03 status=converged t_fact=0.00s singular_modes=0 mu=3.561e-01
  NEWTON generic3d:0.25:20:i1o4 it= 3 r_F=5.333e-01 r_out=3.643e-04 lambda=1 |dx|max=1.33e-02 lin=gmres+P-A+CC(mult,2) rel=5.1e-03 lits=2 t_lin=0.0s |dx|2=4.78e-01 t_fact=0.09s eta=1.00e-01 mu=3.561e-01 retries=0
    COARSE build mode=mult profiles=2 K=1600 t_assembly=0.006s t_lu=0.075s t_cond=0.005s norm1=1.067e+05 inv_norm1_est=2.169e-02 rcond_est=4.321e-04 min|U_kk|=4.863e+02 max|U_kk|=2.408e+04 zero_pivots=0 mu=2.028e-01 assembly=colored factor=banded applications=100 color_period=5 kl=399 ku=399
    COARSE apply applications=3 t_apply_avg=1.115ms t_host_solve_avg=0.711ms
    LINEAR gmres+P-A+CC(mult,2) its=2 rel=8.3e-03 t=0.00s cycles=1 reorth=2 rec=8.3e-03 status=converged t_fact=0.00s singular_modes=0 mu=2.028e-01
  NEWTON generic3d:0.25:20:i1o4 it= 4 r_F=2.660e-01 r_out=2.932e-04 lambda=1 |dx|max=1.08e-02 lin=gmres+P-A+CC(mult,2) rel=8.3e-03 lits=2 t_lin=0.0s |dx|2=4.16e-01 t_fact=0.09s eta=1.00e-01 mu=2.028e-01 retries=0
    COARSE build mode=mult profiles=2 K=1600 t_assembly=0.006s t_lu=0.079s t_cond=0.006s norm1=1.062e+05 inv_norm1_est=3.383e-02 rcond_est=2.784e-04 min|U_kk|=3.853e+02 max|U_kk|=2.330e+04 zero_pivots=0 mu=1.011e-01 assembly=colored factor=banded applications=100 color_period=5 kl=399 ku=399
    COARSE apply applications=4 t_apply_avg=1.145ms t_host_solve_avg=0.745ms
    LINEAR gmres+P-A+CC(mult,2) its=3 rel=4.0e-03 t=0.01s cycles=1 reorth=3 rec=4.0e-03 status=converged t_fact=0.00s singular_modes=0 mu=1.011e-01
  NEWTON generic3d:0.25:20:i1o4 it= 5 r_F=1.130e-01 r_out=7.547e-05 lambda=1 |dx|max=9.66e-03 lin=gmres+P-A+CC(mult,2) rel=4.0e-03 lits=3 t_lin=0.0s |dx|2=3.50e-01 t_fact=0.09s eta=1.00e-01 mu=1.011e-01 retries=0
    COARSE build mode=mult profiles=2 K=1600 t_assembly=0.006s t_lu=0.080s t_cond=0.006s norm1=1.061e+05 inv_norm1_est=4.986e-02 rcond_est=1.890e-04 min|U_kk|=3.161e+02 max|U_kk|=2.285e+04 zero_pivots=0 mu=4.296e-02 assembly=colored factor=banded applications=100 color_period=5 kl=399 ku=399
    COARSE apply applications=5 t_apply_avg=1.135ms t_host_solve_avg=0.739ms
    LINEAR gmres+P-A+CC(mult,2) its=4 rel=4.7e-03 t=0.01s cycles=1 reorth=4 rec=4.7e-03 status=converged t_fact=0.00s singular_modes=0 mu=4.296e-02
  NEWTON generic3d:0.25:20:i1o4 it= 6 r_F=4.802e-02 r_out=3.203e-05 lambda=1 |dx|max=9.48e-03 lin=gmres+P-A+CC(mult,2) rel=4.7e-03 lits=4 t_lin=0.0s |dx|2=3.48e-01 t_fact=0.09s eta=1.00e-01 mu=4.296e-02 retries=0
    COARSE build mode=mult profiles=2 K=1600 t_assembly=0.006s t_lu=0.080s t_cond=0.006s norm1=1.073e+05 inv_norm1_est=6.569e-02 rcond_est=1.419e-04 min|U_kk|=2.803e+02 max|U_kk|=2.265e+04 zero_pivots=0 mu=1.826e-02 assembly=colored factor=banded applications=100 color_period=5 kl=399 ku=399
    COARSE apply applications=7 t_apply_avg=1.147ms t_host_solve_avg=0.744ms
    LINEAR gmres+P-A+CC(mult,2) its=6 rel=5.6e-03 t=0.01s cycles=1 reorth=6 rec=5.6e-03 status=converged t_fact=0.00s singular_modes=0 mu=1.826e-02
  NEWTON generic3d:0.25:20:i1o4 it= 7 r_F=2.614e-02 r_out=5.027e-05 lambda=1 |dx|max=9.09e-03 lin=gmres+P-A+CC(mult,2) rel=5.6e-03 lits=6 t_lin=0.0s |dx|2=4.59e-01 t_fact=0.09s eta=1.00e-01 mu=1.826e-02 retries=0
    COARSE build mode=mult profiles=2 K=1600 t_assembly=0.006s t_lu=0.080s t_cond=0.006s norm1=1.095e+05 inv_norm1_est=8.479e-02 rcond_est=1.077e-04 min|U_kk|=2.663e+02 max|U_kk|=2.259e+04 zero_pivots=0 mu=9.938e-03 assembly=colored factor=banded applications=100 color_period=5 kl=399 ku=399
    COARSE apply applications=8 t_apply_avg=1.143ms t_host_solve_avg=0.740ms
    LINEAR gmres+P-A+CC(mult,2) its=7 rel=9.9e-03 t=0.01s cycles=1 reorth=6 rec=9.9e-03 status=converged t_fact=0.00s singular_modes=0 mu=9.938e-03
  NEWTON generic3d:0.25:20:i1o4 it= 8 r_F=1.584e-02 r_out=7.898e-05 lambda=1 |dx|max=1.08e-02 lin=gmres+P-A+CC(mult,2) rel=9.9e-03 lits=7 t_lin=0.0s |dx|2=5.10e-01 t_fact=0.09s eta=1.00e-01 mu=9.938e-03 retries=0
    COARSE build mode=mult profiles=2 K=1600 t_assembly=0.006s t_lu=0.080s t_cond=0.006s norm1=1.125e+05 inv_norm1_est=9.946e-02 rcond_est=8.936e-05 min|U_kk|=2.591e+02 max|U_kk|=2.259e+04 zero_pivots=0 mu=6.023e-03 assembly=colored factor=banded applications=100 color_period=5 kl=399 ku=399
    COARSE apply applications=9 t_apply_avg=2.012ms t_host_solve_avg=1.587ms
    LINEAR gmres+P-A+CC(mult,2) its=8 rel=9.7e-03 t=0.02s cycles=1 reorth=7 rec=9.7e-03 status=converged t_fact=0.00s singular_modes=0 mu=6.023e-03
  NEWTON generic3d:0.25:20:i1o4 it= 9 r_F=8.347e-03 r_out=6.226e-05 lambda=1 |dx|max=9.55e-03 lin=gmres+P-A+CC(mult,2) rel=9.7e-03 lits=8 t_lin=0.0s |dx|2=4.32e-01 t_fact=0.09s eta=1.00e-01 mu=6.023e-03 retries=0
    COARSE build mode=mult profiles=2 K=1600 t_assembly=0.007s t_lu=0.139s t_cond=0.010s norm1=1.154e+05 inv_norm1_est=1.147e-01 rcond_est=7.557e-05 min|U_kk|=2.535e+02 max|U_kk|=2.260e+04 zero_pivots=0 mu=3.174e-03 assembly=colored factor=banded applications=100 color_period=5 kl=399 ku=399
    COARSE apply applications=10 t_apply_avg=1.941ms t_host_solve_avg=1.502ms
    LINEAR gmres+P-A+CC(mult,2) its=9 rel=8.3e-03 t=0.02s cycles=1 reorth=8 rec=8.3e-03 status=converged t_fact=0.00s singular_modes=0 mu=3.174e-03
  NEWTON generic3d:0.25:20:i1o4 it=10 r_F=3.223e-03 r_out=3.383e-05 lambda=1 |dx|max=6.73e-03 lin=gmres+P-A+CC(mult,2) rel=8.3e-03 lits=9 t_lin=0.0s |dx|2=2.99e-01 t_fact=0.16s eta=1.00e-01 mu=3.174e-03 retries=0
    COARSE build mode=mult profiles=2 K=1600 t_assembly=0.007s t_lu=0.085s t_cond=0.009s norm1=1.177e+05 inv_norm1_est=1.282e-01 rcond_est=6.628e-05 min|U_kk|=2.493e+02 max|U_kk|=2.262e+04 zero_pivots=0 mu=1.226e-03 assembly=colored factor=banded applications=100 color_period=5 kl=399 ku=399
    COARSE apply applications=11 t_apply_avg=1.379ms t_host_solve_avg=0.962ms
    LINEAR gmres+P-A+CC(mult,2) its=10 rel=7.2e-03 t=0.02s cycles=1 reorth=9 rec=7.2e-03 status=converged t_fact=0.00s singular_modes=0 mu=1.226e-03
  NEWTON generic3d:0.25:20:i1o4 it=11 r_F=6.759e-04 r_out=9.439e-06 lambda=1 |dx|max=3.44e-03 lin=gmres+P-A+CC(mult,2) rel=7.2e-03 lits=10 t_lin=0.0s |dx|2=1.43e-01 t_fact=0.10s eta=1.00e-01 mu=1.226e-03 retries=0
    COARSE build mode=mult profiles=2 K=1600 t_assembly=0.007s t_lu=0.080s t_cond=0.009s norm1=1.189e+05 inv_norm1_est=1.303e-01 rcond_est=6.451e-05 min|U_kk|=2.471e+02 max|U_kk|=2.262e+04 zero_pivots=0 mu=2.570e-04 assembly=colored factor=banded applications=100 color_period=5 kl=399 ku=399
    COARSE apply applications=13 t_apply_avg=1.440ms t_host_solve_avg=1.014ms
    LINEAR gmres+P-A+CC(mult,2) its=12 rel=3.4e-03 t=0.02s cycles=1 reorth=11 rec=3.4e-03 status=converged t_fact=0.00s singular_modes=0 mu=2.570e-04
  NEWTON generic3d:0.25:20:i1o4 it=12 r_F=3.796e-05 r_out=6.204e-07 lambda=1 |dx|max=8.29e-04 lin=gmres+P-A+CC(mult,2) rel=3.4e-03 lits=12 t_lin=0.0s |dx|2=3.20e-02 t_fact=0.10s eta=3.96e-02 mu=2.570e-04 retries=0
    COARSE build mode=mult profiles=2 K=1600 t_assembly=0.006s t_lu=0.126s t_cond=0.011s norm1=1.192e+05 inv_norm1_est=1.382e-01 rcond_est=6.067e-05 min|U_kk|=2.465e+02 max|U_kk|=2.262e+04 zero_pivots=0 mu=1.443e-05 assembly=colored factor=banded applications=100 color_period=5 kl=399 ku=399
    COARSE apply applications=19 t_apply_avg=1.604ms t_host_solve_avg=1.150ms
    LINEAR gmres+P-A+CC(mult,2) its=18 rel=2.2e-04 t=0.04s cycles=1 reorth=17 rec=2.2e-04 status=converged t_fact=0.00s singular_modes=0 mu=1.443e-05
  NEWTON generic3d:0.25:20:i1o4 it=13 r_F=1.268e-07 r_out=2.062e-09 lambda=1 |dx|max=4.57e-05 lin=gmres+P-A+CC(mult,2) rel=2.2e-04 lits=18 t_lin=0.0s |dx|2=1.62e-03 t_fact=0.14s eta=2.84e-03 mu=1.443e-05 retries=0
    COARSE build mode=mult profiles=2 K=1600 t_assembly=0.007s t_lu=0.098s t_cond=0.006s norm1=1.193e+05 inv_norm1_est=1.384e-01 rcond_est=6.060e-05 min|U_kk|=2.465e+02 max|U_kk|=2.262e+04 zero_pivots=0 mu=4.823e-08 assembly=colored factor=banded applications=100 color_period=5 kl=399 ku=399
    COARSE apply applications=32 t_apply_avg=1.243ms t_host_solve_avg=0.755ms
    LINEAR gmres+P-A+CC(mult,2) its=31 rel=7.9e-07 t=0.05s cycles=1 reorth=30 rec=7.9e-07 status=converged t_fact=0.00s singular_modes=0 mu=4.823e-08
  NEWTON generic3d:0.25:20:i1o4 it=14 r_F=1.474e-12 r_out=2.306e-14 lambda=1 |dx|max=1.45e-07 lin=gmres+P-A+CC(mult,2) rel=7.9e-07 lits=31 t_lin=0.1s |dx|2=4.74e-06 t_fact=0.11s eta=1.00e-05 mu=4.823e-08 retries=0
    COARSE build mode=mult profiles=2 K=1600 t_assembly=0.006s t_lu=0.080s t_cond=0.006s norm1=1.193e+05 inv_norm1_est=1.384e-01 rcond_est=6.060e-05 min|U_kk|=2.465e+02 max|U_kk|=2.262e+04 zero_pivots=0 mu=5.607e-13 assembly=colored factor=banded applications=100 color_period=5 kl=399 ku=399
    COARSE apply applications=14 t_apply_avg=1.163ms t_host_solve_avg=0.742ms
    LINEAR gmres+P-A+CC(mult,2) its=13 rel=2.6e-03 t=0.02s cycles=1 reorth=12 rec=2.6e-03 status=converged t_fact=0.00s singular_modes=0 mu=5.607e-13
  NEWTON generic3d:0.25:20:i1o4 it=15 r_F=4.918e-15 r_out=3.525e-16 lambda=1 |dx|max=1.57e-12 lin=gmres+P-A+CC(mult,2) rel=2.6e-03 lits=13 t_lin=0.0s |dx|2=4.79e-11 t_fact=0.09s eta=3.39e-02 mu=5.607e-13 retries=0
  STAGE_END field=generic3d eps=0.25 N=20 cand=i1o4 status=converged its=15 r_F=4.918e-15 r_out=3.525e-16 -> accepted
STAGE field=generic3d eps=0.5 N=20 cand=i1o4 (from eps=0.25, warm start)
  NEWTON generic3d:0.5:20:i1o4 it= 0 r_F=2.430e+00 r_out=1.734e-01
    COARSE build mode=mult profiles=2 K=1600 t_assembly=0.006s t_lu=0.098s t_cond=0.017s norm1=1.813e+05 inv_norm1_est=6.253e-03 rcond_est=8.821e-04 min|U_kk|=8.923e+02 max|U_kk|=4.421e+04 zero_pivots=0 mu=1.000e+00 assembly=colored factor=banded applications=100 color_period=5 kl=399 ku=399
    COARSE apply applications=3 t_apply_avg=2.305ms t_host_solve_avg=1.883ms
    LINEAR gmres+P-A+CC(mult,2) its=2 rel=8.7e-03 t=0.01s cycles=1 reorth=2 rec=8.7e-03 status=converged t_fact=0.00s singular_modes=0 mu=1.000e+00
  NEWTON generic3d:0.5:20:i1o4 it= 1 r_F=1.440e+00 r_out=8.858e-03 lambda=1 |dx|max=2.79e-02 lin=gmres+P-A+CC(mult,2) rel=8.7e-03 lits=2 t_lin=0.0s |dx|2=5.26e-01 t_fact=0.12s eta=1.00e-01 mu=1.000e+00 retries=0
    COARSE build mode=mult profiles=2 K=1600 t_assembly=0.007s t_lu=0.122s t_cond=0.010s norm1=1.755e+05 inv_norm1_est=1.077e-02 rcond_est=5.288e-04 min|U_kk|=6.753e+02 max|U_kk|=3.862e+04 zero_pivots=0 mu=5.910e-01 assembly=colored factor=banded applications=100 color_period=5 kl=399 ku=399
    COARSE apply applications=4 t_apply_avg=1.635ms t_host_solve_avg=1.233ms
    LINEAR gmres+P-A+CC(mult,2) its=3 rel=2.6e-03 t=0.01s cycles=1 reorth=3 rec=2.6e-03 status=converged t_fact=0.00s singular_modes=0 mu=5.910e-01
  NEWTON generic3d:0.5:20:i1o4 it= 2 r_F=8.728e-01 r_out=1.061e-03 lambda=1 |dx|max=1.64e-02 lin=gmres+P-A+CC(mult,2) rel=2.6e-03 lits=3 t_lin=0.0s |dx|2=5.10e-01 t_fact=0.14s eta=1.00e-01 mu=5.910e-01 retries=0
    COARSE build mode=mult profiles=2 K=1600 t_assembly=0.007s t_lu=0.084s t_cond=0.009s norm1=1.735e+05 inv_norm1_est=1.647e-02 rcond_est=3.501e-04 min|U_kk|=5.330e+02 max|U_kk|=3.614e+04 zero_pivots=0 mu=3.582e-01 assembly=colored factor=banded applications=100 color_period=5 kl=399 ku=399
    COARSE apply applications=4 t_apply_avg=1.323ms t_host_solve_avg=0.934ms
    LINEAR gmres+P-A+CC(mult,2) its=3 rel=5.6e-03 t=0.01s cycles=1 reorth=3 rec=5.6e-03 status=converged t_fact=0.00s singular_modes=0 mu=3.582e-01
  NEWTON generic3d:0.5:20:i1o4 it= 3 r_F=5.040e-01 r_out=5.602e-04 lambda=1 |dx|max=1.26e-02 lin=gmres+P-A+CC(mult,2) rel=5.6e-03 lits=3 t_lin=0.0s |dx|2=4.77e-01 t_fact=0.10s eta=1.00e-01 mu=3.582e-01 retries=0
    COARSE build mode=mult profiles=2 K=1600 t_assembly=0.008s t_lu=0.095s t_cond=0.007s norm1=1.734e+05 inv_norm1_est=2.576e-02 rcond_est=2.239e-04 min|U_kk|=4.279e+02 max|U_kk|=3.477e+04 zero_pivots=0 mu=2.069e-01 assembly=colored factor=banded applications=100 color_period=5 kl=399 ku=399
    COARSE apply applications=5 t_apply_avg=1.223ms t_host_solve_avg=0.823ms
    LINEAR gmres+P-A+CC(mult,2) its=4 rel=4.6e-03 t=0.01s cycles=1 reorth=4 rec=4.6e-03 status=converged t_fact=0.00s singular_modes=0 mu=2.069e-01
  NEWTON generic3d:0.5:20:i1o4 it= 4 r_F=2.573e-01 r_out=3.171e-04 lambda=1 |dx|max=1.05e-02 lin=gmres+P-A+CC(mult,2) rel=4.6e-03 lits=4 t_lin=0.0s |dx|2=4.21e-01 t_fact=0.11s eta=1.00e-01 mu=2.069e-01 retries=0
    COARSE build mode=mult profiles=2 K=1600 t_assembly=0.007s t_lu=0.122s t_cond=0.012s norm1=1.741e+05 inv_norm1_est=4.027e-02 rcond_est=1.427e-04 min|U_kk|=3.485e+02 max|U_kk|=3.398e+04 zero_pivots=0 mu=1.056e-01 assembly=colored factor=banded applications=100 color_period=5 kl=399 ku=399
    COARSE apply applications=6 t_apply_avg=1.673ms t_host_solve_avg=1.275ms
    LINEAR gmres+P-A+CC(mult,2) its=5 rel=6.9e-03 t=0.01s cycles=1 reorth=5 rec=6.9e-03 status=converged t_fact=0.00s singular_modes=0 mu=1.056e-01
  NEWTON generic3d:0.5:20:i1o4 it= 5 r_F=1.166e-01 r_out=2.056e-04 lambda=1 |dx|max=9.98e-03 lin=gmres+P-A+CC(mult,2) rel=6.9e-03 lits=5 t_lin=0.0s |dx|2=3.79e-01 t_fact=0.14s eta=1.00e-01 mu=1.056e-01 retries=0
    COARSE build mode=mult profiles=2 K=1600 t_assembly=0.006s t_lu=0.107s t_cond=0.007s norm1=1.755e+05 inv_norm1_est=5.874e-02 rcond_est=9.699e-05 min|U_kk|=2.973e+02 max|U_kk|=3.354e+04 zero_pivots=0 mu=4.785e-02 assembly=colored factor=banded applications=100 color_period=5 kl=399 ku=399
    COARSE apply applications=9 t_apply_avg=1.217ms t_host_solve_avg=0.824ms
    LINEAR gmres+P-A+CC(mult,2) its=8 rel=8.0e-03 t=0.01s cycles=1 reorth=8 rec=8.0e-03 status=converged t_fact=0.00s singular_modes=0 mu=4.785e-02
  NEWTON generic3d:0.5:20:i1o4 it= 6 r_F=5.580e-02 r_out=2.002e-04 lambda=1 |dx|max=1.03e-02 lin=gmres+P-A+CC(mult,2) rel=8.0e-03 lits=8 t_lin=0.0s |dx|2=3.99e-01 t_fact=0.12s eta=1.00e-01 mu=4.785e-02 retries=0
    COARSE build mode=mult profiles=2 K=1600 t_assembly=0.006s t_lu=0.081s t_cond=0.006s norm1=1.784e+05 inv_norm1_est=7.421e-02 rcond_est=7.552e-05 min|U_kk|=2.704e+02 max|U_kk|=3.335e+04 zero_pivots=0 mu=2.290e-02 assembly=colored factor=banded applications=100 color_period=5 kl=399 ku=399
    COARSE apply applications=13 t_apply_avg=1.158ms t_host_solve_avg=0.752ms
    LINEAR gmres+P-A+CC(mult,2) its=12 rel=9.1e-03 t=0.02s cycles=1 reorth=11 rec=9.1e-03 status=converged t_fact=0.00s singular_modes=0 mu=2.290e-02
  NEWTON generic3d:0.5:20:i1o4 it= 7 r_F=3.336e-02 r_out=1.788e-04 lambda=1 |dx|max=1.24e-02 lin=gmres+P-A+CC(mult,2) rel=9.1e-03 lits=12 t_lin=0.0s |dx|2=4.85e-01 t_fact=0.09s eta=1.00e-01 mu=2.290e-02 retries=0
    COARSE build mode=mult profiles=2 K=1600 t_assembly=0.006s t_lu=0.080s t_cond=0.006s norm1=1.833e+05 inv_norm1_est=1.091e-01 rcond_est=5.000e-05 min|U_kk|=2.590e+02 max|U_kk|=3.332e+04 zero_pivots=0 mu=1.369e-02 assembly=colored factor=banded applications=100 color_period=5 kl=399 ku=399
    COARSE apply applications=16 t_apply_avg=1.176ms t_host_solve_avg=0.753ms
    LINEAR gmres+P-A+CC(mult,2) its=15 rel=1.0e-02 t=0.02s cycles=1 reorth=14 rec=1.0e-02 status=converged t_fact=0.00s singular_modes=0 mu=1.369e-02
  NEWTON generic3d:0.5:20:i1o4 it= 8 r_F=2.288e-02 r_out=2.411e-04 lambda=1 |dx|max=1.39e-02 lin=gmres+P-A+CC(mult,2) rel=1.0e-02 lits=15 t_lin=0.0s |dx|2=5.44e-01 t_fact=0.09s eta=1.00e-01 mu=1.369e-02 retries=0
    COARSE build mode=mult profiles=2 K=1600 t_assembly=0.006s t_lu=0.080s t_cond=0.006s norm1=1.896e+05 inv_norm1_est=1.285e-01 rcond_est=4.104e-05 min|U_kk|=2.532e+02 max|U_kk|=3.336e+04 zero_pivots=0 mu=9.392e-03 assembly=colored factor=banded applications=100 color_period=5 kl=399 ku=399
    COARSE apply applications=20 t_apply_avg=1.200ms t_host_solve_avg=0.760ms
    LINEAR gmres+P-A+CC(mult,2) its=19 rel=8.8e-03 t=0.03s cycles=1 reorth=18 rec=8.8e-03 status=converged t_fact=0.00s singular_modes=0 mu=9.392e-03
  NEWTON generic3d:0.5:20:i1o4 it= 9 r_F=1.510e-02 r_out=2.104e-04 lambda=1 |dx|max=1.30e-02 lin=gmres+P-A+CC(mult,2) rel=8.8e-03 lits=19 t_lin=0.0s |dx|2=5.14e-01 t_fact=0.09s eta=1.00e-01 mu=9.392e-03 retries=0
    COARSE build mode=mult profiles=2 K=1600 t_assembly=0.006s t_lu=0.085s t_cond=0.006s norm1=1.962e+05 inv_norm1_est=1.490e-01 rcond_est=3.420e-05 min|U_kk|=2.491e+02 max|U_kk|=3.337e+04 zero_pivots=0 mu=6.201e-03 assembly=colored factor=banded applications=100 color_period=5 kl=399 ku=399
    COARSE apply applications=23 t_apply_avg=1.215ms t_host_solve_avg=0.756ms
    LINEAR gmres+P-A+CC(mult,2) its=22 rel=9.2e-03 t=0.03s cycles=1 reorth=21 rec=9.2e-03 status=converged t_fact=0.00s singular_modes=0 mu=6.201e-03
  NEWTON generic3d:0.5:20:i1o4 it=10 r_F=8.830e-03 r_out=1.528e-04 lambda=1 |dx|max=1.10e-02 lin=gmres+P-A+CC(mult,2) rel=9.2e-03 lits=22 t_lin=0.0s |dx|2=4.42e-01 t_fact=0.10s eta=1.00e-01 mu=6.201e-03 retries=0
    COARSE build mode=mult profiles=2 K=1600 t_assembly=0.006s t_lu=0.085s t_cond=0.006s norm1=2.026e+05 inv_norm1_est=1.716e-01 rcond_est=2.877e-05 min|U_kk|=2.460e+02 max|U_kk|=3.332e+04 zero_pivots=0 mu=3.625e-03 assembly=colored factor=banded applications=100 color_period=5 kl=399 ku=399
    COARSE apply applications=27 t_apply_avg=1.228ms t_host_solve_avg=0.754ms
    LINEAR gmres+P-A+CC(mult,2) its=26 rel=9.1e-03 t=0.04s cycles=1 reorth=25 rec=9.1e-03 status=converged t_fact=0.00s singular_modes=0 mu=3.625e-03
  NEWTON generic3d:0.5:20:i1o4 it=11 r_F=4.294e-03 r_out=9.490e-05 lambda=1 |dx|max=8.19e-03 lin=gmres+P-A+CC(mult,2) rel=9.1e-03 lits=26 t_lin=0.0s |dx|2=3.37e-01 t_fact=0.10s eta=1.00e-01 mu=3.625e-03 retries=0
    COARSE build mode=mult profiles=2 K=1600 t_assembly=0.006s t_lu=0.086s t_cond=0.006s norm1=2.084e+05 inv_norm1_est=1.931e-01 rcond_est=2.484e-05 min|U_kk|=2.438e+02 max|U_kk|=3.325e+04 zero_pivots=0 mu=1.763e-03 assembly=colored factor=banded applications=100 color_period=5 kl=399 ku=399
    COARSE apply applications=32 t_apply_avg=1.240ms t_host_solve_avg=0.754ms
    LINEAR gmres+P-A+CC(mult,2) its=31 rel=8.7e-03 t=0.05s cycles=1 reorth=30 rec=8.7e-03 status=converged t_fact=0.00s singular_modes=0 mu=1.763e-03
  NEWTON generic3d:0.5:20:i1o4 it=12 r_F=1.613e-03 r_out=4.310e-05 lambda=1 |dx|max=4.79e-03 lin=gmres+P-A+CC(mult,2) rel=8.7e-03 lits=31 t_lin=0.1s |dx|2=2.04e-01 t_fact=0.10s eta=1.00e-01 mu=1.763e-03 retries=0
    COARSE build mode=mult profiles=2 K=1600 t_assembly=0.006s t_lu=0.088s t_cond=0.006s norm1=2.126e+05 inv_norm1_est=2.091e-01 rcond_est=2.249e-05 min|U_kk|=2.426e+02 max|U_kk|=3.317e+04 zero_pivots=0 mu=6.623e-04 assembly=colored factor=banded applications=100 color_period=5 kl=399 ku=399
    COARSE apply applications=37 t_apply_avg=1.244ms t_host_solve_avg=0.757ms
    LINEAR gmres+P-A+CC(mult,2) its=36 rel=8.8e-03 t=0.06s cycles=1 reorth=35 rec=8.8e-03 status=converged t_fact=0.00s singular_modes=0 mu=6.623e-04
  NEWTON generic3d:0.5:20:i1o4 it=13 r_F=3.527e-04 r_out=9.468e-06 lambda=1 |dx|max=1.97e-03 lin=gmres+P-A+CC(mult,2) rel=8.8e-03 lits=36 t_lin=0.1s |dx|2=7.85e-02 t_fact=0.10s eta=1.00e-01 mu=6.623e-04 retries=0
    COARSE build mode=mult profiles=2 K=1600 t_assembly=0.006s t_lu=0.088s t_cond=0.006s norm1=2.146e+05 inv_norm1_est=2.175e-01 rcond_est=2.142e-05 min|U_kk|=2.420e+02 max|U_kk|=3.313e+04 zero_pivots=0 mu=1.448e-04 assembly=colored factor=banded applications=100 color_period=5 kl=399 ku=399
    COARSE apply applications=45 t_apply_avg=1.251ms t_host_solve_avg=0.754ms
    LINEAR gmres+P-A+CC(mult,2) its=44 rel=4.2e-03 t=0.08s cycles=1 reorth=43 rec=4.2e-03 status=converged t_fact=0.00s singular_modes=0 mu=1.448e-04
  NEWTON generic3d:0.5:20:i1o4 it=14 r_F=2.025e-05 r_out=4.826e-07 lambda=1 |dx|max=3.73e-04 lin=gmres+P-A+CC(mult,2) rel=4.2e-03 lits=44 t_lin=0.1s |dx|2=1.43e-02 t_fact=0.10s eta=4.30e-02 mu=1.448e-04 retries=0
    COARSE build mode=mult profiles=2 K=1600 t_assembly=0.006s t_lu=0.088s t_cond=0.006s norm1=2.151e+05 inv_norm1_est=2.198e-01 rcond_est=2.115e-05 min|U_kk|=2.419e+02 max|U_kk|=3.312e+04 zero_pivots=0 mu=8.313e-06 assembly=colored factor=banded applications=100 color_period=5 kl=399 ku=399
    COARSE apply applications=65 t_apply_avg=1.268ms t_host_solve_avg=0.755ms
    LINEAR gmres+P-A+CC(mult,2) its=64 rel=2.8e-04 t=0.12s cycles=1 reorth=62 rec=2.8e-04 status=converged t_fact=0.00s singular_modes=0 mu=8.313e-06
  NEWTON generic3d:0.5:20:i1o4 it=15 r_F=7.119e-08 r_out=1.487e-09 lambda=1 |dx|max=2.08e-05 lin=gmres+P-A+CC(mult,2) rel=2.8e-04 lits=64 t_lin=0.1s |dx|2=6.86e-04 t_fact=0.10s eta=2.97e-03 mu=8.313e-06 retries=0
    COARSE build mode=mult profiles=2 K=1600 t_assembly=0.006s t_lu=0.088s t_cond=0.006s norm1=2.151e+05 inv_norm1_est=2.199e-01 rcond_est=2.114e-05 min|U_kk|=2.419e+02 max|U_kk|=3.312e+04 zero_pivots=0 mu=2.923e-08 assembly=colored factor=banded applications=100 color_period=5 kl=399 ku=399
    COARSE apply applications=101 t_apply_avg=1.257ms t_host_solve_avg=0.755ms
    LINEAR gmres+P-A+CC(mult,2) its=100 rel=1.2e-06 t=0.22s cycles=1 reorth=97 rec=1.2e-06 status=converged t_fact=0.00s singular_modes=0 mu=2.923e-08
  NEWTON generic3d:0.5:20:i1o4 it=16 r_F=8.856e-13 r_out=1.916e-14 lambda=1 |dx|max=6.94e-08 lin=gmres+P-A+CC(mult,2) rel=1.2e-06 lits=100 t_lin=0.2s |dx|2=2.16e-06 t_fact=0.10s eta=1.11e-05 mu=2.923e-08 retries=0
    COARSE build mode=mult profiles=2 K=1600 t_assembly=0.006s t_lu=0.088s t_cond=0.008s norm1=2.151e+05 inv_norm1_est=2.199e-01 rcond_est=2.114e-05 min|U_kk|=2.419e+02 max|U_kk|=3.312e+04 zero_pivots=0 mu=3.636e-13 assembly=colored factor=banded applications=100 color_period=5 kl=399 ku=399
    COARSE apply applications=43 t_apply_avg=1.296ms t_host_solve_avg=0.833ms
    LINEAR gmres+P-A+CC(mult,2) its=42 rel=5.4e-03 t=0.07s cycles=1 reorth=40 rec=5.4e-03 status=converged t_fact=0.00s singular_modes=0 mu=3.636e-13
  NEWTON generic3d:0.5:20:i1o4 it=17 r_F=8.270e-15 r_out=6.774e-16 lambda=1 |dx|max=8.64e-13 lin=gmres+P-A+CC(mult,2) rel=5.4e-03 lits=42 t_lin=0.1s |dx|2=2.56e-11 t_fact=0.10s eta=5.64e-02 mu=3.636e-13 retries=0
  STAGE_END field=generic3d eps=0.5 N=20 cand=i1o4 status=converged its=17 r_F=8.270e-15 r_out=6.774e-16 -> accepted
STAGE field=generic3d eps=1 N=20 cand=i1o4 (from eps=0.5, warm start)
  NEWTON generic3d:1:20:i1o4 it= 0 r_F=3.989e+00 r_out=4.886e-01
    COARSE build mode=mult profiles=2 K=1600 t_assembly=0.006s t_lu=0.079s t_cond=0.006s norm1=6.082e+05 inv_norm1_est=7.005e-03 rcond_est=2.347e-04 min|U_kk|=8.952e+02 max|U_kk|=1.432e+05 zero_pivots=0 mu=1.000e+00 assembly=colored factor=banded applications=100 color_period=5 kl=399 ku=399
    COARSE apply applications=4 t_apply_avg=1.110ms t_host_solve_avg=0.749ms
    LINEAR gmres+P-A+CC(mult,2) its=3 rel=7.9e-03 t=0.00s cycles=1 reorth=3 rec=7.9e-03 status=converged t_fact=0.00s singular_modes=0 mu=1.000e+00
  NEWTON generic3d:1:20:i1o4 it= 1 r_F=2.233e+00 r_out=9.115e-02 lambda=1 |dx|max=7.48e-02 lin=gmres+P-A+CC(mult,2) rel=7.9e-03 lits=3 t_lin=0.0s |dx|2=1.11e+00 t_fact=0.09s eta=1.00e-01 mu=1.000e+00 retries=0
    COARSE build mode=mult profiles=2 K=1600 t_assembly=0.006s t_lu=0.078s t_cond=0.006s norm1=6.173e+05 inv_norm1_est=1.195e-02 rcond_est=1.356e-04 min|U_kk|=7.038e+02 max|U_kk|=1.245e+05 zero_pivots=0 mu=5.560e-01 assembly=colored factor=banded applications=100 color_period=5 kl=399 ku=399
    COARSE apply applications=6 t_apply_avg=1.075ms t_host_solve_avg=0.722ms
    LINEAR gmres+P-A+CC(mult,2) its=5 rel=7.7e-03 t=0.01s cycles=1 reorth=5 rec=7.7e-03 status=converged t_fact=0.00s singular_modes=0 mu=5.560e-01
  NEWTON generic3d:1:20:i1o4 it= 2 r_F=1.304e+00 r_out=5.065e-02 lambda=1 |dx|max=3.01e-02 lin=gmres+P-A+CC(mult,2) rel=7.7e-03 lits=5 t_lin=0.0s |dx|2=1.05e+00 t_fact=0.09s eta=1.00e-01 mu=5.560e-01 retries=0
    COARSE build mode=mult profiles=2 K=1600 t_assembly=0.006s t_lu=0.077s t_cond=0.006s norm1=6.518e+05 inv_norm1_est=2.004e-02 rcond_est=7.657e-05 min|U_kk|=6.004e+02 max|U_kk|=1.161e+05 zero_pivots=0 mu=3.247e-01 assembly=colored factor=banded applications=100 color_period=5 kl=399 ku=399
    COARSE apply applications=8 t_apply_avg=1.072ms t_host_solve_avg=0.715ms
    LINEAR gmres+P-A+CC(mult,2) its=7 rel=8.6e-03 t=0.01s cycles=1 reorth=7 rec=8.6e-03 status=converged t_fact=0.00s singular_modes=0 mu=3.247e-01
  NEWTON generic3d:1:20:i1o4 it= 3 r_F=7.083e-01 r_out=2.012e-02 lambda=1 |dx|max=2.35e-02 lin=gmres+P-A+CC(mult,2) rel=8.6e-03 lits=7 t_lin=0.0s |dx|2=9.81e-01 t_fact=0.09s eta=1.00e-01 mu=3.247e-01 retries=0
    COARSE build mode=mult profiles=2 K=1600 t_assembly=0.006s t_lu=0.081s t_cond=0.006s norm1=7.006e+05 inv_norm1_est=3.019e-02 rcond_est=4.727e-05 min|U_kk|=3.928e+02 max|U_kk|=1.259e+05 zero_pivots=0 mu=1.763e-01 assembly=colored factor=banded applications=100 color_period=5 kl=399 ku=399
    COARSE apply applications=13 t_apply_avg=1.107ms t_host_solve_avg=0.731ms
    LINEAR gmres+P-A+CC(mult,2) its=12 rel=7.5e-03 t=0.02s cycles=1 reorth=11 rec=7.5e-03 status=converged t_fact=0.00s singular_modes=0 mu=1.763e-01
  NEWTON generic3d:1:20:i1o4 it= 4 r_F=3.244e-01 r_out=3.938e-03 lambda=1 |dx|max=2.20e-02 lin=gmres+P-A+CC(mult,2) rel=7.5e-03 lits=12 t_lin=0.0s |dx|2=9.17e-01 t_fact=0.09s eta=1.00e-01 mu=1.763e-01 retries=0
    COARSE build mode=mult profiles=2 K=1600 t_assembly=0.006s t_lu=0.096s t_cond=0.006s norm1=7.580e+05 inv_norm1_est=4.838e-02 rcond_est=2.727e-05 min|U_kk|=3.591e+02 max|U_kk|=1.270e+05 zero_pivots=0 mu=8.073e-02 assembly=colored factor=banded applications=100 color_period=5 kl=399 ku=399
    COARSE apply applications=31 t_apply_avg=1.178ms t_host_solve_avg=0.733ms
    LINEAR gmres+P-A+CC(mult,2) its=30 rel=8.9e-03 t=0.05s cycles=1 reorth=27 rec=8.9e-03 status=converged t_fact=0.00s singular_modes=0 mu=8.073e-02
  NEWTON generic3d:1:20:i1o4 it= 5 r_F=1.363e-01 r_out=3.237e-03 lambda=1 |dx|max=2.59e-02 lin=gmres+P-A+CC(mult,2) rel=8.9e-03 lits=30 t_lin=0.0s |dx|2=9.42e-01 t_fact=0.11s eta=1.00e-01 mu=8.073e-02 retries=0
    COARSE build mode=mult profiles=2 K=1600 t_assembly=0.006s t_lu=0.107s t_cond=0.006s norm1=8.225e+05 inv_norm1_est=7.519e-02 rcond_est=1.617e-05 min|U_kk|=3.856e+02 max|U_kk|=1.852e+05 zero_pivots=0 mu=3.392e-02 assembly=colored factor=banded applications=100 color_period=5 kl=399 ku=399
    COARSE apply applications=67 t_apply_avg=1.216ms t_host_solve_avg=0.733ms
    LINEAR gmres+P-A+CC(mult,2) its=66 rel=9.4e-03 t=0.12s cycles=1 reorth=62 rec=9.4e-03 status=converged t_fact=0.00s singular_modes=0 mu=3.392e-02
  NEWTON generic3d:1:20:i1o4 it= 6 r_F=7.826e-02 r_out=3.440e-03 lambda=1 |dx|max=3.26e-02 lin=gmres+P-A+CC(mult,2) rel=9.4e-03 lits=66 t_lin=0.1s |dx|2=1.07e+00 t_fact=0.12s eta=1.00e-01 mu=3.392e-02 retries=0
    COARSE build mode=mult profiles=2 K=1600 t_assembly=0.006s t_lu=0.110s t_cond=0.006s norm1=8.984e+05 inv_norm1_est=2.547e+00 rcond_est=4.370e-07 min|U_kk|=4.632e+02 max|U_kk|=1.549e+05 zero_pivots=0 mu=1.949e-02 assembly=colored factor=banded applications=100 color_period=5 kl=399 ku=399
    COARSE apply applications=101 t_apply_avg=1.189ms t_host_solve_avg=0.701ms
    LINEAR gmres+P-A+CC(mult,2) its=100 rel=3.1e-02 t=0.21s cycles=1 reorth=97 rec=3.1e-02 status=converged t_fact=0.00s singular_modes=0 mu=1.949e-02
  NEWTON generic3d:1:20:i1o4 it= 7 r_F=6.244e-02 r_out=3.333e-03 lambda=1 |dx|max=4.34e-02 lin=gmres+P-A+CC(mult,2) rel=3.1e-02 lits=100 t_lin=0.2s |dx|2=1.15e+00 t_fact=0.12s eta=1.00e-01 mu=1.949e-02 retries=0
    COARSE build mode=mult profiles=2 K=1600 t_assembly=0.006s t_lu=0.112s t_cond=0.007s norm1=9.953e+05 inv_norm1_est=4.239e+01 rcond_est=2.370e-08 min|U_kk|=4.332e+02 max|U_kk|=1.269e+05 zero_pivots=0 mu=1.556e-02 assembly=colored factor=banded applications=100 color_period=5 kl=399 ku=399
    COARSE apply applications=202 t_apply_avg=1.173ms t_host_solve_avg=0.681ms
    LINEAR gmres+P-A+CC(mult,2) its=200 rel=7.5e-02 t=0.41s cycles=2 reorth=197 rec=7.5e-02 status=converged t_fact=0.00s singular_modes=0 mu=1.556e-02
  NEWTON generic3d:1:20:i1o4 it= 8 r_F=5.273e-02 r_out=2.452e-03 lambda=1 |dx|max=3.95e-02 lin=gmres+P-A+CC(mult,2) rel=7.5e-02 lits=200 t_lin=0.4s |dx|2=1.06e+00 t_fact=0.13s eta=1.00e-01 mu=1.556e-02 retries=0
    COARSE build mode=mult profiles=2 K=1600 t_assembly=0.006s t_lu=0.111s t_cond=0.008s norm1=1.101e+06 inv_norm1_est=2.203e+00 rcond_est=4.123e-07 min|U_kk|=3.845e+02 max|U_kk|=1.210e+05 zero_pivots=0 mu=1.313e-02 assembly=colored factor=banded applications=100 color_period=5 kl=399 ku=399
    COARSE apply applications=404 t_apply_avg=1.182ms t_host_solve_avg=0.694ms
    LINEAR gmres+P-A+CC(mult,2) its=400 rel=8.6e-02 t=0.83s cycles=4 reorth=393 rec=8.6e-02 status=converged t_fact=0.00s singular_modes=0 mu=1.313e-02
  NEWTON generic3d:1:20:i1o4 it= 9 r_F=4.109e-02 r_out=2.015e-03 lambda=1 |dx|max=3.33e-02 lin=gmres+P-A+CC(mult,2) rel=8.6e-02 lits=400 t_lin=0.8s |dx|2=9.51e-01 t_fact=0.13s eta=1.00e-01 mu=1.313e-02 retries=0
    COARSE build mode=mult profiles=2 K=1600 t_assembly=0.006s t_lu=0.109s t_cond=0.005s norm1=1.202e+06 inv_norm1_est=1.282e+01 rcond_est=6.489e-08 min|U_kk|=3.886e+02 max|U_kk|=1.579e+05 zero_pivots=0 mu=1.024e-02 assembly=colored factor=banded applications=100 color_period=5 kl=399 ku=399
    COARSE apply applications=808 t_apply_avg=1.225ms t_host_solve_avg=0.732ms
    LINEAR gmres+P-A+CC(mult,2) its=800 rel=1.4e-01 t=1.69s cycles=8 reorth=782 rec=1.4e-01 status=stagnation t_fact=0.00s singular_modes=0 mu=1.024e-02
  NEWTON generic3d:1:20:i1o4 it=10 linear_failure: GMRES status=stagnation rel=1.4e-01 lits=800 prec singular modes=0 (step not taken) eta=1.00e-01 mu=1.024e-02
  STAGE_END field=generic3d eps=1 N=20 cand=i1o4 status=linear_failure its=10 r_F=4.109e-02 r_out=2.015e-03 -> FAILED
  CONTINUATION bisection 1/4: retry from eps=0.5 at eps=0.75
STAGE field=generic3d eps=0.75 N=20 cand=i1o4 (from eps=0.5, warm start)
  NEWTON generic3d:0.75:20:i1o4 it= 0 r_F=2.210e+00 r_out=2.333e-01
    COARSE build mode=mult profiles=2 K=1600 t_assembly=0.006s t_lu=0.080s t_cond=0.007s norm1=3.648e+05 inv_norm1_est=6.233e-03 rcond_est=4.398e-04 min|U_kk|=8.892e+02 max|U_kk|=7.613e+04 zero_pivots=0 mu=1.000e+00 assembly=colored factor=banded applications=100 color_period=5 kl=399 ku=399
    COARSE apply applications=4 t_apply_avg=1.131ms t_host_solve_avg=0.774ms
    LINEAR gmres+P-A+CC(mult,2) its=3 rel=7.3e-03 t=0.01s cycles=1 reorth=3 rec=7.3e-03 status=converged t_fact=0.00s singular_modes=0 mu=1.000e+00
  NEWTON generic3d:0.75:20:i1o4 it= 1 r_F=1.285e+00 r_out=1.808e-02 lambda=1 |dx|max=2.85e-02 lin=gmres+P-A+CC(mult,2) rel=7.3e-03 lits=3 t_lin=0.0s |dx|2=5.41e-01 t_fact=0.09s eta=1.00e-01 mu=1.000e+00 retries=0
    COARSE build mode=mult profiles=2 K=1600 t_assembly=0.006s t_lu=0.080s t_cond=0.009s norm1=3.609e+05 inv_norm1_est=1.070e-02 rcond_est=2.590e-04 min|U_kk|=6.745e+02 max|U_kk|=6.642e+04 zero_pivots=0 mu=5.783e-01 assembly=colored factor=banded applications=100 color_period=5 kl=399 ku=399
    COARSE apply applications=4 t_apply_avg=1.126ms t_host_solve_avg=0.765ms
    LINEAR gmres+P-A+CC(mult,2) its=3 rel=9.8e-03 t=0.01s cycles=1 reorth=3 rec=9.8e-03 status=converged t_fact=0.00s singular_modes=0 mu=5.783e-01
  NEWTON generic3d:0.75:20:i1o4 it= 2 r_F=7.697e-01 r_out=6.569e-03 lambda=1 |dx|max=1.56e-02 lin=gmres+P-A+CC(mult,2) rel=9.8e-03 lits=3 t_lin=0.0s |dx|2=5.18e-01 t_fact=0.10s eta=1.00e-01 mu=5.783e-01 retries=0
    COARSE build mode=mult profiles=2 K=1600 t_assembly=0.006s t_lu=0.079s t_cond=0.006s norm1=3.648e+05 inv_norm1_est=1.627e-02 rcond_est=1.685e-04 min|U_kk|=5.380e+02 max|U_kk|=6.175e+04 zero_pivots=0 mu=3.464e-01 assembly=colored factor=banded applications=100 color_period=5 kl=399 ku=399
    COARSE apply applications=6 t_apply_avg=1.119ms t_host_solve_avg=0.769ms
    LINEAR gmres+P-A+CC(mult,2) its=5 rel=6.6e-03 t=0.01s cycles=1 reorth=5 rec=6.6e-03 status=converged t_fact=0.00s singular_modes=0 mu=3.464e-01
  NEWTON generic3d:0.75:20:i1o4 it= 3 r_F=4.366e-01 r_out=4.320e-03 lambda=1 |dx|max=1.19e-02 lin=gmres+P-A+CC(mult,2) rel=6.6e-03 lits=5 t_lin=0.0s |dx|2=4.83e-01 t_fact=0.09s eta=1.00e-01 mu=3.464e-01 retries=0
    COARSE build mode=mult profiles=2 K=1600 t_assembly=0.006s t_lu=0.078s t_cond=0.006s norm1=3.718e+05 inv_norm1_est=2.535e-02 rcond_est=1.061e-04 min|U_kk|=4.373e+02 max|U_kk|=6.057e+04 zero_pivots=0 mu=1.965e-01 assembly=colored factor=banded applications=100 color_period=5 kl=399 ku=399
    COARSE apply applications=7 t_apply_avg=1.116ms t_host_solve_avg=0.764ms
    LINEAR gmres+P-A+CC(mult,2) its=6 rel=9.9e-03 t=0.01s cycles=1 reorth=6 rec=9.9e-03 status=converged t_fact=0.00s singular_modes=0 mu=1.965e-01
  NEWTON generic3d:0.75:20:i1o4 it= 4 r_F=2.171e-01 r_out=2.257e-03 lambda=1 |dx|max=1.03e-02 lin=gmres+P-A+CC(mult,2) rel=9.9e-03 lits=6 t_lin=0.0s |dx|2=4.40e-01 t_fact=0.09s eta=1.00e-01 mu=1.965e-01 retries=0
    COARSE build mode=mult profiles=2 K=1600 t_assembly=0.006s t_lu=0.080s t_cond=0.006s norm1=3.798e+05 inv_norm1_est=4.211e-02 rcond_est=6.252e-05 min|U_kk|=3.618e+02 max|U_kk|=6.024e+04 zero_pivots=0 mu=9.770e-02 assembly=colored factor=banded applications=100 color_period=5 kl=399 ku=399
    COARSE apply applications=13 t_apply_avg=1.133ms t_host_solve_avg=0.755ms
    LINEAR gmres+P-A+CC(mult,2) its=12 rel=9.1e-03 t=0.02s cycles=1 reorth=12 rec=9.1e-03 status=converged t_fact=0.00s singular_modes=0 mu=9.770e-02
  NEWTON generic3d:0.75:20:i1o4 it= 5 r_F=9.874e-02 r_out=5.358e-04 lambda=1 |dx|max=1.08e-02 lin=gmres+P-A+CC(mult,2) rel=9.1e-03 lits=12 t_lin=0.0s |dx|2=4.32e-01 t_fact=0.09s eta=1.00e-01 mu=9.770e-02 retries=0
    COARSE build mode=mult profiles=2 K=1600 t_assembly=0.006s t_lu=0.089s t_cond=0.006s norm1=3.890e+05 inv_norm1_est=6.719e-02 rcond_est=3.826e-05 min|U_kk|=3.180e+02 max|U_kk|=6.009e+04 zero_pivots=0 mu=4.444e-02 assembly=colored factor=banded applications=100 color_period=5 kl=399 ku=399
    COARSE apply applications=24 t_apply_avg=1.152ms t_host_solve_avg=0.728ms
    LINEAR gmres+P-A+CC(mult,2) its=23 rel=9.5e-03 t=0.03s cycles=1 reorth=22 rec=9.5e-03 status=converged t_fact=0.00s singular_modes=0 mu=4.444e-02
  NEWTON generic3d:0.75:20:i1o4 it= 6 r_F=5.290e-02 r_out=4.932e-04 lambda=1 |dx|max=1.31e-02 lin=gmres+P-A+CC(mult,2) rel=9.5e-03 lits=23 t_lin=0.0s |dx|2=4.82e-01 t_fact=0.10s eta=1.00e-01 mu=4.444e-02 retries=0
    COARSE build mode=mult profiles=2 K=1600 t_assembly=0.006s t_lu=0.090s t_cond=0.006s norm1=4.013e+05 inv_norm1_est=8.823e-02 rcond_est=2.824e-05 min|U_kk|=3.006e+02 max|U_kk|=5.473e+04 zero_pivots=0 mu=2.381e-02 assembly=colored factor=banded applications=100 color_period=5 kl=399 ku=399
    COARSE apply applications=40 t_apply_avg=1.183ms t_host_solve_avg=0.719ms
    LINEAR gmres+P-A+CC(mult,2) its=39 rel=9.6e-03 t=0.06s cycles=1 reorth=38 rec=9.6e-03 status=converged t_fact=0.00s singular_modes=0 mu=2.381e-02
  NEWTON generic3d:0.75:20:i1o4 it= 7 r_F=3.670e-02 r_out=5.270e-04 lambda=1 |dx|max=1.82e-02 lin=gmres+P-A+CC(mult,2) rel=9.6e-03 lits=39 t_lin=0.1s |dx|2=5.56e-01 t_fact=0.10s eta=1.00e-01 mu=2.381e-02 retries=0
    COARSE build mode=mult profiles=2 K=1600 t_assembly=0.006s t_lu=0.093s t_cond=0.006s norm1=4.175e+05 inv_norm1_est=1.049e-01 rcond_est=2.284e-05 min|U_kk|=2.900e+02 max|U_kk|=5.454e+04 zero_pivots=0 mu=1.652e-02 assembly=colored factor=banded applications=100 color_period=5 kl=399 ku=399
    COARSE apply applications=53 t_apply_avg=1.186ms t_host_solve_avg=0.715ms
    LINEAR gmres+P-A+CC(mult,2) its=52 rel=9.7e-03 t=0.09s cycles=1 reorth=49 rec=9.7e-03 status=converged t_fact=0.00s singular_modes=0 mu=1.652e-02
  NEWTON generic3d:0.75:20:i1o4 it= 8 r_F=2.791e-02 r_out=4.775e-04 lambda=1 |dx|max=1.88e-02 lin=gmres+P-A+CC(mult,2) rel=9.7e-03 lits=52 t_lin=0.1s |dx|2=5.75e-01 t_fact=0.11s eta=1.00e-01 mu=1.652e-02 retries=0
    COARSE build mode=mult profiles=2 K=1600 t_assembly=0.006s t_lu=0.094s t_cond=0.007s norm1=4.360e+05 inv_norm1_est=1.219e-01 rcond_est=1.881e-05 min|U_kk|=2.842e+02 max|U_kk|=5.489e+04 zero_pivots=0 mu=1.256e-02 assembly=colored factor=banded applications=100 color_period=5 kl=399 ku=399
    COARSE apply applications=67 t_apply_avg=1.286ms t_host_solve_avg=0.801ms
    LINEAR gmres+P-A+CC(mult,2) its=66 rel=9.6e-03 t=0.13s cycles=1 reorth=64 rec=9.6e-03 status=converged t_fact=0.00s singular_modes=0 mu=1.256e-02
  NEWTON generic3d:0.75:20:i1o4 it= 9 r_F=2.082e-02 r_out=3.704e-04 lambda=1 |dx|max=1.73e-02 lin=gmres+P-A+CC(mult,2) rel=9.6e-03 lits=66 t_lin=0.1s |dx|2=5.50e-01 t_fact=0.11s eta=1.00e-01 mu=1.256e-02 retries=0
    COARSE build mode=mult profiles=2 K=1600 t_assembly=0.006s t_lu=0.106s t_cond=0.008s norm1=4.555e+05 inv_norm1_est=1.636e-01 rcond_est=1.342e-05 min|U_kk|=2.810e+02 max|U_kk|=5.734e+04 zero_pivots=0 mu=9.371e-03 assembly=colored factor=banded applications=100 color_period=5 kl=399 ku=399
    COARSE apply applications=82 t_apply_avg=1.346ms t_host_solve_avg=0.860ms
    LINEAR gmres+P-A+CC(mult,2) its=81 rel=9.9e-03 t=0.17s cycles=1 reorth=78 rec=9.9e-03 status=converged t_fact=0.00s singular_modes=0 mu=9.371e-03
  NEWTON generic3d:0.75:20:i1o4 it=10 r_F=1.468e-02 r_out=2.819e-04 lambda=1 |dx|max=1.52e-02 lin=gmres+P-A+CC(mult,2) rel=9.9e-03 lits=81 t_lin=0.2s |dx|2=5.10e-01 t_fact=0.12s eta=1.00e-01 mu=9.371e-03 retries=0
    COARSE build mode=mult profiles=2 K=1600 t_assembly=0.006s t_lu=0.102s t_cond=0.007s norm1=4.756e+05 inv_norm1_est=1.919e-01 rcond_est=1.095e-05 min|U_kk|=2.788e+02 max|U_kk|=5.739e+04 zero_pivots=0 mu=6.607e-03 assembly=colored factor=banded applications=100 color_period=5 kl=399 ku=399
    COARSE apply applications=99 t_apply_avg=1.365ms t_host_solve_avg=0.876ms
    LINEAR gmres+P-A+CC(mult,2) its=98 rel=1.0e-02 t=0.22s cycles=1 reorth=95 rec=1.0e-02 status=converged t_fact=0.00s singular_modes=0 mu=6.607e-03
  NEWTON generic3d:0.75:20:i1o4 it=11 r_F=9.578e-03 r_out=2.160e-04 lambda=1 |dx|max=1.30e-02 lin=gmres+P-A+CC(mult,2) rel=1.0e-02 lits=98 t_lin=0.2s |dx|2=4.57e-01 t_fact=0.12s eta=1.00e-01 mu=6.607e-03 retries=0
    COARSE build mode=mult profiles=2 K=1600 t_assembly=0.006s t_lu=0.103s t_cond=0.007s norm1=4.957e+05 inv_norm1_est=2.592e-01 rcond_est=7.784e-06 min|U_kk|=2.775e+02 max|U_kk|=5.942e+04 zero_pivots=0 mu=4.312e-03 assembly=colored factor=banded applications=100 color_period=5 kl=399 ku=399
    COARSE apply applications=101 t_apply_avg=1.364ms t_host_solve_avg=0.872ms
    LINEAR gmres+P-A+CC(mult,2) its=100 rel=3.5e-02 t=0.23s cycles=1 reorth=97 rec=3.5e-02 status=converged t_fact=0.00s singular_modes=0 mu=4.312e-03
  NEWTON generic3d:0.75:20:i1o4 it=12 r_F=5.744e-03 r_out=1.585e-04 lambda=1 |dx|max=1.03e-02 lin=gmres+P-A+CC(mult,2) rel=3.5e-02 lits=100 t_lin=0.2s |dx|2=3.80e-01 t_fact=0.12s eta=1.00e-01 mu=4.312e-03 retries=0
    COARSE build mode=mult profiles=2 K=1600 t_assembly=0.006s t_lu=0.104s t_cond=0.007s norm1=5.146e+05 inv_norm1_est=6.083e-01 rcond_est=3.195e-06 min|U_kk|=2.789e+02 max|U_kk|=5.888e+04 zero_pivots=0 mu=2.586e-03 assembly=colored factor=banded applications=100 color_period=5 kl=399 ku=399
    COARSE apply applications=202 t_apply_avg=1.368ms t_host_solve_avg=0.877ms
    LINEAR gmres+P-A+CC(mult,2) its=200 rel=1.5e-02 t=0.45s cycles=2 reorth=195 rec=1.5e-02 status=converged t_fact=0.00s singular_modes=0 mu=2.586e-03
  NEWTON generic3d:0.75:20:i1o4 it=13 r_F=3.372e-03 r_out=1.100e-04 lambda=1 |dx|max=7.19e-03 lin=gmres+P-A+CC(mult,2) rel=1.5e-02 lits=200 t_lin=0.5s |dx|2=2.82e-01 t_fact=0.12s eta=1.00e-01 mu=2.586e-03 retries=0
    COARSE build mode=mult profiles=2 K=1600 t_assembly=0.006s t_lu=0.104s t_cond=0.011s norm1=5.309e+05 inv_norm1_est=8.637e-01 rcond_est=2.181e-06 min|U_kk|=2.803e+02 max|U_kk|=5.822e+04 zero_pivots=0 mu=1.518e-03 assembly=colored factor=banded applications=100 color_period=5 kl=399 ku=399
    COARSE apply applications=202 t_apply_avg=1.252ms t_host_solve_avg=0.762ms
    LINEAR gmres+P-A+CC(mult,2) its=200 rel=5.7e-02 t=0.43s cycles=2 reorth=196 rec=5.7e-02 status=converged t_fact=0.00s singular_modes=0 mu=1.518e-03
  NEWTON generic3d:0.75:20:i1o4 it=14 r_F=1.678e-03 r_out=5.849e-05 lambda=1 |dx|max=4.24e-03 lin=gmres+P-A+CC(mult,2) rel=5.7e-02 lits=200 t_lin=0.4s |dx|2=1.63e-01 t_fact=0.12s eta=1.00e-01 mu=1.518e-03 retries=0
    COARSE build mode=mult profiles=2 K=1600 t_assembly=0.006s t_lu=0.104s t_cond=0.006s norm1=5.420e+05 inv_norm1_est=1.229e+00 rcond_est=1.501e-06 min|U_kk|=2.790e+02 max|U_kk|=5.776e+04 zero_pivots=0 mu=7.557e-04 assembly=colored factor=banded applications=100 color_period=5 kl=399 ku=399
    COARSE apply applications=303 t_apply_avg=1.195ms t_host_solve_avg=0.706ms
    LINEAR gmres+P-A+CC(mult,2) its=300 rel=6.2e-02 t=0.62s cycles=3 reorth=290 rec=6.2e-02 status=converged t_fact=0.00s singular_modes=0 mu=7.557e-04
  NEWTON generic3d:0.75:20:i1o4 it=15 r_F=6.468e-04 r_out=2.343e-05 lambda=1 |dx|max=1.93e-03 lin=gmres+P-A+CC(mult,2) rel=6.2e-02 lits=300 t_lin=0.6s |dx|2=7.51e-02 t_fact=0.12s eta=1.00e-01 mu=7.557e-04 retries=0
    COARSE build mode=mult profiles=2 K=1600 t_assembly=0.006s t_lu=0.100s t_cond=0.005s norm1=5.481e+05 inv_norm1_est=1.665e+00 rcond_est=1.096e-06 min|U_kk|=2.794e+02 max|U_kk|=5.751e+04 zero_pivots=0 mu=2.913e-04 assembly=colored factor=banded applications=100 color_period=5 kl=399 ku=399
    COARSE apply applications=404 t_apply_avg=1.195ms t_host_solve_avg=0.701ms
    LINEAR gmres+P-A+CC(mult,2) its=400 rel=5.8e-02 t=0.83s cycles=4 reorth=395 rec=5.8e-02 status=converged t_fact=0.00s singular_modes=0 mu=2.913e-04
  NEWTON generic3d:0.75:20:i1o4 it=16 r_F=1.460e-04 r_out=6.159e-06 lambda=1 |dx|max=8.00e-04 lin=gmres+P-A+CC(mult,2) rel=5.8e-02 lits=400 t_lin=0.8s |dx|2=2.73e-02 t_fact=0.11s eta=1.00e-01 mu=2.913e-04 retries=0
    COARSE build mode=mult profiles=2 K=1600 t_assembly=0.006s t_lu=0.103s t_cond=0.006s norm1=5.505e+05 inv_norm1_est=2.009e+00 rcond_est=9.043e-07 min|U_kk|=2.771e+02 max|U_kk|=5.741e+04 zero_pivots=0 mu=6.575e-05 assembly=colored factor=banded applications=100 color_period=5 kl=399 ku=399
    COARSE apply applications=606 t_apply_avg=1.180ms t_host_solve_avg=0.690ms
    LINEAR gmres+P-A+CC(mult,2) its=600 rel=3.1e-02 t=1.24s cycles=6 reorth=592 rec=3.1e-02 status=converged t_fact=0.00s singular_modes=0 mu=6.575e-05
  NEWTON generic3d:0.75:20:i1o4 it=17 r_F=1.159e-05 r_out=8.056e-07 lambda=1 |dx|max=1.95e-04 lin=gmres+P-A+CC(mult,2) rel=3.1e-02 lits=600 t_lin=1.2s |dx|2=6.33e-03 t_fact=0.12s eta=4.59e-02 mu=6.575e-05 retries=0
    COARSE build mode=mult profiles=2 K=1600 t_assembly=0.006s t_lu=0.104s t_cond=0.006s norm1=5.510e+05 inv_norm1_est=2.115e+00 rcond_est=8.582e-07 min|U_kk|=2.771e+02 max|U_kk|=5.738e+04 zero_pivots=0 mu=5.229e-06 assembly=colored factor=banded applications=100 color_period=5 kl=399 ku=399
    COARSE apply applications=909 t_apply_avg=1.288ms t_host_solve_avg=0.798ms
    LINEAR gmres+P-A+CC(mult,2) its=900 rel=3.7e-03 t=1.96s cycles=9 reorth=887 rec=3.7e-03 status=converged t_fact=0.00s singular_modes=0 mu=5.229e-06
  NEWTON generic3d:0.75:20:i1o4 it=18 r_F=9.263e-08 r_out=7.414e-09 lambda=1 |dx|max=1.51e-05 lin=gmres+P-A+CC(mult,2) rel=3.7e-03 lits=900 t_lin=2.0s |dx|2=5.07e-04 t_fact=0.12s eta=5.69e-03 mu=5.229e-06 retries=0
    COARSE build mode=mult profiles=2 K=1600 t_assembly=0.006s t_lu=0.104s t_cond=0.006s norm1=5.511e+05 inv_norm1_est=2.123e+00 rcond_est=8.549e-07 min|U_kk|=2.771e+02 max|U_kk|=5.738e+04 zero_pivots=0 mu=4.182e-08 assembly=colored factor=banded applications=100 color_period=5 kl=399 ku=399
    COARSE apply applications=1818 t_apply_avg=1.297ms t_host_solve_avg=0.807ms
    LINEAR gmres+P-A+CC(mult,2) its=1800 rel=4.8e-05 t=3.94s cycles=18 reorth=1770 rec=4.8e-05 status=converged t_fact=0.00s singular_modes=0 mu=4.182e-08
  NEWTON generic3d:0.75:20:i1o4 it=19 r_F=6.703e-12 r_out=6.076e-13 lambda=1 |dx|max=1.20e-07 lin=gmres+P-A+CC(mult,2) rel=4.8e-05 lits=1800 t_lin=3.9s |dx|2=4.04e-06 t_fact=0.12s eta=5.76e-05 mu=4.182e-08 retries=0
    COARSE build mode=mult profiles=2 K=1600 t_assembly=0.006s t_lu=0.099s t_cond=0.005s norm1=5.511e+05 inv_norm1_est=2.123e+00 rcond_est=8.549e-07 min|U_kk|=2.771e+02 max|U_kk|=5.738e+04 zero_pivots=0 mu=3.029e-12 assembly=colored factor=banded applications=100 color_period=5 kl=399 ku=399
    COARSE apply applications=808 t_apply_avg=1.176ms t_host_solve_avg=0.686ms
    LINEAR gmres+P-A+CC(mult,2) its=800 rel=4.5e-03 t=1.65s cycles=8 reorth=788 rec=4.5e-03 status=converged t_fact=0.00s singular_modes=0 mu=3.029e-12
  NEWTON generic3d:0.75:20:i1o4 it=20 r_F=3.082e-14 r_out=4.799e-15 lambda=1 |dx|max=7.79e-12 lin=gmres+P-A+CC(mult,2) rel=4.5e-03 lits=800 t_lin=1.7s |dx|2=2.45e-10 t_fact=0.11s eta=7.43e-03 mu=3.029e-12 retries=0
  STAGE_END field=generic3d eps=0.75 N=20 cand=i1o4 status=converged its=20 r_F=3.082e-14 r_out=4.799e-15 -> accepted
STAGE field=generic3d eps=1 N=20 cand=i1o4 (from eps=0.75, warm start)
  NEWTON generic3d:1:20:i1o4 it= 0 r_F=1.967e+00 r_out=2.914e-01
    COARSE build mode=mult profiles=2 K=1600 t_assembly=0.006s t_lu=0.078s t_cond=0.006s norm1=9.838e+05 inv_norm1_est=8.709e-03 rcond_est=1.167e-04 min|U_kk|=9.567e+02 max|U_kk|=1.430e+05 zero_pivots=0 mu=1.000e+00 assembly=colored factor=banded applications=100 color_period=5 kl=399 ku=399
    COARSE apply applications=5 t_apply_avg=1.076ms t_host_solve_avg=0.727ms
    LINEAR gmres+P-A+CC(mult,2) its=4 rel=9.3e-03 t=0.01s cycles=1 reorth=4 rec=9.3e-03 status=converged t_fact=0.00s singular_modes=0 mu=1.000e+00
  NEWTON generic3d:1:20:i1o4 it= 1 r_F=1.115e+00 r_out=3.685e-02 lambda=1 |dx|max=3.33e-02 lin=gmres+P-A+CC(mult,2) rel=9.3e-03 lits=4 t_lin=0.0s |dx|2=5.62e-01 t_fact=0.09s eta=1.00e-01 mu=1.000e+00 retries=0
    COARSE build mode=mult profiles=2 K=1600 t_assembly=0.006s t_lu=0.083s t_cond=0.006s norm1=1.002e+06 inv_norm1_est=1.229e-02 rcond_est=8.122e-05 min|U_kk|=7.083e+02 max|U_kk|=1.241e+05 zero_pivots=0 mu=5.614e-01 assembly=colored factor=banded applications=100 color_period=5 kl=399 ku=399
    COARSE apply applications=7 t_apply_avg=1.078ms t_host_solve_avg=0.723ms
    LINEAR gmres+P-A+CC(mult,2) its=6 rel=7.6e-03 t=0.01s cycles=1 reorth=6 rec=7.6e-03 status=converged t_fact=0.00s singular_modes=0 mu=5.614e-01
  NEWTON generic3d:1:20:i1o4 it= 2 r_F=6.514e-01 r_out=1.313e-02 lambda=1 |dx|max=1.49e-02 lin=gmres+P-A+CC(mult,2) rel=7.6e-03 lits=6 t_lin=0.0s |dx|2=5.37e-01 t_fact=0.10s eta=1.00e-01 mu=5.614e-01 retries=0
    COARSE build mode=mult profiles=2 K=1600 t_assembly=0.006s t_lu=0.094s t_cond=0.008s norm1=1.046e+06 inv_norm1_est=2.414e-02 rcond_est=3.961e-05 min|U_kk|=5.167e+02 max|U_kk|=1.174e+05 zero_pivots=0 mu=3.277e-01 assembly=colored factor=banded applications=100 color_period=5 kl=399 ku=399
    COARSE apply applications=11 t_apply_avg=1.085ms t_host_solve_avg=0.723ms
    LINEAR gmres+P-A+CC(mult,2) its=10 rel=8.7e-03 t=0.01s cycles=1 reorth=10 rec=8.7e-03 status=converged t_fact=0.00s singular_modes=0 mu=3.277e-01
  NEWTON generic3d:1:20:i1o4 it= 3 r_F=3.540e-01 r_out=5.179e-03 lambda=1 |dx|max=1.20e-02 lin=gmres+P-A+CC(mult,2) rel=8.7e-03 lits=10 t_lin=0.0s |dx|2=5.02e-01 t_fact=0.11s eta=1.00e-01 mu=3.277e-01 retries=0
    COARSE build mode=mult profiles=2 K=1600 t_assembly=0.006s t_lu=0.102s t_cond=0.008s norm1=1.101e+06 inv_norm1_est=8.023e-02 rcond_est=1.132e-05 min|U_kk|=5.394e+02 max|U_kk|=1.185e+05 zero_pivots=0 mu=1.781e-01 assembly=colored factor=banded applications=100 color_period=5 kl=399 ku=399
    COARSE apply applications=34 t_apply_avg=1.169ms t_host_solve_avg=0.719ms
    LINEAR gmres+P-A+CC(mult,2) its=33 rel=9.1e-03 t=0.05s cycles=1 reorth=32 rec=9.1e-03 status=converged t_fact=0.00s singular_modes=0 mu=1.781e-01
  NEWTON generic3d:1:20:i1o4 it= 4 r_F=1.653e-01 r_out=1.497e-03 lambda=1 |dx|max=1.35e-02 lin=gmres+P-A+CC(mult,2) rel=9.1e-03 lits=33 t_lin=0.1s |dx|2=4.83e-01 t_fact=0.12s eta=1.00e-01 mu=1.781e-01 retries=0
    COARSE build mode=mult profiles=2 K=1600 t_assembly=0.006s t_lu=0.111s t_cond=0.009s norm1=1.159e+06 inv_norm1_est=2.161e+00 rcond_est=3.992e-07 min|U_kk|=4.104e+02 max|U_kk|=1.766e+05 zero_pivots=0 mu=8.314e-02 assembly=colored factor=banded applications=100 color_period=5 kl=399 ku=399
    COARSE apply applications=99 t_apply_avg=1.230ms t_host_solve_avg=0.740ms
    LINEAR gmres+P-A+CC(mult,2) its=98 rel=9.8e-03 t=0.21s cycles=1 reorth=97 rec=9.8e-03 status=converged t_fact=0.00s singular_modes=0 mu=8.314e-02
  NEWTON generic3d:1:20:i1o4 it= 5 r_F=7.498e-02 r_out=9.934e-04 lambda=1 |dx|max=1.77e-02 lin=gmres+P-A+CC(mult,2) rel=9.8e-03 lits=98 t_lin=0.2s |dx|2=5.10e-01 t_fact=0.13s eta=1.00e-01 mu=8.314e-02 retries=0
    COARSE build mode=mult profiles=2 K=1600 t_assembly=0.006s t_lu=0.115s t_cond=0.009s norm1=1.218e+06 inv_norm1_est=1.155e+00 rcond_est=7.109e-07 min|U_kk|=4.090e+02 max|U_kk|=1.905e+05 zero_pivots=0 mu=3.772e-02 assembly=colored factor=banded applications=100 color_period=5 kl=399 ku=399
    COARSE apply applications=404 t_apply_avg=1.244ms t_host_solve_avg=0.754ms
    LINEAR gmres+P-A+CC(mult,2) its=400 rel=8.6e-02 t=0.85s cycles=4 reorth=389 rec=8.6e-02 status=converged t_fact=0.00s singular_modes=0 mu=3.772e-02
  NEWTON generic3d:1:20:i1o4 it= 6 r_F=4.600e-02 r_out=1.785e-03 lambda=1 |dx|max=2.01e-02 lin=gmres+P-A+CC(mult,2) rel=8.6e-02 lits=400 t_lin=0.9s |dx|2=5.46e-01 t_fact=0.13s eta=1.00e-01 mu=3.772e-02 retries=0
    COARSE build mode=mult profiles=2 K=1600 t_assembly=0.006s t_lu=0.113s t_cond=0.006s norm1=1.279e+06 inv_norm1_est=1.545e+00 rcond_est=5.061e-07 min|U_kk|=4.268e+02 max|U_kk|=1.825e+05 zero_pivots=0 mu=2.316e-02 assembly=colored factor=banded applications=100 color_period=5 kl=399 ku=399
    COARSE apply applications=303 t_apply_avg=1.263ms t_host_solve_avg=0.769ms
    LINEAR gmres+P-A+CC(mult,2) its=300 rel=4.4e-01 t=0.65s cycles=3 reorth=292 rec=4.4e-01 status=stagnation t_fact=0.00s singular_modes=0 mu=2.316e-02
  NEWTON generic3d:1:20:i1o4 it= 7 linear_failure: GMRES status=stagnation rel=4.4e-01 lits=300 prec singular modes=0 (step not taken) eta=1.00e-01 mu=2.316e-02
  STAGE_END field=generic3d eps=1 N=20 cand=i1o4 status=linear_failure its=7 r_F=4.600e-02 r_out=1.785e-03 -> FAILED
  CONTINUATION bisection 2/4: retry from eps=0.75 at eps=0.875
STAGE field=generic3d eps=0.875 N=20 cand=i1o4 (from eps=0.75, warm start)
  NEWTON generic3d:0.875:20:i1o4 it= 0 r_F=1.049e+00 r_out=1.447e-01
    COARSE build mode=mult profiles=2 K=1600 t_assembly=0.006s t_lu=0.079s t_cond=0.010s norm1=7.512e+05 inv_norm1_est=9.078e-03 rcond_est=1.466e-04 min|U_kk|=9.512e+02 max|U_kk|=1.034e+05 zero_pivots=0 mu=1.000e+00 assembly=colored factor=banded applications=100 color_period=5 kl=399 ku=399
    COARSE apply applications=6 t_apply_avg=1.140ms t_host_solve_avg=0.782ms
    LINEAR gmres+P-A+CC(mult,2) its=5 rel=6.0e-03 t=0.01s cycles=1 reorth=5 rec=6.0e-03 status=converged t_fact=0.00s singular_modes=0 mu=1.000e+00
  NEWTON generic3d:0.875:20:i1o4 it= 1 r_F=6.065e-01 r_out=1.058e-02 lambda=1 |dx|max=1.69e-02 lin=gmres+P-A+CC(mult,2) rel=6.0e-03 lits=5 t_lin=0.0s |dx|2=2.80e-01 t_fact=0.10s eta=1.00e-01 mu=1.000e+00 retries=0
    COARSE build mode=mult profiles=2 K=1600 t_assembly=0.006s t_lu=0.084s t_cond=0.007s norm1=7.500e+05 inv_norm1_est=1.219e-02 rcond_est=1.094e-04 min|U_kk|=7.262e+02 max|U_kk|=8.991e+04 zero_pivots=0 mu=5.729e-01 assembly=colored factor=banded applications=100 color_period=5 kl=399 ku=399
    COARSE apply applications=6 t_apply_avg=1.219ms t_host_solve_avg=0.857ms
    LINEAR gmres+P-A+CC(mult,2) its=5 rel=8.0e-03 t=0.01s cycles=1 reorth=5 rec=8.0e-03 status=converged t_fact=0.00s singular_modes=0 mu=5.729e-01
  NEWTON generic3d:0.875:20:i1o4 it= 2 r_F=3.576e-01 r_out=4.591e-03 lambda=1 |dx|max=7.58e-03 lin=gmres+P-A+CC(mult,2) rel=8.0e-03 lits=5 t_lin=0.0s |dx|2=2.66e-01 t_fact=0.10s eta=1.00e-01 mu=5.729e-01 retries=0
    COARSE build mode=mult profiles=2 K=1600 t_assembly=0.006s t_lu=0.090s t_cond=0.007s norm1=7.600e+05 inv_norm1_est=1.824e-02 rcond_est=7.213e-05 min|U_kk|=5.841e+02 max|U_kk|=8.506e+04 zero_pivots=0 mu=3.378e-01 assembly=colored factor=banded applications=100 color_period=5 kl=399 ku=399
    COARSE apply applications=8 t_apply_avg=1.181ms t_host_solve_avg=0.822ms
    LINEAR gmres+P-A+CC(mult,2) its=7 rel=9.6e-03 t=0.01s cycles=1 reorth=7 rec=9.6e-03 status=converged t_fact=0.00s singular_modes=0 mu=3.378e-01
  NEWTON generic3d:0.875:20:i1o4 it= 3 r_F=1.987e-01 r_out=2.148e-03 lambda=1 |dx|max=5.85e-03 lin=gmres+P-A+CC(mult,2) rel=9.6e-03 lits=7 t_lin=0.0s |dx|2=2.50e-01 t_fact=0.10s eta=1.00e-01 mu=3.378e-01 retries=0
    COARSE build mode=mult profiles=2 K=1600 t_assembly=0.006s t_lu=0.099s t_cond=0.007s norm1=7.741e+05 inv_norm1_est=2.878e-02 rcond_est=4.488e-05 min|U_kk|=4.589e+02 max|U_kk|=8.186e+04 zero_pivots=0 mu=1.877e-01 assembly=colored factor=banded applications=100 color_period=5 kl=399 ku=399
    COARSE apply applications=18 t_apply_avg=1.196ms t_host_solve_avg=0.797ms
    LINEAR gmres+P-A+CC(mult,2) its=17 rel=9.5e-03 t=0.03s cycles=1 reorth=17 rec=9.5e-03 status=converged t_fact=0.00s singular_modes=0 mu=1.877e-01
  NEWTON generic3d:0.875:20:i1o4 it= 4 r_F=9.683e-02 r_out=5.424e-04 lambda=1 |dx|max=6.34e-03 lin=gmres+P-A+CC(mult,2) rel=9.5e-03 lits=17 t_lin=0.0s |dx|2=2.36e-01 t_fact=0.11s eta=1.00e-01 mu=1.877e-01 retries=0
    COARSE build mode=mult profiles=2 K=1600 t_assembly=0.006s t_lu=0.102s t_cond=0.010s norm1=7.890e+05 inv_norm1_est=1.019e-01 rcond_est=1.243e-05 min|U_kk|=3.922e+02 max|U_kk|=8.087e+04 zero_pivots=0 mu=9.146e-02 assembly=colored factor=banded applications=100 color_period=5 kl=399 ku=399
    COARSE apply applications=59 t_apply_avg=1.312ms t_host_solve_avg=0.833ms
    LINEAR gmres+P-A+CC(mult,2) its=58 rel=9.7e-03 t=0.11s cycles=1 reorth=56 rec=9.7e-03 status=converged t_fact=0.00s singular_modes=0 mu=9.146e-02
  NEWTON generic3d:0.875:20:i1o4 it= 5 r_F=4.536e-02 r_out=2.615e-04 lambda=1 |dx|max=7.95e-03 lin=gmres+P-A+CC(mult,2) rel=9.7e-03 lits=58 t_lin=0.1s |dx|2=2.44e-01 t_fact=0.12s eta=1.00e-01 mu=9.146e-02 retries=0
    COARSE build mode=mult profiles=2 K=1600 t_assembly=0.006s t_lu=0.107s t_cond=0.015s norm1=8.049e+05 inv_norm1_est=4.371e-01 rcond_est=2.842e-06 min|U_kk|=3.288e+02 max|U_kk|=1.231e+05 zero_pivots=0 mu=4.284e-02 assembly=colored factor=banded applications=100 color_period=5 kl=399 ku=399
    COARSE apply applications=101 t_apply_avg=1.351ms t_host_solve_avg=0.861ms
    LINEAR gmres+P-A+CC(mult,2) its=100 rel=2.5e-02 t=0.22s cycles=1 reorth=97 rec=2.5e-02 status=converged t_fact=0.00s singular_modes=0 mu=4.284e-02
  NEWTON generic3d:0.875:20:i1o4 it= 6 r_F=2.653e-02 r_out=2.789e-04 lambda=1 |dx|max=9.16e-03 lin=gmres+P-A+CC(mult,2) rel=2.5e-02 lits=100 t_lin=0.2s |dx|2=2.69e-01 t_fact=0.13s eta=1.00e-01 mu=4.284e-02 retries=0
    COARSE build mode=mult profiles=2 K=1600 t_assembly=0.006s t_lu=0.109s t_cond=0.012s norm1=8.228e+05 inv_norm1_est=6.344e-01 rcond_est=1.916e-06 min|U_kk|=2.885e+02 max|U_kk|=8.236e+04 zero_pivots=0 mu=2.506e-02 assembly=colored factor=banded applications=100 color_period=5 kl=399 ku=399
    COARSE apply applications=202 t_apply_avg=1.357ms t_host_solve_avg=0.863ms
    LINEAR gmres+P-A+CC(mult,2) its=200 rel=7.0e-02 t=0.45s cycles=2 reorth=192 rec=7.0e-02 status=converged t_fact=0.00s singular_modes=0 mu=2.506e-02
  NEWTON generic3d:0.875:20:i1o4 it= 7 r_F=1.914e-02 r_out=3.646e-04 lambda=1 |dx|max=1.04e-02 lin=gmres+P-A+CC(mult,2) rel=7.0e-02 lits=200 t_lin=0.4s |dx|2=2.88e-01 t_fact=0.13s eta=1.00e-01 mu=2.506e-02 retries=0
    COARSE build mode=mult profiles=2 K=1600 t_assembly=0.006s t_lu=0.110s t_cond=0.010s norm1=8.429e+05 inv_norm1_est=1.287e+00 rcond_est=9.217e-07 min|U_kk|=2.654e+02 max|U_kk|=1.224e+05 zero_pivots=0 mu=1.808e-02 assembly=colored factor=banded applications=100 color_period=5 kl=399 ku=399
    COARSE apply applications=707 t_apply_avg=1.251ms t_host_solve_avg=0.761ms
    LINEAR gmres+P-A+CC(mult,2) its=700 rel=7.8e-02 t=1.50s cycles=7 reorth=689 rec=7.8e-02 status=converged t_fact=0.00s singular_modes=0 mu=1.808e-02
  NEWTON generic3d:0.875:20:i1o4 it= 8 r_F=1.463e-02 r_out=3.142e-04 lambda=1 |dx|max=1.07e-02 lin=gmres+P-A+CC(mult,2) rel=7.8e-02 lits=700 t_lin=1.5s |dx|2=2.89e-01 t_fact=0.13s eta=1.00e-01 mu=1.808e-02 retries=0
    COARSE build mode=mult profiles=2 K=1600 t_assembly=0.006s t_lu=0.105s t_cond=0.005s norm1=8.632e+05 inv_norm1_est=4.179e+00 rcond_est=2.772e-07 min|U_kk|=2.879e+02 max|U_kk|=1.165e+05 zero_pivots=0 mu=1.382e-02 assembly=colored factor=banded applications=100 color_period=5 kl=399 ku=399
    COARSE apply applications=404 t_apply_avg=1.177ms t_host_solve_avg=0.688ms
    LINEAR gmres+P-A+CC(mult,2) its=400 rel=3.5e-01 t=0.83s cycles=4 reorth=394 rec=3.5e-01 status=stagnation t_fact=0.00s singular_modes=0 mu=1.382e-02
  NEWTON generic3d:0.875:20:i1o4 it= 9 linear_failure: GMRES status=stagnation rel=3.5e-01 lits=400 prec singular modes=0 (step not taken) eta=1.00e-01 mu=1.382e-02
  STAGE_END field=generic3d eps=0.875 N=20 cand=i1o4 status=linear_failure its=9 r_F=1.463e-02 r_out=3.142e-04 -> FAILED
  CONTINUATION bisection 3/4: retry from eps=0.75 at eps=0.8125
STAGE field=generic3d eps=0.8125 N=20 cand=i1o4 (from eps=0.75, warm start)
  NEWTON generic3d:0.8125:20:i1o4 it= 0 r_F=5.405e-01 r_out=7.175e-02
    COARSE build mode=mult profiles=2 K=1600 t_assembly=0.006s t_lu=0.073s t_cond=0.005s norm1=6.590e+05 inv_norm1_est=6.769e-03 rcond_est=2.242e-04 min|U_kk|=9.219e+02 max|U_kk|=8.846e+04 zero_pivots=0 mu=1.000e+00 assembly=colored factor=banded applications=100 color_period=5 kl=399 ku=399
    COARSE apply applications=6 t_apply_avg=1.029ms t_host_solve_avg=0.684ms
    LINEAR gmres+P-A+CC(mult,2) its=5 rel=6.7e-03 t=0.01s cycles=1 reorth=5 rec=6.7e-03 status=converged t_fact=0.00s singular_modes=0 mu=1.000e+00
  NEWTON generic3d:0.8125:20:i1o4 it= 1 r_F=3.152e-01 r_out=4.318e-03 lambda=1 |dx|max=7.91e-03 lin=gmres+P-A+CC(mult,2) rel=6.7e-03 lits=5 t_lin=0.0s |dx|2=1.39e-01 t_fact=0.09s eta=1.00e-01 mu=1.000e+00 retries=0
    COARSE build mode=mult profiles=2 K=1600 t_assembly=0.006s t_lu=0.077s t_cond=0.005s norm1=6.515e+05 inv_norm1_est=1.236e-02 rcond_est=1.242e-04 min|U_kk|=7.039e+02 max|U_kk|=7.743e+04 zero_pivots=0 mu=5.782e-01 assembly=colored factor=banded applications=100 color_period=5 kl=399 ku=399
    COARSE apply applications=6 t_apply_avg=1.027ms t_host_solve_avg=0.684ms
    LINEAR gmres+P-A+CC(mult,2) its=5 rel=7.2e-03 t=0.01s cycles=1 reorth=5 rec=7.2e-03 status=converged t_fact=0.00s singular_modes=0 mu=5.782e-01
  NEWTON generic3d:0.8125:20:i1o4 it= 2 r_F=1.867e-01 r_out=1.771e-03 lambda=1 |dx|max=3.82e-03 lin=gmres+P-A+CC(mult,2) rel=7.2e-03 lits=5 t_lin=0.0s |dx|2=1.33e-01 t_fact=0.09s eta=1.00e-01 mu=5.782e-01 retries=0
    COARSE build mode=mult profiles=2 K=1600 t_assembly=0.006s t_lu=0.083s t_cond=0.005s norm1=6.516e+05 inv_norm1_est=1.881e-02 rcond_est=8.160e-05 min|U_kk|=5.656e+02 max|U_kk|=7.308e+04 zero_pivots=0 mu=3.424e-01 assembly=colored factor=banded applications=100 color_period=5 kl=399 ku=399
    COARSE apply applications=8 t_apply_avg=1.023ms t_host_solve_avg=0.677ms
    LINEAR gmres+P-A+CC(mult,2) its=7 rel=8.0e-03 t=0.01s cycles=1 reorth=7 rec=8.0e-03 status=converged t_fact=0.00s singular_modes=0 mu=3.424e-01
  NEWTON generic3d:0.8125:20:i1o4 it= 3 r_F=1.048e-01 r_out=7.534e-04 lambda=1 |dx|max=2.96e-03 lin=gmres+P-A+CC(mult,2) rel=8.0e-03 lits=7 t_lin=0.0s |dx|2=1.25e-01 t_fact=0.10s eta=1.00e-01 mu=3.424e-01 retries=0
    COARSE build mode=mult profiles=2 K=1600 t_assembly=0.006s t_lu=0.090s t_cond=0.005s norm1=6.545e+05 inv_norm1_est=2.962e-02 rcond_est=5.158e-05 min|U_kk|=4.552e+02 max|U_kk|=7.067e+04 zero_pivots=0 mu=1.922e-01 assembly=colored factor=banded applications=100 color_period=5 kl=399 ku=399
    COARSE apply applications=15 t_apply_avg=1.052ms t_host_solve_avg=0.676ms
    LINEAR gmres+P-A+CC(mult,2) its=14 rel=9.7e-03 t=0.02s cycles=1 reorth=14 rec=9.7e-03 status=converged t_fact=0.00s singular_modes=0 mu=1.922e-01
  NEWTON generic3d:0.8125:20:i1o4 it= 4 r_F=5.199e-02 r_out=2.505e-04 lambda=1 |dx|max=3.13e-03 lin=gmres+P-A+CC(mult,2) rel=9.7e-03 lits=14 t_lin=0.0s |dx|2=1.17e-01 t_fact=0.10s eta=1.00e-01 mu=1.922e-01 retries=0
    COARSE build mode=mult profiles=2 K=1600 t_assembly=0.006s t_lu=0.093s t_cond=0.005s norm1=6.585e+05 inv_norm1_est=5.077e-02 rcond_est=2.991e-05 min|U_kk|=3.907e+02 max|U_kk|=6.865e+04 zero_pivots=0 mu=9.535e-02 assembly=colored factor=banded applications=100 color_period=5 kl=399 ku=399
    COARSE apply applications=47 t_apply_avg=1.147ms t_host_solve_avg=0.682ms
    LINEAR gmres+P-A+CC(mult,2) its=46 rel=9.4e-03 t=0.07s cycles=1 reorth=45 rec=9.4e-03 status=converged t_fact=0.00s singular_modes=0 mu=9.535e-02
  NEWTON generic3d:0.8125:20:i1o4 it= 5 r_F=2.476e-02 r_out=6.425e-05 lambda=1 |dx|max=3.71e-03 lin=gmres+P-A+CC(mult,2) rel=9.4e-03 lits=46 t_lin=0.1s |dx|2=1.20e-01 t_fact=0.11s eta=1.00e-01 mu=9.535e-02 retries=0
    COARSE build mode=mult profiles=2 K=1600 t_assembly=0.006s t_lu=0.098s t_cond=0.005s norm1=6.635e+05 inv_norm1_est=7.656e-02 rcond_est=1.969e-05 min|U_kk|=3.388e+02 max|U_kk|=6.391e+04 zero_pivots=0 mu=4.542e-02 assembly=colored factor=banded applications=100 color_period=5 kl=399 ku=399
    COARSE apply applications=95 t_apply_avg=1.176ms t_host_solve_avg=0.689ms
    LINEAR gmres+P-A+CC(mult,2) its=94 rel=9.7e-03 t=0.19s cycles=1 reorth=90 rec=9.7e-03 status=converged t_fact=0.00s singular_modes=0 mu=4.542e-02
  NEWTON generic3d:0.8125:20:i1o4 it= 6 r_F=1.432e-02 r_out=6.338e-05 lambda=1 |dx|max=4.32e-03 lin=gmres+P-A+CC(mult,2) rel=9.7e-03 lits=94 t_lin=0.2s |dx|2=1.32e-01 t_fact=0.11s eta=1.00e-01 mu=4.542e-02 retries=0
    COARSE build mode=mult profiles=2 K=1600 t_assembly=0.006s t_lu=0.102s t_cond=0.006s norm1=6.700e+05 inv_norm1_est=1.045e-01 rcond_est=1.428e-05 min|U_kk|=2.480e+02 max|U_kk|=9.098e+04 zero_pivots=0 mu=2.626e-02 assembly=colored factor=banded applications=100 color_period=5 kl=399 ku=399
    COARSE apply applications=101 t_apply_avg=1.196ms t_host_solve_avg=0.708ms
    LINEAR gmres+P-A+CC(mult,2) its=100 rel=4.2e-02 t=0.21s cycles=1 reorth=97 rec=4.2e-02 status=converged t_fact=0.00s singular_modes=0 mu=2.626e-02
  NEWTON generic3d:0.8125:20:i1o4 it= 7 r_F=1.010e-02 r_out=1.216e-04 lambda=1 |dx|max=4.98e-03 lin=gmres+P-A+CC(mult,2) rel=4.2e-02 lits=100 t_lin=0.2s |dx|2=1.43e-01 t_fact=0.11s eta=1.00e-01 mu=2.626e-02 retries=0
    COARSE build mode=mult profiles=2 K=1600 t_assembly=0.006s t_lu=0.104s t_cond=0.007s norm1=6.777e+05 inv_norm1_est=7.236e+00 rcond_est=2.039e-07 min|U_kk|=3.136e+02 max|U_kk|=6.839e+04 zero_pivots=0 mu=1.853e-02 assembly=colored factor=banded applications=100 color_period=5 kl=399 ku=399
    COARSE apply applications=202 t_apply_avg=1.353ms t_host_solve_avg=0.861ms
    LINEAR gmres+P-A+CC(mult,2) its=200 rel=4.6e-02 t=0.45s cycles=2 reorth=198 rec=4.6e-02 status=converged t_fact=0.00s singular_modes=0 mu=1.853e-02
  NEWTON generic3d:0.8125:20:i1o4 it= 8 r_F=7.603e-03 r_out=7.861e-05 lambda=1 |dx|max=5.33e-03 lin=gmres+P-A+CC(mult,2) rel=4.6e-02 lits=200 t_lin=0.4s |dx|2=1.47e-01 t_fact=0.12s eta=1.00e-01 mu=1.853e-02 retries=0
    COARSE build mode=mult profiles=2 K=1600 t_assembly=0.006s t_lu=0.106s t_cond=0.007s norm1=6.857e+05 inv_norm1_est=1.800e-01 rcond_est=8.104e-06 min|U_kk|=3.115e+02 max|U_kk|=6.828e+04 zero_pivots=0 mu=1.395e-02 assembly=colored factor=banded applications=100 color_period=5 kl=399 ku=399
    COARSE apply applications=303 t_apply_avg=1.350ms t_host_solve_avg=0.860ms
    LINEAR gmres+P-A+CC(mult,2) its=300 rel=6.1e-02 t=0.67s cycles=3 reorth=292 rec=6.1e-02 status=converged t_fact=0.00s singular_modes=0 mu=1.395e-02
  NEWTON generic3d:0.8125:20:i1o4 it= 9 r_F=5.676e-03 r_out=7.083e-05 lambda=1 |dx|max=5.11e-03 lin=gmres+P-A+CC(mult,2) rel=6.1e-02 lits=300 t_lin=0.7s |dx|2=1.44e-01 t_fact=0.12s eta=1.00e-01 mu=1.395e-02 retries=0
    COARSE build mode=mult profiles=2 K=1600 t_assembly=0.006s t_lu=0.106s t_cond=0.011s norm1=6.937e+05 inv_norm1_est=1.068e+00 rcond_est=1.350e-06 min|U_kk|=2.220e+02 max|U_kk|=9.250e+04 zero_pivots=0 mu=1.041e-02 assembly=colored factor=banded applications=100 color_period=5 kl=399 ku=399
    COARSE apply applications=404 t_apply_avg=1.207ms t_host_solve_avg=0.718ms
    LINEAR gmres+P-A+CC(mult,2) its=400 rel=7.7e-02 t=0.84s cycles=4 reorth=385 rec=7.7e-02 status=converged t_fact=0.00s singular_modes=0 mu=1.041e-02
  NEWTON generic3d:0.8125:20:i1o4 it=10 r_F=4.045e-03 r_out=6.198e-05 lambda=1 |dx|max=4.72e-03 lin=gmres+P-A+CC(mult,2) rel=7.7e-02 lits=400 t_lin=0.8s |dx|2=1.37e-01 t_fact=0.12s eta=1.00e-01 mu=1.041e-02 retries=0
    COARSE build mode=mult profiles=2 K=1600 t_assembly=0.006s t_lu=0.107s t_cond=0.006s norm1=7.020e+05 inv_norm1_est=2.937e+00 rcond_est=4.850e-07 min|U_kk|=2.154e+02 max|U_kk|=9.010e+04 zero_pivots=0 mu=7.420e-03 assembly=colored factor=banded applications=100 color_period=5 kl=399 ku=399
    COARSE apply applications=1010 t_apply_avg=1.210ms t_host_solve_avg=0.721ms
    LINEAR gmres+P-A+CC(mult,2) its=1000 rel=8.6e-02 t=2.10s cycles=10 reorth=984 rec=8.6e-02 status=converged t_fact=0.00s singular_modes=0 mu=7.420e-03
  NEWTON generic3d:0.8125:20:i1o4 it=11 r_F=2.669e-03 r_out=4.716e-05 lambda=1 |dx|max=4.18e-03 lin=gmres+P-A+CC(mult,2) rel=8.6e-02 lits=1000 t_lin=2.1s |dx|2=1.27e-01 t_fact=0.12s eta=1.00e-01 mu=7.420e-03 retries=0
    COARSE build mode=mult profiles=2 K=1600 t_assembly=0.006s t_lu=0.107s t_cond=0.006s norm1=7.097e+05 inv_norm1_est=1.254e+01 rcond_est=1.123e-07 min|U_kk|=2.096e+02 max|U_kk|=9.079e+04 zero_pivots=0 mu=4.896e-03 assembly=colored factor=banded applications=100 color_period=5 kl=399 ku=399
    COARSE apply applications=1212 t_apply_avg=1.225ms t_host_solve_avg=0.734ms
    LINEAR gmres+P-A+CC(mult,2) its=1200 rel=9.0e-02 t=2.54s cycles=12 reorth=1186 rec=9.0e-02 status=converged t_fact=0.00s singular_modes=0 mu=4.896e-03
  NEWTON generic3d:0.8125:20:i1o4 it=12 r_F=1.581e-03 r_out=3.332e-05 lambda=1 |dx|max=3.53e-03 lin=gmres+P-A+CC(mult,2) rel=9.0e-02 lits=1200 t_lin=2.5s |dx|2=1.12e-01 t_fact=0.12s eta=1.00e-01 mu=4.896e-03 retries=0
    COARSE build mode=mult profiles=2 K=1600 t_assembly=0.006s t_lu=0.109s t_cond=0.006s norm1=7.175e+05 inv_norm1_est=8.659e+00 rcond_est=1.609e-07 min|U_kk|=2.131e+02 max|U_kk|=9.245e+04 zero_pivots=0 mu=2.900e-03 assembly=colored factor=banded applications=100 color_period=5 kl=399 ku=399
    COARSE apply applications=404 t_apply_avg=1.347ms t_host_solve_avg=0.855ms
    LINEAR gmres+P-A+CC(mult,2) its=400 rel=5.8e-01 t=0.90s cycles=4 reorth=396 rec=5.8e-01 status=stagnation t_fact=0.00s singular_modes=0 mu=2.900e-03
  NEWTON generic3d:0.8125:20:i1o4 it=13 linear_failure: GMRES status=stagnation rel=5.8e-01 lits=400 prec singular modes=0 (step not taken) eta=1.00e-01 mu=2.900e-03
  STAGE_END field=generic3d eps=0.8125 N=20 cand=i1o4 status=linear_failure its=13 r_F=1.581e-03 r_out=3.332e-05 -> FAILED
  CONTINUATION bisection 4/4: retry from eps=0.75 at eps=0.78125
STAGE field=generic3d eps=0.78125 N=20 cand=i1o4 (from eps=0.75, warm start)
  NEWTON generic3d:0.78125:20:i1o4 it= 0 r_F=2.742e-01 r_out=3.568e-02
    COARSE build mode=mult profiles=2 K=1600 t_assembly=0.006s t_lu=0.081s t_cond=0.007s norm1=6.179e+05 inv_norm1_est=6.549e-03 rcond_est=2.471e-04 min|U_kk|=9.108e+02 max|U_kk|=8.196e+04 zero_pivots=0 mu=1.000e+00 assembly=colored factor=banded applications=100 color_period=5 kl=399 ku=399
    COARSE apply applications=6 t_apply_avg=1.166ms t_host_solve_avg=0.809ms
    LINEAR gmres+P-A+CC(mult,2) its=5 rel=7.1e-03 t=0.01s cycles=1 reorth=5 rec=7.1e-03 status=converged t_fact=0.00s singular_modes=0 mu=1.000e+00
  NEWTON generic3d:0.78125:20:i1o4 it= 1 r_F=1.605e-01 r_out=2.027e-03 lambda=1 |dx|max=3.83e-03 lin=gmres+P-A+CC(mult,2) rel=7.1e-03 lits=5 t_lin=0.0s |dx|2=6.95e-02 t_fact=0.10s eta=1.00e-01 mu=1.000e+00 retries=0
    COARSE build mode=mult profiles=2 K=1600 t_assembly=0.006s t_lu=0.083s t_cond=0.007s norm1=6.080e+05 inv_norm1_est=1.240e-02 rcond_est=1.326e-04 min|U_kk|=6.960e+02 max|U_kk|=7.220e+04 zero_pivots=0 mu=5.807e-01 assembly=colored factor=banded applications=100 color_period=5 kl=399 ku=399
    COARSE apply applications=6 t_apply_avg=1.190ms t_host_solve_avg=0.832ms
    LINEAR gmres+P-A+CC(mult,2) its=5 rel=6.9e-03 t=0.01s cycles=1 reorth=5 rec=6.9e-03 status=converged t_fact=0.00s singular_modes=0 mu=5.807e-01
  NEWTON generic3d:0.78125:20:i1o4 it= 2 r_F=9.528e-02 r_out=7.925e-04 lambda=1 |dx|max=1.92e-03 lin=gmres+P-A+CC(mult,2) rel=6.9e-03 lits=5 t_lin=0.0s |dx|2=6.64e-02 t_fact=0.10s eta=1.00e-01 mu=5.807e-01 retries=0
    COARSE build mode=mult profiles=2 K=1600 t_assembly=0.006s t_lu=0.087s t_cond=0.007s norm1=6.043e+05 inv_norm1_est=1.904e-02 rcond_est=8.693e-05 min|U_kk|=5.589e+02 max|U_kk|=6.786e+04 zero_pivots=0 mu=3.446e-01 assembly=colored factor=banded applications=100 color_period=5 kl=399 ku=399
    COARSE apply applications=7 t_apply_avg=1.187ms t_host_solve_avg=0.829ms
    LINEAR gmres+P-A+CC(mult,2) its=6 rel=9.5e-03 t=0.01s cycles=1 reorth=6 rec=9.5e-03 status=converged t_fact=0.00s singular_modes=0 mu=3.446e-01
  NEWTON generic3d:0.78125:20:i1o4 it= 3 r_F=5.373e-02 r_out=4.332e-04 lambda=1 |dx|max=1.49e-03 lin=gmres+P-A+CC(mult,2) rel=9.5e-03 lits=6 t_lin=0.0s |dx|2=6.22e-02 t_fact=0.10s eta=1.00e-01 mu=3.446e-01 retries=0
    COARSE build mode=mult profiles=2 K=1600 t_assembly=0.006s t_lu=0.095s t_cond=0.007s norm1=6.032e+05 inv_norm1_est=2.995e-02 rcond_est=5.535e-05 min|U_kk|=4.552e+02 max|U_kk|=6.531e+04 zero_pivots=0 mu=1.943e-01 assembly=colored factor=banded applications=100 color_period=5 kl=399 ku=399
    COARSE apply applications=13 t_apply_avg=1.181ms t_host_solve_avg=0.799ms
    LINEAR gmres+P-A+CC(mult,2) its=12 rel=9.9e-03 t=0.02s cycles=1 reorth=12 rec=9.9e-03 status=converged t_fact=0.00s singular_modes=0 mu=1.943e-01
  NEWTON generic3d:0.78125:20:i1o4 it= 4 r_F=2.688e-02 r_out=9.892e-05 lambda=1 |dx|max=1.55e-03 lin=gmres+P-A+CC(mult,2) rel=9.9e-03 lits=12 t_lin=0.0s |dx|2=5.82e-02 t_fact=0.11s eta=1.00e-01 mu=1.943e-01 retries=0
    COARSE build mode=mult profiles=2 K=1600 t_assembly=0.006s t_lu=0.098s t_cond=0.007s norm1=6.033e+05 inv_norm1_est=5.091e-02 rcond_est=3.256e-05 min|U_kk|=3.833e+02 max|U_kk|=6.333e+04 zero_pivots=0 mu=9.720e-02 assembly=colored factor=banded applications=100 color_period=5 kl=399 ku=399
    COARSE apply applications=41 t_apply_avg=1.297ms t_host_solve_avg=0.831ms
    LINEAR gmres+P-A+CC(mult,2) its=40 rel=9.4e-03 t=0.07s cycles=1 reorth=39 rec=9.4e-03 status=converged t_fact=0.00s singular_modes=0 mu=9.720e-02
  NEWTON generic3d:0.78125:20:i1o4 it= 5 r_F=1.290e-02 r_out=3.505e-05 lambda=1 |dx|max=1.78e-03 lin=gmres+P-A+CC(mult,2) rel=9.4e-03 lits=40 t_lin=0.1s |dx|2=5.92e-02 t_fact=0.11s eta=1.00e-01 mu=9.720e-02 retries=0
    COARSE build mode=mult profiles=2 K=1600 t_assembly=0.006s t_lu=0.102s t_cond=0.008s norm1=6.047e+05 inv_norm1_est=7.552e-02 rcond_est=2.190e-05 min|U_kk|=3.320e+02 max|U_kk|=5.937e+04 zero_pivots=0 mu=4.667e-02 assembly=colored factor=banded applications=100 color_period=5 kl=399 ku=399
    COARSE apply applications=86 t_apply_avg=1.360ms t_host_solve_avg=0.872ms
    LINEAR gmres+P-A+CC(mult,2) its=85 rel=9.3e-03 t=0.18s cycles=1 reorth=82 rec=9.3e-03 status=converged t_fact=0.00s singular_modes=0 mu=4.667e-02
  NEWTON generic3d:0.78125:20:i1o4 it= 6 r_F=7.427e-03 r_out=2.181e-05 lambda=1 |dx|max=2.08e-03 lin=gmres+P-A+CC(mult,2) rel=9.3e-03 lits=85 t_lin=0.2s |dx|2=6.52e-02 t_fact=0.12s eta=1.00e-01 mu=4.667e-02 retries=0
    COARSE build mode=mult profiles=2 K=1600 t_assembly=0.006s t_lu=0.103s t_cond=0.008s norm1=6.072e+05 inv_norm1_est=1.008e-01 rcond_est=1.634e-05 min|U_kk|=3.169e+02 max|U_kk|=6.351e+04 zero_pivots=0 mu=2.686e-02 assembly=colored factor=banded applications=100 color_period=5 kl=399 ku=399
    COARSE apply applications=101 t_apply_avg=1.367ms t_host_solve_avg=0.876ms
    LINEAR gmres+P-A+CC(mult,2) its=100 rel=2.1e-02 t=0.23s cycles=1 reorth=97 rec=2.1e-02 status=converged t_fact=0.00s singular_modes=0 mu=2.686e-02
  NEWTON generic3d:0.78125:20:i1o4 it= 7 r_F=5.181e-03 r_out=2.647e-05 lambda=1 |dx|max=2.43e-03 lin=gmres+P-A+CC(mult,2) rel=2.1e-02 lits=100 t_lin=0.2s |dx|2=7.13e-02 t_fact=0.12s eta=1.00e-01 mu=2.686e-02 retries=0
    COARSE build mode=mult profiles=2 K=1600 t_assembly=0.006s t_lu=0.106s t_cond=0.007s norm1=6.104e+05 inv_norm1_est=1.243e-01 rcond_est=1.318e-05 min|U_kk|=3.173e+02 max|U_kk|=6.271e+04 zero_pivots=0 mu=1.874e-02 assembly=colored factor=banded applications=100 color_period=5 kl=399 ku=399
    COARSE apply applications=101 t_apply_avg=1.365ms t_host_solve_avg=0.873ms
    LINEAR gmres+P-A+CC(mult,2) its=100 rel=5.7e-02 t=0.23s cycles=1 reorth=96 rec=5.7e-02 status=converged t_fact=0.00s singular_modes=0 mu=1.874e-02
  NEWTON generic3d:0.78125:20:i1o4 it= 8 r_F=3.874e-03 r_out=4.375e-05 lambda=1 |dx|max=2.63e-03 lin=gmres+P-A+CC(mult,2) rel=5.7e-02 lits=100 t_lin=0.2s |dx|2=7.35e-02 t_fact=0.12s eta=1.00e-01 mu=1.874e-02 retries=0
    COARSE build mode=mult profiles=2 K=1600 t_assembly=0.006s t_lu=0.106s t_cond=0.010s norm1=6.139e+05 inv_norm1_est=7.783e-01 rcond_est=2.093e-06 min|U_kk|=3.130e+02 max|U_kk|=8.857e+04 zero_pivots=0 mu=1.401e-02 assembly=colored factor=banded applications=100 color_period=5 kl=399 ku=399
    COARSE apply applications=202 t_apply_avg=1.369ms t_host_solve_avg=0.878ms
    LINEAR gmres+P-A+CC(mult,2) its=200 rel=3.3e-02 t=0.45s cycles=2 reorth=194 rec=3.3e-02 status=converged t_fact=0.00s singular_modes=0 mu=1.401e-02
  NEWTON generic3d:0.78125:20:i1o4 it= 9 r_F=2.876e-03 r_out=1.770e-05 lambda=1 |dx|max=2.55e-03 lin=gmres+P-A+CC(mult,2) rel=3.3e-02 lits=200 t_lin=0.5s |dx|2=7.35e-02 t_fact=0.12s eta=1.00e-01 mu=1.401e-02 retries=0
    COARSE build mode=mult profiles=2 K=1600 t_assembly=0.006s t_lu=0.106s t_cond=0.007s norm1=6.174e+05 inv_norm1_est=2.560e+00 rcond_est=6.326e-07 min|U_kk|=3.108e+02 max|U_kk|=8.933e+04 zero_pivots=0 mu=1.040e-02 assembly=colored factor=banded applications=100 color_period=5 kl=399 ku=399
    COARSE apply applications=202 t_apply_avg=1.370ms t_host_solve_avg=0.878ms
    LINEAR gmres+P-A+CC(mult,2) its=200 rel=5.8e-02 t=0.45s cycles=2 reorth=198 rec=5.8e-02 status=converged t_fact=0.00s singular_modes=0 mu=1.040e-02
  NEWTON generic3d:0.78125:20:i1o4 it=10 r_F=2.022e-03 r_out=2.255e-05 lambda=1 |dx|max=2.37e-03 lin=gmres+P-A+CC(mult,2) rel=5.8e-02 lits=200 t_lin=0.5s |dx|2=6.95e-02 t_fact=0.12s eta=1.00e-01 mu=1.040e-02 retries=0
    COARSE build mode=mult profiles=2 K=1600 t_assembly=0.006s t_lu=0.105s t_cond=0.007s norm1=6.210e+05 inv_norm1_est=4.448e+00 rcond_est=3.620e-07 min|U_kk|=3.105e+02 max|U_kk|=8.962e+04 zero_pivots=0 mu=7.315e-03 assembly=colored factor=banded applications=100 color_period=5 kl=399 ku=399
    COARSE apply applications=303 t_apply_avg=1.389ms t_host_solve_avg=0.898ms
    LINEAR gmres+P-A+CC(mult,2) its=300 rel=7.5e-02 t=0.69s cycles=3 reorth=297 rec=7.5e-02 status=converged t_fact=0.00s singular_modes=0 mu=7.315e-03
  NEWTON generic3d:0.78125:20:i1o4 it=11 r_F=1.311e-03 r_out=2.097e-05 lambda=1 |dx|max=2.08e-03 lin=gmres+P-A+CC(mult,2) rel=7.5e-02 lits=300 t_lin=0.7s |dx|2=6.37e-02 t_fact=0.12s eta=1.00e-01 mu=7.315e-03 retries=0
    COARSE build mode=mult profiles=2 K=1600 t_assembly=0.006s t_lu=0.107s t_cond=0.010s norm1=6.245e+05 inv_norm1_est=2.204e+00 rcond_est=7.265e-07 min|U_kk|=3.076e+02 max|U_kk|=6.235e+04 zero_pivots=0 mu=4.741e-03 assembly=colored factor=banded applications=100 color_period=5 kl=399 ku=399
    COARSE apply applications=404 t_apply_avg=1.370ms t_host_solve_avg=0.879ms
    LINEAR gmres+P-A+CC(mult,2) its=400 rel=9.5e-02 t=0.90s cycles=4 reorth=393 rec=9.5e-02 status=converged t_fact=0.00s singular_modes=0 mu=4.741e-03
  NEWTON generic3d:0.78125:20:i1o4 it=12 r_F=7.455e-04 r_out=1.481e-05 lambda=1 |dx|max=1.72e-03 lin=gmres+P-A+CC(mult,2) rel=9.5e-02 lits=400 t_lin=0.9s |dx|2=5.57e-02 t_fact=0.12s eta=1.00e-01 mu=4.741e-03 retries=0
    COARSE build mode=mult profiles=2 K=1600 t_assembly=0.006s t_lu=0.107s t_cond=0.010s norm1=6.279e+05 inv_norm1_est=2.516e+00 rcond_est=6.330e-07 min|U_kk|=3.064e+02 max|U_kk|=6.222e+04 zero_pivots=0 mu=2.697e-03 assembly=colored factor=banded applications=100 color_period=5 kl=399 ku=399
    COARSE apply applications=909 t_apply_avg=1.229ms t_host_solve_avg=0.737ms
    LINEAR gmres+P-A+CC(mult,2) its=900 rel=7.4e-02 t=1.91s cycles=9 reorth=879 rec=7.4e-02 status=converged t_fact=0.00s singular_modes=0 mu=2.697e-03
  NEWTON generic3d:0.78125:20:i1o4 it=13 r_F=3.475e-04 r_out=8.193e-06 lambda=1 |dx|max=1.30e-03 lin=gmres+P-A+CC(mult,2) rel=7.4e-02 lits=900 t_lin=1.9s |dx|2=4.44e-02 t_fact=0.12s eta=1.00e-01 mu=2.697e-03 retries=0
    COARSE build mode=mult profiles=2 K=1600 t_assembly=0.006s t_lu=0.101s t_cond=0.005s norm1=6.310e+05 inv_norm1_est=2.686e+00 rcond_est=5.901e-07 min|U_kk|=3.056e+02 max|U_kk|=6.208e+04 zero_pivots=0 mu=1.257e-03 assembly=colored factor=banded applications=100 color_period=5 kl=399 ku=399
    COARSE apply applications=1010 t_apply_avg=1.215ms t_host_solve_avg=0.725ms
    LINEAR gmres+P-A+CC(mult,2) its=1000 rel=5.3e-02 t=2.10s cycles=10 reorth=976 rec=5.3e-02 status=converged t_fact=0.00s singular_modes=0 mu=1.257e-03
  NEWTON generic3d:0.78125:20:i1o4 it=14 r_F=1.220e-04 r_out=3.729e-06 lambda=1 |dx|max=8.46e-04 lin=gmres+P-A+CC(mult,2) rel=5.3e-02 lits=1000 t_lin=2.1s |dx|2=2.89e-02 t_fact=0.11s eta=1.00e-01 mu=1.257e-03 retries=0
    COARSE build mode=mult profiles=2 K=1600 t_assembly=0.006s t_lu=0.107s t_cond=0.007s norm1=6.333e+05 inv_norm1_est=2.457e+00 rcond_est=6.427e-07 min|U_kk|=3.056e+02 max|U_kk|=8.856e+04 zero_pivots=0 mu=4.415e-04 assembly=colored factor=banded applications=100 color_period=5 kl=399 ku=399
    COARSE apply applications=707 t_apply_avg=1.364ms t_host_solve_avg=0.873ms
    LINEAR gmres+P-A+CC(mult,2) its=700 rel=5.8e-01 t=1.58s cycles=7 reorth=681 rec=5.8e-01 status=stagnation t_fact=0.00s singular_modes=0 mu=4.415e-04
  NEWTON generic3d:0.78125:20:i1o4 it=15 linear_failure: GMRES status=stagnation rel=5.8e-01 lits=700 prec singular modes=0 (step not taken) eta=1.00e-01 mu=4.415e-04
  STAGE_END field=generic3d eps=0.78125 N=20 cand=i1o4 status=linear_failure its=15 r_F=1.220e-04 r_out=3.729e-06 -> FAILED
  CONTINUATION gave up after 4 bisections at the failed stage eps=0.78125
STAGE field=generic3d eps=1 N=20 cand=i1o4 (final attempt from eps=0.75)
  NEWTON generic3d:1:20:i1o4 it= 0 r_F=1.967e+00 r_out=2.914e-01
    COARSE build mode=mult profiles=2 K=1600 t_assembly=0.006s t_lu=0.079s t_cond=0.007s norm1=9.838e+05 inv_norm1_est=8.709e-03 rcond_est=1.167e-04 min|U_kk|=9.567e+02 max|U_kk|=1.430e+05 zero_pivots=0 mu=1.000e+00 assembly=colored factor=banded applications=100 color_period=5 kl=399 ku=399
    COARSE apply applications=5 t_apply_avg=1.170ms t_host_solve_avg=0.803ms
    LINEAR gmres+P-A+CC(mult,2) its=4 rel=9.3e-03 t=0.01s cycles=1 reorth=4 rec=9.3e-03 status=converged t_fact=0.00s singular_modes=0 mu=1.000e+00
  NEWTON generic3d:1:20:i1o4 it= 1 r_F=1.115e+00 r_out=3.685e-02 lambda=1 |dx|max=3.33e-02 lin=gmres+P-A+CC(mult,2) rel=9.3e-03 lits=4 t_lin=0.0s |dx|2=5.62e-01 t_fact=0.09s eta=1.00e-01 mu=1.000e+00 retries=0
    COARSE build mode=mult profiles=2 K=1600 t_assembly=0.006s t_lu=0.085s t_cond=0.007s norm1=1.002e+06 inv_norm1_est=1.229e-02 rcond_est=8.122e-05 min|U_kk|=7.083e+02 max|U_kk|=1.241e+05 zero_pivots=0 mu=5.614e-01 assembly=colored factor=banded applications=100 color_period=5 kl=399 ku=399
    COARSE apply applications=7 t_apply_avg=1.196ms t_host_solve_avg=0.841ms
    LINEAR gmres+P-A+CC(mult,2) its=6 rel=7.6e-03 t=0.01s cycles=1 reorth=6 rec=7.6e-03 status=converged t_fact=0.00s singular_modes=0 mu=5.614e-01
  NEWTON generic3d:1:20:i1o4 it= 2 r_F=6.514e-01 r_out=1.313e-02 lambda=1 |dx|max=1.49e-02 lin=gmres+P-A+CC(mult,2) rel=7.6e-03 lits=6 t_lin=0.0s |dx|2=5.37e-01 t_fact=0.10s eta=1.00e-01 mu=5.614e-01 retries=0
    COARSE build mode=mult profiles=2 K=1600 t_assembly=0.006s t_lu=0.095s t_cond=0.010s norm1=1.046e+06 inv_norm1_est=2.414e-02 rcond_est=3.961e-05 min|U_kk|=5.167e+02 max|U_kk|=1.174e+05 zero_pivots=0 mu=3.277e-01 assembly=colored factor=banded applications=100 color_period=5 kl=399 ku=399
    COARSE apply applications=11 t_apply_avg=1.184ms t_host_solve_avg=0.813ms
    LINEAR gmres+P-A+CC(mult,2) its=10 rel=8.7e-03 t=0.01s cycles=1 reorth=10 rec=8.7e-03 status=converged t_fact=0.00s singular_modes=0 mu=3.277e-01
  NEWTON generic3d:1:20:i1o4 it= 3 r_F=3.540e-01 r_out=5.179e-03 lambda=1 |dx|max=1.20e-02 lin=gmres+P-A+CC(mult,2) rel=8.7e-03 lits=10 t_lin=0.0s |dx|2=5.02e-01 t_fact=0.11s eta=1.00e-01 mu=3.277e-01 retries=0
    COARSE build mode=mult profiles=2 K=1600 t_assembly=0.006s t_lu=0.103s t_cond=0.010s norm1=1.101e+06 inv_norm1_est=8.023e-02 rcond_est=1.132e-05 min|U_kk|=5.394e+02 max|U_kk|=1.185e+05 zero_pivots=0 mu=1.781e-01 assembly=colored factor=banded applications=100 color_period=5 kl=399 ku=399
    COARSE apply applications=34 t_apply_avg=1.264ms t_host_solve_avg=0.812ms
    LINEAR gmres+P-A+CC(mult,2) its=33 rel=9.1e-03 t=0.05s cycles=1 reorth=32 rec=9.1e-03 status=converged t_fact=0.00s singular_modes=0 mu=1.781e-01
  NEWTON generic3d:1:20:i1o4 it= 4 r_F=1.653e-01 r_out=1.497e-03 lambda=1 |dx|max=1.35e-02 lin=gmres+P-A+CC(mult,2) rel=9.1e-03 lits=33 t_lin=0.1s |dx|2=4.83e-01 t_fact=0.12s eta=1.00e-01 mu=1.781e-01 retries=0
    COARSE build mode=mult profiles=2 K=1600 t_assembly=0.006s t_lu=0.110s t_cond=0.010s norm1=1.159e+06 inv_norm1_est=2.161e+00 rcond_est=3.992e-07 min|U_kk|=4.104e+02 max|U_kk|=1.766e+05 zero_pivots=0 mu=8.314e-02 assembly=colored factor=banded applications=100 color_period=5 kl=399 ku=399
    COARSE apply applications=99 t_apply_avg=1.361ms t_host_solve_avg=0.870ms
    LINEAR gmres+P-A+CC(mult,2) its=98 rel=9.8e-03 t=0.22s cycles=1 reorth=97 rec=9.8e-03 status=converged t_fact=0.00s singular_modes=0 mu=8.314e-02
  NEWTON generic3d:1:20:i1o4 it= 5 r_F=7.498e-02 r_out=9.934e-04 lambda=1 |dx|max=1.77e-02 lin=gmres+P-A+CC(mult,2) rel=9.8e-03 lits=98 t_lin=0.2s |dx|2=5.10e-01 t_fact=0.13s eta=1.00e-01 mu=8.314e-02 retries=0
    COARSE build mode=mult profiles=2 K=1600 t_assembly=0.006s t_lu=0.112s t_cond=0.010s norm1=1.218e+06 inv_norm1_est=1.155e+00 rcond_est=7.109e-07 min|U_kk|=4.090e+02 max|U_kk|=1.905e+05 zero_pivots=0 mu=3.772e-02 assembly=colored factor=banded applications=100 color_period=5 kl=399 ku=399
    COARSE apply applications=404 t_apply_avg=1.366ms t_host_solve_avg=0.874ms
    LINEAR gmres+P-A+CC(mult,2) its=400 rel=8.6e-02 t=0.90s cycles=4 reorth=389 rec=8.6e-02 status=converged t_fact=0.00s singular_modes=0 mu=3.772e-02
  NEWTON generic3d:1:20:i1o4 it= 6 r_F=4.600e-02 r_out=1.785e-03 lambda=1 |dx|max=2.01e-02 lin=gmres+P-A+CC(mult,2) rel=8.6e-02 lits=400 t_lin=0.9s |dx|2=5.46e-01 t_fact=0.13s eta=1.00e-01 mu=3.772e-02 retries=0
    COARSE build mode=mult profiles=2 K=1600 t_assembly=0.006s t_lu=0.113s t_cond=0.007s norm1=1.279e+06 inv_norm1_est=1.545e+00 rcond_est=5.061e-07 min|U_kk|=4.268e+02 max|U_kk|=1.825e+05 zero_pivots=0 mu=2.316e-02 assembly=colored factor=banded applications=100 color_period=5 kl=399 ku=399
    COARSE apply applications=303 t_apply_avg=1.369ms t_host_solve_avg=0.879ms
    LINEAR gmres+P-A+CC(mult,2) its=300 rel=4.4e-01 t=0.68s cycles=3 reorth=292 rec=4.4e-01 status=stagnation t_fact=0.00s singular_modes=0 mu=2.316e-02
  NEWTON generic3d:1:20:i1o4 it= 7 linear_failure: GMRES status=stagnation rel=4.4e-01 lits=300 prec singular modes=0 (step not taken) eta=1.00e-01 mu=2.316e-02
  STAGE_END field=generic3d eps=1 N=20 cand=i1o4 status=linear_failure its=7 r_F=4.600e-02 r_out=1.785e-03 (final attempt) -> FAILED
  CONTINUATION reporting the state of the final attempt at eps=1 (status=linear_failure)
PATH field=generic3d eps=1 N=20 cand=i1o4 continuation path: 0.25->0.5->1(fail)->0.75->1(fail)->0.875(fail)->0.8125(fail)->0.78125(fail)->1(final)
GMRES_STATS field=generic3d eps=1 N=20 stage_eps=0.25 status=converged newton_its=15 steps=15 its_max=31 its_median=7.0 its_total=129 rel_max=9.9e-03 linear_failures=0 forcing=ew etas=1.00e-01,1.00e-01,1.00e-01,1.00e-01,1.00e-01,1.00e-01,1.00e-01,1.00e-01,1.00e-01,1.00e-01,1.00e-01,3.96e-02,2.84e-03,1.00e-05,3.39e-02 psitc=on mus=1.00e+00,5.93e-01,3.56e-01,2.03e-01,1.01e-01,4.30e-02,1.83e-02,9.94e-03,6.02e-03,3.17e-03,1.23e-03,2.57e-04,1.44e-05,4.82e-08,5.61e-13
GMRES_STATS field=generic3d eps=1 N=20 stage_eps=0.5 status=converged newton_its=17 steps=17 its_max=100 its_median=19.0 its_total=436 rel_max=1.0e-02 linear_failures=0 forcing=ew etas=1.00e-01,1.00e-01,1.00e-01,1.00e-01,1.00e-01,1.00e-01,1.00e-01,1.00e-01,1.00e-01,1.00e-01,1.00e-01,1.00e-01,1.00e-01,4.30e-02,2.97e-03,1.11e-05,5.64e-02 psitc=on mus=1.00e+00,5.91e-01,3.58e-01,2.07e-01,1.06e-01,4.78e-02,2.29e-02,1.37e-02,9.39e-03,6.20e-03,3.62e-03,1.76e-03,6.62e-04,1.45e-04,8.31e-06,2.92e-08,3.64e-13
GMRES_STATS field=generic3d eps=1 N=20 stage_eps=1 status=linear_failure newton_its=10 steps=10 its_max=800 its_median=48.0 its_total=1623 rel_max=1.4e-01 linear_failures=1 forcing=ew etas=1.00e-01,1.00e-01,1.00e-01,1.00e-01,1.00e-01,1.00e-01,1.00e-01,1.00e-01,1.00e-01,1.00e-01 psitc=on mus=1.00e+00,5.56e-01,3.25e-01,1.76e-01,8.07e-02,3.39e-02,1.95e-02,1.56e-02,1.31e-02,1.02e-02
GMRES_STATS field=generic3d eps=1 N=20 stage_eps=0.75 status=converged newton_its=20 steps=20 its_max=1800 its_median=89.5 its_total=5688 rel_max=6.2e-02 linear_failures=0 forcing=ew etas=1.00e-01,1.00e-01,1.00e-01,1.00e-01,1.00e-01,1.00e-01,1.00e-01,1.00e-01,1.00e-01,1.00e-01,1.00e-01,1.00e-01,1.00e-01,1.00e-01,1.00e-01,1.00e-01,4.59e-02,5.69e-03,5.76e-05,7.43e-03 psitc=on mus=1.00e+00,5.78e-01,3.46e-01,1.96e-01,9.77e-02,4.44e-02,2.38e-02,1.65e-02,1.26e-02,9.37e-03,6.61e-03,4.31e-03,2.59e-03,1.52e-03,7.56e-04,2.91e-04,6.57e-05,5.23e-06,4.18e-08,3.03e-12
GMRES_STATS field=generic3d eps=1 N=20 stage_eps=1 status=linear_failure newton_its=7 steps=7 its_max=400 its_median=33.0 its_total=851 rel_max=4.4e-01 linear_failures=1 forcing=ew etas=1.00e-01,1.00e-01,1.00e-01,1.00e-01,1.00e-01,1.00e-01,1.00e-01 psitc=on mus=1.00e+00,5.61e-01,3.28e-01,1.78e-01,8.31e-02,3.77e-02,2.32e-02
GMRES_STATS field=generic3d eps=1 N=20 stage_eps=0.875 status=linear_failure newton_its=9 steps=9 its_max=700 its_median=58.0 its_total=1492 rel_max=3.5e-01 linear_failures=1 forcing=ew etas=1.00e-01,1.00e-01,1.00e-01,1.00e-01,1.00e-01,1.00e-01,1.00e-01,1.00e-01,1.00e-01 psitc=on mus=1.00e+00,5.73e-01,3.38e-01,1.88e-01,9.15e-02,4.28e-02,2.51e-02,1.81e-02,1.38e-02
GMRES_STATS field=generic3d eps=1 N=20 stage_eps=0.8125 status=linear_failure newton_its=13 steps=13 its_max=1200 its_median=100.0 its_total=3771 rel_max=5.8e-01 linear_failures=1 forcing=ew etas=1.00e-01,1.00e-01,1.00e-01,1.00e-01,1.00e-01,1.00e-01,1.00e-01,1.00e-01,1.00e-01,1.00e-01,1.00e-01,1.00e-01,1.00e-01 psitc=on mus=1.00e+00,5.78e-01,3.42e-01,1.92e-01,9.54e-02,4.54e-02,2.63e-02,1.85e-02,1.39e-02,1.04e-02,7.42e-03,4.90e-03,2.90e-03
GMRES_STATS field=generic3d eps=1 N=20 stage_eps=0.78125 status=linear_failure newton_its=15 steps=15 its_max=1000 its_median=100.0 its_total=4053 rel_max=5.8e-01 linear_failures=1 forcing=ew etas=1.00e-01,1.00e-01,1.00e-01,1.00e-01,1.00e-01,1.00e-01,1.00e-01,1.00e-01,1.00e-01,1.00e-01,1.00e-01,1.00e-01,1.00e-01,1.00e-01,1.00e-01 psitc=on mus=1.00e+00,5.81e-01,3.45e-01,1.94e-01,9.72e-02,4.67e-02,2.69e-02,1.87e-02,1.40e-02,1.04e-02,7.32e-03,4.74e-03,2.70e-03,1.26e-03,4.41e-04
GMRES_STATS field=generic3d eps=1 N=20 stage_eps=1(final) status=linear_failure newton_its=7 steps=7 its_max=400 its_median=33.0 its_total=851 rel_max=4.4e-01 linear_failures=1 forcing=ew etas=1.00e-01,1.00e-01,1.00e-01,1.00e-01,1.00e-01,1.00e-01,1.00e-01 psitc=on mus=1.00e+00,5.61e-01,3.28e-01,1.78e-01,8.31e-02,3.77e-02,2.32e-02
CASE field=generic3d eps=1 N=20 cand=i1o4 | r_F=4.600e-02 its=7 | e_v=8.056e-02 e_psi=3.430e-01 e_i=(6.437e-02,5.981e-02) e_div=1.526e-01 min_c=1.163e-01 p0.1=1.263e-01 p1=1.743e-01 p5=2.733e-01 p50=9.442e-01 | t=52.6 | e_psi1=3.148e-01 e_psi2=3.430e-01
CASE field=generic3d eps=1 N=20 cand=oracle_fd4 | r_F=nan its=nan | e_v=1.350e-01 e_psi=3.228e-17 e_i=(3.681e-02,2.941e-02) e_div=9.816e-01 min_c=1.002e-01 p0.1=1.257e-01 p1=1.738e-01 p5=2.719e-01 p50=9.440e-01 | t=0.0 | e_psi1=1.988e-17 e_psi2=3.228e-17
EXTRA field=generic3d eps=1 N=20 cand=i1o4 status=linear_failure r_F=4.600e-02 r_out=1.785e-03 | outlet c_perp-vperp_in: cand=1.785e-03 oracle_fd=1.365e-01 | inlet oblique defect (c x e1 - vperp_in x e1)/v_rms: j=0(one-sided) cand=1.566e-01 oracle_fd=2.819e-02; j=1 cand=3.161e-01 oracle_fd=2.902e-01; j=1 vs vD(j=1) cand=1.117e-01 oracle_fd=7.514e-03 | min|c|/v_rms=0.0804 min|vD|/v_rms=0.0806 e_i1=6.437e-02 e_i2=5.981e-02 | t=52.6s | a_psi1=3.848e-02 a_psi2=5.227e-02 (FD order 4)
HISTORY field=generic3d eps=1 N=20 cand=i1o4 r_F: 1.97e+00 1.12e+00 6.51e-01 3.54e-01 1.65e-01 7.50e-02 4.60e-02
HISTORY field=generic3d eps=1 N=20 cand=i1o4 r_out: 2.91e-01 3.68e-02 1.31e-02 5.18e-03 1.50e-03 9.93e-04 1.79e-03
HISTORY_FULL field=generic3d eps=1 N=20 cand=i1o4 r_F: 1.96662210079633204e+00 1.11541620422271137e+00 6.51424434062206625e-01 3.53971560809203278e-01 1.65285128837518225e-01 7.49841381060850215e-02 4.60039087452418782e-02
HISTORY_FULL field=generic3d eps=1 N=20 cand=i1o4 r_out: 2.91365367586033708e-01 3.68496020370747412e-02 1.31310481563589026e-02 5.17942246869037160e-03 1.49739581158439008e-03 9.93428972643238062e-04 1.78502971171476616e-03
TIMING load=0.004s metrics=0.002s prepare=0.057s solve=52.602s total=52.666s
MEMORY peak_device_bytes=540016640 free_min=33549713408 total_device=34089730048 workspaces_bytes=21258487 (peak/free: cudaMemGetInfo polls before/after every phase, device-wide)
SUMMARY_JSON /home/sesquerre/MacroFlow3D-SF-33/docs/experiments/artifacts/2026-10-06-sf33-gpu-inlet-labels/raw/proto_b/generic3d_1_20.json
STATUS continuation_floor
