command: /home/sesquerre/MacroFlow3D-SF-33/build/v100-release/inlet_slab --proto /home/sesquerre/MacroFlow3D-SF-33/docs/experiments/artifacts/2026-10-06-sf33-gpu-inlet-labels/exports/generic3d_0.5_16 --solution /home/sesquerre/MacroFlow3D-SF-33/docs/experiments/artifacts/2026-10-06-sf33-gpu-inlet-labels/exports/solutions/generic3d_0.5_16_i1o4 --summary /home/sesquerre/MacroFlow3D-SF-33/docs/experiments/artifacts/2026-10-06-sf33-gpu-inlet-labels/raw/proto_b/generic3d_0.5_16.json
CASE_DIR /home/sesquerre/MacroFlow3D-SF-33/docs/experiments/artifacts/2026-10-06-sf33-gpu-inlet-labels/exports/generic3d_0.5_16 field=generic3d eps=0.5 N=16 nphi=32 Q0=1 inlet_vmin=5.182653e-01 v_rms=1.10056875020963 cache_hit=0 stage_amplitudes=32 target_eps=0.5
SETUP grad_lnk=analytic (prototype export: complex-step gradient of the analytic ln k at the vertices)
SOLVER N=16 eps=0.5 cand=i1o4 newton_tol=1.0e-13 max_newton=120 lin_tol=1.0e-12 restart=100 max_inner=6000 bisect=4 prec=P-A ladder=(0.25,0.5,1) stage_ok=1e-09 forcing=ew ew_gamma=0.9 ew_alpha=2 ew_eta0=0.1 ew_eta_max=0.1 ew_eta_min=1.0e-12 psitc=on psitc_mu0=1 psitc_mu_max=100 psitc_norm=merit psitc_retries=4 psitc_retry_factor=4 stagnation_window=5 stagnation_factor=0.5 gmres_stagnation_factor=0.9 coarse=mult coarse_profiles=2 coarse_assembly=colored coarse_factor=banded
SOLVER_COARSE mode=mult profiles=2 K=1024 assembly=colored factor=banded (SF-33 N7c probe: Galerkin coarse correction on the x1-constant + x1-linear column subspace, rebuilt with P-A at every factor)
STAGE field=generic3d eps=0.25 N=16 cand=i1o4 (from eps=0, u=0)
  NEWTON generic3d:0.25:16:i1o4 it= 0 r_F=2.213e+00 r_out=1.339e-01
    COARSE build mode=mult profiles=2 K=1024 t_assembly=0.017s t_lu=0.027s t_cond=0.003s norm1=5.878e+04 inv_norm1_est=9.182e-03 rcond_est=1.853e-03 min|U_kk|=5.396e+02 max|U_kk|=1.574e+04 zero_pivots=0 mu=1.000e+00 assembly=colored factor=banded applications=256 color_period=8 kl=319 ku=319
    COARSE apply applications=3 t_apply_avg=0.657ms t_host_solve_avg=0.358ms
    LINEAR gmres+P-A+CC(mult,2) its=2 rel=2.9e-03 t=0.00s cycles=1 reorth=2 rec=2.9e-03 status=converged t_fact=0.00s singular_modes=0 mu=1.000e+00
  NEWTON generic3d:0.25:16:i1o4 it= 1 r_F=1.285e+00 r_out=8.098e-03 lambda=1 |dx|max=3.03e-02 lin=gmres+P-A+CC(mult,2) rel=2.9e-03 lits=2 t_lin=0.0s |dx|2=4.78e-01 t_fact=0.05s eta=1.00e-01 mu=1.000e+00 retries=0
    COARSE build mode=mult profiles=2 K=1024 t_assembly=0.015s t_lu=0.028s t_cond=0.003s norm1=5.623e+04 inv_norm1_est=1.610e-02 rcond_est=1.104e-03 min|U_kk|=4.072e+02 max|U_kk|=1.388e+04 zero_pivots=0 mu=5.796e-01 assembly=colored factor=banded applications=256 color_period=8 kl=319 ku=319
    COARSE apply applications=3 t_apply_avg=0.648ms t_host_solve_avg=0.357ms
    LINEAR gmres+P-A+CC(mult,2) its=2 rel=4.7e-03 t=0.00s cycles=1 reorth=2 rec=4.7e-03 status=converged t_fact=0.00s singular_modes=0 mu=5.796e-01
  NEWTON generic3d:0.25:16:i1o4 it= 2 r_F=6.992e-01 r_out=8.421e-04 lambda=1 |dx|max=1.79e-02 lin=gmres+P-A+CC(mult,2) rel=4.7e-03 lits=2 t_lin=0.0s |dx|2=4.32e-01 t_fact=0.05s eta=1.00e-01 mu=5.796e-01 retries=0
    COARSE build mode=mult profiles=2 K=1024 t_assembly=0.015s t_lu=0.027s t_cond=0.003s norm1=5.480e+04 inv_norm1_est=2.668e-02 rcond_est=6.841e-04 min|U_kk|=3.109e+02 max|U_kk|=1.276e+04 zero_pivots=0 mu=3.153e-01 assembly=colored factor=banded applications=256 color_period=8 kl=319 ku=319
    COARSE apply applications=3 t_apply_avg=0.639ms t_host_solve_avg=0.354ms
    LINEAR gmres+P-A+CC(mult,2) its=2 rel=7.6e-03 t=0.00s cycles=1 reorth=2 rec=7.6e-03 status=converged t_fact=0.00s singular_modes=0 mu=3.153e-01
  NEWTON generic3d:0.25:16:i1o4 it= 3 r_F=3.291e-01 r_out=3.706e-04 lambda=1 |dx|max=1.33e-02 lin=gmres+P-A+CC(mult,2) rel=7.6e-03 lits=2 t_lin=0.0s |dx|2=3.71e-01 t_fact=0.05s eta=1.00e-01 mu=3.153e-01 retries=0
    COARSE build mode=mult profiles=2 K=1024 t_assembly=0.015s t_lu=0.028s t_cond=0.003s norm1=5.415e+04 inv_norm1_est=4.407e-02 rcond_est=4.191e-04 min|U_kk|=2.406e+02 max|U_kk|=1.208e+04 zero_pivots=0 mu=1.484e-01 assembly=colored factor=banded applications=256 color_period=8 kl=319 ku=319
    COARSE apply applications=4 t_apply_avg=0.641ms t_host_solve_avg=0.352ms
    LINEAR gmres+P-A+CC(mult,2) its=3 rel=3.5e-03 t=0.00s cycles=1 reorth=3 rec=3.5e-03 status=converged t_fact=0.00s singular_modes=0 mu=1.484e-01
  NEWTON generic3d:0.25:16:i1o4 it= 4 r_F=1.260e-01 r_out=1.093e-04 lambda=1 |dx|max=1.12e-02 lin=gmres+P-A+CC(mult,2) rel=3.5e-03 lits=3 t_lin=0.0s |dx|2=2.99e-01 t_fact=0.05s eta=1.00e-01 mu=1.484e-01 retries=0
    COARSE build mode=mult profiles=2 K=1024 t_assembly=0.015s t_lu=0.061s t_cond=0.007s norm1=5.399e+04 inv_norm1_est=6.780e-02 rcond_est=2.732e-04 min|U_kk|=1.953e+02 max|U_kk|=1.172e+04 zero_pivots=0 mu=5.684e-02 assembly=colored factor=banded applications=256 color_period=8 kl=319 ku=319
    COARSE apply applications=5 t_apply_avg=1.074ms t_host_solve_avg=0.764ms
    LINEAR gmres+P-A+CC(mult,2) its=4 rel=4.2e-03 t=0.01s cycles=1 reorth=4 rec=4.2e-03 status=converged t_fact=0.00s singular_modes=0 mu=5.684e-02
  NEWTON generic3d:0.25:16:i1o4 it= 5 r_F=4.693e-02 r_out=4.573e-05 lambda=1 |dx|max=1.06e-02 lin=gmres+P-A+CC(mult,2) rel=4.2e-03 lits=4 t_lin=0.0s |dx|2=2.87e-01 t_fact=0.08s eta=1.00e-01 mu=5.684e-02 retries=0
    COARSE build mode=mult profiles=2 K=1024 t_assembly=0.015s t_lu=0.049s t_cond=0.005s norm1=5.460e+04 inv_norm1_est=8.840e-02 rcond_est=2.072e-04 min|U_kk|=1.741e+02 max|U_kk|=1.157e+04 zero_pivots=0 mu=2.116e-02 assembly=colored factor=banded applications=256 color_period=8 kl=319 ku=319
    COARSE apply applications=7 t_apply_avg=0.847ms t_host_solve_avg=0.550ms
    LINEAR gmres+P-A+CC(mult,2) its=6 rel=7.4e-03 t=0.01s cycles=1 reorth=6 rec=7.4e-03 status=converged t_fact=0.00s singular_modes=0 mu=2.116e-02
  NEWTON generic3d:0.25:16:i1o4 it= 6 r_F=2.355e-02 r_out=8.338e-05 lambda=1 |dx|max=1.09e-02 lin=gmres+P-A+CC(mult,2) rel=7.4e-03 lits=6 t_lin=0.0s |dx|2=3.97e-01 t_fact=0.07s eta=1.00e-01 mu=2.116e-02 retries=0
    COARSE build mode=mult profiles=2 K=1024 t_assembly=0.015s t_lu=0.037s t_cond=0.004s norm1=5.594e+04 inv_norm1_est=1.161e-01 rcond_est=1.540e-04 min|U_kk|=1.657e+02 max|U_kk|=1.153e+04 zero_pivots=0 mu=1.062e-02 assembly=colored factor=banded applications=256 color_period=8 kl=319 ku=319
    COARSE apply applications=9 t_apply_avg=0.714ms t_host_solve_avg=0.425ms
    LINEAR gmres+P-A+CC(mult,2) its=8 rel=6.4e-03 t=0.01s cycles=1 reorth=7 rec=6.4e-03 status=converged t_fact=0.00s singular_modes=0 mu=1.062e-02
  NEWTON generic3d:0.25:16:i1o4 it= 7 r_F=1.267e-02 r_out=1.044e-04 lambda=1 |dx|max=1.21e-02 lin=gmres+P-A+CC(mult,2) rel=6.4e-03 lits=8 t_lin=0.0s |dx|2=4.16e-01 t_fact=0.06s eta=1.00e-01 mu=1.062e-02 retries=0
    COARSE build mode=mult profiles=2 K=1024 t_assembly=0.015s t_lu=0.031s t_cond=0.004s norm1=5.783e+04 inv_norm1_est=1.317e-01 rcond_est=1.313e-04 min|U_kk|=1.614e+02 max|U_kk|=1.153e+04 zero_pivots=0 mu=5.714e-03 assembly=colored factor=banded applications=256 color_period=8 kl=319 ku=319
    COARSE apply applications=10 t_apply_avg=0.678ms t_host_solve_avg=0.392ms
    LINEAR gmres+P-A+CC(mult,2) its=9 rel=5.7e-03 t=0.01s cycles=1 reorth=8 rec=5.7e-03 status=converged t_fact=0.00s singular_modes=0 mu=5.714e-03
  NEWTON generic3d:0.25:16:i1o4 it= 8 r_F=5.303e-03 r_out=6.303e-05 lambda=1 |dx|max=9.28e-03 lin=gmres+P-A+CC(mult,2) rel=5.7e-03 lits=9 t_lin=0.0s |dx|2=3.03e-01 t_fact=0.05s eta=1.00e-01 mu=5.714e-03 retries=0
    COARSE build mode=mult profiles=2 K=1024 t_assembly=0.015s t_lu=0.029s t_cond=0.004s norm1=5.940e+04 inv_norm1_est=1.390e-01 rcond_est=1.211e-04 min|U_kk|=1.583e+02 max|U_kk|=1.154e+04 zero_pivots=0 mu=2.392e-03 assembly=colored factor=banded applications=256 color_period=8 kl=319 ku=319
    COARSE apply applications=10 t_apply_avg=0.664ms t_host_solve_avg=0.375ms
    LINEAR gmres+P-A+CC(mult,2) its=9 rel=9.5e-03 t=0.01s cycles=1 reorth=8 rec=9.5e-03 status=converged t_fact=0.00s singular_modes=0 mu=2.392e-03
  NEWTON generic3d:0.25:16:i1o4 it= 9 r_F=1.318e-03 r_out=2.005e-05 lambda=1 |dx|max=5.00e-03 lin=gmres+P-A+CC(mult,2) rel=9.5e-03 lits=9 t_lin=0.0s |dx|2=1.58e-01 t_fact=0.05s eta=1.00e-01 mu=2.392e-03 retries=0
    COARSE build mode=mult profiles=2 K=1024 t_assembly=0.015s t_lu=0.029s t_cond=0.004s norm1=6.029e+04 inv_norm1_est=1.487e-01 rcond_est=1.116e-04 min|U_kk|=1.565e+02 max|U_kk|=1.154e+04 zero_pivots=0 mu=5.944e-04 assembly=colored factor=banded applications=256 color_period=8 kl=319 ku=319
    COARSE apply applications=12 t_apply_avg=0.653ms t_host_solve_avg=0.367ms
    LINEAR gmres+P-A+CC(mult,2) its=11 rel=3.8e-03 t=0.01s cycles=1 reorth=10 rec=3.8e-03 status=converged t_fact=0.00s singular_modes=0 mu=5.944e-04
  NEWTON generic3d:0.25:16:i1o4 it=10 r_F=1.058e-04 r_out=1.835e-06 lambda=1 |dx|max=1.45e-03 lin=gmres+P-A+CC(mult,2) rel=3.8e-03 lits=11 t_lin=0.0s |dx|2=4.23e-02 t_fact=0.05s eta=5.56e-02 mu=5.944e-04 retries=0
    COARSE build mode=mult profiles=2 K=1024 t_assembly=0.015s t_lu=0.029s t_cond=0.004s norm1=6.053e+04 inv_norm1_est=1.518e-01 rcond_est=1.088e-04 min|U_kk|=1.559e+02 max|U_kk|=1.154e+04 zero_pivots=0 mu=4.774e-05 assembly=colored factor=banded applications=256 color_period=8 kl=319 ku=319
    COARSE apply applications=16 t_apply_avg=0.666ms t_host_solve_avg=0.377ms
    LINEAR gmres+P-A+CC(mult,2) its=15 rel=4.4e-04 t=0.01s cycles=1 reorth=14 rec=4.4e-04 status=converged t_fact=0.00s singular_modes=0 mu=4.774e-05
  NEWTON generic3d:0.25:16:i1o4 it=11 r_F=7.315e-07 r_out=1.311e-08 lambda=1 |dx|max=1.15e-04 lin=gmres+P-A+CC(mult,2) rel=4.4e-04 lits=15 t_lin=0.0s |dx|2=3.08e-03 t_fact=0.05s eta=5.81e-03 mu=4.774e-05 retries=0
    COARSE build mode=mult profiles=2 K=1024 t_assembly=0.015s t_lu=0.029s t_cond=0.004s norm1=6.055e+04 inv_norm1_est=1.521e-01 rcond_est=1.086e-04 min|U_kk|=1.559e+02 max|U_kk|=1.154e+04 zero_pivots=0 mu=3.299e-07 assembly=colored factor=banded applications=256 color_period=8 kl=319 ku=319
    COARSE apply applications=25 t_apply_avg=0.656ms t_host_solve_avg=0.372ms
    LINEAR gmres+P-A+CC(mult,2) its=24 rel=4.0e-06 t=0.02s cycles=1 reorth=23 rec=4.0e-06 status=converged t_fact=0.00s singular_modes=0 mu=3.299e-07
  NEWTON generic3d:0.25:16:i1o4 it=12 r_F=3.555e-11 r_out=6.179e-13 lambda=1 |dx|max=7.51e-07 lin=gmres+P-A+CC(mult,2) rel=4.0e-06 lits=24 t_lin=0.0s |dx|2=1.87e-05 t_fact=0.05s eta=4.30e-05 mu=3.299e-07 retries=0
    COARSE build mode=mult profiles=2 K=1024 t_assembly=0.015s t_lu=0.029s t_cond=0.003s norm1=6.055e+04 inv_norm1_est=1.521e-01 rcond_est=1.086e-04 min|U_kk|=1.559e+02 max|U_kk|=1.154e+04 zero_pivots=0 mu=1.603e-11 assembly=colored factor=banded applications=256 color_period=8 kl=319 ku=319
    COARSE apply applications=18 t_apply_avg=0.651ms t_host_solve_avg=0.372ms
    LINEAR gmres+P-A+CC(mult,2) its=17 rel=1.2e-04 t=0.02s cycles=1 reorth=16 rec=1.2e-04 status=converged t_fact=0.00s singular_modes=0 mu=1.603e-11
  NEWTON generic3d:0.25:16:i1o4 it=13 r_F=4.546e-15 r_out=3.964e-16 lambda=1 |dx|max=3.46e-11 lin=gmres+P-A+CC(mult,2) rel=1.2e-04 lits=17 t_lin=0.0s |dx|2=8.05e-10 t_fact=0.05s eta=1.41e-03 mu=1.603e-11 retries=0
  STAGE_END field=generic3d eps=0.25 N=16 cand=i1o4 status=converged its=13 r_F=4.546e-15 r_out=3.964e-16 -> accepted
STAGE field=generic3d eps=0.5 N=16 cand=i1o4 (from eps=0.25, warm start)
  NEWTON generic3d:0.5:16:i1o4 it= 0 r_F=2.016e+00 r_out=1.734e-01
    COARSE build mode=mult profiles=2 K=1024 t_assembly=0.015s t_lu=0.029s t_cond=0.004s norm1=9.177e+04 inv_norm1_est=1.158e-02 rcond_est=9.413e-04 min|U_kk|=4.699e+02 max|U_kk|=2.239e+04 zero_pivots=0 mu=1.000e+00 assembly=colored factor=banded applications=256 color_period=8 kl=319 ku=319
    COARSE apply applications=4 t_apply_avg=0.687ms t_host_solve_avg=0.400ms
    LINEAR gmres+P-A+CC(mult,2) its=3 rel=2.5e-03 t=0.00s cycles=1 reorth=3 rec=2.5e-03 status=converged t_fact=0.00s singular_modes=0 mu=1.000e+00
  NEWTON generic3d:0.5:16:i1o4 it= 1 r_F=1.186e+00 r_out=1.336e-02 lambda=1 |dx|max=2.94e-02 lin=gmres+P-A+CC(mult,2) rel=2.5e-03 lits=3 t_lin=0.0s |dx|2=4.82e-01 t_fact=0.05s eta=1.00e-01 mu=1.000e+00 retries=0
    COARSE build mode=mult profiles=2 K=1024 t_assembly=0.015s t_lu=0.029s t_cond=0.004s norm1=8.920e+04 inv_norm1_est=1.948e-02 rcond_est=5.754e-04 min|U_kk|=3.601e+02 max|U_kk|=1.980e+04 zero_pivots=0 mu=5.861e-01 assembly=colored factor=banded applications=256 color_period=8 kl=319 ku=319
    COARSE apply applications=4 t_apply_avg=0.687ms t_host_solve_avg=0.401ms
    LINEAR gmres+P-A+CC(mult,2) its=3 rel=4.4e-03 t=0.00s cycles=1 reorth=3 rec=4.4e-03 status=converged t_fact=0.00s singular_modes=0 mu=5.861e-01
  NEWTON generic3d:0.5:16:i1o4 it= 2 r_F=6.582e-01 r_out=1.732e-03 lambda=1 |dx|max=1.68e-02 lin=gmres+P-A+CC(mult,2) rel=4.4e-03 lits=3 t_lin=0.0s |dx|2=4.29e-01 t_fact=0.05s eta=1.00e-01 mu=5.861e-01 retries=0
    COARSE build mode=mult profiles=2 K=1024 t_assembly=0.015s t_lu=0.029s t_cond=0.004s norm1=8.818e+04 inv_norm1_est=3.183e-02 rcond_est=3.563e-04 min|U_kk|=2.799e+02 max|U_kk|=1.846e+04 zero_pivots=0 mu=3.252e-01 assembly=colored factor=banded applications=256 color_period=8 kl=319 ku=319
    COARSE apply applications=4 t_apply_avg=0.665ms t_host_solve_avg=0.380ms
    LINEAR gmres+P-A+CC(mult,2) its=3 rel=9.5e-03 t=0.00s cycles=1 reorth=3 rec=9.5e-03 status=converged t_fact=0.00s singular_modes=0 mu=3.252e-01
  NEWTON generic3d:0.5:16:i1o4 it= 3 r_F=3.190e-01 r_out=6.088e-04 lambda=1 |dx|max=1.27e-02 lin=gmres+P-A+CC(mult,2) rel=9.5e-03 lits=3 t_lin=0.0s |dx|2=3.71e-01 t_fact=0.05s eta=1.00e-01 mu=3.252e-01 retries=0
    COARSE build mode=mult profiles=2 K=1024 t_assembly=0.015s t_lu=0.029s t_cond=0.004s norm1=8.805e+04 inv_norm1_est=5.157e-02 rcond_est=2.202e-04 min|U_kk|=2.210e+02 max|U_kk|=1.770e+04 zero_pivots=0 mu=1.576e-01 assembly=colored factor=banded applications=256 color_period=8 kl=319 ku=319
    COARSE apply applications=6 t_apply_avg=0.675ms t_host_solve_avg=0.391ms
    LINEAR gmres+P-A+CC(mult,2) its=5 rel=5.8e-03 t=0.00s cycles=1 reorth=5 rec=5.8e-03 status=converged t_fact=0.00s singular_modes=0 mu=1.576e-01
  NEWTON generic3d:0.5:16:i1o4 it= 4 r_F=1.308e-01 r_out=2.978e-04 lambda=1 |dx|max=1.14e-02 lin=gmres+P-A+CC(mult,2) rel=5.8e-03 lits=5 t_lin=0.0s |dx|2=3.18e-01 t_fact=0.05s eta=1.00e-01 mu=1.576e-01 retries=0
    COARSE build mode=mult profiles=2 K=1024 t_assembly=0.015s t_lu=0.029s t_cond=0.004s norm1=8.867e+04 inv_norm1_est=7.790e-02 rcond_est=1.448e-04 min|U_kk|=1.839e+02 max|U_kk|=1.732e+04 zero_pivots=0 mu=6.461e-02 assembly=colored factor=banded applications=256 color_period=8 kl=319 ku=319
    COARSE apply applications=9 t_apply_avg=0.676ms t_host_solve_avg=0.390ms
    LINEAR gmres+P-A+CC(mult,2) its=8 rel=9.2e-03 t=0.01s cycles=1 reorth=8 rec=9.2e-03 status=converged t_fact=0.00s singular_modes=0 mu=6.461e-02
  NEWTON generic3d:0.5:16:i1o4 it= 5 r_F=5.575e-02 r_out=2.712e-04 lambda=1 |dx|max=1.12e-02 lin=gmres+P-A+CC(mult,2) rel=9.2e-03 lits=8 t_lin=0.0s |dx|2=3.29e-01 t_fact=0.05s eta=1.00e-01 mu=6.461e-02 retries=0
    COARSE build mode=mult profiles=2 K=1024 t_assembly=0.015s t_lu=0.028s t_cond=0.004s norm1=9.038e+04 inv_norm1_est=1.008e-01 rcond_est=1.097e-04 min|U_kk|=1.680e+02 max|U_kk|=1.717e+04 zero_pivots=0 mu=2.755e-02 assembly=colored factor=banded applications=256 color_period=8 kl=319 ku=319
    COARSE apply applications=14 t_apply_avg=0.651ms t_host_solve_avg=0.370ms
    LINEAR gmres+P-A+CC(mult,2) its=13 rel=8.9e-03 t=0.01s cycles=1 reorth=12 rec=8.9e-03 status=converged t_fact=0.00s singular_modes=0 mu=2.755e-02
  NEWTON generic3d:0.5:16:i1o4 it= 6 r_F=3.146e-02 r_out=2.862e-04 lambda=1 |dx|max=1.47e-02 lin=gmres+P-A+CC(mult,2) rel=8.9e-03 lits=13 t_lin=0.0s |dx|2=4.21e-01 t_fact=0.05s eta=1.00e-01 mu=2.755e-02 retries=0
    COARSE build mode=mult profiles=2 K=1024 t_assembly=0.015s t_lu=0.029s t_cond=0.004s norm1=9.361e+04 inv_norm1_est=1.349e-01 rcond_est=7.919e-05 min|U_kk|=1.625e+02 max|U_kk|=1.717e+04 zero_pivots=0 mu=1.554e-02 assembly=colored factor=banded applications=256 color_period=8 kl=319 ku=319
    COARSE apply applications=17 t_apply_avg=0.651ms t_host_solve_avg=0.369ms
    LINEAR gmres+P-A+CC(mult,2) its=16 rel=9.7e-03 t=0.01s cycles=1 reorth=15 rec=9.7e-03 status=converged t_fact=0.00s singular_modes=0 mu=1.554e-02
  NEWTON generic3d:0.5:16:i1o4 it= 7 r_F=2.030e-02 r_out=3.565e-04 lambda=1 |dx|max=1.59e-02 lin=gmres+P-A+CC(mult,2) rel=9.7e-03 lits=16 t_lin=0.0s |dx|2=4.59e-01 t_fact=0.05s eta=1.00e-01 mu=1.554e-02 retries=0
    COARSE build mode=mult profiles=2 K=1024 t_assembly=0.015s t_lu=0.029s t_cond=0.003s norm1=9.777e+04 inv_norm1_est=1.592e-01 rcond_est=6.425e-05 min|U_kk|=1.595e+02 max|U_kk|=1.721e+04 zero_pivots=0 mu=1.003e-02 assembly=colored factor=banded applications=256 color_period=8 kl=319 ku=319
    COARSE apply applications=20 t_apply_avg=0.631ms t_host_solve_avg=0.354ms
    LINEAR gmres+P-A+CC(mult,2) its=19 rel=8.9e-03 t=0.02s cycles=1 reorth=18 rec=8.9e-03 status=converged t_fact=0.00s singular_modes=0 mu=1.003e-02
  NEWTON generic3d:0.5:16:i1o4 it= 8 r_F=1.188e-02 r_out=2.600e-04 lambda=1 |dx|max=1.35e-02 lin=gmres+P-A+CC(mult,2) rel=8.9e-03 lits=19 t_lin=0.0s |dx|2=3.98e-01 t_fact=0.05s eta=1.00e-01 mu=1.003e-02 retries=0
    COARSE build mode=mult profiles=2 K=1024 t_assembly=0.015s t_lu=0.028s t_cond=0.003s norm1=1.019e+05 inv_norm1_est=1.813e-01 rcond_est=5.410e-05 min|U_kk|=1.572e+02 max|U_kk|=1.722e+04 zero_pivots=0 mu=5.872e-03 assembly=colored factor=banded applications=256 color_period=8 kl=319 ku=319
    COARSE apply applications=23 t_apply_avg=0.620ms t_host_solve_avg=0.351ms
    LINEAR gmres+P-A+CC(mult,2) its=22 rel=9.1e-03 t=0.02s cycles=1 reorth=21 rec=9.1e-03 status=converged t_fact=0.00s singular_modes=0 mu=5.872e-03
  NEWTON generic3d:0.5:16:i1o4 it= 9 r_F=5.753e-03 r_out=1.504e-04 lambda=1 |dx|max=9.96e-03 lin=gmres+P-A+CC(mult,2) rel=9.1e-03 lits=22 t_lin=0.0s |dx|2=3.01e-01 t_fact=0.05s eta=1.00e-01 mu=5.872e-03 retries=0
    COARSE build mode=mult profiles=2 K=1024 t_assembly=0.014s t_lu=0.028s t_cond=0.003s norm1=1.057e+05 inv_norm1_est=2.033e-01 rcond_est=4.656e-05 min|U_kk|=1.556e+02 max|U_kk|=1.721e+04 zero_pivots=0 mu=2.844e-03 assembly=colored factor=banded applications=256 color_period=8 kl=319 ku=319
    COARSE apply applications=26 t_apply_avg=0.618ms t_host_solve_avg=0.348ms
    LINEAR gmres+P-A+CC(mult,2) its=25 rel=9.5e-03 t=0.02s cycles=1 reorth=24 rec=9.5e-03 status=converged t_fact=0.00s singular_modes=0 mu=2.844e-03
  NEWTON generic3d:0.5:16:i1o4 it=10 r_F=2.136e-03 r_out=6.309e-05 lambda=1 |dx|max=5.83e-03 lin=gmres+P-A+CC(mult,2) rel=9.5e-03 lits=25 t_lin=0.0s |dx|2=1.81e-01 t_fact=0.05s eta=1.00e-01 mu=2.844e-03 retries=0
    COARSE build mode=mult profiles=2 K=1024 t_assembly=0.014s t_lu=0.028s t_cond=0.003s norm1=1.084e+05 inv_norm1_est=2.196e-01 rcond_est=4.201e-05 min|U_kk|=1.548e+02 max|U_kk|=1.718e+04 zero_pivots=0 mu=1.056e-03 assembly=colored factor=banded applications=256 color_period=8 kl=319 ku=319
    COARSE apply applications=29 t_apply_avg=0.619ms t_host_solve_avg=0.355ms
    LINEAR gmres+P-A+CC(mult,2) its=28 rel=8.9e-03 t=0.03s cycles=1 reorth=27 rec=8.9e-03 status=converged t_fact=0.00s singular_modes=0 mu=1.056e-03
  NEWTON generic3d:0.5:16:i1o4 it=11 r_F=4.485e-04 r_out=1.288e-05 lambda=1 |dx|max=2.37e-03 lin=gmres+P-A+CC(mult,2) rel=8.9e-03 lits=28 t_lin=0.0s |dx|2=6.84e-02 t_fact=0.05s eta=1.00e-01 mu=1.056e-03 retries=0
    COARSE build mode=mult profiles=2 K=1024 t_assembly=0.014s t_lu=0.028s t_cond=0.003s norm1=1.096e+05 inv_norm1_est=2.283e-01 rcond_est=3.996e-05 min|U_kk|=1.544e+02 max|U_kk|=1.717e+04 zero_pivots=0 mu=2.217e-04 assembly=colored factor=banded applications=256 color_period=8 kl=319 ku=319
    COARSE apply applications=34 t_apply_avg=0.617ms t_host_solve_avg=0.352ms
    LINEAR gmres+P-A+CC(mult,2) its=33 rel=3.9e-03 t=0.03s cycles=1 reorth=32 rec=3.9e-03 status=converged t_fact=0.00s singular_modes=0 mu=2.217e-04
  NEWTON generic3d:0.5:16:i1o4 it=12 r_F=2.283e-05 r_out=5.990e-07 lambda=1 |dx|max=4.47e-04 lin=gmres+P-A+CC(mult,2) rel=3.9e-03 lits=33 t_lin=0.0s |dx|2=1.19e-02 t_fact=0.05s eta=3.97e-02 mu=2.217e-04 retries=0
    COARSE build mode=mult profiles=2 K=1024 t_assembly=0.014s t_lu=0.028s t_cond=0.003s norm1=1.099e+05 inv_norm1_est=2.306e-01 rcond_est=3.946e-05 min|U_kk|=1.543e+02 max|U_kk|=1.716e+04 zero_pivots=0 mu=1.128e-05 assembly=colored factor=banded applications=256 color_period=8 kl=319 ku=319
    COARSE apply applications=49 t_apply_avg=0.618ms t_host_solve_avg=0.353ms
    LINEAR gmres+P-A+CC(mult,2) its=48 rel=2.3e-04 t=0.05s cycles=1 reorth=47 rec=2.3e-04 status=converged t_fact=0.00s singular_modes=0 mu=1.128e-05
  NEWTON generic3d:0.5:16:i1o4 it=13 r_F=6.181e-08 r_out=1.326e-09 lambda=1 |dx|max=2.18e-05 lin=gmres+P-A+CC(mult,2) rel=2.3e-04 lits=48 t_lin=0.1s |dx|2=5.07e-04 t_fact=0.05s eta=2.33e-03 mu=1.128e-05 retries=0
    COARSE build mode=mult profiles=2 K=1024 t_assembly=0.014s t_lu=0.028s t_cond=0.003s norm1=1.099e+05 inv_norm1_est=2.308e-01 rcond_est=3.944e-05 min|U_kk|=1.543e+02 max|U_kk|=1.716e+04 zero_pivots=0 mu=3.055e-08 assembly=colored factor=banded applications=256 color_period=8 kl=319 ku=319
    COARSE apply applications=78 t_apply_avg=0.647ms t_host_solve_avg=0.351ms
    LINEAR gmres+P-A+CC(mult,2) its=77 rel=5.5e-07 t=0.10s cycles=1 reorth=75 rec=5.5e-07 status=converged t_fact=0.00s singular_modes=0 mu=3.055e-08
  NEWTON generic3d:0.5:16:i1o4 it=14 r_F=4.349e-13 r_out=8.256e-15 lambda=1 |dx|max=5.47e-08 lin=gmres+P-A+CC(mult,2) rel=5.5e-07 lits=77 t_lin=0.1s |dx|2=1.23e-06 t_fact=0.05s eta=6.60e-06 mu=3.055e-08 retries=0
    COARSE build mode=mult profiles=2 K=1024 t_assembly=0.014s t_lu=0.028s t_cond=0.003s norm1=1.099e+05 inv_norm1_est=2.308e-01 rcond_est=3.944e-05 min|U_kk|=1.543e+02 max|U_kk|=1.716e+04 zero_pivots=0 mu=2.149e-13 assembly=colored factor=banded applications=256 color_period=8 kl=319 ku=319
    COARSE apply applications=28 t_apply_avg=0.602ms t_host_solve_avg=0.347ms
    LINEAR gmres+P-A+CC(mult,2) its=27 rel=1.1e-02 t=0.02s cycles=1 reorth=25 rec=1.1e-02 status=converged t_fact=0.00s singular_modes=0 mu=2.149e-13
  NEWTON generic3d:0.5:16:i1o4 it=15 r_F=6.129e-15 r_out=7.046e-16 lambda=1 |dx|max=3.85e-13 lin=gmres+P-A+CC(mult,2) rel=1.1e-02 lits=27 t_lin=0.0s |dx|2=8.68e-12 t_fact=0.05s eta=1.15e-01 mu=2.149e-13 retries=0
  STAGE_END field=generic3d eps=0.5 N=16 cand=i1o4 status=converged its=15 r_F=6.129e-15 r_out=7.046e-16 -> accepted
PATH field=generic3d eps=0.5 N=16 cand=i1o4 continuation path: 0.25->0.5
GMRES_STATS field=generic3d eps=0.5 N=16 stage_eps=0.25 status=converged newton_its=13 steps=13 its_max=24 its_median=8.0 its_total=112 rel_max=9.5e-03 linear_failures=0 forcing=ew etas=1.00e-01,1.00e-01,1.00e-01,1.00e-01,1.00e-01,1.00e-01,1.00e-01,1.00e-01,1.00e-01,5.56e-02,5.81e-03,4.30e-05,1.41e-03 psitc=on mus=1.00e+00,5.80e-01,3.15e-01,1.48e-01,5.68e-02,2.12e-02,1.06e-02,5.71e-03,2.39e-03,5.94e-04,4.77e-05,3.30e-07,1.60e-11
GMRES_STATS field=generic3d eps=0.5 N=16 stage_eps=0.5 status=converged newton_its=15 steps=15 its_max=77 its_median=19.0 its_total=330 rel_max=1.1e-02 linear_failures=0 forcing=ew etas=1.00e-01,1.00e-01,1.00e-01,1.00e-01,1.00e-01,1.00e-01,1.00e-01,1.00e-01,1.00e-01,1.00e-01,1.00e-01,3.97e-02,2.33e-03,6.60e-06,1.15e-01 psitc=on mus=1.00e+00,5.86e-01,3.25e-01,1.58e-01,6.46e-02,2.75e-02,1.55e-02,1.00e-02,5.87e-03,2.84e-03,1.06e-03,2.22e-04,1.13e-05,3.06e-08,2.15e-13
CASE field=generic3d eps=0.5 N=16 cand=i1o4 | r_F=6.129e-15 its=15 | e_v=1.460e-02 e_psi=1.017e-01 e_i=(9.837e-03,1.059e-02) e_div=3.446e-02 min_c=3.901e-01 p0.1=4.049e-01 p1=4.630e-01 p5=5.608e-01 p50=9.931e-01 | t=1.9 | e_psi1=7.798e-02 e_psi2=1.017e-01
CASE field=generic3d eps=0.5 N=16 cand=oracle_fd4 | r_F=nan its=nan | e_v=7.435e-03 e_psi=1.681e-17 e_i=(4.646e-03,3.497e-03) e_div=4.902e-02 min_c=3.905e-01 p0.1=4.053e-01 p1=4.637e-01 p5=5.610e-01 p50=9.943e-01 | t=0.0 | e_psi1=9.826e-18 e_psi2=1.681e-17
EXTRA field=generic3d eps=0.5 N=16 cand=i1o4 status=converged r_F=6.129e-15 r_out=7.046e-16 | outlet c_perp-vperp_in: cand=7.046e-16 oracle_fd=1.193e-02 | inlet oblique defect (c x e1 - vperp_in x e1)/v_rms: j=0(one-sided) cand=2.705e-02 oracle_fd=1.383e-02; j=1 cand=1.693e-01 oracle_fd=1.697e-01; j=1 vs vD(j=1) cand=1.248e-02 oracle_fd=3.604e-03 | min|c|/v_rms=0.3544 min|vD|/v_rms=0.3549 e_i1=9.837e-03 e_i2=1.059e-02 | t=1.9s | a_psi1=4.373e-03 a_psi2=5.709e-03 (FD order 4)
HISTORY field=generic3d eps=0.5 N=16 cand=i1o4 r_F: 2.02e+00 1.19e+00 6.58e-01 3.19e-01 1.31e-01 5.58e-02 3.15e-02 2.03e-02 1.19e-02 5.75e-03 2.14e-03 4.48e-04 2.28e-05 6.18e-08 4.35e-13 6.13e-15
HISTORY field=generic3d eps=0.5 N=16 cand=i1o4 r_out: 1.73e-01 1.34e-02 1.73e-03 6.09e-04 2.98e-04 2.71e-04 2.86e-04 3.57e-04 2.60e-04 1.50e-04 6.31e-05 1.29e-05 5.99e-07 1.33e-09 8.26e-15 7.05e-16
HISTORY_FULL field=generic3d eps=0.5 N=16 cand=i1o4 r_F: 2.01635800566487022e+00 1.18599292624832131e+00 6.58204605246594299e-01 3.18967484614669505e-01 1.30760119551361131e-01 5.57544283953769551e-02 3.14562301857966367e-02 2.03031919045110719e-02 1.18809309952572374e-02 5.75325428006112204e-03 2.13620183775476867e-03 4.48465334451840568e-04 2.28261785125173441e-05 6.18139236066448765e-08 4.34858062068234156e-13 6.12880406134723300e-15
HISTORY_FULL field=generic3d eps=0.5 N=16 cand=i1o4 r_out: 1.73378128095753953e-01 1.33634199170123667e-02 1.73200689930404260e-03 6.08773135364075045e-04 2.97775591338701490e-04 2.71165421712903174e-04 2.86242252741280244e-04 3.56538861654312727e-04 2.60016013396509934e-04 1.50420070030750607e-04 6.30945181896442323e-05 1.28815518840923647e-05 5.99011903659134023e-07 1.32619528994768324e-09 8.25634761621718218e-15 7.04585299374301794e-16
FIELDDIFF max_rel_diff_u1=1.729e-14 max_rel_diff_u2=1.895e-14 max_rel_diff_joint=1.895e-14 max_abs_diff_u1=2.290e-15 max_abs_diff_u2=2.512e-15 max_abs_u_proto=(1.325e-01,1.326e-01) (rel: max|u_gpu - u_proto| / max|u_proto| over planes 0..N; joint: max abs diff / max over both fields; prototype /home/sesquerre/MacroFlow3D-SF-33/docs/experiments/artifacts/2026-10-06-sf33-gpu-inlet-labels/exports/solutions/generic3d_0.5_16_i1o4 status=converged its=7 path=0.25->0.5 r_F=5.521e-15)
TIMING load=0.003s metrics=0.001s prepare=0.041s solve=1.875s total=1.921s
MEMORY peak_device_bytes=523239424 free_min=33566490624 total_device=34089730048 workspaces_bytes=11116415 (peak/free: cudaMemGetInfo polls before/after every phase, device-wide)
SUMMARY_JSON /home/sesquerre/MacroFlow3D-SF-33/docs/experiments/artifacts/2026-10-06-sf33-gpu-inlet-labels/raw/proto_b/generic3d_0.5_16.json
STATUS converged
