command: /home/sesquerre/MacroFlow3D-SF-33/build/v100-release/inlet_slab --proto /home/sesquerre/MacroFlow3D-SF-33/docs/experiments/artifacts/2026-10-06-sf33-gpu-inlet-labels/exports/gauss_ch_0.25_16 --solution /home/sesquerre/MacroFlow3D-SF-33/docs/experiments/artifacts/2026-10-06-sf33-gpu-inlet-labels/exports/solutions/gauss_ch_0.25_16_i1o4 --summary /home/sesquerre/MacroFlow3D-SF-33/docs/experiments/artifacts/2026-10-06-sf33-gpu-inlet-labels/raw/proto/gauss_ch_0.25_16.json
CASE_DIR /home/sesquerre/MacroFlow3D-SF-33/docs/experiments/artifacts/2026-10-06-sf33-gpu-inlet-labels/exports/gauss_ch_0.25_16 field=gauss_ch eps=0.25 N=16 nphi=48 Q0=1.00000000000808 inlet_vmin=5.832088e-01 v_rms=1.0219525819398 cache_hit=1 stage_amplitudes=16 target_eps=0.25
SETUP grad_lnk=analytic (prototype export: complex-step gradient of the analytic ln k at the vertices)
SOLVER N=16 eps=0.25 cand=i1o4 newton_tol=1.0e-13 max_newton=40 lin_tol=1.0e-12 restart=100 max_inner=6000 bisect=4 prec=P-A ladder=(0.25,0.5,1) stage_ok=1e-09
STAGE field=gauss_ch eps=0.25 N=16 cand=i1o4 (from eps=0, u=0)
  NEWTON gauss_ch:0.25:16:i1o4 it= 0 r_F=2.801e+00 r_out=5.478e-17
    LINEAR gmres+P-A its=163 rel=8.2e-14 t=0.17s cycles=2 reorth=150 rec=8.2e-14 status=converged t_fact=0.00s singular_modes=0
  NEWTON gauss_ch:0.25:16:i1o4 it= 1 r_F=6.361e-01 r_out=2.004e-16 lambda=1 |dx|max=1.02e-01 lin=gmres+P-A rel=8.2e-14 lits=163 t_lin=0.2s |dx|2=2.47e+00 t_fact=0.00s
    LINEAR gmres+P-A its=261 rel=9.7e-14 t=0.27s cycles=3 reorth=248 rec=9.7e-14 status=converged t_fact=0.00s singular_modes=0
  NEWTON gauss_ch:0.25:16:i1o4 it= 2 r_F=6.210e-01 r_out=2.690e-16 lambda=0.125 |dx|max=4.24e-01 lin=gmres+P-A rel=9.7e-14 lits=261 t_lin=0.3s |dx|2=3.89e+00 t_fact=0.00s
    LINEAR gmres+P-A its=265 rel=9.2e-14 t=0.31s cycles=3 reorth=252 rec=9.1e-14 status=converged t_fact=0.00s singular_modes=0
  NEWTON gauss_ch:0.25:16:i1o4 it= 3 r_F=5.270e-01 r_out=3.289e-16 lambda=0.25 |dx|max=1.96e-01 lin=gmres+P-A rel=9.2e-14 lits=265 t_lin=0.3s |dx|2=3.13e+00 t_fact=0.00s
    LINEAR gmres+P-A its=500 rel=1.1e-13 t=0.58s cycles=5 reorth=479 rec=1.1e-13 status=converged t_fact=0.00s singular_modes=0
  NEWTON gauss_ch:0.25:16:i1o4 it= 4 r_F=4.953e-01 r_out=3.592e-16 lambda=0.0625 |dx|max=6.37e-01 lin=gmres+P-A rel=1.1e-13 lits=500 t_lin=0.6s |dx|2=6.82e+00 t_fact=0.00s
    LINEAR gmres+P-A its=258 rel=1.0e-13 t=0.27s cycles=3 reorth=246 rec=1.0e-13 status=converged t_fact=0.00s singular_modes=0
  NEWTON gauss_ch:0.25:16:i1o4 it= 5 r_F=4.377e-01 r_out=4.198e-16 lambda=0.125 |dx|max=2.44e-01 lin=gmres+P-A rel=1.0e-13 lits=258 t_lin=0.3s |dx|2=3.00e+00 t_fact=0.00s
  STAGE_END field=gauss_ch eps=0.25 N=16 cand=i1o4 status=stagnation its=5 r_F=4.377e-01 r_out=4.198e-16 -> FAILED
  CONTINUATION bisection 1/4: retry from eps=0 at eps=0.125
STAGE field=gauss_ch eps=0.125 N=16 cand=i1o4 (from eps=0, u=0)
  NEWTON gauss_ch:0.125:16:i1o4 it= 0 r_F=1.400e+00 r_out=7.221e-17
    LINEAR gmres+P-A its=76 rel=5.2e-14 t=0.09s cycles=1 reorth=69 rec=5.2e-14 status=converged t_fact=0.00s singular_modes=0
  NEWTON gauss_ch:0.125:16:i1o4 it= 1 r_F=9.206e-02 r_out=4.872e-16 lambda=1 |dx|max=5.35e-02 lin=gmres+P-A rel=5.2e-14 lits=76 t_lin=0.1s |dx|2=1.27e+00 t_fact=0.00s
    LINEAR gmres+P-A its=48 rel=5.9e-14 t=0.04s cycles=1 reorth=48 rec=5.4e-14 status=converged t_fact=0.00s singular_modes=0
  NEWTON gauss_ch:0.125:16:i1o4 it= 2 r_F=6.739e-02 r_out=2.432e-16 lambda=1 |dx|max=3.05e-02 lin=gmres+P-A rel=5.9e-14 lits=48 t_lin=0.0s |dx|2=6.09e-01 t_fact=0.00s
    LINEAR gmres+P-A its=53 rel=7.5e-14 t=0.04s cycles=1 reorth=53 rec=7.4e-14 status=converged t_fact=0.00s singular_modes=0
  NEWTON gauss_ch:0.125:16:i1o4 it= 3 r_F=4.162e-03 r_out=1.406e-16 lambda=1 |dx|max=7.34e-03 lin=gmres+P-A rel=7.5e-14 lits=53 t_lin=0.0s |dx|2=7.97e-02 t_fact=0.00s
    LINEAR gmres+P-A its=53 rel=8.3e-14 t=0.04s cycles=1 reorth=52 rec=7.4e-14 status=converged t_fact=0.00s singular_modes=0
  NEWTON gauss_ch:0.125:16:i1o4 it= 4 r_F=5.593e-04 r_out=1.223e-16 lambda=1 |dx|max=3.39e-03 lin=gmres+P-A rel=8.3e-14 lits=53 t_lin=0.0s |dx|2=3.21e-02 t_fact=0.00s
    LINEAR gmres+P-A its=51 rel=7.6e-14 t=0.04s cycles=1 reorth=51 rec=7.5e-14 status=converged t_fact=0.00s singular_modes=0
  NEWTON gauss_ch:0.125:16:i1o4 it= 5 r_F=6.913e-07 r_out=1.337e-16 lambda=1 |dx|max=5.89e-05 lin=gmres+P-A rel=7.6e-14 lits=51 t_lin=0.0s |dx|2=8.03e-04 t_fact=0.00s
    LINEAR gmres+P-A its=52 rel=5.8e-14 t=0.04s cycles=1 reorth=51 rec=5.3e-14 status=converged t_fact=0.00s singular_modes=0
  NEWTON gauss_ch:0.125:16:i1o4 it= 6 r_F=6.998e-12 r_out=1.360e-16 lambda=1 |dx|max=2.64e-07 lin=gmres+P-A rel=5.8e-14 lits=52 t_lin=0.0s |dx|2=3.43e-06 t_fact=0.00s
    LINEAR gmres+P-A its=51 rel=6.7e-14 t=0.04s cycles=1 reorth=51 rec=6.5e-14 status=converged t_fact=0.00s singular_modes=0
  NEWTON gauss_ch:0.125:16:i1o4 it= 7 r_F=1.380e-15 r_out=1.261e-16 lambda=1 |dx|max=1.78e-12 lin=gmres+P-A rel=6.7e-14 lits=51 t_lin=0.0s |dx|2=1.79e-11 t_fact=0.00s
  STAGE_END field=gauss_ch eps=0.125 N=16 cand=i1o4 status=converged its=7 r_F=1.380e-15 r_out=1.261e-16 -> accepted
STAGE field=gauss_ch eps=0.25 N=16 cand=i1o4 (from eps=0.125, warm start)
  NEWTON gauss_ch:0.25:16:i1o4 it= 0 r_F=1.392e+00 r_out=1.484e-16
    LINEAR gmres+P-A its=90 rel=8.1e-14 t=0.09s cycles=1 reorth=84 rec=8.1e-14 status=converged t_fact=0.00s singular_modes=0
  NEWTON gauss_ch:0.25:16:i1o4 it= 1 r_F=8.979e-02 r_out=6.618e-16 lambda=1 |dx|max=5.44e-02 lin=gmres+P-A rel=8.1e-14 lits=90 t_lin=0.1s |dx|2=1.35e+00 t_fact=0.00s
    LINEAR gmres+P-A its=88 rel=8.1e-14 t=0.09s cycles=1 reorth=86 rec=7.7e-14 status=converged t_fact=0.00s singular_modes=0
  NEWTON gauss_ch:0.25:16:i1o4 it= 2 r_F=4.820e-02 r_out=3.923e-16 lambda=0.5 |dx|max=3.35e-02 lin=gmres+P-A rel=8.1e-14 lits=88 t_lin=0.1s |dx|2=6.69e-01 t_fact=0.00s
    LINEAR gmres+P-A its=94 rel=9.1e-14 t=0.10s cycles=1 reorth=93 rec=8.6e-14 status=converged t_fact=0.00s singular_modes=0
  NEWTON gauss_ch:0.25:16:i1o4 it= 3 r_F=1.738e-02 r_out=2.730e-16 lambda=1 |dx|max=1.46e-02 lin=gmres+P-A rel=9.1e-14 lits=94 t_lin=0.1s |dx|2=3.02e-01 t_fact=0.00s
    LINEAR gmres+P-A its=123 rel=8.2e-14 t=0.12s cycles=2 reorth=122 rec=8.2e-14 status=converged t_fact=0.00s singular_modes=0
  NEWTON gauss_ch:0.25:16:i1o4 it= 4 r_F=2.618e-04 r_out=2.547e-16 lambda=1 |dx|max=1.18e-03 lin=gmres+P-A rel=8.2e-14 lits=123 t_lin=0.1s |dx|2=1.59e-02 t_fact=0.00s
    LINEAR gmres+P-A its=126 rel=9.5e-14 t=0.15s cycles=2 reorth=124 rec=9.4e-14 status=converged t_fact=0.00s singular_modes=0
  NEWTON gauss_ch:0.25:16:i1o4 it= 5 r_F=1.208e-06 r_out=2.780e-16 lambda=1 |dx|max=9.22e-05 lin=gmres+P-A rel=9.5e-14 lits=126 t_lin=0.2s |dx|2=1.14e-03 t_fact=0.00s
    LINEAR gmres+P-A its=123 rel=9.4e-14 t=0.13s cycles=2 reorth=122 rec=9.3e-14 status=converged t_fact=0.00s singular_modes=0
  NEWTON gauss_ch:0.25:16:i1o4 it= 6 r_F=1.555e-12 r_out=2.591e-16 lambda=1 |dx|max=1.10e-07 lin=gmres+P-A rel=9.4e-14 lits=123 t_lin=0.1s |dx|2=1.28e-06 t_fact=0.00s
    LINEAR gmres+P-A its=128 rel=9.6e-14 t=0.12s cycles=2 reorth=126 rec=9.6e-14 status=converged t_fact=0.00s singular_modes=0
  NEWTON gauss_ch:0.25:16:i1o4 it= 7 r_F=2.781e-15 r_out=2.479e-16 lambda=1 |dx|max=3.75e-13 lin=gmres+P-A rel=9.6e-14 lits=128 t_lin=0.1s |dx|2=3.70e-12 t_fact=0.00s
  STAGE_END field=gauss_ch eps=0.25 N=16 cand=i1o4 status=converged its=7 r_F=2.781e-15 r_out=2.479e-16 -> accepted
PATH field=gauss_ch eps=0.25 N=16 cand=i1o4 continuation path: 0.25(fail)->0.125->0.25
GMRES_STATS field=gauss_ch eps=0.25 N=16 stage_eps=0.25 status=stagnation newton_its=5 steps=5 its_max=500 its_median=261.0 its_total=1447 rel_max=1.1e-13 linear_failures=0
GMRES_STATS field=gauss_ch eps=0.25 N=16 stage_eps=0.125 status=converged newton_its=7 steps=7 its_max=76 its_median=52.0 its_total=384 rel_max=8.3e-14 linear_failures=0
GMRES_STATS field=gauss_ch eps=0.25 N=16 stage_eps=0.25 status=converged newton_its=7 steps=7 its_max=128 its_median=123.0 its_total=772 rel_max=9.6e-14 linear_failures=0
CASE field=gauss_ch eps=0.25 N=16 cand=i1o4 | r_F=2.781e-15 its=7 | e_v=5.287e-03 e_psi=6.780e-02 e_i=(4.111e-03,2.556e-03) e_div=9.408e-03 min_c=5.569e-01 p0.1=5.884e-01 p1=6.572e-01 p5=7.269e-01 p50=9.724e-01 | t=2.7 | e_psi1=6.780e-02 e_psi2=4.139e-02
CASE field=gauss_ch eps=0.25 N=16 cand=oracle_fd4 | r_F=nan its=nan | e_v=3.447e-03 e_psi=8.798e-18 e_i=(1.441e-03,1.209e-03) e_div=1.314e-02 min_c=5.575e-01 p0.1=5.888e-01 p1=6.573e-01 p5=7.278e-01 p50=9.732e-01 | t=0.0 | e_psi1=0.000e+00 e_psi2=8.798e-18
EXTRA field=gauss_ch eps=0.25 N=16 cand=i1o4 status=converged r_F=2.781e-15 r_out=2.479e-16 | outlet c_perp-vperp_in: cand=2.479e-16 oracle_fd=2.410e-03 | inlet oblique defect (c x e1 - vperp_in x e1)/v_rms: j=0(one-sided) cand=8.233e-03 oracle_fd=2.162e-03; j=1 cand=2.611e-02 oracle_fd=2.535e-02; j=1 vs vD(j=1) cand=7.409e-03 oracle_fd=6.260e-04 | min|c|/v_rms=0.5449 min|vD|/v_rms=0.5440 e_i1=4.111e-03 e_i2=2.556e-03 | t=2.7s | a_psi1=2.511e-03 a_psi2=1.333e-03 (FD order 4)
HISTORY field=gauss_ch eps=0.25 N=16 cand=i1o4 r_F: 1.39e+00 8.98e-02 4.82e-02 1.74e-02 2.62e-04 1.21e-06 1.56e-12 2.78e-15
HISTORY field=gauss_ch eps=0.25 N=16 cand=i1o4 r_out: 1.48e-16 6.62e-16 3.92e-16 2.73e-16 2.55e-16 2.78e-16 2.59e-16 2.48e-16
HISTORY_FULL field=gauss_ch eps=0.25 N=16 cand=i1o4 r_F: 1.39233468814925621e+00 8.97888376016361539e-02 4.81990884859244059e-02 1.73826420133673561e-02 2.61839672444002267e-04 1.20819618695330981e-06 1.55526820529986520e-12 2.78070083166424748e-15
HISTORY_FULL field=gauss_ch eps=0.25 N=16 cand=i1o4 r_out: 1.48397482269618167e-16 6.61791943336446471e-16 3.92272254906181315e-16 2.72981108296591050e-16 2.54656234454923017e-16 2.78003033219707265e-16 2.59133673507492090e-16 2.47936784811267275e-16
FIELDDIFF max_rel_diff_u1=5.411e-15 max_rel_diff_u2=5.374e-15 max_rel_diff_joint=5.411e-15 max_abs_diff_u1=6.245e-16 max_abs_diff_u2=3.816e-16 max_abs_u_proto=(1.154e-01,7.101e-02) (rel: max|u_gpu - u_proto| / max|u_proto| over planes 0..N; joint: max abs diff / max over both fields; prototype /home/sesquerre/MacroFlow3D-SF-33/docs/experiments/artifacts/2026-10-06-sf33-gpu-inlet-labels/exports/solutions/gauss_ch_0.25_16_i1o4 status=converged its=7 path=0.25(fail)->0.125->0.25 r_F=3.407e-15)
TIMING load=0.003s metrics=0.002s prepare=0.037s solve=2.750s total=2.793s
MEMORY peak_device_bytes=521142272 free_min=33568587776 total_device=34089730048 workspaces_bytes=10018687 (peak/free: cudaMemGetInfo polls before/after every phase, device-wide)
SUMMARY_JSON /home/sesquerre/MacroFlow3D-SF-33/docs/experiments/artifacts/2026-10-06-sf33-gpu-inlet-labels/raw/proto/gauss_ch_0.25_16.json
STATUS converged
