command: /home/sesquerre/MacroFlow3D-SF-33/build/v100-release/inlet_slab --proto /home/sesquerre/MacroFlow3D-SF-33/docs/experiments/artifacts/2026-10-06-sf33-gpu-inlet-labels/exports/gauss_ch_0.25_32 --summary /home/sesquerre/MacroFlow3D-SF-33/docs/experiments/artifacts/2026-10-06-sf33-gpu-inlet-labels/raw/proto/gauss_ch_0.25_32.json
CASE_DIR /home/sesquerre/MacroFlow3D-SF-33/docs/experiments/artifacts/2026-10-06-sf33-gpu-inlet-labels/exports/gauss_ch_0.25_32 field=gauss_ch eps=0.25 N=32 nphi=48 Q0=1.00000000000808 inlet_vmin=5.832088e-01 v_rms=1.02179976064776 cache_hit=0 stage_amplitudes=16 target_eps=0.25
SETUP grad_lnk=analytic (prototype export: complex-step gradient of the analytic ln k at the vertices)
SOLVER N=32 eps=0.25 cand=i1o4 newton_tol=1.0e-13 max_newton=40 lin_tol=1.0e-12 restart=100 max_inner=6000 bisect=4 prec=P-A ladder=(0.25,0.5,1) stage_ok=1e-09
STAGE field=gauss_ch eps=0.25 N=32 cand=i1o4 (from eps=0, u=0)
  NEWTON gauss_ch:0.25:32:i1o4 it= 0 r_F=5.871e+00 r_out=1.582e-16
    LINEAR gmres+P-A its=580 rel=1.0e-13 t=1.04s cycles=6 reorth=470 rec=1.0e-13 status=converged t_fact=0.00s singular_modes=0
  NEWTON gauss_ch:0.25:32:i1o4 it= 1 r_F=5.789e-01 r_out=4.199e-16 lambda=1 |dx|max=1.12e-01 lin=gmres+P-A rel=1.0e-13 lits=580 t_lin=1.0s |dx|2=7.19e+00 t_fact=0.00s
    LINEAR gmres+P-A its=300 rel=4.0e-01 t=0.53s cycles=3 reorth=289 rec=4.0e-01 status=stagnation t_fact=0.00s singular_modes=0
  NEWTON gauss_ch:0.25:32:i1o4 it= 2 linear_failure: GMRES status=stagnation rel=4.0e-01 lits=300 prec singular modes=0 (step not taken)
  STAGE_END field=gauss_ch eps=0.25 N=32 cand=i1o4 status=linear_failure its=2 r_F=5.789e-01 r_out=4.199e-16 -> FAILED
  CONTINUATION bisection 1/4: retry from eps=0 at eps=0.125
STAGE field=gauss_ch eps=0.125 N=32 cand=i1o4 (from eps=0, u=0)
  NEWTON gauss_ch:0.125:32:i1o4 it= 0 r_F=2.917e+00 r_out=7.524e-17
    LINEAR gmres+P-A its=200 rel=7.7e-13 t=0.35s cycles=2 reorth=168 rec=7.7e-13 status=converged t_fact=0.00s singular_modes=0
  NEWTON gauss_ch:0.125:32:i1o4 it= 1 r_F=1.094e-01 r_out=2.008e-16 lambda=1 |dx|max=5.72e-02 lin=gmres+P-A rel=7.7e-13 lits=200 t_lin=0.4s |dx|2=3.60e+00 t_fact=0.00s
    LINEAR gmres+P-A its=127 rel=7.9e-14 t=0.21s cycles=2 reorth=124 rec=7.6e-14 status=converged t_fact=0.00s singular_modes=0
  NEWTON gauss_ch:0.125:32:i1o4 it= 2 r_F=6.322e-02 r_out=2.524e-16 lambda=0.5 |dx|max=3.68e-02 lin=gmres+P-A rel=7.9e-14 lits=127 t_lin=0.2s |dx|2=1.88e+00 t_fact=0.00s
    LINEAR gmres+P-A its=100 rel=2.5e-13 t=0.18s cycles=1 reorth=100 rec=2.4e-13 status=converged t_fact=0.00s singular_modes=0
  NEWTON gauss_ch:0.125:32:i1o4 it= 3 r_F=2.786e-02 r_out=3.692e-16 lambda=1 |dx|max=1.73e-02 lin=gmres+P-A rel=2.5e-13 lits=100 t_lin=0.2s |dx|2=8.59e-01 t_fact=0.00s
    LINEAR gmres+P-A its=153 rel=8.2e-14 t=0.25s cycles=2 reorth=152 rec=8.2e-14 status=converged t_fact=0.00s singular_modes=0
  NEWTON gauss_ch:0.125:32:i1o4 it= 4 r_F=5.229e-03 r_out=2.488e-16 lambda=1 |dx|max=2.88e-03 lin=gmres+P-A rel=8.2e-14 lits=153 t_lin=0.2s |dx|2=1.08e-01 t_fact=0.00s
    LINEAR gmres+P-A its=145 rel=8.0e-14 t=0.24s cycles=2 reorth=143 rec=8.0e-14 status=converged t_fact=0.00s singular_modes=0
  NEWTON gauss_ch:0.125:32:i1o4 it= 5 r_F=2.021e-04 r_out=2.562e-16 lambda=1 |dx|max=5.20e-04 lin=gmres+P-A rel=8.0e-14 lits=145 t_lin=0.2s |dx|2=1.90e-02 t_fact=0.00s
    LINEAR gmres+P-A its=142 rel=8.2e-14 t=0.24s cycles=2 reorth=140 rec=8.1e-14 status=converged t_fact=0.00s singular_modes=0
  NEWTON gauss_ch:0.125:32:i1o4 it= 6 r_F=3.321e-07 r_out=2.515e-16 lambda=1 |dx|max=2.13e-05 lin=gmres+P-A rel=8.2e-14 lits=142 t_lin=0.2s |dx|2=7.04e-04 t_fact=0.00s
    LINEAR gmres+P-A its=141 rel=9.5e-14 t=0.23s cycles=2 reorth=140 rec=9.5e-14 status=converged t_fact=0.00s singular_modes=0
  NEWTON gauss_ch:0.125:32:i1o4 it= 7 r_F=7.629e-13 r_out=2.554e-16 lambda=1 |dx|max=4.40e-08 lin=gmres+P-A rel=9.5e-14 lits=141 t_lin=0.2s |dx|2=9.91e-07 t_fact=0.00s
    LINEAR gmres+P-A its=142 rel=9.1e-14 t=0.24s cycles=2 reorth=140 rec=9.0e-14 status=converged t_fact=0.00s singular_modes=0
  NEWTON gauss_ch:0.125:32:i1o4 it= 8 r_F=5.481e-15 r_out=2.490e-16 lambda=1 |dx|max=1.56e-13 lin=gmres+P-A rel=9.1e-14 lits=142 t_lin=0.2s |dx|2=2.99e-12 t_fact=0.00s
  STAGE_END field=gauss_ch eps=0.125 N=32 cand=i1o4 status=converged its=8 r_F=5.481e-15 r_out=2.490e-16 -> accepted
STAGE field=gauss_ch eps=0.25 N=32 cand=i1o4 (from eps=0.125, warm start)
  NEWTON gauss_ch:0.25:32:i1o4 it= 0 r_F=2.949e+00 r_out=2.970e-16
    LINEAR gmres+P-A its=359 rel=9.0e-14 t=0.60s cycles=4 reorth=251 rec=9.0e-14 status=converged t_fact=0.00s singular_modes=0
  NEWTON gauss_ch:0.25:32:i1o4 it= 1 r_F=9.546e-02 r_out=5.553e-16 lambda=1 |dx|max=5.84e-02 lin=gmres+P-A rel=9.0e-14 lits=359 t_lin=0.6s |dx|2=3.84e+00 t_fact=0.00s
    LINEAR gmres+P-A its=1900 rel=7.6e-13 t=3.38s cycles=19 reorth=1848 rec=7.6e-13 status=converged t_fact=0.00s singular_modes=0
  NEWTON gauss_ch:0.25:32:i1o4 it= 2 r_F=5.516e-02 r_out=5.385e-16 lambda=0.5 |dx|max=3.88e-02 lin=gmres+P-A rel=7.6e-13 lits=1900 t_lin=3.4s |dx|2=2.07e+00 t_fact=0.00s
    LINEAR gmres+P-A its=500 rel=4.5e-13 t=0.89s cycles=5 reorth=494 rec=4.5e-13 status=converged t_fact=0.00s singular_modes=0
  NEWTON gauss_ch:0.25:32:i1o4 it= 3 r_F=2.584e-02 r_out=5.489e-16 lambda=1 |dx|max=1.82e-02 lin=gmres+P-A rel=4.5e-13 lits=500 t_lin=0.9s |dx|2=9.33e-01 t_fact=0.00s
    LINEAR gmres+P-A its=796 rel=1.0e-13 t=1.41s cycles=8 reorth=788 rec=9.9e-14 status=converged t_fact=0.00s singular_modes=0
  NEWTON gauss_ch:0.25:32:i1o4 it= 4 r_F=5.366e-03 r_out=5.355e-16 lambda=1 |dx|max=4.23e-03 lin=gmres+P-A rel=1.0e-13 lits=796 t_lin=1.4s |dx|2=1.37e-01 t_fact=0.00s
    LINEAR gmres+P-A its=781 rel=9.6e-14 t=1.38s cycles=8 reorth=774 rec=9.5e-14 status=converged t_fact=0.00s singular_modes=0
  NEWTON gauss_ch:0.25:32:i1o4 it= 5 r_F=2.159e-04 r_out=5.230e-16 lambda=1 |dx|max=9.10e-04 lin=gmres+P-A rel=9.6e-14 lits=781 t_lin=1.4s |dx|2=2.79e-02 t_fact=0.00s
    LINEAR gmres+P-A its=798 rel=9.9e-14 t=1.42s cycles=8 reorth=791 rec=9.9e-14 status=converged t_fact=0.00s singular_modes=0
  NEWTON gauss_ch:0.25:32:i1o4 it= 6 r_F=1.637e-06 r_out=5.023e-16 lambda=1 |dx|max=9.78e-05 lin=gmres+P-A rel=9.9e-14 lits=798 t_lin=1.4s |dx|2=1.58e-03 t_fact=0.00s
    LINEAR gmres+P-A its=700 rel=7.2e-13 t=1.25s cycles=7 reorth=694 rec=7.2e-13 status=converged t_fact=0.00s singular_modes=0
  NEWTON gauss_ch:0.25:32:i1o4 it= 7 r_F=1.263e-11 r_out=5.064e-16 lambda=1 |dx|max=2.75e-07 lin=gmres+P-A rel=7.2e-13 lits=700 t_lin=1.2s |dx|2=4.77e-06 t_fact=0.00s
    LINEAR gmres+P-A its=797 rel=9.4e-14 t=1.43s cycles=8 reorth=790 rec=9.3e-14 status=converged t_fact=0.00s singular_modes=0
  NEWTON gauss_ch:0.25:32:i1o4 it= 8 r_F=1.104e-14 r_out=5.194e-16 lambda=1 |dx|max=5.66e-12 lin=gmres+P-A rel=9.4e-14 lits=797 t_lin=1.4s |dx|2=9.21e-11 t_fact=0.00s
  STAGE_END field=gauss_ch eps=0.25 N=32 cand=i1o4 status=converged its=8 r_F=1.104e-14 r_out=5.194e-16 -> accepted
PATH field=gauss_ch eps=0.25 N=32 cand=i1o4 continuation path: 0.25(fail)->0.125->0.25
GMRES_STATS field=gauss_ch eps=0.25 N=32 stage_eps=0.25 status=linear_failure newton_its=2 steps=2 its_max=580 its_median=440.0 its_total=880 rel_max=4.0e-01 linear_failures=1
GMRES_STATS field=gauss_ch eps=0.25 N=32 stage_eps=0.125 status=converged newton_its=8 steps=8 its_max=200 its_median=142.0 its_total=1150 rel_max=7.7e-13 linear_failures=0
GMRES_STATS field=gauss_ch eps=0.25 N=32 stage_eps=0.25 status=converged newton_its=8 steps=8 its_max=1900 its_median=788.5 its_total=6631 rel_max=7.6e-13 linear_failures=0
CASE field=gauss_ch eps=0.25 N=32 cand=i1o4 | r_F=1.104e-14 its=8 | e_v=7.657e-04 e_psi=1.086e-02 e_i=(6.231e-04,3.668e-04) e_div=1.139e-03 min_c=5.539e-01 p0.1=5.916e-01 p1=6.553e-01 p5=7.307e-01 p50=9.727e-01 | t=15.3 | e_psi1=1.086e-02 e_psi2=6.777e-03
CASE field=gauss_ch eps=0.25 N=32 cand=oracle_fd4 | r_F=nan its=nan | e_v=2.759e-04 e_psi=9.745e-18 e_i=(1.141e-04,8.817e-05) e_div=1.339e-03 min_c=5.540e-01 p0.1=5.916e-01 p1=6.554e-01 p5=7.307e-01 p50=9.728e-01 | t=0.0 | e_psi1=0.000e+00 e_psi2=9.745e-18
EXTRA field=gauss_ch eps=0.25 N=32 cand=i1o4 status=converged r_F=1.104e-14 r_out=5.194e-16 | outlet c_perp-vperp_in: cand=5.194e-16 oracle_fd=7.068e-05 | inlet oblique defect (c x e1 - vperp_in x e1)/v_rms: j=0(one-sided) cand=1.044e-03 oracle_fd=6.626e-05; j=1 cand=1.287e-02 oracle_fd=1.286e-02; j=1 vs vD(j=1) cand=1.024e-03 oracle_fd=1.887e-05 | min|c|/v_rms=0.5421 min|vD|/v_rms=0.5421 e_i1=6.231e-04 e_i2=3.668e-04 | t=15.3s | a_psi1=4.015e-04 a_psi2=2.181e-04 (FD order 4)
HISTORY field=gauss_ch eps=0.25 N=32 cand=i1o4 r_F: 2.95e+00 9.55e-02 5.52e-02 2.58e-02 5.37e-03 2.16e-04 1.64e-06 1.26e-11 1.10e-14
HISTORY field=gauss_ch eps=0.25 N=32 cand=i1o4 r_out: 2.97e-16 5.55e-16 5.38e-16 5.49e-16 5.36e-16 5.23e-16 5.02e-16 5.06e-16 5.19e-16
HISTORY_FULL field=gauss_ch eps=0.25 N=32 cand=i1o4 r_F: 2.94934382431879172e+00 9.54576243424138382e-02 5.51629820518565600e-02 2.58443461013783404e-02 5.36551386508609101e-03 2.15928466010366116e-04 1.63663159642501168e-06 1.26327618227426449e-11 1.10368350899157747e-14
HISTORY_FULL field=gauss_ch eps=0.25 N=32 cand=i1o4 r_out: 2.97034874185682678e-16 5.55293644632567356e-16 5.38478660029565984e-16 5.48869585479299223e-16 5.35500067253845630e-16 5.22951385151733544e-16 5.02275555447345626e-16 5.06419716627737372e-16 5.19391025337521887e-16
TIMING load=0.015s metrics=0.003s prepare=0.034s solve=15.321s total=15.373s
MEMORY peak_device_bytes=596639744 free_min=33493090304 total_device=34089730048 workspaces_bytes=78896543 (peak/free: cudaMemGetInfo polls before/after every phase, device-wide)
SUMMARY_JSON /home/sesquerre/MacroFlow3D-SF-33/docs/experiments/artifacts/2026-10-06-sf33-gpu-inlet-labels/raw/proto/gauss_ch_0.25_32.json
STATUS converged
