command: /home/sesquerre/MacroFlow3D-SF-33/build/v100-release/inlet_slab --proto /home/sesquerre/MacroFlow3D-SF-33/docs/experiments/artifacts/2026-10-06-sf33-gpu-inlet-labels/exports/generic3d_0.25_16 --solution /home/sesquerre/MacroFlow3D-SF-33/docs/experiments/artifacts/2026-10-06-sf33-gpu-inlet-labels/exports/solutions/generic3d_0.25_16_i1o4 --summary /home/sesquerre/MacroFlow3D-SF-33/docs/experiments/artifacts/2026-10-06-sf33-gpu-inlet-labels/raw/proto/generic3d_0.25_16.json
CASE_DIR /home/sesquerre/MacroFlow3D-SF-33/docs/experiments/artifacts/2026-10-06-sf33-gpu-inlet-labels/exports/generic3d_0.25_16 field=generic3d eps=0.25 N=16 nphi=24 Q0=1 inlet_vmin=7.309099e-01 v_rms=1.02442822377344 cache_hit=0 stage_amplitudes=16 target_eps=0.25
SETUP grad_lnk=analytic (prototype export: complex-step gradient of the analytic ln k at the vertices)
SOLVER N=16 eps=0.25 cand=i1o4 newton_tol=1.0e-13 max_newton=40 lin_tol=1.0e-12 restart=100 max_inner=6000 bisect=4 prec=P-A ladder=(0.25,0.5,1) stage_ok=1e-09
STAGE field=generic3d eps=0.25 N=16 cand=i1o4 (from eps=0, u=0)
  NEWTON generic3d:0.25:16:i1o4 it= 0 r_F=2.213e+00 r_out=1.339e-01
    LINEAR gmres+P-A its=99 rel=9.8e-14 t=0.12s cycles=1 reorth=91 rec=9.7e-14 status=converged t_fact=0.00s singular_modes=0
  NEWTON generic3d:0.25:16:i1o4 it= 1 r_F=1.294e-01 r_out=2.169e-02 lambda=1 |dx|max=6.67e-02 lin=gmres+P-A rel=9.8e-14 lits=99 t_lin=0.1s |dx|2=1.98e+00 t_fact=0.00s
    LINEAR gmres+P-A its=69 rel=7.0e-14 t=0.06s cycles=1 reorth=69 rec=6.5e-14 status=converged t_fact=0.00s singular_modes=0
  NEWTON generic3d:0.25:16:i1o4 it= 2 r_F=5.421e-02 r_out=1.604e-03 lambda=1 |dx|max=3.54e-02 lin=gmres+P-A rel=7.0e-14 lits=69 t_lin=0.1s |dx|2=1.08e+00 t_fact=0.00s
    LINEAR gmres+P-A its=84 rel=8.6e-14 t=0.08s cycles=1 reorth=82 rec=8.5e-14 status=converged t_fact=0.00s singular_modes=0
  NEWTON generic3d:0.25:16:i1o4 it= 3 r_F=5.271e-03 r_out=9.585e-05 lambda=1 |dx|max=7.81e-03 lin=gmres+P-A rel=8.6e-14 lits=84 t_lin=0.1s |dx|2=1.99e-01 t_fact=0.00s
    LINEAR gmres+P-A its=85 rel=8.2e-14 t=0.08s cycles=1 reorth=84 rec=7.6e-14 status=converged t_fact=0.00s singular_modes=0
  NEWTON generic3d:0.25:16:i1o4 it= 4 r_F=2.618e-04 r_out=3.155e-06 lambda=1 |dx|max=1.52e-03 lin=gmres+P-A rel=8.2e-14 lits=85 t_lin=0.1s |dx|2=3.24e-02 t_fact=0.00s
    LINEAR gmres+P-A its=83 rel=7.7e-14 t=0.08s cycles=1 reorth=83 rec=7.7e-14 status=converged t_fact=0.00s singular_modes=0
  NEWTON generic3d:0.25:16:i1o4 it= 5 r_F=7.638e-08 r_out=8.942e-10 lambda=1 |dx|max=2.99e-05 lin=gmres+P-A rel=7.7e-14 lits=83 t_lin=0.1s |dx|2=4.77e-04 t_fact=0.00s
    LINEAR gmres+P-A its=84 rel=9.6e-14 t=0.08s cycles=1 reorth=83 rec=8.9e-14 status=converged t_fact=0.00s singular_modes=0
  NEWTON generic3d:0.25:16:i1o4 it= 6 r_F=1.510e-13 r_out=1.621e-15 lambda=1 |dx|max=5.31e-08 lin=gmres+P-A rel=9.6e-14 lits=84 t_lin=0.1s |dx|2=7.11e-07 t_fact=0.00s
    LINEAR gmres+P-A its=81 rel=7.9e-14 t=0.07s cycles=1 reorth=81 rec=7.8e-14 status=converged t_fact=0.00s singular_modes=0
  NEWTON generic3d:0.25:16:i1o4 it= 7 r_F=2.142e-15 r_out=1.872e-16 lambda=1 |dx|max=1.15e-14 lin=gmres+P-A rel=7.9e-14 lits=81 t_lin=0.1s |dx|2=1.59e-13 t_fact=0.00s
  STAGE_END field=generic3d eps=0.25 N=16 cand=i1o4 status=converged its=7 r_F=2.142e-15 r_out=1.872e-16 -> accepted
PATH field=generic3d eps=0.25 N=16 cand=i1o4 continuation path: 0.25
GMRES_STATS field=generic3d eps=0.25 N=16 stage_eps=0.25 status=converged newton_its=7 steps=7 its_max=99 its_median=84.0 its_total=585 rel_max=9.8e-14 linear_failures=0
CASE field=generic3d eps=0.25 N=16 cand=i1o4 | r_F=2.142e-15 its=7 | e_v=3.423e-03 e_psi=4.634e-02 e_i=(2.045e-03,2.270e-03) e_div=5.189e-03 min_c=6.430e-01 p0.1=6.531e-01 p1=6.976e-01 p5=7.584e-01 p50=9.966e-01 | t=0.6 | e_psi1=2.794e-02 e_psi2=4.634e-02
CASE field=generic3d eps=0.25 N=16 cand=oracle_fd4 | r_F=nan its=nan | e_v=1.744e-03 e_psi=1.032e-17 e_i=(1.332e-03,1.157e-03) e_div=5.364e-03 min_c=6.432e-01 p0.1=6.533e-01 p1=6.977e-01 p5=7.581e-01 p50=9.971e-01 | t=0.0 | e_psi1=7.311e-18 e_psi2=1.032e-17
EXTRA field=generic3d eps=0.25 N=16 cand=i1o4 status=converged r_F=2.142e-15 r_out=1.872e-16 | outlet c_perp-vperp_in: cand=1.872e-16 oracle_fd=4.405e-03 | inlet oblique defect (c x e1 - vperp_in x e1)/v_rms: j=0(one-sided) cand=6.767e-03 oracle_fd=4.487e-03; j=1 cand=8.304e-02 oracle_fd=8.310e-02; j=1 vs vD(j=1) cand=2.831e-03 oracle_fd=1.162e-03 | min|c|/v_rms=0.6277 min|vD|/v_rms=0.6278 e_i1=2.045e-03 e_i2=2.270e-03 | t=0.6s | a_psi1=7.783e-04 a_psi2=1.132e-03 (FD order 4)
HISTORY field=generic3d eps=0.25 N=16 cand=i1o4 r_F: 2.21e+00 1.29e-01 5.42e-02 5.27e-03 2.62e-04 7.64e-08 1.51e-13 2.14e-15
HISTORY field=generic3d eps=0.25 N=16 cand=i1o4 r_out: 1.34e-01 2.17e-02 1.60e-03 9.59e-05 3.15e-06 8.94e-10 1.62e-15 1.87e-16
HISTORY_FULL field=generic3d eps=0.25 N=16 cand=i1o4 r_F: 2.21343980011562680e+00 1.29357325825372127e-01 5.42067270756995193e-02 5.27103084651410307e-03 2.61844379885295701e-04 7.63820811440667961e-08 1.50979671150475502e-13 2.14210524920460465e-15
HISTORY_FULL field=generic3d eps=0.25 N=16 cand=i1o4 r_out: 1.33879432771303680e-01 2.16908823690374064e-02 1.60352914298434032e-03 9.58518603738602515e-05 3.15499112198943544e-06 8.94207448144875806e-10 1.62085702629073600e-15 1.87207403320572116e-16
FIELDDIFF max_rel_diff_u1=3.221e-15 max_rel_diff_u2=5.805e-15 max_rel_diff_joint=4.529e-15 max_abs_diff_u1=2.220e-16 max_abs_diff_u2=3.123e-16 max_abs_u_proto=(6.895e-02,5.379e-02) (rel: max|u_gpu - u_proto| / max|u_proto| over planes 0..N; joint: max abs diff / max over both fields; prototype /home/sesquerre/MacroFlow3D-SF-33/docs/experiments/artifacts/2026-10-06-sf33-gpu-inlet-labels/exports/solutions/generic3d_0.25_16_i1o4 status=converged its=7 path=0.25 r_F=2.688e-15)
TIMING load=0.003s metrics=0.001s prepare=0.032s solve=0.586s total=0.624s
MEMORY peak_device_bytes=521142272 free_min=33568587776 total_device=34089730048 workspaces_bytes=10018687 (peak/free: cudaMemGetInfo polls before/after every phase, device-wide)
SUMMARY_JSON /home/sesquerre/MacroFlow3D-SF-33/docs/experiments/artifacts/2026-10-06-sf33-gpu-inlet-labels/raw/proto/generic3d_0.25_16.json
STATUS converged
