command: /home/sesquerre/MacroFlow3D-SF-33/build/v100-release/inlet_slab --proto /home/sesquerre/MacroFlow3D-SF-33/docs/experiments/artifacts/2026-10-06-sf33-gpu-inlet-labels/exports/generic3d_1_24 --summary /home/sesquerre/MacroFlow3D-SF-33/docs/experiments/artifacts/2026-10-06-sf33-gpu-inlet-labels/raw/proto/generic3d_1_24.json
CASE_DIR /home/sesquerre/MacroFlow3D-SF-33/docs/experiments/artifacts/2026-10-06-sf33-gpu-inlet-labels/exports/generic3d_1_24 field=generic3d eps=1 N=24 nphi=32 Q0=1.00000000000136 inlet_vmin=2.341302e-01 v_rms=1.44535335163902 cache_hit=0 stage_amplitudes=48 target_eps=1
SETUP grad_lnk=analytic (prototype export: complex-step gradient of the analytic ln k at the vertices)
SOLVER N=24 eps=1 cand=i1o4 newton_tol=1.0e-13 max_newton=40 lin_tol=1.0e-12 restart=100 max_inner=6000 bisect=4 prec=P-A ladder=(0.25,0.5,1) stage_ok=1e-09
STAGE field=generic3d eps=0.25 N=24 cand=i1o4 (from eps=0, u=0)
  NEWTON generic3d:0.25:24:i1o4 it= 0 r_F=3.129e+00 r_out=1.339e-01
    LINEAR gmres+P-A its=194 rel=8.7e-14 t=0.29s cycles=2 reorth=165 rec=8.7e-14 status=converged t_fact=0.00s singular_modes=0
  NEWTON generic3d:0.25:24:i1o4 it= 1 r_F=1.391e-01 r_out=2.167e-02 lambda=1 |dx|max=6.68e-02 lin=gmres+P-A rel=8.7e-14 lits=194 t_lin=0.3s |dx|2=3.66e+00 t_fact=0.00s
    LINEAR gmres+P-A its=115 rel=9.8e-14 t=0.16s cycles=2 reorth=114 rec=9.7e-14 status=converged t_fact=0.00s singular_modes=0
  NEWTON generic3d:0.25:24:i1o4 it= 2 r_F=6.453e-02 r_out=1.611e-03 lambda=1 |dx|max=3.51e-02 lin=gmres+P-A rel=9.8e-14 lits=115 t_lin=0.2s |dx|2=1.95e+00 t_fact=0.00s
    LINEAR gmres+P-A its=168 rel=9.7e-14 t=0.22s cycles=2 reorth=166 rec=9.6e-14 status=converged t_fact=0.00s singular_modes=0
  NEWTON generic3d:0.25:24:i1o4 it= 3 r_F=8.139e-03 r_out=1.231e-04 lambda=1 |dx|max=8.94e-03 lin=gmres+P-A rel=9.7e-14 lits=168 t_lin=0.2s |dx|2=4.05e-01 t_fact=0.00s
    LINEAR gmres+P-A its=157 rel=1.0e-13 t=0.21s cycles=2 reorth=153 rec=1.0e-13 status=converged t_fact=0.00s singular_modes=0
  NEWTON generic3d:0.25:24:i1o4 it= 4 r_F=1.221e-03 r_out=1.059e-05 lambda=1 |dx|max=3.19e-03 lin=gmres+P-A rel=1.0e-13 lits=157 t_lin=0.2s |dx|2=9.62e-02 t_fact=0.00s
    LINEAR gmres+P-A its=148 rel=8.1e-14 t=0.20s cycles=2 reorth=147 rec=8.1e-14 status=converged t_fact=0.00s singular_modes=0
  NEWTON generic3d:0.25:24:i1o4 it= 5 r_F=3.706e-06 r_out=2.856e-08 lambda=1 |dx|max=1.43e-04 lin=gmres+P-A rel=8.1e-14 lits=148 t_lin=0.2s |dx|2=3.83e-03 t_fact=0.00s
    LINEAR gmres+P-A its=148 rel=8.7e-14 t=0.19s cycles=2 reorth=146 rec=8.7e-14 status=converged t_fact=0.00s singular_modes=0
  NEWTON generic3d:0.25:24:i1o4 it= 6 r_F=1.177e-10 r_out=9.137e-13 lambda=1 |dx|max=6.00e-07 lin=gmres+P-A rel=8.7e-14 lits=148 t_lin=0.2s |dx|2=1.63e-05 t_fact=0.00s
    LINEAR gmres+P-A its=149 rel=9.1e-14 t=0.19s cycles=2 reorth=147 rec=9.1e-14 status=converged t_fact=0.00s singular_modes=0
  NEWTON generic3d:0.25:24:i1o4 it= 7 r_F=4.800e-15 r_out=2.893e-16 lambda=1 |dx|max=3.61e-11 lin=gmres+P-A rel=9.1e-14 lits=149 t_lin=0.2s |dx|2=3.57e-10 t_fact=0.00s
  STAGE_END field=generic3d eps=0.25 N=24 cand=i1o4 status=converged its=7 r_F=4.800e-15 r_out=2.893e-16 -> accepted
STAGE field=generic3d eps=0.5 N=24 cand=i1o4 (from eps=0.25, warm start)
  NEWTON generic3d:0.5:24:i1o4 it= 0 r_F=2.935e+00 r_out=1.734e-01
    LINEAR gmres+P-A its=291 rel=8.8e-14 t=0.38s cycles=3 reorth=159 rec=8.8e-14 status=converged t_fact=0.00s singular_modes=0
  NEWTON generic3d:0.5:24:i1o4 it= 1 r_F=1.467e-01 r_out=3.194e-02 lambda=1 |dx|max=8.06e-02 lin=gmres+P-A rel=8.8e-14 lits=291 t_lin=0.4s |dx|2=4.00e+00 t_fact=0.00s
    LINEAR gmres+P-A its=593 rel=9.6e-14 t=0.85s cycles=6 reorth=578 rec=9.3e-14 status=converged t_fact=0.00s singular_modes=0
  NEWTON generic3d:0.5:24:i1o4 it= 2 r_F=1.300e-01 r_out=6.613e-03 lambda=1 |dx|max=5.16e-02 lin=gmres+P-A rel=9.6e-14 lits=593 t_lin=0.8s |dx|2=3.07e+00 t_fact=0.00s
    LINEAR gmres+P-A its=400 rel=1.3e-01 t=0.59s cycles=4 reorth=349 rec=1.3e-01 status=stagnation t_fact=0.00s singular_modes=0
  NEWTON generic3d:0.5:24:i1o4 it= 3 linear_failure: GMRES status=stagnation rel=1.3e-01 lits=400 prec singular modes=0 (step not taken)
  STAGE_END field=generic3d eps=0.5 N=24 cand=i1o4 status=linear_failure its=3 r_F=1.300e-01 r_out=6.613e-03 -> FAILED
  CONTINUATION bisection 1/4: retry from eps=0.25 at eps=0.375
STAGE field=generic3d eps=0.375 N=24 cand=i1o4 (from eps=0.25, warm start)
  NEWTON generic3d:0.375:24:i1o4 it= 0 r_F=1.504e+00 r_out=8.174e-02
    LINEAR gmres+P-A its=200 rel=2.0e-13 t=0.29s cycles=2 reorth=188 rec=2.0e-13 status=converged t_fact=0.00s singular_modes=0
  NEWTON generic3d:0.375:24:i1o4 it= 1 r_F=4.652e-02 r_out=6.471e-03 lambda=1 |dx|max=4.11e-02 lin=gmres+P-A rel=2.0e-13 lits=200 t_lin=0.3s |dx|2=2.13e+00 t_fact=0.00s
    LINEAR gmres+P-A its=300 rel=3.6e-13 t=0.43s cycles=3 reorth=296 rec=3.6e-13 status=converged t_fact=0.00s singular_modes=0
  NEWTON generic3d:0.375:24:i1o4 it= 2 r_F=1.733e-02 r_out=5.891e-04 lambda=1 |dx|max=1.63e-02 lin=gmres+P-A rel=3.6e-13 lits=300 t_lin=0.4s |dx|2=9.89e-01 t_fact=0.00s
    LINEAR gmres+P-A its=499 rel=1.0e-13 t=0.72s cycles=5 reorth=492 rec=1.0e-13 status=converged t_fact=0.00s singular_modes=0
  NEWTON generic3d:0.375:24:i1o4 it= 3 r_F=6.520e-04 r_out=1.334e-05 lambda=1 |dx|max=1.97e-03 lin=gmres+P-A rel=1.0e-13 lits=499 t_lin=0.7s |dx|2=8.78e-02 t_fact=0.00s
    LINEAR gmres+P-A its=484 rel=1.0e-13 t=0.71s cycles=5 reorth=475 rec=9.9e-14 status=converged t_fact=0.00s singular_modes=0
  NEWTON generic3d:0.375:24:i1o4 it= 4 r_F=5.896e-06 r_out=9.943e-08 lambda=1 |dx|max=2.85e-04 lin=gmres+P-A rel=1.0e-13 lits=484 t_lin=0.7s |dx|2=8.39e-03 t_fact=0.00s
    LINEAR gmres+P-A its=475 rel=9.5e-14 t=0.67s cycles=5 reorth=462 rec=9.5e-14 status=converged t_fact=0.00s singular_modes=0
  NEWTON generic3d:0.375:24:i1o4 it= 5 r_F=1.094e-10 r_out=1.938e-12 lambda=1 |dx|max=1.23e-06 lin=gmres+P-A rel=9.5e-14 lits=475 t_lin=0.7s |dx|2=2.39e-05 t_fact=0.00s
    LINEAR gmres+P-A its=486 rel=9.8e-14 t=0.71s cycles=5 reorth=479 rec=9.7e-14 status=converged t_fact=0.00s singular_modes=0
  NEWTON generic3d:0.375:24:i1o4 it= 6 r_F=7.351e-15 r_out=4.870e-16 lambda=1 |dx|max=5.66e-11 lin=gmres+P-A rel=9.8e-14 lits=486 t_lin=0.7s |dx|2=1.09e-09 t_fact=0.00s
  STAGE_END field=generic3d eps=0.375 N=24 cand=i1o4 status=converged its=6 r_F=7.351e-15 r_out=4.870e-16 -> accepted
STAGE field=generic3d eps=0.5 N=24 cand=i1o4 (from eps=0.375, warm start)
  NEWTON generic3d:0.5:24:i1o4 it= 0 r_F=1.458e+00 r_out=9.572e-02
    LINEAR gmres+P-A its=674 rel=9.9e-14 t=0.95s cycles=7 reorth=636 rec=9.9e-14 status=converged t_fact=0.00s singular_modes=0
  NEWTON generic3d:0.5:24:i1o4 it= 1 r_F=5.552e-02 r_out=8.114e-03 lambda=1 |dx|max=4.74e-02 lin=gmres+P-A rel=9.9e-14 lits=674 t_lin=1.0s |dx|2=2.28e+00 t_fact=0.00s
    LINEAR gmres+P-A its=1400 rel=1.7e-13 t=2.02s cycles=14 reorth=1347 rec=1.7e-13 status=converged t_fact=0.00s singular_modes=0
  NEWTON generic3d:0.5:24:i1o4 it= 2 r_F=2.541e-02 r_out=1.138e-03 lambda=1 |dx|max=2.23e-02 lin=gmres+P-A rel=1.7e-13 lits=1400 t_lin=2.0s |dx|2=1.21e+00 t_fact=0.00s
    LINEAR gmres+P-A its=500 rel=7.4e-02 t=0.72s cycles=5 reorth=458 rec=7.4e-02 status=stagnation t_fact=0.00s singular_modes=0
  NEWTON generic3d:0.5:24:i1o4 it= 3 linear_failure: GMRES status=stagnation rel=7.4e-02 lits=500 prec singular modes=0 (step not taken)
  STAGE_END field=generic3d eps=0.5 N=24 cand=i1o4 status=linear_failure its=3 r_F=2.541e-02 r_out=1.138e-03 -> FAILED
  CONTINUATION bisection 2/4: retry from eps=0.375 at eps=0.4375
STAGE field=generic3d eps=0.4375 N=24 cand=i1o4 (from eps=0.375, warm start)
  NEWTON generic3d:0.4375:24:i1o4 it= 0 r_F=7.385e-01 r_out=4.644e-02
    LINEAR gmres+P-A its=600 rel=1.2e-13 t=0.86s cycles=6 reorth=592 rec=1.2e-13 status=converged t_fact=0.00s singular_modes=0
  NEWTON generic3d:0.4375:24:i1o4 it= 1 r_F=1.617e-02 r_out=1.918e-03 lambda=1 |dx|max=2.36e-02 lin=gmres+P-A rel=1.2e-13 lits=600 t_lin=0.9s |dx|2=1.22e+00 t_fact=0.00s
    LINEAR gmres+P-A its=899 rel=1.0e-13 t=1.29s cycles=9 reorth=877 rec=9.9e-14 status=converged t_fact=0.00s singular_modes=0
  NEWTON generic3d:0.4375:24:i1o4 it= 2 r_F=4.184e-03 r_out=1.313e-04 lambda=1 |dx|max=7.07e-03 lin=gmres+P-A rel=1.0e-13 lits=899 t_lin=1.3s |dx|2=3.84e-01 t_fact=0.00s
    LINEAR gmres+P-A its=1200 rel=9.3e-14 t=1.72s cycles=12 reorth=1164 rec=9.3e-14 status=converged t_fact=0.00s singular_modes=0
  NEWTON generic3d:0.4375:24:i1o4 it= 3 r_F=2.168e-05 r_out=3.978e-07 lambda=1 |dx|max=3.77e-04 lin=gmres+P-A rel=9.3e-14 lits=1200 t_lin=1.7s |dx|2=1.44e-02 t_fact=0.00s
    LINEAR gmres+P-A its=1200 rel=1.2e-13 t=1.74s cycles=12 reorth=1162 rec=1.1e-13 status=converged t_fact=0.00s singular_modes=0
  NEWTON generic3d:0.4375:24:i1o4 it= 4 r_F=1.358e-08 r_out=2.098e-10 lambda=1 |dx|max=1.21e-05 lin=gmres+P-A rel=1.2e-13 lits=1200 t_lin=1.7s |dx|2=3.93e-04 t_fact=0.00s
    LINEAR gmres+P-A its=1100 rel=5.8e-13 t=1.58s cycles=11 reorth=1064 rec=5.8e-13 status=converged t_fact=0.00s singular_modes=0
  NEWTON generic3d:0.4375:24:i1o4 it= 5 r_F=8.774e-15 r_out=5.437e-16 lambda=1 |dx|max=2.03e-09 lin=gmres+P-A rel=5.8e-13 lits=1100 t_lin=1.6s |dx|2=4.79e-08 t_fact=0.00s
  STAGE_END field=generic3d eps=0.4375 N=24 cand=i1o4 status=converged its=5 r_F=8.774e-15 r_out=5.437e-16 -> accepted
STAGE field=generic3d eps=0.5 N=24 cand=i1o4 (from eps=0.4375, warm start)
  NEWTON generic3d:0.5:24:i1o4 it= 0 r_F=7.279e-01 r_out=5.038e-02
    LINEAR gmres+P-A its=1500 rel=6.8e-13 t=2.15s cycles=15 reorth=1432 rec=6.8e-13 status=converged t_fact=0.00s singular_modes=0
  NEWTON generic3d:0.5:24:i1o4 it= 1 r_F=1.779e-02 r_out=2.179e-03 lambda=1 |dx|max=2.51e-02 lin=gmres+P-A rel=6.8e-13 lits=1500 t_lin=2.2s |dx|2=1.27e+00 t_fact=0.00s
    LINEAR gmres+P-A its=4100 rel=8.3e-13 t=5.87s cycles=41 reorth=3892 rec=8.3e-13 status=converged t_fact=0.00s singular_modes=0
  NEWTON generic3d:0.5:24:i1o4 it= 2 r_F=5.357e-03 r_out=1.904e-04 lambda=1 |dx|max=8.37e-03 lin=gmres+P-A rel=8.3e-13 lits=4100 t_lin=5.9s |dx|2=4.31e-01 t_fact=0.00s
    LINEAR gmres+P-A its=6000 rel=4.8e-08 t=8.65s cycles=60 reorth=5570 rec=4.8e-08 status=max_iterations t_fact=0.00s singular_modes=0
  NEWTON generic3d:0.5:24:i1o4 it= 3 linear_failure: GMRES status=max_iterations rel=4.8e-08 lits=6000 prec singular modes=0 (step not taken)
  STAGE_END field=generic3d eps=0.5 N=24 cand=i1o4 status=linear_failure its=3 r_F=5.357e-03 r_out=1.904e-04 -> FAILED
  CONTINUATION bisection 3/4: retry from eps=0.4375 at eps=0.46875
STAGE field=generic3d eps=0.46875 N=24 cand=i1o4 (from eps=0.4375, warm start)
  NEWTON generic3d:0.46875:24:i1o4 it= 0 r_F=3.664e-01 r_out=2.482e-02
    LINEAR gmres+P-A its=1300 rel=6.7e-13 t=1.91s cycles=13 reorth=1254 rec=6.7e-13 status=converged t_fact=0.00s singular_modes=0
  NEWTON generic3d:0.46875:24:i1o4 it= 1 r_F=4.737e-03 r_out=5.516e-04 lambda=1 |dx|max=1.25e-02 lin=gmres+P-A rel=6.7e-13 lits=1300 t_lin=1.9s |dx|2=6.63e-01 t_fact=0.00s
    LINEAR gmres+P-A its=2200 rel=6.7e-13 t=3.18s cycles=22 reorth=2111 rec=6.7e-13 status=converged t_fact=0.00s singular_modes=0
  NEWTON generic3d:0.46875:24:i1o4 it= 2 r_F=7.489e-04 r_out=2.247e-05 lambda=1 |dx|max=2.59e-03 lin=gmres+P-A rel=6.7e-13 lits=2200 t_lin=3.2s |dx|2=1.34e-01 t_fact=0.00s
    LINEAR gmres+P-A its=2500 rel=4.3e-13 t=3.63s cycles=25 reorth=2384 rec=4.3e-13 status=converged t_fact=0.00s singular_modes=0
  NEWTON generic3d:0.46875:24:i1o4 it= 3 r_F=3.700e-07 r_out=6.128e-09 lambda=1 |dx|max=5.47e-05 lin=gmres+P-A rel=4.3e-13 lits=2500 t_lin=3.6s |dx|2=1.75e-03 t_fact=0.00s
    LINEAR gmres+P-A its=2400 rel=6.6e-13 t=3.46s cycles=24 reorth=2277 rec=6.6e-13 status=converged t_fact=0.00s singular_modes=0
  NEWTON generic3d:0.46875:24:i1o4 it= 4 r_F=1.606e-11 r_out=2.074e-13 lambda=1 |dx|max=3.90e-07 lin=gmres+P-A rel=6.6e-13 lits=2400 t_lin=3.5s |dx|2=1.22e-05 t_fact=0.00s
    LINEAR gmres+P-A its=2500 rel=7.2e-13 t=3.63s cycles=25 reorth=2373 rec=7.2e-13 status=converged t_fact=0.00s singular_modes=0
  NEWTON generic3d:0.46875:24:i1o4 it= 5 r_F=9.293e-15 r_out=5.694e-16 lambda=1 |dx|max=1.23e-12 lin=gmres+P-A rel=7.2e-13 lits=2500 t_lin=3.6s |dx|2=2.67e-11 t_fact=0.00s
  STAGE_END field=generic3d eps=0.46875 N=24 cand=i1o4 status=converged its=5 r_F=9.293e-15 r_out=5.694e-16 -> accepted
STAGE field=generic3d eps=0.5 N=24 cand=i1o4 (from eps=0.46875, warm start)
  NEWTON generic3d:0.5:24:i1o4 it= 0 r_F=3.638e-01 r_out=2.585e-02
    LINEAR gmres+P-A its=3000 rel=8.3e-13 t=4.38s cycles=30 reorth=2838 rec=8.3e-13 status=converged t_fact=0.00s singular_modes=0
  NEWTON generic3d:0.5:24:i1o4 it= 1 r_F=4.956e-03 r_out=5.901e-04 lambda=1 |dx|max=1.30e-02 lin=gmres+P-A rel=8.3e-13 lits=3000 t_lin=4.4s |dx|2=6.79e-01 t_fact=0.00s
    LINEAR gmres+P-A its=6000 rel=2.2e-11 t=8.73s cycles=60 reorth=5605 rec=2.2e-11 status=max_iterations t_fact=0.00s singular_modes=0
  NEWTON generic3d:0.5:24:i1o4 it= 2 linear_failure: GMRES status=max_iterations rel=2.2e-11 lits=6000 prec singular modes=0 (step not taken)
  STAGE_END field=generic3d eps=0.5 N=24 cand=i1o4 status=linear_failure its=2 r_F=4.956e-03 r_out=5.901e-04 -> FAILED
  CONTINUATION bisection 4/4: retry from eps=0.46875 at eps=0.484375
STAGE field=generic3d eps=0.484375 N=24 cand=i1o4 (from eps=0.46875, warm start)
  NEWTON generic3d:0.484375:24:i1o4 it= 0 r_F=1.825e-01 r_out=1.283e-02
    LINEAR gmres+P-A its=2400 rel=5.7e-13 t=3.48s cycles=24 reorth=2270 rec=5.7e-13 status=converged t_fact=0.00s singular_modes=0
  NEWTON generic3d:0.484375:24:i1o4 it= 1 r_F=1.266e-03 r_out=1.518e-04 lambda=1 |dx|max=6.53e-03 lin=gmres+P-A rel=5.7e-13 lits=2400 t_lin=3.5s |dx|2=3.48e-01 t_fact=0.00s
    LINEAR gmres+P-A its=4200 rel=7.8e-13 t=6.09s cycles=42 reorth=3981 rec=7.8e-13 status=converged t_fact=0.00s singular_modes=0
  NEWTON generic3d:0.484375:24:i1o4 it= 2 r_F=9.769e-05 r_out=2.602e-06 lambda=1 |dx|max=8.65e-04 lin=gmres+P-A rel=7.8e-13 lits=4200 t_lin=6.1s |dx|2=4.13e-02 t_fact=0.00s
    LINEAR gmres+P-A its=4400 rel=8.6e-13 t=6.37s cycles=44 reorth=4152 rec=8.6e-13 status=converged t_fact=0.00s singular_modes=0
  NEWTON generic3d:0.484375:24:i1o4 it= 3 r_F=4.638e-09 r_out=6.351e-11 lambda=1 |dx|max=6.65e-06 lin=gmres+P-A rel=8.6e-13 lits=4400 t_lin=6.4s |dx|2=1.70e-04 t_fact=0.00s
    LINEAR gmres+P-A its=4900 rel=7.3e-13 t=7.07s cycles=49 reorth=4599 rec=7.2e-13 status=converged t_fact=0.00s singular_modes=0
  NEWTON generic3d:0.484375:24:i1o4 it= 4 r_F=1.253e-14 r_out=6.180e-16 lambda=1 |dx|max=7.60e-09 lin=gmres+P-A rel=7.3e-13 lits=4900 t_lin=7.1s |dx|2=2.22e-07 t_fact=0.00s
  STAGE_END field=generic3d eps=0.484375 N=24 cand=i1o4 status=converged its=4 r_F=1.253e-14 r_out=6.180e-16 -> accepted
STAGE field=generic3d eps=0.5 N=24 cand=i1o4 (from eps=0.484375, warm start)
  NEWTON generic3d:0.5:24:i1o4 it= 0 r_F=1.819e-01 r_out=1.310e-02
    LINEAR gmres+P-A its=4300 rel=9.0e-13 t=6.16s cycles=43 reorth=4026 rec=9.0e-13 status=converged t_fact=0.00s singular_modes=0
  NEWTON generic3d:0.5:24:i1o4 it= 1 r_F=1.294e-03 r_out=1.573e-04 lambda=1 |dx|max=6.65e-03 lin=gmres+P-A rel=9.0e-13 lits=4300 t_lin=6.2s |dx|2=3.53e-01 t_fact=0.00s
    LINEAR gmres+P-A its=6000 rel=2.4e-10 t=8.66s cycles=60 reorth=5571 rec=2.4e-10 status=max_iterations t_fact=0.00s singular_modes=0
  NEWTON generic3d:0.5:24:i1o4 it= 2 linear_failure: GMRES status=max_iterations rel=2.4e-10 lits=6000 prec singular modes=0 (step not taken)
  STAGE_END field=generic3d eps=0.5 N=24 cand=i1o4 status=linear_failure its=2 r_F=1.294e-03 r_out=1.573e-04 -> FAILED
  CONTINUATION gave up after 4 bisections; reporting the failed state at eps=0.5
STAGE field=generic3d eps=1 N=24 cand=i1o4 (final attempt from eps=0.484375)
  NEWTON generic3d:1:24:i1o4 it= 0 r_F=5.128e+00 r_out=4.988e-01
    LINEAR gmres+P-A its=5300 rel=7.4e-13 t=6.81s cycles=53 reorth=2281 rec=7.4e-13 status=converged t_fact=0.00s singular_modes=0
  NEWTON generic3d:1:24:i1o4 it= 1 r_F=8.159e-01 r_out=2.665e-01 lambda=1 |dx|max=2.14e-01 lin=gmres+P-A rel=7.4e-13 lits=5300 t_lin=6.8s |dx|2=1.19e+01 t_fact=0.00s
    LINEAR gmres+P-A its=300 rel=4.8e-01 t=0.36s cycles=3 reorth=81 rec=4.8e-01 status=stagnation t_fact=0.00s singular_modes=0
  NEWTON generic3d:1:24:i1o4 it= 2 linear_failure: GMRES status=stagnation rel=4.8e-01 lits=300 prec singular modes=0 (step not taken)
PATH field=generic3d eps=1 N=24 cand=i1o4 continuation path: 0.25->0.5(fail)->0.375->0.5(fail)->0.4375->0.5(fail)->0.46875->0.5(fail)->0.484375->0.5(fail)->1(final)
GMRES_STATS field=generic3d eps=1 N=24 stage_eps=0.25 status=converged newton_its=7 steps=7 its_max=194 its_median=149.0 its_total=1079 rel_max=1.0e-13 linear_failures=0
GMRES_STATS field=generic3d eps=1 N=24 stage_eps=0.5 status=linear_failure newton_its=3 steps=3 its_max=593 its_median=400.0 its_total=1284 rel_max=1.3e-01 linear_failures=1
GMRES_STATS field=generic3d eps=1 N=24 stage_eps=0.375 status=converged newton_its=6 steps=6 its_max=499 its_median=479.5 its_total=2444 rel_max=3.6e-13 linear_failures=0
GMRES_STATS field=generic3d eps=1 N=24 stage_eps=0.5 status=linear_failure newton_its=3 steps=3 its_max=1400 its_median=674.0 its_total=2574 rel_max=7.4e-02 linear_failures=1
GMRES_STATS field=generic3d eps=1 N=24 stage_eps=0.4375 status=converged newton_its=5 steps=5 its_max=1200 its_median=1100.0 its_total=4999 rel_max=5.8e-13 linear_failures=0
GMRES_STATS field=generic3d eps=1 N=24 stage_eps=0.5 status=linear_failure newton_its=3 steps=3 its_max=6000 its_median=4100.0 its_total=11600 rel_max=4.8e-08 linear_failures=1
GMRES_STATS field=generic3d eps=1 N=24 stage_eps=0.46875 status=converged newton_its=5 steps=5 its_max=2500 its_median=2400.0 its_total=10900 rel_max=7.2e-13 linear_failures=0
GMRES_STATS field=generic3d eps=1 N=24 stage_eps=0.5 status=linear_failure newton_its=2 steps=2 its_max=6000 its_median=4500.0 its_total=9000 rel_max=2.2e-11 linear_failures=1
GMRES_STATS field=generic3d eps=1 N=24 stage_eps=0.484375 status=converged newton_its=4 steps=4 its_max=4900 its_median=4300.0 its_total=15900 rel_max=8.6e-13 linear_failures=0
GMRES_STATS field=generic3d eps=1 N=24 stage_eps=0.5 status=linear_failure newton_its=2 steps=2 its_max=6000 its_median=5150.0 its_total=10300 rel_max=2.4e-10 linear_failures=1
GMRES_STATS field=generic3d eps=1 N=24 stage_eps=1(final) status=linear_failure newton_its=2 steps=2 its_max=5300 its_median=2800.0 its_total=5600 rel_max=4.8e-01 linear_failures=1
CASE field=generic3d eps=1 N=24 cand=i1o4 | r_F=8.159e-01 its=2 | e_v=2.611e-01 e_psi=6.617e-01 e_i=(2.148e-01,1.525e-01) e_div=1.933e-01 min_c=1.023e-01 p0.1=1.109e-01 p1=1.567e-01 p5=2.604e-01 p50=9.691e-01 | t=108.4 | e_psi1=6.617e-01 e_psi2=6.284e-01
CASE field=generic3d eps=1 N=24 cand=oracle_fd4 | r_F=nan its=nan | e_v=1.136e-01 e_psi=2.822e-17 e_i=(3.022e-02,2.348e-02) e_div=8.358e-01 min_c=1.107e-01 p0.1=1.263e-01 p1=1.749e-01 p5=2.735e-01 p50=9.452e-01 | t=0.0 | e_psi1=1.651e-17 e_psi2=2.822e-17
EXTRA field=generic3d eps=1 N=24 cand=i1o4 status=linear_failure r_F=8.159e-01 r_out=2.665e-01 | outlet c_perp-vperp_in: cand=2.665e-01 oracle_fd=7.679e-02 | inlet oblique defect (c x e1 - vperp_in x e1)/v_rms: j=0(one-sided) cand=6.710e-01 oracle_fd=1.468e-02; j=1 cand=3.542e-01 oracle_fd=2.422e-01; j=1 vs vD(j=1) cand=1.846e-01 oracle_fd=3.815e-03 | min|c|/v_rms=0.0708 min|vD|/v_rms=0.0810 e_i1=2.148e-01 e_i2=1.525e-01 | t=108.4s | a_psi1=8.088e-02 a_psi2=9.565e-02 (FD order 4)
HISTORY field=generic3d eps=1 N=24 cand=i1o4 r_F: 5.13e+00 8.16e-01
HISTORY field=generic3d eps=1 N=24 cand=i1o4 r_out: 4.99e-01 2.66e-01
HISTORY_FULL field=generic3d eps=1 N=24 cand=i1o4 r_F: 5.12760152969331884e+00 8.15870694771971716e-01
HISTORY_FULL field=generic3d eps=1 N=24 cand=i1o4 r_out: 4.98810275414208470e-01 2.66476751120815092e-01
TIMING load=0.007s metrics=0.002s prepare=0.050s solve=108.375s total=108.435s
MEMORY peak_device_bytes=554696704 free_min=33535033344 total_device=34089730048 workspaces_bytes=33454751 (peak/free: cudaMemGetInfo polls before/after every phase, device-wide)
SUMMARY_JSON /home/sesquerre/MacroFlow3D-SF-33/docs/experiments/artifacts/2026-10-06-sf33-gpu-inlet-labels/raw/proto/generic3d_1_24.json
STATUS continuation_floor
