command: /home/sesquerre/MacroFlow3D-SF-33/build/v100-release/inlet_slab --proto /home/sesquerre/MacroFlow3D-SF-33/docs/experiments/artifacts/2026-10-06-sf33-gpu-inlet-labels/exports/generic3d_1_20 --summary /home/sesquerre/MacroFlow3D-SF-33/docs/experiments/artifacts/2026-10-06-sf33-gpu-inlet-labels/raw/proto/generic3d_1_20.json
CASE_DIR /home/sesquerre/MacroFlow3D-SF-33/docs/experiments/artifacts/2026-10-06-sf33-gpu-inlet-labels/exports/generic3d_1_20 field=generic3d eps=1 N=20 nphi=32 Q0=1.00000000000136 inlet_vmin=2.341302e-01 v_rms=1.44687764294702 cache_hit=0 stage_amplitudes=48 target_eps=1
SETUP grad_lnk=analytic (prototype export: complex-step gradient of the analytic ln k at the vertices)
SOLVER N=20 eps=1 cand=i1o4 newton_tol=1.0e-13 max_newton=40 lin_tol=1.0e-12 restart=100 max_inner=6000 bisect=4 prec=P-A ladder=(0.25,0.5,1) stage_ok=1e-09
STAGE field=generic3d eps=0.25 N=20 cand=i1o4 (from eps=0, u=0)
  NEWTON generic3d:0.25:20:i1o4 it= 0 r_F=2.627e+00 r_out=1.339e-01
    LINEAR gmres+P-A its=159 rel=8.3e-14 t=0.22s cycles=2 reorth=133 rec=8.3e-14 status=converged t_fact=0.00s singular_modes=0
  NEWTON generic3d:0.25:20:i1o4 it= 1 r_F=1.339e-01 r_out=2.167e-02 lambda=1 |dx|max=6.64e-02 lin=gmres+P-A rel=8.3e-14 lits=159 t_lin=0.2s |dx|2=2.78e+00 t_fact=0.00s
    LINEAR gmres+P-A its=87 rel=1.1e-13 t=0.11s cycles=1 reorth=87 rec=9.9e-14 status=converged t_fact=0.00s singular_modes=0
  NEWTON generic3d:0.25:20:i1o4 it= 2 r_F=5.754e-02 r_out=1.588e-03 lambda=1 |dx|max=3.50e-02 lin=gmres+P-A rel=1.1e-13 lits=87 t_lin=0.1s |dx|2=1.49e+00 t_fact=0.00s
    LINEAR gmres+P-A its=120 rel=8.6e-14 t=0.14s cycles=2 reorth=119 rec=8.5e-14 status=converged t_fact=0.00s singular_modes=0
  NEWTON generic3d:0.25:20:i1o4 it= 3 r_F=6.778e-03 r_out=1.119e-04 lambda=1 |dx|max=8.36e-03 lin=gmres+P-A rel=8.6e-14 lits=120 t_lin=0.1s |dx|2=2.96e-01 t_fact=0.00s
    LINEAR gmres+P-A its=117 rel=9.0e-14 t=0.14s cycles=2 reorth=115 rec=8.9e-14 status=converged t_fact=0.00s singular_modes=0
  NEWTON generic3d:0.25:20:i1o4 it= 4 r_F=6.467e-04 r_out=6.225e-06 lambda=1 |dx|max=2.03e-03 lin=gmres+P-A rel=9.0e-14 lits=117 t_lin=0.1s |dx|2=6.01e-02 t_fact=0.00s
    LINEAR gmres+P-A its=100 rel=5.9e-13 t=0.13s cycles=1 reorth=100 rec=5.9e-13 status=converged t_fact=0.00s singular_modes=0
  NEWTON generic3d:0.25:20:i1o4 it= 5 r_F=4.820e-07 r_out=5.231e-09 lambda=1 |dx|max=5.85e-05 lin=gmres+P-A rel=5.9e-13 lits=100 t_lin=0.1s |dx|2=1.47e-03 t_fact=0.00s
    LINEAR gmres+P-A its=113 rel=9.2e-14 t=0.14s cycles=2 reorth=111 rec=9.1e-14 status=converged t_fact=0.00s singular_modes=0
  NEWTON generic3d:0.25:20:i1o4 it= 6 r_F=2.306e-12 r_out=2.681e-14 lambda=1 |dx|max=1.60e-07 lin=gmres+P-A rel=9.2e-14 lits=113 t_lin=0.1s |dx|2=3.72e-06 t_fact=0.00s
    LINEAR gmres+P-A its=100 rel=3.9e-13 t=0.13s cycles=1 reorth=100 rec=3.9e-13 status=converged t_fact=0.00s singular_modes=0
  NEWTON generic3d:0.25:20:i1o4 it= 7 r_F=3.366e-15 r_out=2.259e-16 lambda=1 |dx|max=2.12e-13 lin=gmres+P-A rel=3.9e-13 lits=100 t_lin=0.1s |dx|2=4.51e-12 t_fact=0.00s
  STAGE_END field=generic3d eps=0.25 N=20 cand=i1o4 status=converged its=7 r_F=3.366e-15 r_out=2.259e-16 -> accepted
STAGE field=generic3d eps=0.5 N=20 cand=i1o4 (from eps=0.25, warm start)
  NEWTON generic3d:0.5:20:i1o4 it= 0 r_F=2.430e+00 r_out=1.734e-01
    LINEAR gmres+P-A its=200 rel=6.0e-13 t=0.25s cycles=2 reorth=148 rec=6.0e-13 status=converged t_fact=0.00s singular_modes=0
  NEWTON generic3d:0.5:20:i1o4 it= 1 r_F=1.401e-01 r_out=3.180e-02 lambda=1 |dx|max=7.98e-02 lin=gmres+P-A rel=6.0e-13 lits=200 t_lin=0.3s |dx|2=3.04e+00 t_fact=0.00s
    LINEAR gmres+P-A its=364 rel=9.6e-14 t=0.45s cycles=4 reorth=356 rec=9.5e-14 status=converged t_fact=0.00s singular_modes=0
  NEWTON generic3d:0.5:20:i1o4 it= 2 r_F=1.147e-01 r_out=6.437e-03 lambda=1 |dx|max=5.15e-02 lin=gmres+P-A rel=9.6e-14 lits=364 t_lin=0.5s |dx|2=2.35e+00 t_fact=0.00s
    LINEAR gmres+P-A its=4100 rel=7.8e-13 t=5.35s cycles=41 reorth=3845 rec=7.8e-13 status=converged t_fact=0.00s singular_modes=0
  NEWTON generic3d:0.5:20:i1o4 it= 3 r_F=2.227e-02 r_out=5.177e-04 lambda=1 |dx|max=1.40e-02 lin=gmres+P-A rel=7.8e-13 lits=4100 t_lin=5.3s |dx|2=5.37e-01 t_fact=0.00s
    LINEAR gmres+P-A its=2000 rel=4.8e-13 t=2.61s cycles=20 reorth=1906 rec=4.8e-13 status=converged t_fact=0.00s singular_modes=0
  NEWTON generic3d:0.5:20:i1o4 it= 4 r_F=7.464e-03 r_out=1.594e-04 lambda=1 |dx|max=9.61e-03 lin=gmres+P-A rel=4.8e-13 lits=2000 t_lin=2.6s |dx|2=2.45e-01 t_fact=0.00s
    LINEAR gmres+P-A its=1400 rel=1.8e-13 t=1.85s cycles=14 reorth=1338 rec=1.8e-13 status=converged t_fact=0.00s singular_modes=0
  NEWTON generic3d:0.5:20:i1o4 it= 5 r_F=6.427e-05 r_out=1.347e-06 lambda=1 |dx|max=9.59e-04 lin=gmres+P-A rel=1.8e-13 lits=1400 t_lin=1.9s |dx|2=1.95e-02 t_fact=0.00s
    LINEAR gmres+P-A its=1400 rel=5.4e-13 t=1.83s cycles=14 reorth=1345 rec=5.4e-13 status=converged t_fact=0.00s singular_modes=0
  NEWTON generic3d:0.5:20:i1o4 it= 6 r_F=5.741e-08 r_out=1.050e-09 lambda=1 |dx|max=2.84e-05 lin=gmres+P-A rel=5.4e-13 lits=1400 t_lin=1.8s |dx|2=5.18e-04 t_fact=0.00s
    LINEAR gmres+P-A its=1400 rel=3.1e-13 t=1.83s cycles=14 reorth=1342 rec=3.1e-13 status=converged t_fact=0.00s singular_modes=0
  NEWTON generic3d:0.5:20:i1o4 it= 7 r_F=2.209e-14 r_out=7.789e-16 lambda=1 |dx|max=2.11e-08 lin=gmres+P-A rel=3.1e-13 lits=1400 t_lin=1.8s |dx|2=3.18e-07 t_fact=0.00s
  STAGE_END field=generic3d eps=0.5 N=20 cand=i1o4 status=converged its=7 r_F=2.209e-14 r_out=7.789e-16 -> accepted
STAGE field=generic3d eps=1 N=20 cand=i1o4 (from eps=0.5, warm start)
  NEWTON generic3d:1:20:i1o4 it= 0 r_F=3.989e+00 r_out=4.886e-01
    LINEAR gmres+P-A its=3800 rel=7.7e-13 t=4.59s cycles=38 reorth=2206 rec=7.7e-13 status=converged t_fact=0.00s singular_modes=0
  NEWTON generic3d:1:20:i1o4 it= 1 r_F=7.003e-01 r_out=2.499e-01 lambda=1 |dx|max=1.98e-01 lin=gmres+P-A rel=7.7e-13 lits=3800 t_lin=4.6s |dx|2=8.37e+00 t_fact=0.00s
    LINEAR gmres+P-A its=300 rel=4.6e-01 t=0.36s cycles=3 reorth=183 rec=4.6e-01 status=stagnation t_fact=0.00s singular_modes=0
  NEWTON generic3d:1:20:i1o4 it= 2 linear_failure: GMRES status=stagnation rel=4.6e-01 lits=300 prec singular modes=0 (step not taken)
  STAGE_END field=generic3d eps=1 N=20 cand=i1o4 status=linear_failure its=2 r_F=7.003e-01 r_out=2.499e-01 -> FAILED
  CONTINUATION bisection 1/4: retry from eps=0.5 at eps=0.75
STAGE field=generic3d eps=0.75 N=20 cand=i1o4 (from eps=0.5, warm start)
  NEWTON generic3d:0.75:20:i1o4 it= 0 r_F=2.210e+00 r_out=2.333e-01
    LINEAR gmres+P-A its=2000 rel=5.0e-13 t=2.50s cycles=20 reorth=1486 rec=5.0e-13 status=converged t_fact=0.00s singular_modes=0
  NEWTON generic3d:0.75:20:i1o4 it= 1 r_F=1.939e-01 r_out=4.817e-02 lambda=1 |dx|max=9.94e-02 lin=gmres+P-A rel=5.0e-13 lits=2000 t_lin=2.5s |dx|2=3.61e+00 t_fact=0.00s
    LINEAR gmres+P-A its=400 rel=2.7e-01 t=0.51s cycles=4 reorth=341 rec=2.7e-01 status=stagnation t_fact=0.00s singular_modes=0
  NEWTON generic3d:0.75:20:i1o4 it= 2 linear_failure: GMRES status=stagnation rel=2.7e-01 lits=400 prec singular modes=0 (step not taken)
  STAGE_END field=generic3d eps=0.75 N=20 cand=i1o4 status=linear_failure its=2 r_F=1.939e-01 r_out=4.817e-02 -> FAILED
  CONTINUATION bisection 2/4: retry from eps=0.5 at eps=0.625
STAGE field=generic3d eps=0.625 N=20 cand=i1o4 (from eps=0.5, warm start)
  NEWTON generic3d:0.625:20:i1o4 it= 0 r_F=1.153e+00 r_out=1.119e-01
    LINEAR gmres+P-A its=1900 rel=4.1e-13 t=2.43s cycles=19 reorth=1710 rec=4.1e-13 status=converged t_fact=0.00s singular_modes=0
  NEWTON generic3d:0.625:20:i1o4 it= 1 r_F=6.095e-02 r_out=1.033e-02 lambda=1 |dx|max=5.05e-02 lin=gmres+P-A rel=4.1e-13 lits=1900 t_lin=2.4s |dx|2=1.87e+00 t_fact=0.00s
    LINEAR gmres+P-A its=5500 rel=1.0e-09 t=7.21s cycles=55 reorth=5127 rec=1.0e-09 status=stagnation t_fact=0.00s singular_modes=0
  NEWTON generic3d:0.625:20:i1o4 it= 2 linear_failure: GMRES status=stagnation rel=1.0e-09 lits=5500 prec singular modes=0 (step not taken)
  STAGE_END field=generic3d eps=0.625 N=20 cand=i1o4 status=linear_failure its=2 r_F=6.095e-02 r_out=1.033e-02 -> FAILED
  CONTINUATION bisection 3/4: retry from eps=0.5 at eps=0.5625
STAGE field=generic3d eps=0.5625 N=20 cand=i1o4 (from eps=0.5, warm start)
  NEWTON generic3d:0.5625:20:i1o4 it= 0 r_F=5.880e-01 r_out=5.455e-02
    LINEAR gmres+P-A its=1800 rel=8.3e-13 t=2.34s cycles=18 reorth=1697 rec=8.3e-13 status=converged t_fact=0.00s singular_modes=0
  NEWTON generic3d:0.5625:20:i1o4 it= 1 r_F=1.805e-02 r_out=2.473e-03 lambda=1 |dx|max=2.54e-02 lin=gmres+P-A rel=8.3e-13 lits=1800 t_lin=2.3s |dx|2=1.00e+00 t_fact=0.00s
    LINEAR gmres+P-A its=3700 rel=9.3e-13 t=4.84s cycles=37 reorth=3479 rec=9.3e-13 status=converged t_fact=0.00s singular_modes=0
  NEWTON generic3d:0.5625:20:i1o4 it= 2 r_F=6.096e-03 r_out=2.485e-04 lambda=1 |dx|max=8.87e-03 lin=gmres+P-A rel=9.3e-13 lits=3700 t_lin=4.8s |dx|2=3.59e-01 t_fact=0.00s
    LINEAR gmres+P-A its=700 rel=3.7e-02 t=0.91s cycles=7 reorth=639 rec=3.7e-02 status=stagnation t_fact=0.00s singular_modes=0
  NEWTON generic3d:0.5625:20:i1o4 it= 3 linear_failure: GMRES status=stagnation rel=3.7e-02 lits=700 prec singular modes=0 (step not taken)
  STAGE_END field=generic3d eps=0.5625 N=20 cand=i1o4 status=linear_failure its=3 r_F=6.096e-03 r_out=2.485e-04 -> FAILED
  CONTINUATION bisection 4/4: retry from eps=0.5 at eps=0.53125
STAGE field=generic3d eps=0.53125 N=20 cand=i1o4 (from eps=0.5, warm start)
  NEWTON generic3d:0.53125:20:i1o4 it= 0 r_F=2.967e-01 r_out=2.691e-02
    LINEAR gmres+P-A its=1400 rel=9.6e-13 t=1.80s cycles=14 reorth=1327 rec=9.6e-13 status=converged t_fact=0.00s singular_modes=0
  NEWTON generic3d:0.53125:20:i1o4 it= 1 r_F=4.802e-03 r_out=6.315e-04 lambda=1 |dx|max=1.31e-02 lin=gmres+P-A rel=9.6e-13 lits=1400 t_lin=1.8s |dx|2=5.26e-01 t_fact=0.00s
    LINEAR gmres+P-A its=2500 rel=5.7e-13 t=3.32s cycles=25 reorth=2364 rec=5.7e-13 status=converged t_fact=0.00s singular_modes=0
  NEWTON generic3d:0.53125:20:i1o4 it= 2 r_F=9.270e-04 r_out=2.966e-05 lambda=1 |dx|max=2.80e-03 lin=gmres+P-A rel=5.7e-13 lits=2500 t_lin=3.3s |dx|2=1.14e-01 t_fact=0.00s
    LINEAR gmres+P-A its=2700 rel=4.2e-13 t=3.53s cycles=27 reorth=2538 rec=4.2e-13 status=converged t_fact=0.00s singular_modes=0
  NEWTON generic3d:0.53125:20:i1o4 it= 3 r_F=4.107e-07 r_out=6.589e-09 lambda=1 |dx|max=5.59e-05 lin=gmres+P-A rel=4.2e-13 lits=2700 t_lin=3.5s |dx|2=1.49e-03 t_fact=0.00s
    LINEAR gmres+P-A its=2800 rel=8.7e-13 t=3.65s cycles=28 reorth=2622 rec=8.7e-13 status=converged t_fact=0.00s singular_modes=0
  NEWTON generic3d:0.53125:20:i1o4 it= 4 r_F=1.767e-11 r_out=2.727e-13 lambda=1 |dx|max=4.41e-07 lin=gmres+P-A rel=8.7e-13 lits=2800 t_lin=3.7s |dx|2=1.12e-05 t_fact=0.00s
    LINEAR gmres+P-A its=2700 rel=6.7e-13 t=3.53s cycles=27 reorth=2539 rec=6.7e-13 status=converged t_fact=0.00s singular_modes=0
  NEWTON generic3d:0.53125:20:i1o4 it= 5 r_F=7.369e-15 r_out=5.975e-16 lambda=1 |dx|max=8.39e-13 lin=gmres+P-A rel=6.7e-13 lits=2700 t_lin=3.5s |dx|2=1.90e-11 t_fact=0.00s
  STAGE_END field=generic3d eps=0.53125 N=20 cand=i1o4 status=converged its=5 r_F=7.369e-15 r_out=5.975e-16 -> accepted
STAGE field=generic3d eps=0.5625 N=20 cand=i1o4 (from eps=0.53125, warm start)
  NEWTON generic3d:0.5625:20:i1o4 it= 0 r_F=2.939e-01 r_out=2.799e-02
    LINEAR gmres+P-A its=3400 rel=8.3e-13 t=4.47s cycles=34 reorth=3143 rec=8.3e-13 status=converged t_fact=0.00s singular_modes=0
  NEWTON generic3d:0.5625:20:i1o4 it= 1 r_F=5.025e-03 r_out=6.745e-04 lambda=1 |dx|max=1.36e-02 lin=gmres+P-A rel=8.3e-13 lits=3400 t_lin=4.5s |dx|2=5.38e-01 t_fact=0.00s
    LINEAR gmres+P-A its=6000 rel=2.2e-12 t=7.79s cycles=60 reorth=5559 rec=2.2e-12 status=max_iterations t_fact=0.00s singular_modes=0
  NEWTON generic3d:0.5625:20:i1o4 it= 2 linear_failure: GMRES status=max_iterations rel=2.2e-12 lits=6000 prec singular modes=0 (step not taken)
  STAGE_END field=generic3d eps=0.5625 N=20 cand=i1o4 status=linear_failure its=2 r_F=5.025e-03 r_out=6.745e-04 -> FAILED
  CONTINUATION gave up after 4 bisections; reporting the failed state at eps=0.5625
STAGE field=generic3d eps=1 N=20 cand=i1o4 (final attempt from eps=0.53125)
  NEWTON generic3d:1:20:i1o4 it= 0 r_F=3.729e+00 r_out=4.685e-01
    LINEAR gmres+P-A its=5600 rel=6.4e-13 t=6.92s cycles=56 reorth=3427 rec=6.4e-13 status=converged t_fact=0.00s singular_modes=0
  NEWTON generic3d:1:20:i1o4 it= 1 r_F=6.604e-01 r_out=2.198e-01 lambda=1 |dx|max=1.85e-01 lin=gmres+P-A rel=6.4e-13 lits=5600 t_lin=6.9s |dx|2=7.76e+00 t_fact=0.00s
    LINEAR gmres+P-A its=300 rel=4.7e-01 t=0.38s cycles=3 reorth=180 rec=4.7e-01 status=stagnation t_fact=0.00s singular_modes=0
  NEWTON generic3d:1:20:i1o4 it= 2 linear_failure: GMRES status=stagnation rel=4.7e-01 lits=300 prec singular modes=0 (step not taken)
PATH field=generic3d eps=1 N=20 cand=i1o4 continuation path: 0.25->0.5->1(fail)->0.75(fail)->0.625(fail)->0.5625(fail)->0.53125->0.5625(fail)->1(final)
GMRES_STATS field=generic3d eps=1 N=20 stage_eps=0.25 status=converged newton_its=7 steps=7 its_max=159 its_median=113.0 its_total=796 rel_max=5.9e-13 linear_failures=0
GMRES_STATS field=generic3d eps=1 N=20 stage_eps=0.5 status=converged newton_its=7 steps=7 its_max=4100 its_median=1400.0 its_total=10864 rel_max=7.8e-13 linear_failures=0
GMRES_STATS field=generic3d eps=1 N=20 stage_eps=1 status=linear_failure newton_its=2 steps=2 its_max=3800 its_median=2050.0 its_total=4100 rel_max=4.6e-01 linear_failures=1
GMRES_STATS field=generic3d eps=1 N=20 stage_eps=0.75 status=linear_failure newton_its=2 steps=2 its_max=2000 its_median=1200.0 its_total=2400 rel_max=2.7e-01 linear_failures=1
GMRES_STATS field=generic3d eps=1 N=20 stage_eps=0.625 status=linear_failure newton_its=2 steps=2 its_max=5500 its_median=3700.0 its_total=7400 rel_max=1.0e-09 linear_failures=1
GMRES_STATS field=generic3d eps=1 N=20 stage_eps=0.5625 status=linear_failure newton_its=3 steps=3 its_max=3700 its_median=1800.0 its_total=6200 rel_max=3.7e-02 linear_failures=1
GMRES_STATS field=generic3d eps=1 N=20 stage_eps=0.53125 status=converged newton_its=5 steps=5 its_max=2800 its_median=2700.0 its_total=12100 rel_max=9.6e-13 linear_failures=0
GMRES_STATS field=generic3d eps=1 N=20 stage_eps=0.5625 status=linear_failure newton_its=2 steps=2 its_max=6000 its_median=4700.0 its_total=9400 rel_max=2.2e-12 linear_failures=1
GMRES_STATS field=generic3d eps=1 N=20 stage_eps=1(final) status=linear_failure newton_its=2 steps=2 its_max=5600 its_median=2950.0 its_total=5900 rel_max=4.7e-01 linear_failures=1
CASE field=generic3d eps=1 N=20 cand=i1o4 | r_F=6.604e-01 its=2 | e_v=2.165e-01 e_psi=5.652e-01 e_i=(1.665e-01,1.307e-01) e_div=2.371e-01 min_c=1.045e-01 p0.1=1.143e-01 p1=1.596e-01 p5=2.633e-01 p50=9.660e-01 | t=76.3 | e_psi1=5.503e-01 e_psi2=5.652e-01
CASE field=generic3d eps=1 N=20 cand=oracle_fd4 | r_F=nan its=nan | e_v=1.350e-01 e_psi=3.228e-17 e_i=(3.681e-02,2.941e-02) e_div=9.816e-01 min_c=1.002e-01 p0.1=1.257e-01 p1=1.738e-01 p5=2.719e-01 p50=9.440e-01 | t=0.0 | e_psi1=1.988e-17 e_psi2=3.228e-17
EXTRA field=generic3d eps=1 N=20 cand=i1o4 status=linear_failure r_F=6.604e-01 r_out=2.198e-01 | outlet c_perp-vperp_in: cand=2.198e-01 oracle_fd=1.365e-01 | inlet oblique defect (c x e1 - vperp_in x e1)/v_rms: j=0(one-sided) cand=4.829e-01 oracle_fd=2.819e-02; j=1 cand=3.813e-01 oracle_fd=2.902e-01; j=1 vs vD(j=1) cand=1.612e-01 oracle_fd=7.514e-03 | min|c|/v_rms=0.0722 min|vD|/v_rms=0.0806 e_i1=1.665e-01 e_i2=1.307e-01 | t=76.3s | a_psi1=6.726e-02 a_psi2=8.615e-02 (FD order 4)
HISTORY field=generic3d eps=1 N=20 cand=i1o4 r_F: 3.73e+00 6.60e-01
HISTORY field=generic3d eps=1 N=20 cand=i1o4 r_out: 4.68e-01 2.20e-01
HISTORY_FULL field=generic3d eps=1 N=20 cand=i1o4 r_F: 3.72870949131908747e+00 6.60362155966931041e-01
HISTORY_FULL field=generic3d eps=1 N=20 cand=i1o4 r_out: 4.68482719856741447e-01 2.19781863945338413e-01
TIMING load=0.005s metrics=0.002s prepare=0.050s solve=76.315s total=76.371s
MEMORY peak_device_bytes=537919488 free_min=33551810560 total_device=34089730048 workspaces_bytes=19440887 (peak/free: cudaMemGetInfo polls before/after every phase, device-wide)
SUMMARY_JSON /home/sesquerre/MacroFlow3D-SF-33/docs/experiments/artifacts/2026-10-06-sf33-gpu-inlet-labels/raw/proto/generic3d_1_20.json
STATUS continuation_floor
