command: /home/sesquerre/MacroFlow3D-SF-33/build/v100-release/inlet_slab --proto /home/sesquerre/MacroFlow3D-SF-33/docs/experiments/artifacts/2026-10-06-sf33-gpu-inlet-labels/exports/generic3d_1_16 --solution /home/sesquerre/MacroFlow3D-SF-33/docs/experiments/artifacts/2026-10-06-sf33-gpu-inlet-labels/exports/solutions/generic3d_1_16_i1o4 --summary /home/sesquerre/MacroFlow3D-SF-33/docs/experiments/artifacts/2026-10-06-sf33-gpu-inlet-labels/raw/proto/generic3d_1_16.json
CASE_DIR /home/sesquerre/MacroFlow3D-SF-33/docs/experiments/artifacts/2026-10-06-sf33-gpu-inlet-labels/exports/generic3d_1_16 field=generic3d eps=1 N=16 nphi=32 Q0=1.00000000000136 inlet_vmin=2.341302e-01 v_rms=1.44911633371529 cache_hit=0 stage_amplitudes=48 target_eps=1
SETUP grad_lnk=analytic (prototype export: complex-step gradient of the analytic ln k at the vertices)
SOLVER N=16 eps=1 cand=i1o4 newton_tol=1.0e-13 max_newton=40 lin_tol=1.0e-12 restart=100 max_inner=6000 bisect=4 prec=P-A ladder=(0.25,0.5,1) stage_ok=1e-09
STAGE field=generic3d eps=0.25 N=16 cand=i1o4 (from eps=0, u=0)
  NEWTON generic3d:0.25:16:i1o4 it= 0 r_F=2.213e+00 r_out=1.339e-01
    LINEAR gmres+P-A its=99 rel=9.8e-14 t=0.12s cycles=1 reorth=91 rec=9.7e-14 status=converged t_fact=0.00s singular_modes=0
  NEWTON generic3d:0.25:16:i1o4 it= 1 r_F=1.294e-01 r_out=2.169e-02 lambda=1 |dx|max=6.67e-02 lin=gmres+P-A rel=9.8e-14 lits=99 t_lin=0.1s |dx|2=1.98e+00 t_fact=0.00s
    LINEAR gmres+P-A its=69 rel=7.0e-14 t=0.06s cycles=1 reorth=69 rec=6.5e-14 status=converged t_fact=0.00s singular_modes=0
  NEWTON generic3d:0.25:16:i1o4 it= 2 r_F=5.421e-02 r_out=1.604e-03 lambda=1 |dx|max=3.54e-02 lin=gmres+P-A rel=7.0e-14 lits=69 t_lin=0.1s |dx|2=1.08e+00 t_fact=0.00s
    LINEAR gmres+P-A its=84 rel=8.6e-14 t=0.08s cycles=1 reorth=82 rec=8.5e-14 status=converged t_fact=0.00s singular_modes=0
  NEWTON generic3d:0.25:16:i1o4 it= 3 r_F=5.271e-03 r_out=9.585e-05 lambda=1 |dx|max=7.81e-03 lin=gmres+P-A rel=8.6e-14 lits=84 t_lin=0.1s |dx|2=1.99e-01 t_fact=0.00s
    LINEAR gmres+P-A its=85 rel=8.2e-14 t=0.08s cycles=1 reorth=84 rec=7.6e-14 status=converged t_fact=0.00s singular_modes=0
  NEWTON generic3d:0.25:16:i1o4 it= 4 r_F=2.618e-04 r_out=3.155e-06 lambda=1 |dx|max=1.52e-03 lin=gmres+P-A rel=8.2e-14 lits=85 t_lin=0.1s |dx|2=3.24e-02 t_fact=0.00s
    LINEAR gmres+P-A its=83 rel=7.7e-14 t=0.08s cycles=1 reorth=83 rec=7.7e-14 status=converged t_fact=0.00s singular_modes=0
  NEWTON generic3d:0.25:16:i1o4 it= 5 r_F=7.638e-08 r_out=8.942e-10 lambda=1 |dx|max=2.99e-05 lin=gmres+P-A rel=7.7e-14 lits=83 t_lin=0.1s |dx|2=4.77e-04 t_fact=0.00s
    LINEAR gmres+P-A its=84 rel=9.6e-14 t=0.08s cycles=1 reorth=83 rec=8.9e-14 status=converged t_fact=0.00s singular_modes=0
  NEWTON generic3d:0.25:16:i1o4 it= 6 r_F=1.510e-13 r_out=1.621e-15 lambda=1 |dx|max=5.31e-08 lin=gmres+P-A rel=9.6e-14 lits=84 t_lin=0.1s |dx|2=7.11e-07 t_fact=0.00s
    LINEAR gmres+P-A its=81 rel=7.9e-14 t=0.07s cycles=1 reorth=81 rec=7.8e-14 status=converged t_fact=0.00s singular_modes=0
  NEWTON generic3d:0.25:16:i1o4 it= 7 r_F=2.142e-15 r_out=1.872e-16 lambda=1 |dx|max=1.15e-14 lin=gmres+P-A rel=7.9e-14 lits=81 t_lin=0.1s |dx|2=1.59e-13 t_fact=0.00s
  STAGE_END field=generic3d eps=0.25 N=16 cand=i1o4 status=converged its=7 r_F=2.142e-15 r_out=1.872e-16 -> accepted
STAGE field=generic3d eps=0.5 N=16 cand=i1o4 (from eps=0.25, warm start)
  NEWTON generic3d:0.5:16:i1o4 it= 0 r_F=2.016e+00 r_out=1.734e-01
    LINEAR gmres+P-A its=166 rel=9.3e-14 t=0.15s cycles=2 reorth=135 rec=9.3e-14 status=converged t_fact=0.00s singular_modes=0
  NEWTON generic3d:0.5:16:i1o4 it= 1 r_F=1.345e-01 r_out=3.111e-02 lambda=1 |dx|max=7.75e-02 lin=gmres+P-A rel=9.3e-14 lits=166 t_lin=0.2s |dx|2=2.17e+00 t_fact=0.00s
    LINEAR gmres+P-A its=235 rel=8.5e-14 t=0.24s cycles=3 reorth=232 rec=8.4e-14 status=converged t_fact=0.00s singular_modes=0
  NEWTON generic3d:0.5:16:i1o4 it= 2 r_F=1.046e-01 r_out=6.462e-03 lambda=1 |dx|max=5.06e-02 lin=gmres+P-A rel=8.5e-14 lits=235 t_lin=0.2s |dx|2=1.70e+00 t_fact=0.00s
    LINEAR gmres+P-A its=600 rel=7.7e-13 t=0.64s cycles=6 reorth=573 rec=7.7e-13 status=converged t_fact=0.00s singular_modes=0
  NEWTON generic3d:0.5:16:i1o4 it= 3 r_F=1.514e-02 r_out=4.175e-04 lambda=1 |dx|max=1.34e-02 lin=gmres+P-A rel=7.7e-13 lits=600 t_lin=0.6s |dx|2=3.48e-01 t_fact=0.00s
    LINEAR gmres+P-A its=598 rel=9.4e-14 t=0.64s cycles=6 reorth=580 rec=9.3e-14 status=converged t_fact=0.00s singular_modes=0
  NEWTON generic3d:0.5:16:i1o4 it= 4 r_F=2.438e-03 r_out=6.564e-05 lambda=1 |dx|max=8.42e-03 lin=gmres+P-A rel=9.4e-14 lits=598 t_lin=0.6s |dx|2=1.29e-01 t_fact=0.00s
    LINEAR gmres+P-A its=579 rel=9.7e-14 t=0.60s cycles=6 reorth=561 rec=9.7e-14 status=converged t_fact=0.00s singular_modes=0
  NEWTON generic3d:0.5:16:i1o4 it= 5 r_F=7.287e-06 r_out=1.768e-07 lambda=1 |dx|max=2.31e-04 lin=gmres+P-A rel=9.7e-14 lits=579 t_lin=0.6s |dx|2=5.35e-03 t_fact=0.00s
    LINEAR gmres+P-A its=592 rel=9.5e-14 t=0.63s cycles=6 reorth=574 rec=9.4e-14 status=converged t_fact=0.00s singular_modes=0
  NEWTON generic3d:0.5:16:i1o4 it= 6 r_F=2.280e-09 r_out=6.862e-11 lambda=1 |dx|max=7.98e-06 lin=gmres+P-A rel=9.5e-14 lits=592 t_lin=0.6s |dx|2=7.78e-05 t_fact=0.00s
    LINEAR gmres+P-A its=581 rel=9.3e-14 t=0.61s cycles=6 reorth=559 rec=9.3e-14 status=converged t_fact=0.00s singular_modes=0
  NEWTON generic3d:0.5:16:i1o4 it= 7 r_F=4.532e-15 r_out=4.238e-16 lambda=1 |dx|max=1.35e-09 lin=gmres+P-A rel=9.3e-14 lits=581 t_lin=0.6s |dx|2=1.13e-08 t_fact=0.00s
  STAGE_END field=generic3d eps=0.5 N=16 cand=i1o4 status=converged its=7 r_F=4.532e-15 r_out=4.238e-16 -> accepted
STAGE field=generic3d eps=1 N=16 cand=i1o4 (from eps=0.5, warm start)
  NEWTON generic3d:1:16:i1o4 it= 0 r_F=3.178e+00 r_out=4.879e-01
    LINEAR gmres+P-A its=1200 rel=1.9e-13 t=1.25s cycles=12 reorth=926 rec=1.9e-13 status=converged t_fact=0.00s singular_modes=0
  NEWTON generic3d:1:16:i1o4 it= 1 r_F=5.561e-01 r_out=2.278e-01 lambda=1 |dx|max=1.84e-01 lin=gmres+P-A rel=1.9e-13 lits=1200 t_lin=1.2s |dx|2=5.40e+00 t_fact=0.00s
    LINEAR gmres+P-A its=400 rel=3.8e-01 t=0.42s cycles=4 reorth=339 rec=3.8e-01 status=stagnation t_fact=0.00s singular_modes=0
  NEWTON generic3d:1:16:i1o4 it= 2 linear_failure: GMRES status=stagnation rel=3.8e-01 lits=400 prec singular modes=0 (step not taken)
  STAGE_END field=generic3d eps=1 N=16 cand=i1o4 status=linear_failure its=2 r_F=5.561e-01 r_out=2.278e-01 -> FAILED
  CONTINUATION bisection 1/4: retry from eps=0.5 at eps=0.75
STAGE field=generic3d eps=0.75 N=16 cand=i1o4 (from eps=0.5, warm start)
  NEWTON generic3d:0.75:16:i1o4 it= 0 r_F=1.783e+00 r_out=2.331e-01
    LINEAR gmres+P-A its=792 rel=1.0e-13 t=0.83s cycles=8 reorth=671 rec=1.0e-13 status=converged t_fact=0.00s singular_modes=0
  NEWTON generic3d:0.75:16:i1o4 it= 1 r_F=1.823e-01 r_out=4.610e-02 lambda=1 |dx|max=9.21e-02 lin=gmres+P-A rel=1.0e-13 lits=792 t_lin=0.8s |dx|2=2.50e+00 t_fact=0.00s
    LINEAR gmres+P-A its=4300 rel=9.7e-13 t=4.58s cycles=43 reorth=3967 rec=9.7e-13 status=converged t_fact=0.00s singular_modes=0
  NEWTON generic3d:0.75:16:i1o4 it= 2 r_F=1.420e-01 r_out=3.499e-02 lambda=0.25 |dx|max=1.14e-01 lin=gmres+P-A rel=9.7e-13 lits=4300 t_lin=4.6s |dx|2=2.61e+00 t_fact=0.00s
    LINEAR gmres+P-A its=6000 rel=7.8e-06 t=6.38s cycles=60 reorth=5424 rec=7.8e-06 status=max_iterations t_fact=0.00s singular_modes=0
  NEWTON generic3d:0.75:16:i1o4 it= 3 linear_failure: GMRES status=max_iterations rel=7.8e-06 lits=6000 prec singular modes=0 (step not taken)
  STAGE_END field=generic3d eps=0.75 N=16 cand=i1o4 status=linear_failure its=3 r_F=1.420e-01 r_out=3.499e-02 -> FAILED
  CONTINUATION bisection 2/4: retry from eps=0.5 at eps=0.625
STAGE field=generic3d eps=0.625 N=16 cand=i1o4 (from eps=0.5, warm start)
  NEWTON generic3d:0.625:16:i1o4 it= 0 r_F=9.392e-01 r_out=1.118e-01
    LINEAR gmres+P-A its=690 rel=9.9e-14 t=0.73s cycles=7 reorth=644 rec=9.9e-14 status=converged t_fact=0.00s singular_modes=0
  NEWTON generic3d:0.625:16:i1o4 it= 1 r_F=6.147e-02 r_out=1.012e-02 lambda=1 |dx|max=4.80e-02 lin=gmres+P-A rel=9.9e-14 lits=690 t_lin=0.7s |dx|2=1.36e+00 t_fact=0.00s
    LINEAR gmres+P-A its=1400 rel=4.8e-13 t=1.49s cycles=14 reorth=1340 rec=4.8e-13 status=converged t_fact=0.00s singular_modes=0
  NEWTON generic3d:0.625:16:i1o4 it= 2 r_F=3.776e-02 r_out=2.070e-03 lambda=1 |dx|max=2.86e-02 lin=gmres+P-A rel=4.8e-13 lits=1400 t_lin=1.5s |dx|2=7.65e-01 t_fact=0.00s
    LINEAR gmres+P-A its=6000 rel=4.7e-06 t=6.38s cycles=60 reorth=5474 rec=4.7e-06 status=max_iterations t_fact=0.00s singular_modes=0
  NEWTON generic3d:0.625:16:i1o4 it= 3 linear_failure: GMRES status=max_iterations rel=4.7e-06 lits=6000 prec singular modes=0 (step not taken)
  STAGE_END field=generic3d eps=0.625 N=16 cand=i1o4 status=linear_failure its=3 r_F=3.776e-02 r_out=2.070e-03 -> FAILED
  CONTINUATION bisection 3/4: retry from eps=0.5 at eps=0.5625
STAGE field=generic3d eps=0.5625 N=16 cand=i1o4 (from eps=0.5, warm start)
  NEWTON generic3d:0.5625:16:i1o4 it= 0 r_F=4.813e-01 r_out=5.454e-02
    LINEAR gmres+P-A its=600 rel=9.9e-14 t=0.64s cycles=6 reorth=584 rec=9.9e-14 status=converged t_fact=0.00s singular_modes=0
  NEWTON generic3d:0.5625:16:i1o4 it= 1 r_F=1.823e-02 r_out=2.484e-03 lambda=1 |dx|max=2.47e-02 lin=gmres+P-A rel=9.9e-14 lits=600 t_lin=0.6s |dx|2=7.24e-01 t_fact=0.00s
    LINEAR gmres+P-A its=1000 rel=1.8e-13 t=1.07s cycles=10 reorth=973 rec=1.8e-13 status=converged t_fact=0.00s singular_modes=0
  NEWTON generic3d:0.5625:16:i1o4 it= 2 r_F=5.926e-03 r_out=2.243e-04 lambda=1 |dx|max=8.04e-03 lin=gmres+P-A rel=1.8e-13 lits=1000 t_lin=1.1s |dx|2=2.57e-01 t_fact=0.00s
    LINEAR gmres+P-A its=1300 rel=6.5e-13 t=1.39s cycles=13 reorth=1253 rec=6.5e-13 status=converged t_fact=0.00s singular_modes=0
  NEWTON generic3d:0.5625:16:i1o4 it= 3 r_F=3.584e-05 r_out=1.007e-06 lambda=1 |dx|max=6.29e-04 lin=gmres+P-A rel=6.5e-13 lits=1300 t_lin=1.4s |dx|2=1.14e-02 t_fact=0.00s
    LINEAR gmres+P-A its=1300 rel=5.2e-13 t=1.39s cycles=13 reorth=1253 rec=5.2e-13 status=converged t_fact=0.00s singular_modes=0
  NEWTON generic3d:0.5625:16:i1o4 it= 4 r_F=1.424e-08 r_out=2.492e-10 lambda=1 |dx|max=1.23e-05 lin=gmres+P-A rel=5.2e-13 lits=1300 t_lin=1.4s |dx|2=2.55e-04 t_fact=0.00s
    LINEAR gmres+P-A its=1300 rel=4.1e-13 t=1.39s cycles=13 reorth=1241 rec=4.1e-13 status=converged t_fact=0.00s singular_modes=0
  NEWTON generic3d:0.5625:16:i1o4 it= 5 r_F=4.895e-15 r_out=4.822e-16 lambda=1 |dx|max=2.91e-09 lin=gmres+P-A rel=4.1e-13 lits=1300 t_lin=1.4s |dx|2=3.55e-08 t_fact=0.00s
  STAGE_END field=generic3d eps=0.5625 N=16 cand=i1o4 status=converged its=5 r_F=4.895e-15 r_out=4.822e-16 -> accepted
STAGE field=generic3d eps=0.625 N=16 cand=i1o4 (from eps=0.5625, warm start)
  NEWTON generic3d:0.625:16:i1o4 it= 0 r_F=4.683e-01 r_out=5.886e-02
    LINEAR gmres+P-A its=1300 rel=5.4e-13 t=1.39s cycles=13 reorth=1223 rec=5.4e-13 status=converged t_fact=0.00s singular_modes=0
  NEWTON generic3d:0.625:16:i1o4 it= 1 r_F=2.110e-02 r_out=2.840e-03 lambda=1 |dx|max=2.63e-02 lin=gmres+P-A rel=5.4e-13 lits=1300 t_lin=1.4s |dx|2=7.55e-01 t_fact=0.00s
    LINEAR gmres+P-A its=5200 rel=6.6e-13 t=5.55s cycles=52 reorth=4938 rec=6.6e-13 status=converged t_fact=0.00s singular_modes=0
  NEWTON generic3d:0.625:16:i1o4 it= 2 r_F=8.048e-03 r_out=3.262e-04 lambda=1 |dx|max=9.81e-03 lin=gmres+P-A rel=6.6e-13 lits=5200 t_lin=5.6s |dx|2=2.81e-01 t_fact=0.00s
    LINEAR gmres+P-A its=5600 rel=6.2e-13 t=5.97s cycles=56 reorth=5196 rec=6.2e-13 status=converged t_fact=0.00s singular_modes=0
  NEWTON generic3d:0.625:16:i1o4 it= 3 r_F=9.727e-05 r_out=3.001e-06 lambda=1 |dx|max=1.06e-03 lin=gmres+P-A rel=6.2e-13 lits=5600 t_lin=6.0s |dx|2=1.68e-02 t_fact=0.00s
    LINEAR gmres+P-A its=6000 rel=2.1e-09 t=6.39s cycles=60 reorth=5592 rec=2.1e-09 status=max_iterations t_fact=0.00s singular_modes=0
  NEWTON generic3d:0.625:16:i1o4 it= 4 linear_failure: GMRES status=max_iterations rel=2.1e-09 lits=6000 prec singular modes=0 (step not taken)
  STAGE_END field=generic3d eps=0.625 N=16 cand=i1o4 status=linear_failure its=4 r_F=9.727e-05 r_out=3.001e-06 -> FAILED
  CONTINUATION bisection 4/4: retry from eps=0.5625 at eps=0.59375
STAGE field=generic3d eps=0.59375 N=16 cand=i1o4 (from eps=0.5625, warm start)
  NEWTON generic3d:0.59375:16:i1o4 it= 0 r_F=2.372e-01 r_out=2.909e-02
    LINEAR gmres+P-A its=1200 rel=2.8e-13 t=1.28s cycles=12 reorth=1136 rec=2.8e-13 status=converged t_fact=0.00s singular_modes=0
  NEWTON generic3d:0.59375:16:i1o4 it= 1 r_F=5.528e-03 r_out=7.338e-04 lambda=1 |dx|max=1.43e-02 lin=gmres+P-A rel=2.8e-13 lits=1200 t_lin=1.3s |dx|2=3.97e-01 t_fact=0.00s
    LINEAR gmres+P-A its=2500 rel=8.4e-13 t=2.67s cycles=25 reorth=2366 rec=8.4e-13 status=converged t_fact=0.00s singular_modes=0
  NEWTON generic3d:0.59375:16:i1o4 it= 2 r_F=1.116e-03 r_out=3.320e-05 lambda=1 |dx|max=2.91e-03 lin=gmres+P-A rel=8.4e-13 lits=2500 t_lin=2.7s |dx|2=8.87e-02 t_fact=0.00s
    LINEAR gmres+P-A its=2700 rel=5.3e-13 t=2.88s cycles=27 reorth=2547 rec=5.3e-13 status=converged t_fact=0.00s singular_modes=0
  NEWTON generic3d:0.59375:16:i1o4 it= 3 r_F=5.005e-07 r_out=1.073e-08 lambda=1 |dx|max=5.82e-05 lin=gmres+P-A rel=5.3e-13 lits=2700 t_lin=2.9s |dx|2=1.22e-03 t_fact=0.00s
    LINEAR gmres+P-A its=3000 rel=6.0e-13 t=3.20s cycles=30 reorth=2838 rec=6.0e-13 status=converged t_fact=0.00s singular_modes=0
  NEWTON generic3d:0.59375:16:i1o4 it= 4 r_F=7.338e-12 r_out=1.156e-13 lambda=1 |dx|max=2.75e-07 lin=gmres+P-A rel=6.0e-13 lits=3000 t_lin=3.2s |dx|2=5.44e-06 t_fact=0.00s
    LINEAR gmres+P-A its=3000 rel=7.2e-13 t=3.20s cycles=30 reorth=2847 rec=7.2e-13 status=converged t_fact=0.00s singular_modes=0
  NEWTON generic3d:0.59375:16:i1o4 it= 5 r_F=5.406e-15 r_out=5.324e-16 lambda=1 |dx|max=4.69e-13 lin=gmres+P-A rel=7.2e-13 lits=3000 t_lin=3.2s |dx|2=8.63e-12 t_fact=0.00s
  STAGE_END field=generic3d eps=0.59375 N=16 cand=i1o4 status=converged its=5 r_F=5.406e-15 r_out=5.324e-16 -> accepted
STAGE field=generic3d eps=0.625 N=16 cand=i1o4 (from eps=0.59375, warm start)
  NEWTON generic3d:0.625:16:i1o4 it= 0 r_F=2.341e-01 r_out=3.019e-02
    LINEAR gmres+P-A its=2400 rel=4.0e-13 t=2.55s cycles=24 reorth=2221 rec=4.0e-13 status=converged t_fact=0.00s singular_modes=0
  NEWTON generic3d:0.625:16:i1o4 it= 1 r_F=6.016e-03 r_out=7.874e-04 lambda=1 |dx|max=1.50e-02 lin=gmres+P-A rel=4.0e-13 lits=2400 t_lin=2.6s |dx|2=4.05e-01 t_fact=0.00s
    LINEAR gmres+P-A its=6000 rel=1.8e-11 t=6.46s cycles=60 reorth=5617 rec=1.8e-11 status=max_iterations t_fact=0.00s singular_modes=0
  NEWTON generic3d:0.625:16:i1o4 it= 2 linear_failure: GMRES status=max_iterations rel=1.8e-11 lits=6000 prec singular modes=0 (step not taken)
  STAGE_END field=generic3d eps=0.625 N=16 cand=i1o4 status=linear_failure its=2 r_F=6.016e-03 r_out=7.874e-04 -> FAILED
  CONTINUATION gave up after 4 bisections; reporting the failed state at eps=0.625
STAGE field=generic3d eps=1 N=16 cand=i1o4 (final attempt from eps=0.59375)
  NEWTON generic3d:1:16:i1o4 it= 0 r_F=2.547e+00 r_out=4.239e-01
    LINEAR gmres+P-A its=3900 rel=9.4e-13 t=4.08s cycles=39 reorth=3112 rec=9.4e-13 status=converged t_fact=0.00s singular_modes=0
  NEWTON generic3d:1:16:i1o4 it= 1 r_F=4.728e-01 r_out=1.534e-01 lambda=1 |dx|max=1.58e-01 lin=gmres+P-A rel=9.4e-13 lits=3900 t_lin=4.1s |dx|2=4.33e+00 t_fact=0.00s
    LINEAR gmres+P-A its=300 rel=6.0e-01 t=0.32s cycles=3 reorth=247 rec=6.0e-01 status=stagnation t_fact=0.00s singular_modes=0
  NEWTON generic3d:1:16:i1o4 it= 2 linear_failure: GMRES status=stagnation rel=6.0e-01 lits=300 prec singular modes=0 (step not taken)
PATH field=generic3d eps=1 N=16 cand=i1o4 continuation path: 0.25->0.5->1(fail)->0.75(fail)->0.625(fail)->0.5625->0.625(fail)->0.59375->0.625(fail)->1(final)
GMRES_STATS field=generic3d eps=1 N=16 stage_eps=0.25 status=converged newton_its=7 steps=7 its_max=99 its_median=84.0 its_total=585 rel_max=9.8e-14 linear_failures=0
GMRES_STATS field=generic3d eps=1 N=16 stage_eps=0.5 status=converged newton_its=7 steps=7 its_max=600 its_median=581.0 its_total=3351 rel_max=7.7e-13 linear_failures=0
GMRES_STATS field=generic3d eps=1 N=16 stage_eps=1 status=linear_failure newton_its=2 steps=2 its_max=1200 its_median=800.0 its_total=1600 rel_max=3.8e-01 linear_failures=1
GMRES_STATS field=generic3d eps=1 N=16 stage_eps=0.75 status=linear_failure newton_its=3 steps=3 its_max=6000 its_median=4300.0 its_total=11092 rel_max=7.8e-06 linear_failures=1
GMRES_STATS field=generic3d eps=1 N=16 stage_eps=0.625 status=linear_failure newton_its=3 steps=3 its_max=6000 its_median=1400.0 its_total=8090 rel_max=4.7e-06 linear_failures=1
GMRES_STATS field=generic3d eps=1 N=16 stage_eps=0.5625 status=converged newton_its=5 steps=5 its_max=1300 its_median=1300.0 its_total=5500 rel_max=6.5e-13 linear_failures=0
GMRES_STATS field=generic3d eps=1 N=16 stage_eps=0.625 status=linear_failure newton_its=4 steps=4 its_max=6000 its_median=5400.0 its_total=18100 rel_max=2.1e-09 linear_failures=1
GMRES_STATS field=generic3d eps=1 N=16 stage_eps=0.59375 status=converged newton_its=5 steps=5 its_max=3000 its_median=2700.0 its_total=12400 rel_max=8.4e-13 linear_failures=0
GMRES_STATS field=generic3d eps=1 N=16 stage_eps=0.625 status=linear_failure newton_its=2 steps=2 its_max=6000 its_median=4200.0 its_total=8400 rel_max=1.8e-11 linear_failures=1
GMRES_STATS field=generic3d eps=1 N=16 stage_eps=1(final) status=linear_failure newton_its=2 steps=2 its_max=3900 its_median=2100.0 its_total=4200 rel_max=6.0e-01 linear_failures=1
CASE field=generic3d eps=1 N=16 cand=i1o4 | r_F=4.728e-01 its=2 | e_v=1.672e-01 e_psi=4.885e-01 e_i=(1.266e-01,1.041e-01) e_div=3.436e-01 min_c=1.082e-01 p0.1=1.172e-01 p1=1.623e-01 p5=2.676e-01 p50=9.564e-01 | t=78.0 | e_psi1=4.376e-01 e_psi2=4.885e-01
CASE field=generic3d eps=1 N=16 cand=oracle_fd4 | r_F=nan its=nan | e_v=1.634e-01 e_psi=2.271e-17 e_i=(4.951e-02,4.292e-02) e_div=1.258e+00 min_c=2.615e-02 p0.1=1.234e-01 p1=1.714e-01 p5=2.709e-01 p50=9.452e-01 | t=0.0 | e_psi1=1.253e-17 e_psi2=2.271e-17
EXTRA field=generic3d eps=1 N=16 cand=i1o4 status=linear_failure r_F=4.728e-01 r_out=1.534e-01 | outlet c_perp-vperp_in: cand=1.534e-01 oracle_fd=2.423e-01 | inlet oblique defect (c x e1 - vperp_in x e1)/v_rms: j=0(one-sided) cand=3.606e-01 oracle_fd=5.965e-02; j=1 cand=4.257e-01 oracle_fd=3.617e-01; j=1 vs vD(j=1) cand=1.317e-01 oracle_fd=1.643e-02 | min|c|/v_rms=0.0747 min|vD|/v_rms=0.0813 e_i1=1.266e-01 e_i2=1.041e-01 | t=78.0s | a_psi1=5.349e-02 a_psi2=7.459e-02 (FD order 4)
HISTORY field=generic3d eps=1 N=16 cand=i1o4 r_F: 2.55e+00 4.73e-01
HISTORY field=generic3d eps=1 N=16 cand=i1o4 r_out: 4.24e-01 1.53e-01
HISTORY_FULL field=generic3d eps=1 N=16 cand=i1o4 r_F: 2.54677526150251454e+00 4.72779248284554088e-01
HISTORY_FULL field=generic3d eps=1 N=16 cand=i1o4 r_out: 4.23868489497849499e-01 1.53388504449485874e-01
FIELDDIFF max_rel_diff_u1=5.263e-01 max_rel_diff_u2=6.010e-01 max_rel_diff_joint=6.010e-01 max_abs_diff_u1=1.474e-01 max_abs_diff_u2=2.158e-01 max_abs_u_proto=(2.800e-01,3.590e-01) (rel: max|u_gpu - u_proto| / max|u_proto| over planes 0..N; joint: max abs diff / max over both fields; prototype /home/sesquerre/MacroFlow3D-SF-33/docs/experiments/artifacts/2026-10-06-sf33-gpu-inlet-labels/exports/solutions/generic3d_1_16_i1o4 status=converged its=9 path=0.25->0.5->1(fail)->0.75->1(fail)->0.875->1(fail)->0.9375->1 r_F=1.580e-14)
TIMING load=0.003s metrics=0.002s prepare=0.032s solve=77.992s total=78.030s
MEMORY peak_device_bytes=523239424 free_min=33566490624 total_device=34089730048 workspaces_bytes=10018687 (peak/free: cudaMemGetInfo polls before/after every phase, device-wide)
SUMMARY_JSON /home/sesquerre/MacroFlow3D-SF-33/docs/experiments/artifacts/2026-10-06-sf33-gpu-inlet-labels/raw/proto/generic3d_1_16.json
STATUS continuation_floor
