command: /home/sesquerre/MacroFlow3D-SF-33/build/v100-release/inlet_slab --proto /home/sesquerre/MacroFlow3D-SF-33/docs/experiments/artifacts/2026-10-06-sf33-gpu-inlet-labels/exports/generic3d_0.5_16 --solution /home/sesquerre/MacroFlow3D-SF-33/docs/experiments/artifacts/2026-10-06-sf33-gpu-inlet-labels/exports/solutions/generic3d_0.5_16_i1o4 --summary /home/sesquerre/MacroFlow3D-SF-33/docs/experiments/artifacts/2026-10-06-sf33-gpu-inlet-labels/raw/proto/generic3d_0.5_16.json
CASE_DIR /home/sesquerre/MacroFlow3D-SF-33/docs/experiments/artifacts/2026-10-06-sf33-gpu-inlet-labels/exports/generic3d_0.5_16 field=generic3d eps=0.5 N=16 nphi=32 Q0=1 inlet_vmin=5.182653e-01 v_rms=1.10056875020963 cache_hit=0 stage_amplitudes=32 target_eps=0.5
SETUP grad_lnk=analytic (prototype export: complex-step gradient of the analytic ln k at the vertices)
SOLVER N=16 eps=0.5 cand=i1o4 newton_tol=1.0e-13 max_newton=40 lin_tol=1.0e-12 restart=100 max_inner=6000 bisect=4 prec=P-A ladder=(0.25,0.5,1) stage_ok=1e-09
STAGE field=generic3d eps=0.25 N=16 cand=i1o4 (from eps=0, u=0)
  NEWTON generic3d:0.25:16:i1o4 it= 0 r_F=2.213e+00 r_out=1.339e-01
    LINEAR gmres+P-A its=99 rel=9.8e-14 t=0.12s cycles=1 reorth=91 rec=9.7e-14 status=converged t_fact=0.00s singular_modes=0
  NEWTON generic3d:0.25:16:i1o4 it= 1 r_F=1.294e-01 r_out=2.169e-02 lambda=1 |dx|max=6.67e-02 lin=gmres+P-A rel=9.8e-14 lits=99 t_lin=0.1s |dx|2=1.98e+00 t_fact=0.00s
    LINEAR gmres+P-A its=69 rel=7.0e-14 t=0.06s cycles=1 reorth=69 rec=6.5e-14 status=converged t_fact=0.00s singular_modes=0
  NEWTON generic3d:0.25:16:i1o4 it= 2 r_F=5.421e-02 r_out=1.604e-03 lambda=1 |dx|max=3.54e-02 lin=gmres+P-A rel=7.0e-14 lits=69 t_lin=0.1s |dx|2=1.08e+00 t_fact=0.00s
    LINEAR gmres+P-A its=84 rel=8.6e-14 t=0.09s cycles=1 reorth=82 rec=8.5e-14 status=converged t_fact=0.00s singular_modes=0
  NEWTON generic3d:0.25:16:i1o4 it= 3 r_F=5.271e-03 r_out=9.585e-05 lambda=1 |dx|max=7.81e-03 lin=gmres+P-A rel=8.6e-14 lits=84 t_lin=0.1s |dx|2=1.99e-01 t_fact=0.00s
    LINEAR gmres+P-A its=85 rel=8.2e-14 t=0.09s cycles=1 reorth=84 rec=7.6e-14 status=converged t_fact=0.00s singular_modes=0
  NEWTON generic3d:0.25:16:i1o4 it= 4 r_F=2.618e-04 r_out=3.155e-06 lambda=1 |dx|max=1.52e-03 lin=gmres+P-A rel=8.2e-14 lits=85 t_lin=0.1s |dx|2=3.24e-02 t_fact=0.00s
    LINEAR gmres+P-A its=83 rel=7.7e-14 t=0.08s cycles=1 reorth=83 rec=7.7e-14 status=converged t_fact=0.00s singular_modes=0
  NEWTON generic3d:0.25:16:i1o4 it= 5 r_F=7.638e-08 r_out=8.942e-10 lambda=1 |dx|max=2.99e-05 lin=gmres+P-A rel=7.7e-14 lits=83 t_lin=0.1s |dx|2=4.77e-04 t_fact=0.00s
    LINEAR gmres+P-A its=84 rel=9.6e-14 t=0.08s cycles=1 reorth=83 rec=8.9e-14 status=converged t_fact=0.00s singular_modes=0
  NEWTON generic3d:0.25:16:i1o4 it= 6 r_F=1.510e-13 r_out=1.621e-15 lambda=1 |dx|max=5.31e-08 lin=gmres+P-A rel=9.6e-14 lits=84 t_lin=0.1s |dx|2=7.11e-07 t_fact=0.00s
    LINEAR gmres+P-A its=81 rel=7.9e-14 t=0.07s cycles=1 reorth=81 rec=7.8e-14 status=converged t_fact=0.00s singular_modes=0
  NEWTON generic3d:0.25:16:i1o4 it= 7 r_F=2.142e-15 r_out=1.872e-16 lambda=1 |dx|max=1.15e-14 lin=gmres+P-A rel=7.9e-14 lits=81 t_lin=0.1s |dx|2=1.59e-13 t_fact=0.00s
  STAGE_END field=generic3d eps=0.25 N=16 cand=i1o4 status=converged its=7 r_F=2.142e-15 r_out=1.872e-16 -> accepted
STAGE field=generic3d eps=0.5 N=16 cand=i1o4 (from eps=0.25, warm start)
  NEWTON generic3d:0.5:16:i1o4 it= 0 r_F=2.016e+00 r_out=1.734e-01
    LINEAR gmres+P-A its=166 rel=9.3e-14 t=0.16s cycles=2 reorth=135 rec=9.3e-14 status=converged t_fact=0.00s singular_modes=0
  NEWTON generic3d:0.5:16:i1o4 it= 1 r_F=1.345e-01 r_out=3.111e-02 lambda=1 |dx|max=7.75e-02 lin=gmres+P-A rel=9.3e-14 lits=166 t_lin=0.2s |dx|2=2.17e+00 t_fact=0.00s
    LINEAR gmres+P-A its=235 rel=8.5e-14 t=0.23s cycles=3 reorth=232 rec=8.4e-14 status=converged t_fact=0.00s singular_modes=0
  NEWTON generic3d:0.5:16:i1o4 it= 2 r_F=1.046e-01 r_out=6.462e-03 lambda=1 |dx|max=5.06e-02 lin=gmres+P-A rel=8.5e-14 lits=235 t_lin=0.2s |dx|2=1.70e+00 t_fact=0.00s
    LINEAR gmres+P-A its=600 rel=7.7e-13 t=0.65s cycles=6 reorth=573 rec=7.7e-13 status=converged t_fact=0.00s singular_modes=0
  NEWTON generic3d:0.5:16:i1o4 it= 3 r_F=1.514e-02 r_out=4.175e-04 lambda=1 |dx|max=1.34e-02 lin=gmres+P-A rel=7.7e-13 lits=600 t_lin=0.6s |dx|2=3.48e-01 t_fact=0.00s
    LINEAR gmres+P-A its=598 rel=9.4e-14 t=0.65s cycles=6 reorth=580 rec=9.3e-14 status=converged t_fact=0.00s singular_modes=0
  NEWTON generic3d:0.5:16:i1o4 it= 4 r_F=2.438e-03 r_out=6.564e-05 lambda=1 |dx|max=8.42e-03 lin=gmres+P-A rel=9.4e-14 lits=598 t_lin=0.6s |dx|2=1.29e-01 t_fact=0.00s
    LINEAR gmres+P-A its=579 rel=9.7e-14 t=0.61s cycles=6 reorth=561 rec=9.7e-14 status=converged t_fact=0.00s singular_modes=0
  NEWTON generic3d:0.5:16:i1o4 it= 5 r_F=7.287e-06 r_out=1.768e-07 lambda=1 |dx|max=2.31e-04 lin=gmres+P-A rel=9.7e-14 lits=579 t_lin=0.6s |dx|2=5.35e-03 t_fact=0.00s
    LINEAR gmres+P-A its=592 rel=9.5e-14 t=0.63s cycles=6 reorth=574 rec=9.4e-14 status=converged t_fact=0.00s singular_modes=0
  NEWTON generic3d:0.5:16:i1o4 it= 6 r_F=2.280e-09 r_out=6.862e-11 lambda=1 |dx|max=7.98e-06 lin=gmres+P-A rel=9.5e-14 lits=592 t_lin=0.6s |dx|2=7.78e-05 t_fact=0.00s
    LINEAR gmres+P-A its=581 rel=9.3e-14 t=0.61s cycles=6 reorth=559 rec=9.3e-14 status=converged t_fact=0.00s singular_modes=0
  NEWTON generic3d:0.5:16:i1o4 it= 7 r_F=4.532e-15 r_out=4.238e-16 lambda=1 |dx|max=1.35e-09 lin=gmres+P-A rel=9.3e-14 lits=581 t_lin=0.6s |dx|2=1.13e-08 t_fact=0.00s
  STAGE_END field=generic3d eps=0.5 N=16 cand=i1o4 status=converged its=7 r_F=4.532e-15 r_out=4.238e-16 -> accepted
PATH field=generic3d eps=0.5 N=16 cand=i1o4 continuation path: 0.25->0.5
GMRES_STATS field=generic3d eps=0.5 N=16 stage_eps=0.25 status=converged newton_its=7 steps=7 its_max=99 its_median=84.0 its_total=585 rel_max=9.8e-14 linear_failures=0
GMRES_STATS field=generic3d eps=0.5 N=16 stage_eps=0.5 status=converged newton_its=7 steps=7 its_max=600 its_median=581.0 its_total=3351 rel_max=7.7e-13 linear_failures=0
CASE field=generic3d eps=0.5 N=16 cand=i1o4 | r_F=4.532e-15 its=7 | e_v=1.460e-02 e_psi=1.017e-01 e_i=(9.837e-03,1.059e-02) e_div=3.446e-02 min_c=3.901e-01 p0.1=4.049e-01 p1=4.630e-01 p5=5.608e-01 p50=9.931e-01 | t=4.1 | e_psi1=7.798e-02 e_psi2=1.017e-01
CASE field=generic3d eps=0.5 N=16 cand=oracle_fd4 | r_F=nan its=nan | e_v=7.435e-03 e_psi=1.681e-17 e_i=(4.646e-03,3.497e-03) e_div=4.902e-02 min_c=3.905e-01 p0.1=4.053e-01 p1=4.637e-01 p5=5.610e-01 p50=9.943e-01 | t=0.0 | e_psi1=9.826e-18 e_psi2=1.681e-17
EXTRA field=generic3d eps=0.5 N=16 cand=i1o4 status=converged r_F=4.532e-15 r_out=4.238e-16 | outlet c_perp-vperp_in: cand=4.238e-16 oracle_fd=1.193e-02 | inlet oblique defect (c x e1 - vperp_in x e1)/v_rms: j=0(one-sided) cand=2.705e-02 oracle_fd=1.383e-02; j=1 cand=1.693e-01 oracle_fd=1.697e-01; j=1 vs vD(j=1) cand=1.248e-02 oracle_fd=3.604e-03 | min|c|/v_rms=0.3544 min|vD|/v_rms=0.3549 e_i1=9.837e-03 e_i2=1.059e-02 | t=4.1s | a_psi1=4.373e-03 a_psi2=5.709e-03 (FD order 4)
HISTORY field=generic3d eps=0.5 N=16 cand=i1o4 r_F: 2.02e+00 1.35e-01 1.05e-01 1.51e-02 2.44e-03 7.29e-06 2.28e-09 4.53e-15
HISTORY field=generic3d eps=0.5 N=16 cand=i1o4 r_out: 1.73e-01 3.11e-02 6.46e-03 4.17e-04 6.56e-05 1.77e-07 6.86e-11 4.24e-16
HISTORY_FULL field=generic3d eps=0.5 N=16 cand=i1o4 r_F: 2.01635800566487067e+00 1.34547463790153338e-01 1.04583519420810428e-01 1.51413791694303117e-02 2.43794614443818176e-03 7.28679677395643942e-06 2.27988369266020653e-09 4.53226879975127768e-15
HISTORY_FULL field=generic3d eps=0.5 N=16 cand=i1o4 r_out: 1.73378128095753981e-01 3.11058056694453605e-02 6.46214665731180502e-03 4.17470191560108080e-04 6.56395016731138034e-05 1.76837772685317475e-07 6.86152076341026313e-11 4.23848071173340101e-16
FIELDDIFF max_rel_diff_u1=6.810e-15 max_rel_diff_u2=5.967e-15 max_rel_diff_joint=6.805e-15 max_abs_diff_u1=9.021e-16 max_abs_diff_u2=7.910e-16 max_abs_u_proto=(1.325e-01,1.326e-01) (rel: max|u_gpu - u_proto| / max|u_proto| over planes 0..N; joint: max abs diff / max over both fields; prototype /home/sesquerre/MacroFlow3D-SF-33/docs/experiments/artifacts/2026-10-06-sf33-gpu-inlet-labels/exports/solutions/generic3d_0.5_16_i1o4 status=converged its=7 path=0.25->0.5 r_F=5.521e-15)
TIMING load=0.003s metrics=0.002s prepare=0.037s solve=4.130s total=4.174s
MEMORY peak_device_bytes=521142272 free_min=33568587776 total_device=34089730048 workspaces_bytes=10018687 (peak/free: cudaMemGetInfo polls before/after every phase, device-wide)
SUMMARY_JSON /home/sesquerre/MacroFlow3D-SF-33/docs/experiments/artifacts/2026-10-06-sf33-gpu-inlet-labels/raw/proto/generic3d_0.5_16.json
STATUS converged
