command: /home/sesquerre/MacroFlow3D-SF-33/build/v100-release/inlet_slab --production --n 64 --eps 0.25 --sigma2 1 --ell 0.25 --seed 3001 --oracle-ladder --threads 32 --summary /home/sesquerre/MacroFlow3D-SF-33/docs/experiments/artifacts/2026-10-06-sf33-gpu-inlet-labels/raw/ladder_0.25/N64.json
FIELD gaussian (SF-18) N=64 sigma2=1 ell=0.25 seed=3001 normalize_variance=1 applied_scale=1.602888711251e+00 raw_variance=3.892183071637e-01 final_variance=1.000000000000e+00 active_modes=127007 | stage field k = exp(eps Y), eps = 0.25
SOLVER N=64 eps=0.25 cand=i1o4 newton_tol=1.0e-13 max_newton=120 lin_tol=1.0e-12 restart=100 max_inner=6000 bisect=4 prec=P-A ladder=(0.25,0.5,1) stage_ok=1e-09 forcing=ew ew_gamma=0.9 ew_alpha=2 ew_eta0=0.1 ew_eta_max=0.1 ew_eta_min=1.0e-12 psitc=on psitc_mu0=1 psitc_mu_max=100 psitc_norm=merit psitc_retries=4 psitc_retry_factor=4 stagnation_window=5 stagnation_factor=0.5 gmres_stagnation_factor=0.9 coarse=mult coarse_profiles=2 coarse_assembly=colored coarse_factor=banded
SOLVER_COARSE mode=mult profiles=2 K=16384 assembly=colored factor=banded (SF-33 N7c probe: Galerkin coarse correction on the x1-constant + x1-linear column subspace, rebuilt with P-A at every factor)
SETUP STAGE field=gaussian eps=0.25 N=64 status=ok
SETUP   SF-18: raw_mean=0.000000e+00 raw_variance=3.892183071637e-01 applied_scale=1.602888711251e+00 final_variance=1.000000000000e+00 active_modes=127007
SETUP   SF-19: mg_levels=5 converged=1 G=(9.898531600809e-01, 5.468837041348e-04, 3.358270904093e-03) mean_flux=(1.000e+00, 2.990e-19, -2.649e-18) div_max=6.954e-12 div_rms=1.044e-12
SETUP   SF-19 corrector x: status=converged its=10 rel_residual=5.926e-13 final_residual=5.397e-10
SETUP   SF-19 corrector y: status=converged its=10 rel_residual=4.372e-13 final_residual=4.333e-10
SETUP   SF-19 corrector z: status=converged its=10 rel_residual=4.605e-13 final_residual=4.273e-10
SETUP   inlet: vmin=5.078054e-01 mean(U plane 0)=1.000000000000007 (mean-1=7.105e-15) Q0-1=8.216e-15 v_rms=1.020327e+00
SETUP   v1(U-face) vs spline flow k g1: rms_rel=4.064187e-04 max_rel=1.479425e-03; spline potential GPU vs host prefilter rel=3.684e-15
SETUP stage eps=0.25 built in 1.101s (grad_lnk=spectral (band-limited cell samples, cuFFT))
STAGE field=gaussian eps=0.25 N=64 cand=i1o4 (from eps=0, u=0)
  NEWTON gaussian:0.25:64:i1o4 it= 0 r_F=1.493e+01 r_out=7.321e-02
    COARSE build mode=mult profiles=2 K=16384 t_assembly=0.161s t_lu=8.795s t_cond=0.386s norm1=5.110e+06 inv_norm1_est=1.700e-04 rcond_est=1.151e-03 min|U_kk|=3.885e+04 max|U_kk|=1.238e+06 zero_pivots=0 mu=1.000e+00 assembly=colored factor=banded applications=256 color_period=8 kl=1279 ku=1279
    COARSE apply applications=3 t_apply_avg=49.442ms t_host_solve_avg=47.098ms
    LINEAR gmres+P-A+CC(mult,2) its=2 rel=9.1e-03 t=0.15s cycles=1 reorth=2 rec=9.1e-03 status=converged t_fact=0.00s singular_modes=0 mu=1.000e+00
  NEWTON gaussian:0.25:64:i1o4 it= 1 r_F=7.226e+00 r_out=7.085e-04 lambda=1 |dx|max=4.11e-02 lin=gmres+P-A+CC(mult,2) rel=9.1e-03 lits=2 t_lin=0.2s |dx|2=1.11e+00 t_fact=9.35s eta=1.00e-01 mu=1.000e+00 retries=0
    COARSE build mode=mult profiles=2 K=16384 t_assembly=0.149s t_lu=8.514s t_cond=0.474s norm1=4.830e+06 inv_norm1_est=3.850e-04 rcond_est=5.377e-04 min|U_kk|=2.605e+04 max|U_kk|=1.058e+06 zero_pivots=0 mu=4.842e-01 assembly=colored factor=banded applications=256 color_period=8 kl=1279 ku=1279
    COARSE apply applications=3 t_apply_avg=54.855ms t_host_solve_avg=52.782ms
    LINEAR gmres+P-A+CC(mult,2) its=2 rel=9.3e-03 t=0.17s cycles=1 reorth=2 rec=9.3e-03 status=converged t_fact=0.01s singular_modes=0 mu=4.842e-01
  NEWTON gaussian:0.25:64:i1o4 it= 2 r_F=3.613e+00 r_out=7.994e-05 lambda=1 |dx|max=2.77e-02 lin=gmres+P-A+CC(mult,2) rel=9.3e-03 lits=2 t_lin=0.2s |dx|2=1.17e+00 t_fact=9.14s eta=1.00e-01 mu=4.842e-01 retries=0
    COARSE build mode=mult profiles=2 K=16384 t_assembly=0.139s t_lu=8.831s t_cond=0.315s norm1=4.738e+06 inv_norm1_est=7.969e-04 rcond_est=2.649e-04 min|U_kk|=1.834e+04 max|U_kk|=9.738e+05 zero_pivots=0 mu=2.420e-01 assembly=colored factor=banded applications=256 color_period=8 kl=1279 ku=1279
    COARSE apply applications=4 t_apply_avg=50.506ms t_host_solve_avg=48.457ms
    LINEAR gmres+P-A+CC(mult,2) its=3 rel=2.8e-03 t=0.20s cycles=1 reorth=3 rec=2.8e-03 status=converged t_fact=0.00s singular_modes=0 mu=2.420e-01
  NEWTON gaussian:0.25:64:i1o4 it= 3 r_F=2.106e+00 r_out=4.682e-05 lambda=1 |dx|max=2.24e-02 lin=gmres+P-A+CC(mult,2) rel=2.8e-03 lits=3 t_lin=0.2s |dx|2=1.42e+00 t_fact=9.29s eta=1.00e-01 mu=2.420e-01 retries=0
    COARSE build mode=mult profiles=2 K=16384 t_assembly=0.132s t_lu=8.412s t_cond=0.365s norm1=4.726e+06 inv_norm1_est=1.340e-03 rcond_est=1.578e-04 min|U_kk|=1.407e+04 max|U_kk|=9.378e+05 zero_pivots=0 mu=1.411e-01 assembly=colored factor=banded applications=256 color_period=8 kl=1279 ku=1279
    COARSE apply applications=4 t_apply_avg=49.114ms t_host_solve_avg=47.079ms
    LINEAR gmres+P-A+CC(mult,2) its=3 rel=2.4e-03 t=0.20s cycles=1 reorth=3 rec=2.4e-03 status=converged t_fact=0.00s singular_modes=0 mu=1.411e-01
  NEWTON gaussian:0.25:64:i1o4 it= 4 r_F=1.367e+00 r_out=4.019e-05 lambda=1 |dx|max=1.95e-02 lin=gmres+P-A+CC(mult,2) rel=2.4e-03 lits=3 t_lin=0.2s |dx|2=1.64e+00 t_fact=8.91s eta=1.00e-01 mu=1.411e-01 retries=0
    COARSE build mode=mult profiles=2 K=16384 t_assembly=0.136s t_lu=8.468s t_cond=0.304s norm1=4.747e+06 inv_norm1_est=1.987e-03 rcond_est=1.060e-04 min|U_kk|=1.142e+04 max|U_kk|=9.196e+05 zero_pivots=0 mu=9.158e-02 assembly=colored factor=banded applications=256 color_period=8 kl=1279 ku=1279
    COARSE apply applications=3 t_apply_avg=49.168ms t_host_solve_avg=47.118ms
    LINEAR gmres+P-A+CC(mult,2) its=2 rel=9.9e-03 t=0.15s cycles=1 reorth=2 rec=9.9e-03 status=converged t_fact=0.00s singular_modes=0 mu=9.158e-02
  NEWTON gaussian:0.25:64:i1o4 it= 5 r_F=9.034e-01 r_out=1.276e-04 lambda=1 |dx|max=1.71e-02 lin=gmres+P-A+CC(mult,2) rel=9.9e-03 lits=2 t_lin=0.1s |dx|2=1.70e+00 t_fact=8.91s eta=1.00e-01 mu=9.158e-02 retries=0
    COARSE build mode=mult profiles=2 K=16384 t_assembly=0.132s t_lu=8.477s t_cond=0.300s norm1=4.788e+06 inv_norm1_est=2.824e-03 rcond_est=7.397e-05 min|U_kk|=9.517e+03 max|U_kk|=9.083e+05 zero_pivots=0 mu=6.053e-02 assembly=colored factor=banded applications=256 color_period=8 kl=1279 ku=1279
    COARSE apply applications=4 t_apply_avg=49.290ms t_host_solve_avg=47.086ms
    LINEAR gmres+P-A+CC(mult,2) its=3 rel=2.6e-03 t=0.20s cycles=1 reorth=3 rec=2.6e-03 status=converged t_fact=0.00s singular_modes=0 mu=6.053e-02
  NEWTON gaussian:0.25:64:i1o4 it= 6 r_F=5.835e-01 r_out=3.415e-05 lambda=1 |dx|max=1.57e-02 lin=gmres+P-A+CC(mult,2) rel=2.6e-03 lits=3 t_lin=0.2s |dx|2=1.69e+00 t_fact=8.91s eta=1.00e-01 mu=6.053e-02 retries=0
    COARSE build mode=mult profiles=2 K=16384 t_assembly=0.149s t_lu=8.758s t_cond=0.411s norm1=4.842e+06 inv_norm1_est=3.933e-03 rcond_est=5.251e-05 min|U_kk|=7.927e+03 max|U_kk|=9.007e+05 zero_pivots=0 mu=3.910e-02 assembly=colored factor=banded applications=256 color_period=8 kl=1279 ku=1279
    COARSE apply applications=4 t_apply_avg=54.727ms t_host_solve_avg=52.654ms
    LINEAR gmres+P-A+CC(mult,2) its=3 rel=2.9e-03 t=0.22s cycles=1 reorth=3 rec=2.9e-03 status=converged t_fact=0.01s singular_modes=0 mu=3.910e-02
  NEWTON gaussian:0.25:64:i1o4 it= 7 r_F=3.631e-01 r_out=3.410e-05 lambda=1 |dx|max=1.44e-02 lin=gmres+P-A+CC(mult,2) rel=2.9e-03 lits=3 t_lin=0.2s |dx|2=1.63e+00 t_fact=9.32s eta=1.00e-01 mu=3.910e-02 retries=0
    COARSE build mode=mult profiles=2 K=16384 t_assembly=0.134s t_lu=10.304s t_cond=0.304s norm1=4.904e+06 inv_norm1_est=5.349e-03 rcond_est=3.812e-05 min|U_kk|=6.705e+03 max|U_kk|=8.958e+05 zero_pivots=0 mu=2.433e-02 assembly=colored factor=banded applications=256 color_period=8 kl=1279 ku=1279
    COARSE apply applications=4 t_apply_avg=49.090ms t_host_solve_avg=47.061ms
    LINEAR gmres+P-A+CC(mult,2) its=3 rel=4.1e-03 t=0.20s cycles=1 reorth=3 rec=4.1e-03 status=converged t_fact=0.00s singular_modes=0 mu=2.433e-02
  NEWTON gaussian:0.25:64:i1o4 it= 8 r_F=2.156e-01 r_out=3.533e-05 lambda=1 |dx|max=1.33e-02 lin=gmres+P-A+CC(mult,2) rel=4.1e-03 lits=3 t_lin=0.2s |dx|2=1.55e+00 t_fact=10.75s eta=1.00e-01 mu=2.433e-02 retries=0
    COARSE build mode=mult profiles=2 K=16384 t_assembly=0.132s t_lu=8.984s t_cond=0.291s norm1=4.975e+06 inv_norm1_est=7.194e-03 rcond_est=2.794e-05 min|U_kk|=5.646e+03 max|U_kk|=8.927e+05 zero_pivots=0 mu=1.444e-02 assembly=colored factor=banded applications=256 color_period=8 kl=1279 ku=1279
    COARSE apply applications=4 t_apply_avg=49.124ms t_host_solve_avg=47.079ms
    LINEAR gmres+P-A+CC(mult,2) its=3 rel=7.7e-03 t=0.20s cycles=1 reorth=3 rec=7.7e-03 status=converged t_fact=0.00s singular_modes=0 mu=1.444e-02
  NEWTON gaussian:0.25:64:i1o4 it= 9 r_F=1.219e-01 r_out=3.407e-05 lambda=1 |dx|max=1.22e-02 lin=gmres+P-A+CC(mult,2) rel=7.7e-03 lits=3 t_lin=0.2s |dx|2=1.46e+00 t_fact=9.41s eta=1.00e-01 mu=1.444e-02 retries=0
    COARSE build mode=mult profiles=2 K=16384 t_assembly=0.132s t_lu=10.633s t_cond=0.306s norm1=5.055e+06 inv_norm1_est=9.841e-03 rcond_est=2.010e-05 min|U_kk|=4.624e+03 max|U_kk|=8.909e+05 zero_pivots=0 mu=8.166e-03 assembly=colored factor=banded applications=256 color_period=8 kl=1279 ku=1279
    COARSE apply applications=6 t_apply_avg=49.399ms t_host_solve_avg=47.204ms
    LINEAR gmres+P-A+CC(mult,2) its=5 rel=8.0e-03 t=0.30s cycles=1 reorth=5 rec=8.0e-03 status=converged t_fact=0.00s singular_modes=0 mu=8.166e-03
  NEWTON gaussian:0.25:64:i1o4 it=10 r_F=6.931e-02 r_out=1.524e-05 lambda=1 |dx|max=1.12e-02 lin=gmres+P-A+CC(mult,2) rel=8.0e-03 lits=5 t_lin=0.3s |dx|2=1.45e+00 t_fact=11.08s eta=1.00e-01 mu=8.166e-03 retries=0
    COARSE build mode=mult profiles=2 K=16384 t_assembly=0.149s t_lu=11.430s t_cond=0.321s norm1=5.155e+06 inv_norm1_est=1.341e-02 rcond_est=1.447e-05 min|U_kk|=3.951e+03 max|U_kk|=9.762e+05 zero_pivots=0 mu=4.644e-03 assembly=colored factor=banded applications=256 color_period=8 kl=1279 ku=1279
    COARSE apply applications=62 t_apply_avg=50.211ms t_host_solve_avg=48.144ms
    LINEAR gmres+P-A+CC(mult,2) its=61 rel=9.8e-03 t=3.28s cycles=1 reorth=56 rec=9.8e-03 status=converged t_fact=0.01s singular_modes=0 mu=4.644e-03
  NEWTON gaussian:0.25:64:i1o4 it=11 r_F=4.547e-02 r_out=1.450e-05 lambda=1 |dx|max=1.05e-02 lin=gmres+P-A+CC(mult,2) rel=9.8e-03 lits=61 t_lin=3.3s |dx|2=1.65e+00 t_fact=11.91s eta=1.00e-01 mu=4.644e-03 retries=0
    COARSE build mode=mult profiles=2 K=16384 t_assembly=0.133s t_lu=11.777s t_cond=0.294s norm1=5.282e+06 inv_norm1_est=1.640e-02 rcond_est=1.155e-05 min|U_kk|=3.695e+03 max|U_kk|=8.890e+05 zero_pivots=0 mu=3.046e-03 assembly=colored factor=banded applications=256 color_period=8 kl=1279 ku=1279
    COARSE apply applications=101 t_apply_avg=49.463ms t_host_solve_avg=47.424ms
    LINEAR gmres+P-A+CC(mult,2) its=100 rel=3.1e-02 t=5.40s cycles=1 reorth=95 rec=3.1e-02 status=converged t_fact=0.01s singular_modes=0 mu=3.046e-03
  NEWTON gaussian:0.25:64:i1o4 it=12 r_F=3.505e-02 r_out=4.341e-05 lambda=1 |dx|max=1.02e-02 lin=gmres+P-A+CC(mult,2) rel=3.1e-02 lits=100 t_lin=5.4s |dx|2=1.91e+00 t_fact=12.21s eta=1.00e-01 mu=3.046e-03 retries=0
    COARSE build mode=mult profiles=2 K=16384 t_assembly=0.132s t_lu=11.696s t_cond=0.301s norm1=5.427e+06 inv_norm1_est=1.816e-02 rcond_est=1.015e-05 min|U_kk|=3.209e+03 max|U_kk|=8.885e+05 zero_pivots=0 mu=2.348e-03 assembly=colored factor=banded applications=256 color_period=8 kl=1279 ku=1279
    COARSE apply applications=404 t_apply_avg=49.474ms t_host_solve_avg=47.274ms
    LINEAR gmres+P-A+CC(mult,2) its=400 rel=9.7e-02 t=21.64s cycles=4 reorth=366 rec=9.7e-02 status=converged t_fact=0.01s singular_modes=0 mu=2.348e-03
  NEWTON gaussian:0.25:64:i1o4 it=13 r_F=2.854e-02 r_out=9.583e-05 lambda=1 |dx|max=1.11e-02 lin=gmres+P-A+CC(mult,2) rel=9.7e-02 lits=400 t_lin=21.6s |dx|2=1.94e+00 t_fact=12.13s eta=1.00e-01 mu=2.348e-03 retries=0
    COARSE build mode=mult profiles=2 K=16384 t_assembly=0.149s t_lu=11.712s t_cond=0.292s norm1=5.566e+06 inv_norm1_est=2.078e-02 rcond_est=8.646e-06 min|U_kk|=3.040e+03 max|U_kk|=8.880e+05 zero_pivots=0 mu=1.912e-03 assembly=colored factor=banded applications=256 color_period=8 kl=1279 ku=1279
    COARSE apply applications=404 t_apply_avg=50.850ms t_host_solve_avg=48.712ms
    LINEAR gmres+P-A+CC(mult,2) its=400 rel=3.3e-01 t=22.14s cycles=4 reorth=321 rec=3.3e-01 status=stagnation t_fact=0.01s singular_modes=0 mu=1.912e-03
  NEWTON gaussian:0.25:64:i1o4 it=14 linear_failure: GMRES status=stagnation rel=3.3e-01 lits=400 prec singular modes=0 (step not taken) eta=1.00e-01 mu=1.912e-03
  STAGE_END field=gaussian eps=0.25 N=64 cand=i1o4 status=linear_failure its=14 r_F=2.854e-02 r_out=9.583e-05 -> FAILED
  CONTINUATION bisection 1/4: retry from eps=0 at eps=0.125
SETUP STAGE field=gaussian eps=0.125 N=64 status=ok
SETUP   SF-18: raw_mean=0.000000e+00 raw_variance=3.892183071637e-01 applied_scale=1.602888711251e+00 final_variance=1.000000000000e+00 active_modes=127007
SETUP   SF-19: mg_levels=5 converged=1 G=(9.974099460414e-01, 1.715646813645e-04, 7.722137969355e-04) mean_flux=(1.000e+00, 4.759e-19, -1.285e-18) div_max=1.540e-12 div_rms=2.564e-13
SETUP   SF-19 corrector x: status=converged its=10 rel_residual=2.977e-13 final_residual=1.314e-10
SETUP   SF-19 corrector y: status=converged its=10 rel_residual=2.362e-13 final_residual=1.125e-10
SETUP   SF-19 corrector z: status=converged its=10 rel_residual=2.568e-13 final_residual=1.135e-10
SETUP   inlet: vmin=7.184246e-01 mean(U plane 0)=1.000000000000000 (mean-1=-3.331e-16) Q0-1=-1.110e-16 v_rms=1.005163e+00
SETUP   v1(U-face) vs spline flow k g1: rms_rel=2.278117e-04 max_rel=7.687292e-04; spline potential GPU vs host prefilter rel=3.691e-15
SETUP stage eps=0.125 built in 1.091s (grad_lnk=spectral (band-limited cell samples, cuFFT))
STAGE field=gaussian eps=0.125 N=64 cand=i1o4 (from eps=0, u=0)
  NEWTON gaussian:0.125:64:i1o4 it= 0 r_F=6.925e+00 r_out=3.777e-02
    COARSE build mode=mult profiles=2 K=16384 t_assembly=0.161s t_lu=8.441s t_cond=0.294s norm1=4.103e+06 inv_norm1_est=1.388e-04 rcond_est=1.756e-03 min|U_kk|=4.287e+04 max|U_kk|=1.051e+06 zero_pivots=0 mu=1.000e+00 assembly=colored factor=banded applications=256 color_period=8 kl=1279 ku=1279
    COARSE apply applications=3 t_apply_avg=49.182ms t_host_solve_avg=47.039ms
    LINEAR gmres+P-A+CC(mult,2) its=2 rel=3.1e-03 t=0.15s cycles=1 reorth=2 rec=3.1e-03 status=converged t_fact=0.00s singular_modes=0 mu=1.000e+00
  NEWTON gaussian:0.125:64:i1o4 it= 1 r_F=3.396e+00 r_out=1.952e-04 lambda=1 |dx|max=2.14e-02 lin=gmres+P-A+CC(mult,2) rel=3.1e-03 lits=2 t_lin=0.1s |dx|2=5.66e-01 t_fact=8.90s eta=1.00e-01 mu=1.000e+00 retries=0
    COARSE build mode=mult profiles=2 K=16384 t_assembly=0.131s t_lu=8.458s t_cond=0.291s norm1=3.872e+06 inv_norm1_est=3.133e-04 rcond_est=8.244e-04 min|U_kk|=2.784e+04 max|U_kk|=8.988e+05 zero_pivots=0 mu=4.904e-01 assembly=colored factor=banded applications=256 color_period=8 kl=1279 ku=1279
    COARSE apply applications=3 t_apply_avg=49.127ms t_host_solve_avg=47.090ms
    LINEAR gmres+P-A+CC(mult,2) its=2 rel=4.2e-03 t=0.15s cycles=1 reorth=2 rec=4.2e-03 status=converged t_fact=0.00s singular_modes=0 mu=4.904e-01
  NEWTON gaussian:0.125:64:i1o4 it= 2 r_F=1.712e+00 r_out=9.566e-06 lambda=1 |dx|max=1.43e-02 lin=gmres+P-A+CC(mult,2) rel=4.2e-03 lits=2 t_lin=0.1s |dx|2=5.88e-01 t_fact=8.89s eta=1.00e-01 mu=4.904e-01 retries=0
    COARSE build mode=mult profiles=2 K=16384 t_assembly=0.132s t_lu=8.414s t_cond=0.293s norm1=3.770e+06 inv_norm1_est=6.549e-04 rcond_est=4.050e-04 min|U_kk|=1.899e+04 max|U_kk|=8.262e+05 zero_pivots=0 mu=2.473e-01 assembly=colored factor=banded applications=256 color_period=8 kl=1279 ku=1279
    COARSE apply applications=3 t_apply_avg=49.179ms t_host_solve_avg=47.127ms
    LINEAR gmres+P-A+CC(mult,2) its=2 rel=4.7e-03 t=0.15s cycles=1 reorth=2 rec=4.7e-03 status=converged t_fact=0.00s singular_modes=0 mu=2.473e-01
  NEWTON gaussian:0.125:64:i1o4 it= 3 r_F=1.014e+00 r_out=1.507e-05 lambda=1 |dx|max=1.14e-02 lin=gmres+P-A+CC(mult,2) rel=4.7e-03 lits=2 t_lin=0.1s |dx|2=7.03e-01 t_fact=8.84s eta=1.00e-01 mu=2.473e-01 retries=0
    COARSE build mode=mult profiles=2 K=16384 t_assembly=0.132s t_lu=8.450s t_cond=0.292s norm1=3.731e+06 inv_norm1_est=1.102e-03 rcond_est=2.431e-04 min|U_kk|=1.441e+04 max|U_kk|=7.960e+05 zero_pivots=0 mu=1.465e-01 assembly=colored factor=banded applications=256 color_period=8 kl=1279 ku=1279
    COARSE apply applications=3 t_apply_avg=49.240ms t_host_solve_avg=47.034ms
    LINEAR gmres+P-A+CC(mult,2) its=2 rel=3.4e-03 t=0.15s cycles=1 reorth=2 rec=3.4e-03 status=converged t_fact=0.00s singular_modes=0 mu=1.465e-01
  NEWTON gaussian:0.125:64:i1o4 it= 4 r_F=6.734e-01 r_out=1.467e-05 lambda=1 |dx|max=9.88e-03 lin=gmres+P-A+CC(mult,2) rel=3.4e-03 lits=2 t_lin=0.1s |dx|2=7.99e-01 t_fact=8.88s eta=1.00e-01 mu=1.465e-01 retries=0
    COARSE build mode=mult profiles=2 K=16384 t_assembly=0.145s t_lu=8.386s t_cond=0.292s norm1=3.719e+06 inv_norm1_est=1.613e-03 rcond_est=1.667e-04 min|U_kk|=1.172e+04 max|U_kk|=7.811e+05 zero_pivots=0 mu=9.724e-02 assembly=colored factor=banded applications=256 color_period=8 kl=1279 ku=1279
    COARSE apply applications=3 t_apply_avg=49.196ms t_host_solve_avg=47.122ms
    LINEAR gmres+P-A+CC(mult,2) its=2 rel=2.5e-03 t=0.15s cycles=1 reorth=2 rec=2.5e-03 status=converged t_fact=0.01s singular_modes=0 mu=9.724e-02
  NEWTON gaussian:0.125:64:i1o4 it= 5 r_F=4.565e-01 r_out=1.702e-05 lambda=1 |dx|max=8.56e-03 lin=gmres+P-A+CC(mult,2) rel=2.5e-03 lits=2 t_lin=0.1s |dx|2=8.24e-01 t_fact=8.83s eta=1.00e-01 mu=9.724e-02 retries=0
    COARSE build mode=mult profiles=2 K=16384 t_assembly=0.134s t_lu=8.387s t_cond=0.293s norm1=3.720e+06 inv_norm1_est=2.256e-03 rcond_est=1.192e-04 min|U_kk|=9.763e+03 max|U_kk|=7.716e+05 zero_pivots=0 mu=6.593e-02 assembly=colored factor=banded applications=256 color_period=8 kl=1279 ku=1279
    COARSE apply applications=3 t_apply_avg=49.119ms t_host_solve_avg=47.084ms
    LINEAR gmres+P-A+CC(mult,2) its=2 rel=2.3e-03 t=0.15s cycles=1 reorth=2 rec=2.3e-03 status=converged t_fact=0.00s singular_modes=0 mu=6.593e-02
  NEWTON gaussian:0.125:64:i1o4 it= 6 r_F=3.034e-01 r_out=1.917e-05 lambda=1 |dx|max=7.73e-03 lin=gmres+P-A+CC(mult,2) rel=2.3e-03 lits=2 t_lin=0.1s |dx|2=8.13e-01 t_fact=8.82s eta=1.00e-01 mu=6.593e-02 retries=0
    COARSE build mode=mult profiles=2 K=16384 t_assembly=0.132s t_lu=8.398s t_cond=0.299s norm1=3.732e+06 inv_norm1_est=3.097e-03 rcond_est=8.652e-05 min|U_kk|=8.195e+03 max|U_kk|=7.651e+05 zero_pivots=0 mu=4.382e-02 assembly=colored factor=banded applications=256 color_period=8 kl=1279 ku=1279
    COARSE apply applications=3 t_apply_avg=49.133ms t_host_solve_avg=47.092ms
    LINEAR gmres+P-A+CC(mult,2) its=2 rel=2.7e-03 t=0.15s cycles=1 reorth=2 rec=2.7e-03 status=converged t_fact=0.00s singular_modes=0 mu=4.382e-02
  NEWTON gaussian:0.125:64:i1o4 it= 7 r_F=1.950e-01 r_out=1.936e-05 lambda=1 |dx|max=7.12e-03 lin=gmres+P-A+CC(mult,2) rel=2.7e-03 lits=2 t_lin=0.1s |dx|2=7.87e-01 t_fact=8.83s eta=1.00e-01 mu=4.382e-02 retries=0
    COARSE build mode=mult profiles=2 K=16384 t_assembly=0.136s t_lu=8.403s t_cond=0.355s norm1=3.750e+06 inv_norm1_est=4.185e-03 rcond_est=6.372e-05 min|U_kk|=6.949e+03 max|U_kk|=7.604e+05 zero_pivots=0 mu=2.816e-02 assembly=colored factor=banded applications=256 color_period=8 kl=1279 ku=1279
    COARSE apply applications=3 t_apply_avg=49.139ms t_host_solve_avg=47.086ms
    LINEAR gmres+P-A+CC(mult,2) its=2 rel=3.6e-03 t=0.15s cycles=1 reorth=2 rec=3.6e-03 status=converged t_fact=0.00s singular_modes=0 mu=2.816e-02
  NEWTON gaussian:0.125:64:i1o4 it= 8 r_F=1.202e-01 r_out=1.798e-05 lambda=1 |dx|max=6.54e-03 lin=gmres+P-A+CC(mult,2) rel=3.6e-03 lits=2 t_lin=0.1s |dx|2=7.54e-01 t_fact=8.90s eta=1.00e-01 mu=2.816e-02 retries=0
    COARSE build mode=mult profiles=2 K=16384 t_assembly=0.132s t_lu=8.464s t_cond=0.293s norm1=3.774e+06 inv_norm1_est=5.623e-03 rcond_est=4.711e-05 min|U_kk|=5.881e+03 max|U_kk|=7.573e+05 zero_pivots=0 mu=1.735e-02 assembly=colored factor=banded applications=256 color_period=8 kl=1279 ku=1279
    COARSE apply applications=3 t_apply_avg=49.353ms t_host_solve_avg=47.164ms
    LINEAR gmres+P-A+CC(mult,2) its=2 rel=5.7e-03 t=0.15s cycles=1 reorth=2 rec=5.7e-03 status=converged t_fact=0.00s singular_modes=0 mu=1.735e-02
  NEWTON gaussian:0.125:64:i1o4 it= 9 r_F=7.075e-02 r_out=1.575e-05 lambda=1 |dx|max=5.98e-03 lin=gmres+P-A+CC(mult,2) rel=5.7e-03 lits=2 t_lin=0.1s |dx|2=7.16e-01 t_fact=8.89s eta=1.00e-01 mu=1.735e-02 retries=0
    COARSE build mode=mult profiles=2 K=16384 t_assembly=0.139s t_lu=9.754s t_cond=0.296s norm1=3.803e+06 inv_norm1_est=7.547e-03 rcond_est=3.484e-05 min|U_kk|=5.041e+03 max|U_kk|=7.552e+05 zero_pivots=0 mu=1.022e-02 assembly=colored factor=banded applications=256 color_period=8 kl=1279 ku=1279
    COARSE apply applications=4 t_apply_avg=49.105ms t_host_solve_avg=47.058ms
    LINEAR gmres+P-A+CC(mult,2) its=3 rel=1.3e-03 t=0.20s cycles=1 reorth=3 rec=1.3e-03 status=converged t_fact=0.01s singular_modes=0 mu=1.022e-02
  NEWTON gaussian:0.125:64:i1o4 it=10 r_F=4.112e-02 r_out=2.336e-06 lambda=1 |dx|max=5.52e-03 lin=gmres+P-A+CC(mult,2) rel=1.3e-03 lits=3 t_lin=0.2s |dx|2=7.01e-01 t_fact=10.19s eta=1.00e-01 mu=1.022e-02 retries=0
    COARSE build mode=mult profiles=2 K=16384 t_assembly=0.132s t_lu=12.296s t_cond=0.291s norm1=3.841e+06 inv_norm1_est=1.042e-02 rcond_est=2.497e-05 min|U_kk|=4.248e+03 max|U_kk|=7.540e+05 zero_pivots=0 mu=5.938e-03 assembly=colored factor=banded applications=256 color_period=8 kl=1279 ku=1279
    COARSE apply applications=4 t_apply_avg=49.157ms t_host_solve_avg=47.119ms
    LINEAR gmres+P-A+CC(mult,2) its=3 rel=2.9e-03 t=0.20s cycles=1 reorth=3 rec=2.9e-03 status=converged t_fact=0.00s singular_modes=0 mu=5.938e-03
  NEWTON gaussian:0.125:64:i1o4 it=11 r_F=2.623e-02 r_out=2.462e-06 lambda=1 |dx|max=5.14e-03 lin=gmres+P-A+CC(mult,2) rel=2.9e-03 lits=3 t_lin=0.2s |dx|2=7.62e-01 t_fact=12.72s eta=1.00e-01 mu=5.938e-03 retries=0
    COARSE build mode=mult profiles=2 K=16384 t_assembly=0.132s t_lu=12.541s t_cond=0.301s norm1=3.890e+06 inv_norm1_est=1.299e-02 rcond_est=1.978e-05 min|U_kk|=3.721e+03 max|U_kk|=7.533e+05 zero_pivots=0 mu=3.788e-03 assembly=colored factor=banded applications=256 color_period=8 kl=1279 ku=1279
    COARSE apply applications=4 t_apply_avg=49.193ms t_host_solve_avg=47.153ms
    LINEAR gmres+P-A+CC(mult,2) its=3 rel=6.0e-03 t=0.20s cycles=1 reorth=3 rec=6.0e-03 status=converged t_fact=0.01s singular_modes=0 mu=3.788e-03
  NEWTON gaussian:0.125:64:i1o4 it=12 r_F=1.960e-02 r_out=5.049e-06 lambda=1 |dx|max=4.94e-03 lin=gmres+P-A+CC(mult,2) rel=6.0e-03 lits=3 t_lin=0.2s |dx|2=8.88e-01 t_fact=12.98s eta=1.00e-01 mu=3.788e-03 retries=0
    COARSE build mode=mult profiles=2 K=16384 t_assembly=0.136s t_lu=12.709s t_cond=0.331s norm1=3.957e+06 inv_norm1_est=1.533e-02 rcond_est=1.648e-05 min|U_kk|=3.442e+03 max|U_kk|=7.530e+05 zero_pivots=0 mu=2.830e-03 assembly=colored factor=banded applications=256 color_period=8 kl=1279 ku=1279
    COARSE apply applications=5 t_apply_avg=49.735ms t_host_solve_avg=47.536ms
    LINEAR gmres+P-A+CC(mult,2) its=4 rel=2.5e-03 t=0.25s cycles=1 reorth=4 rec=2.5e-03 status=converged t_fact=0.01s singular_modes=0 mu=2.830e-03
  NEWTON gaussian:0.125:64:i1o4 it=13 r_F=1.571e-02 r_out=4.802e-06 lambda=1 |dx|max=5.20e-03 lin=gmres+P-A+CC(mult,2) rel=2.5e-03 lits=4 t_lin=0.3s |dx|2=9.50e-01 t_fact=13.18s eta=1.00e-01 mu=2.830e-03 retries=0
    COARSE build mode=mult profiles=2 K=16384 t_assembly=0.142s t_lu=12.619s t_cond=0.292s norm1=4.030e+06 inv_norm1_est=1.559e-02 rcond_est=1.592e-05 min|U_kk|=3.259e+03 max|U_kk|=7.528e+05 zero_pivots=0 mu=2.269e-03 assembly=colored factor=banded applications=256 color_period=8 kl=1279 ku=1279
    COARSE apply applications=5 t_apply_avg=49.225ms t_host_solve_avg=47.162ms
    LINEAR gmres+P-A+CC(mult,2) its=4 rel=4.4e-03 t=0.25s cycles=1 reorth=4 rec=4.4e-03 status=converged t_fact=0.01s singular_modes=0 mu=2.269e-03
  NEWTON gaussian:0.125:64:i1o4 it=14 r_F=1.246e-02 r_out=5.735e-06 lambda=1 |dx|max=5.57e-03 lin=gmres+P-A+CC(mult,2) rel=4.4e-03 lits=4 t_lin=0.2s |dx|2=9.39e-01 t_fact=13.06s eta=1.00e-01 mu=2.269e-03 retries=0
    COARSE build mode=mult profiles=2 K=16384 t_assembly=0.134s t_lu=12.632s t_cond=0.301s norm1=4.103e+06 inv_norm1_est=1.748e-02 rcond_est=1.394e-05 min|U_kk|=3.092e+03 max|U_kk|=7.526e+05 zero_pivots=0 mu=1.799e-03 assembly=colored factor=banded applications=256 color_period=8 kl=1279 ku=1279
    COARSE apply applications=5 t_apply_avg=49.228ms t_host_solve_avg=47.176ms
    LINEAR gmres+P-A+CC(mult,2) its=4 rel=7.5e-03 t=0.25s cycles=1 reorth=4 rec=7.5e-03 status=converged t_fact=0.01s singular_modes=0 mu=1.799e-03
  NEWTON gaussian:0.125:64:i1o4 it=15 r_F=9.434e-03 r_out=6.028e-06 lambda=1 |dx|max=5.47e-03 lin=gmres+P-A+CC(mult,2) rel=7.5e-03 lits=4 t_lin=0.2s |dx|2=8.96e-01 t_fact=13.07s eta=1.00e-01 mu=1.799e-03 retries=0
    COARSE build mode=mult profiles=2 K=16384 t_assembly=0.136s t_lu=12.672s t_cond=0.355s norm1=4.172e+06 inv_norm1_est=1.980e-02 rcond_est=1.210e-05 min|U_kk|=2.927e+03 max|U_kk|=7.524e+05 zero_pivots=0 mu=1.362e-03 assembly=colored factor=banded applications=256 color_period=8 kl=1279 ku=1279
    COARSE apply applications=6 t_apply_avg=49.294ms t_host_solve_avg=47.090ms
    LINEAR gmres+P-A+CC(mult,2) its=5 rel=6.1e-03 t=0.30s cycles=1 reorth=5 rec=6.1e-03 status=converged t_fact=0.01s singular_modes=0 mu=1.362e-03
  NEWTON gaussian:0.125:64:i1o4 it=16 r_F=6.642e-03 r_out=4.731e-06 lambda=1 |dx|max=5.12e-03 lin=gmres+P-A+CC(mult,2) rel=6.1e-03 lits=5 t_lin=0.3s |dx|2=8.32e-01 t_fact=13.17s eta=1.00e-01 mu=1.362e-03 retries=0
    COARSE build mode=mult profiles=2 K=16384 t_assembly=0.145s t_lu=12.714s t_cond=0.297s norm1=4.232e+06 inv_norm1_est=2.265e-02 rcond_est=1.043e-05 min|U_kk|=2.765e+03 max|U_kk|=7.523e+05 zero_pivots=0 mu=9.592e-04 assembly=colored factor=banded applications=256 color_period=8 kl=1279 ku=1279
    COARSE apply applications=7 t_apply_avg=49.173ms t_host_solve_avg=47.109ms
    LINEAR gmres+P-A+CC(mult,2) its=6 rel=6.7e-03 t=0.35s cycles=1 reorth=5 rec=6.7e-03 status=converged t_fact=0.01s singular_modes=0 mu=9.592e-04
  NEWTON gaussian:0.125:64:i1o4 it=17 r_F=4.168e-03 r_out=3.695e-06 lambda=1 |dx|max=4.55e-03 lin=gmres+P-A+CC(mult,2) rel=6.7e-03 lits=6 t_lin=0.3s |dx|2=7.39e-01 t_fact=13.16s eta=1.00e-01 mu=9.592e-04 retries=0
    COARSE build mode=mult profiles=2 K=16384 t_assembly=0.134s t_lu=12.636s t_cond=0.293s norm1=4.285e+06 inv_norm1_est=2.781e-02 rcond_est=8.393e-06 min|U_kk|=2.574e+03 max|U_kk|=7.522e+05 zero_pivots=0 mu=6.020e-04 assembly=colored factor=banded applications=256 color_period=8 kl=1279 ku=1279
    COARSE apply applications=8 t_apply_avg=49.174ms t_host_solve_avg=47.130ms
    LINEAR gmres+P-A+CC(mult,2) its=7 rel=9.6e-03 t=0.40s cycles=1 reorth=6 rec=9.6e-03 status=converged t_fact=0.01s singular_modes=0 mu=6.020e-04
  NEWTON gaussian:0.125:64:i1o4 it=18 r_F=2.151e-03 r_out=2.632e-06 lambda=1 |dx|max=3.71e-03 lin=gmres+P-A+CC(mult,2) rel=9.6e-03 lits=7 t_lin=0.4s |dx|2=6.04e-01 t_fact=13.07s eta=1.00e-01 mu=6.020e-04 retries=0
    COARSE build mode=mult profiles=2 K=16384 t_assembly=0.131s t_lu=12.600s t_cond=0.300s norm1=4.327e+06 inv_norm1_est=3.322e-02 rcond_est=6.958e-06 min|U_kk|=2.477e+03 max|U_kk|=7.521e+05 zero_pivots=0 mu=3.106e-04 assembly=colored factor=banded applications=256 color_period=8 kl=1279 ku=1279
    COARSE apply applications=10 t_apply_avg=49.156ms t_host_solve_avg=47.102ms
    LINEAR gmres+P-A+CC(mult,2) its=9 rel=7.7e-03 t=0.50s cycles=1 reorth=8 rec=7.7e-03 status=converged t_fact=0.01s singular_modes=0 mu=3.106e-04
  NEWTON gaussian:0.125:64:i1o4 it=19 r_F=7.708e-04 r_out=1.247e-06 lambda=1 |dx|max=2.52e-03 lin=gmres+P-A+CC(mult,2) rel=7.7e-03 lits=9 t_lin=0.5s |dx|2=4.13e-01 t_fact=13.04s eta=1.00e-01 mu=3.106e-04 retries=0
    COARSE build mode=mult profiles=2 K=16384 t_assembly=0.136s t_lu=12.695s t_cond=0.314s norm1=4.354e+06 inv_norm1_est=3.834e-02 rcond_est=5.991e-06 min|U_kk|=2.369e+03 max|U_kk|=7.520e+05 zero_pivots=0 mu=1.113e-04 assembly=colored factor=banded applications=256 color_period=8 kl=1279 ku=1279
    COARSE apply applications=12 t_apply_avg=49.316ms t_host_solve_avg=47.116ms
    LINEAR gmres+P-A+CC(mult,2) its=11 rel=9.6e-03 t=0.60s cycles=1 reorth=10 rec=9.6e-03 status=converged t_fact=0.01s singular_modes=0 mu=1.113e-04
  NEWTON gaussian:0.125:64:i1o4 it=20 r_F=1.318e-04 r_out=3.528e-07 lambda=1 |dx|max=1.14e-03 lin=gmres+P-A+CC(mult,2) rel=9.6e-03 lits=11 t_lin=0.6s |dx|2=1.89e-01 t_fact=13.15s eta=1.00e-01 mu=1.113e-04 retries=0
    COARSE build mode=mult profiles=2 K=16384 t_assembly=0.145s t_lu=12.650s t_cond=0.299s norm1=4.366e+06 inv_norm1_est=4.077e-02 rcond_est=5.619e-06 min|U_kk|=2.333e+03 max|U_kk|=7.525e+05 zero_pivots=0 mu=1.904e-05 assembly=colored factor=banded applications=256 color_period=8 kl=1279 ku=1279
    COARSE apply applications=19 t_apply_avg=49.170ms t_host_solve_avg=47.102ms
    LINEAR gmres+P-A+CC(mult,2) its=18 rel=2.5e-03 t=0.95s cycles=1 reorth=17 rec=2.5e-03 status=converged t_fact=0.01s singular_modes=0 mu=1.904e-05
  NEWTON gaussian:0.125:64:i1o4 it=21 r_F=4.660e-06 r_out=1.544e-08 lambda=1 |dx|max=2.17e-04 lin=gmres+P-A+CC(mult,2) rel=2.5e-03 lits=18 t_lin=1.0s |dx|2=3.61e-02 t_fact=13.10s eta=2.63e-02 mu=1.904e-05 retries=0
    COARSE build mode=mult profiles=2 K=16384 t_assembly=0.134s t_lu=12.562s t_cond=0.300s norm1=4.368e+06 inv_norm1_est=4.140e-02 rcond_est=5.531e-06 min|U_kk|=2.322e+03 max|U_kk|=7.529e+05 zero_pivots=0 mu=6.729e-07 assembly=colored factor=banded applications=256 color_period=8 kl=1279 ku=1279
    COARSE apply applications=34 t_apply_avg=49.109ms t_host_solve_avg=47.067ms
    LINEAR gmres+P-A+CC(mult,2) its=33 rel=1.1e-04 t=1.72s cycles=1 reorth=32 rec=1.1e-04 status=converged t_fact=0.01s singular_modes=0 mu=6.729e-07
  NEWTON gaussian:0.125:64:i1o4 it=22 r_F=6.280e-09 r_out=2.028e-11 lambda=1 |dx|max=7.39e-06 lin=gmres+P-A+CC(mult,2) rel=1.1e-04 lits=33 t_lin=1.7s |dx|2=1.23e-03 t_fact=13.00s eta=1.12e-03 mu=6.729e-07 retries=0
    COARSE build mode=mult profiles=2 K=16384 t_assembly=0.136s t_lu=12.604s t_cond=0.357s norm1=4.368e+06 inv_norm1_est=4.142e-02 rcond_est=5.528e-06 min|U_kk|=2.321e+03 max|U_kk|=7.529e+05 zero_pivots=0 mu=9.068e-10 assembly=colored factor=banded applications=256 color_period=8 kl=1279 ku=1279
    COARSE apply applications=58 t_apply_avg=49.243ms t_host_solve_avg=47.039ms
    LINEAR gmres+P-A+CC(mult,2) its=57 rel=7.3e-07 t=3.00s cycles=1 reorth=56 rec=7.3e-07 status=converged t_fact=0.01s singular_modes=0 mu=9.068e-10
  NEWTON gaussian:0.125:64:i1o4 it=23 r_F=2.323e-14 r_out=4.251e-16 lambda=1 |dx|max=8.99e-09 lin=gmres+P-A+CC(mult,2) rel=7.3e-07 lits=57 t_lin=3.0s |dx|2=1.49e-06 t_fact=13.10s eta=7.96e-06 mu=9.068e-10 retries=0
  STAGE_END field=gaussian eps=0.125 N=64 cand=i1o4 status=converged its=23 r_F=2.323e-14 r_out=4.251e-16 -> accepted
STAGE field=gaussian eps=0.25 N=64 cand=i1o4 (from eps=0.125, warm start)
  NEWTON gaussian:0.25:64:i1o4 it= 0 r_F=7.348e+00 r_out=3.631e-02
    COARSE build mode=mult profiles=2 K=16384 t_assembly=0.138s t_lu=8.453s t_cond=0.303s norm1=5.792e+06 inv_norm1_est=1.789e-04 rcond_est=9.651e-04 min|U_kk|=3.857e+04 max|U_kk|=1.237e+06 zero_pivots=0 mu=1.000e+00 assembly=colored factor=banded applications=256 color_period=8 kl=1279 ku=1279
    COARSE apply applications=3 t_apply_avg=49.191ms t_host_solve_avg=47.124ms
    LINEAR gmres+P-A+CC(mult,2) its=2 rel=3.2e-03 t=0.15s cycles=1 reorth=2 rec=3.2e-03 status=converged t_fact=0.01s singular_modes=0 mu=1.000e+00
  NEWTON gaussian:0.25:64:i1o4 it= 1 r_F=3.598e+00 r_out=3.213e-04 lambda=1 |dx|max=2.01e-02 lin=gmres+P-A+CC(mult,2) rel=3.2e-03 lits=2 t_lin=0.1s |dx|2=5.52e-01 t_fact=8.90s eta=1.00e-01 mu=1.000e+00 retries=0
    COARSE build mode=mult profiles=2 K=16384 t_assembly=0.132s t_lu=8.389s t_cond=0.297s norm1=5.510e+06 inv_norm1_est=4.104e-04 rcond_est=4.421e-04 min|U_kk|=2.532e+04 max|U_kk|=1.058e+06 zero_pivots=0 mu=4.896e-01 assembly=colored factor=banded applications=256 color_period=8 kl=1279 ku=1279
    COARSE apply applications=3 t_apply_avg=50.996ms t_host_solve_avg=48.940ms
    LINEAR gmres+P-A+CC(mult,2) its=2 rel=4.9e-03 t=0.15s cycles=1 reorth=2 rec=4.9e-03 status=converged t_fact=0.00s singular_modes=0 mu=4.896e-01
  NEWTON gaussian:0.25:64:i1o4 it= 2 r_F=1.800e+00 r_out=6.289e-05 lambda=1 |dx|max=1.35e-02 lin=gmres+P-A+CC(mult,2) rel=4.9e-03 lits=2 t_lin=0.2s |dx|2=5.79e-01 t_fact=8.82s eta=1.00e-01 mu=4.896e-01 retries=0
    COARSE build mode=mult profiles=2 K=16384 t_assembly=0.132s t_lu=8.402s t_cond=0.291s norm1=5.386e+06 inv_norm1_est=8.664e-04 rcond_est=2.143e-04 min|U_kk|=1.722e+04 max|U_kk|=9.719e+05 zero_pivots=0 mu=2.449e-01 assembly=colored factor=banded applications=256 color_period=8 kl=1279 ku=1279
    COARSE apply applications=3 t_apply_avg=49.144ms t_host_solve_avg=47.109ms
    LINEAR gmres+P-A+CC(mult,2) its=2 rel=6.0e-03 t=0.15s cycles=1 reorth=2 rec=6.0e-03 status=converged t_fact=0.00s singular_modes=0 mu=2.449e-01
  NEWTON gaussian:0.25:64:i1o4 it= 3 r_F=1.047e+00 r_out=9.988e-05 lambda=1 |dx|max=1.08e-02 lin=gmres+P-A+CC(mult,2) rel=6.0e-03 lits=2 t_lin=0.1s |dx|2=7.02e-01 t_fact=8.83s eta=1.00e-01 mu=2.449e-01 retries=0
    COARSE build mode=mult profiles=2 K=16384 t_assembly=0.132s t_lu=8.395s t_cond=0.301s norm1=5.343e+06 inv_norm1_est=1.484e-03 rcond_est=1.261e-04 min|U_kk|=1.297e+04 max|U_kk|=9.358e+05 zero_pivots=0 mu=1.425e-01 assembly=colored factor=banded applications=256 color_period=8 kl=1279 ku=1279
    COARSE apply applications=3 t_apply_avg=49.272ms t_host_solve_avg=47.076ms
    LINEAR gmres+P-A+CC(mult,2) its=2 rel=5.1e-03 t=0.15s cycles=1 reorth=2 rec=5.1e-03 status=converged t_fact=0.00s singular_modes=0 mu=1.425e-01
  NEWTON gaussian:0.25:64:i1o4 it= 4 r_F=6.802e-01 r_out=1.280e-04 lambda=1 |dx|max=9.48e-03 lin=gmres+P-A+CC(mult,2) rel=5.1e-03 lits=2 t_lin=0.1s |dx|2=8.11e-01 t_fact=8.83s eta=1.00e-01 mu=1.425e-01 retries=0
    COARSE build mode=mult profiles=2 K=16384 t_assembly=0.149s t_lu=8.423s t_cond=0.344s norm1=5.335e+06 inv_norm1_est=2.220e-03 rcond_est=8.441e-05 min|U_kk|=1.048e+04 max|U_kk|=9.182e+05 zero_pivots=0 mu=9.257e-02 assembly=colored factor=banded applications=256 color_period=8 kl=1279 ku=1279
    COARSE apply applications=3 t_apply_avg=49.288ms t_host_solve_avg=47.218ms
    LINEAR gmres+P-A+CC(mult,2) its=2 rel=5.6e-03 t=0.15s cycles=1 reorth=2 rec=5.6e-03 status=converged t_fact=0.01s singular_modes=0 mu=9.257e-02
  NEWTON gaussian:0.25:64:i1o4 it= 5 r_F=4.506e-01 r_out=1.377e-04 lambda=1 |dx|max=8.35e-03 lin=gmres+P-A+CC(mult,2) rel=5.6e-03 lits=2 t_lin=0.1s |dx|2=8.45e-01 t_fact=8.92s eta=1.00e-01 mu=9.257e-02 retries=0
    COARSE build mode=mult profiles=2 K=16384 t_assembly=0.134s t_lu=8.411s t_cond=0.324s norm1=5.348e+06 inv_norm1_est=3.133e-03 rcond_est=5.968e-05 min|U_kk|=8.648e+03 max|U_kk|=9.074e+05 zero_pivots=0 mu=6.132e-02 assembly=colored factor=banded applications=256 color_period=8 kl=1279 ku=1279
    COARSE apply applications=3 t_apply_avg=49.046ms t_host_solve_avg=47.009ms
    LINEAR gmres+P-A+CC(mult,2) its=2 rel=7.7e-03 t=0.15s cycles=1 reorth=2 rec=7.7e-03 status=converged t_fact=0.00s singular_modes=0 mu=6.132e-02
  NEWTON gaussian:0.25:64:i1o4 it= 6 r_F=2.916e-01 r_out=1.334e-04 lambda=1 |dx|max=7.63e-03 lin=gmres+P-A+CC(mult,2) rel=7.7e-03 lits=2 t_lin=0.1s |dx|2=8.35e-01 t_fact=8.87s eta=1.00e-01 mu=6.132e-02 retries=0
    COARSE build mode=mult profiles=2 K=16384 t_assembly=0.132s t_lu=8.389s t_cond=0.292s norm1=5.374e+06 inv_norm1_est=4.277e-03 rcond_est=4.351e-05 min|U_kk|=7.248e+03 max|U_kk|=9.001e+05 zero_pivots=0 mu=3.968e-02 assembly=colored factor=banded applications=256 color_period=8 kl=1279 ku=1279
    COARSE apply applications=4 t_apply_avg=49.116ms t_host_solve_avg=47.082ms
    LINEAR gmres+P-A+CC(mult,2) its=3 rel=2.1e-03 t=0.20s cycles=1 reorth=3 rec=2.1e-03 status=converged t_fact=0.00s singular_modes=0 mu=3.968e-02
  NEWTON gaussian:0.25:64:i1o4 it= 7 r_F=1.815e-01 r_out=2.356e-05 lambda=1 |dx|max=7.03e-03 lin=gmres+P-A+CC(mult,2) rel=2.1e-03 lits=3 t_lin=0.2s |dx|2=8.05e-01 t_fact=8.82s eta=1.00e-01 mu=3.968e-02 retries=0
    COARSE build mode=mult profiles=2 K=16384 t_assembly=0.132s t_lu=8.624s t_cond=0.294s norm1=5.409e+06 inv_norm1_est=5.765e-03 rcond_est=3.207e-05 min|U_kk|=6.093e+03 max|U_kk|=8.952e+05 zero_pivots=0 mu=2.469e-02 assembly=colored factor=banded applications=256 color_period=8 kl=1279 ku=1279
    COARSE apply applications=4 t_apply_avg=49.162ms t_host_solve_avg=47.120ms
    LINEAR gmres+P-A+CC(mult,2) its=3 rel=3.4e-03 t=0.20s cycles=1 reorth=3 rec=3.4e-03 status=converged t_fact=0.00s singular_modes=0 mu=2.469e-02
  NEWTON gaussian:0.25:64:i1o4 it= 8 r_F=1.076e-01 r_out=1.988e-05 lambda=1 |dx|max=6.44e-03 lin=gmres+P-A+CC(mult,2) rel=3.4e-03 lits=3 t_lin=0.2s |dx|2=7.64e-01 t_fact=9.05s eta=1.00e-01 mu=2.469e-02 retries=0
    COARSE build mode=mult profiles=2 K=16384 t_assembly=0.132s t_lu=9.179s t_cond=0.299s norm1=5.450e+06 inv_norm1_est=7.518e-03 rcond_est=2.441e-05 min|U_kk|=5.126e+03 max|U_kk|=8.920e+05 zero_pivots=0 mu=1.464e-02 assembly=colored factor=banded applications=256 color_period=8 kl=1279 ku=1279
    COARSE apply applications=4 t_apply_avg=49.292ms t_host_solve_avg=47.089ms
    LINEAR gmres+P-A+CC(mult,2) its=3 rel=8.0e-03 t=0.20s cycles=1 reorth=3 rec=8.0e-03 status=converged t_fact=0.00s singular_modes=0 mu=1.464e-02
  NEWTON gaussian:0.25:64:i1o4 it= 9 r_F=6.070e-02 r_out=1.796e-05 lambda=1 |dx|max=5.90e-03 lin=gmres+P-A+CC(mult,2) rel=8.0e-03 lits=3 t_lin=0.2s |dx|2=7.19e-01 t_fact=9.61s eta=1.00e-01 mu=1.464e-02 retries=0
    COARSE build mode=mult profiles=2 K=16384 t_assembly=0.149s t_lu=10.453s t_cond=0.352s norm1=5.496e+06 inv_norm1_est=9.688e-03 rcond_est=1.878e-05 min|U_kk|=4.327e+03 max|U_kk|=8.899e+05 zero_pivots=0 mu=8.260e-03 assembly=colored factor=banded applications=256 color_period=8 kl=1279 ku=1279
    COARSE apply applications=6 t_apply_avg=49.218ms t_host_solve_avg=47.143ms
    LINEAR gmres+P-A+CC(mult,2) its=5 rel=8.6e-03 t=0.30s cycles=1 reorth=5 rec=8.6e-03 status=converged t_fact=0.01s singular_modes=0 mu=8.260e-03
  NEWTON gaussian:0.25:64:i1o4 it=10 r_F=3.449e-02 r_out=7.061e-06 lambda=1 |dx|max=5.46e-03 lin=gmres+P-A+CC(mult,2) rel=8.6e-03 lits=5 t_lin=0.3s |dx|2=7.13e-01 t_fact=10.96s eta=1.00e-01 mu=8.260e-03 retries=0
    COARSE build mode=mult profiles=2 K=16384 t_assembly=0.133s t_lu=11.200s t_cond=0.302s norm1=5.549e+06 inv_norm1_est=1.190e-02 rcond_est=1.514e-05 min|U_kk|=3.577e+03 max|U_kk|=8.888e+05 zero_pivots=0 mu=4.694e-03 assembly=colored factor=banded applications=256 color_period=8 kl=1279 ku=1279
    COARSE apply applications=53 t_apply_avg=49.054ms t_host_solve_avg=47.016ms
    LINEAR gmres+P-A+CC(mult,2) its=52 rel=9.9e-03 t=2.72s cycles=1 reorth=47 rec=9.9e-03 status=converged t_fact=0.01s singular_modes=0 mu=4.694e-03
  NEWTON gaussian:0.25:64:i1o4 it=11 r_F=2.255e-02 r_out=6.057e-06 lambda=1 |dx|max=5.14e-03 lin=gmres+P-A+CC(mult,2) rel=9.9e-03 lits=52 t_lin=2.7s |dx|2=8.10e-01 t_fact=11.64s eta=1.00e-01 mu=4.694e-03 retries=0
    COARSE build mode=mult profiles=2 K=16384 t_assembly=0.132s t_lu=11.413s t_cond=0.293s norm1=5.613e+06 inv_norm1_est=1.434e-02 rcond_est=1.242e-05 min|U_kk|=3.226e+03 max|U_kk|=8.882e+05 zero_pivots=0 mu=3.069e-03 assembly=colored factor=banded applications=256 color_period=8 kl=1279 ku=1279
    COARSE apply applications=101 t_apply_avg=49.040ms t_host_solve_avg=47.001ms
    LINEAR gmres+P-A+CC(mult,2) its=100 rel=1.9e-02 t=5.35s cycles=1 reorth=91 rec=1.9e-02 status=converged t_fact=0.01s singular_modes=0 mu=3.069e-03
  NEWTON gaussian:0.25:64:i1o4 it=12 r_F=1.727e-02 r_out=1.201e-05 lambda=1 |dx|max=5.04e-03 lin=gmres+P-A+CC(mult,2) rel=1.9e-02 lits=100 t_lin=5.4s |dx|2=9.41e-01 t_fact=11.84s eta=1.00e-01 mu=3.069e-03 retries=0
    COARSE build mode=mult profiles=2 K=16384 t_assembly=0.136s t_lu=11.549s t_cond=0.292s norm1=5.683e+06 inv_norm1_est=1.616e-02 rcond_est=1.089e-05 min|U_kk|=3.066e+03 max|U_kk|=8.879e+05 zero_pivots=0 mu=2.350e-03 assembly=colored factor=banded applications=256 color_period=8 kl=1279 ku=1279
    COARSE apply applications=202 t_apply_avg=49.524ms t_host_solve_avg=47.329ms
    LINEAR gmres+P-A+CC(mult,2) its=200 rel=7.0e-02 t=10.83s cycles=2 reorth=192 rec=7.0e-02 status=converged t_fact=0.01s singular_modes=0 mu=2.350e-03
  NEWTON gaussian:0.25:64:i1o4 it=13 r_F=1.381e-02 r_out=3.462e-05 lambda=1 |dx|max=5.49e-03 lin=gmres+P-A+CC(mult,2) rel=7.0e-02 lits=200 t_lin=10.8s |dx|2=9.66e-01 t_fact=11.98s eta=1.00e-01 mu=2.350e-03 retries=0
    COARSE build mode=mult profiles=2 K=16384 t_assembly=0.145s t_lu=11.609s t_cond=0.297s norm1=5.750e+06 inv_norm1_est=1.817e-02 rcond_est=9.570e-06 min|U_kk|=2.833e+03 max|U_kk|=8.876e+05 zero_pivots=0 mu=1.879e-03 assembly=colored factor=banded applications=256 color_period=8 kl=1279 ku=1279
    COARSE apply applications=101 t_apply_avg=49.063ms t_host_solve_avg=46.998ms
    LINEAR gmres+P-A+CC(mult,2) its=100 rel=8.4e-02 t=5.36s cycles=1 reorth=98 rec=8.4e-02 status=converged t_fact=0.01s singular_modes=0 mu=1.879e-03
  NEWTON gaussian:0.25:64:i1o4 it=14 r_F=1.072e-02 r_out=3.552e-05 lambda=1 |dx|max=5.61e-03 lin=gmres+P-A+CC(mult,2) rel=8.4e-02 lits=100 t_lin=5.4s |dx|2=9.35e-01 t_fact=12.06s eta=1.00e-01 mu=1.879e-03 retries=0
    COARSE build mode=mult profiles=2 K=16384 t_assembly=0.134s t_lu=11.517s t_cond=0.299s norm1=5.810e+06 inv_norm1_est=2.437e-02 rcond_est=7.063e-06 min|U_kk|=2.496e+03 max|U_kk|=8.874e+05 zero_pivots=0 mu=1.459e-03 assembly=colored factor=banded applications=256 color_period=8 kl=1279 ku=1279
    COARSE apply applications=101 t_apply_avg=49.183ms t_host_solve_avg=46.988ms
    LINEAR gmres+P-A+CC(mult,2) its=100 rel=7.6e-02 t=5.38s cycles=1 reorth=97 rec=7.6e-02 status=converged t_fact=0.01s singular_modes=0 mu=1.459e-03
  NEWTON gaussian:0.25:64:i1o4 it=15 r_F=7.827e-03 r_out=2.759e-05 lambda=1 |dx|max=5.36e-03 lin=gmres+P-A+CC(mult,2) rel=7.6e-02 lits=100 t_lin=5.4s |dx|2=8.79e-01 t_fact=11.96s eta=1.00e-01 mu=1.459e-03 retries=0
    COARSE build mode=mult profiles=2 K=16384 t_assembly=0.141s t_lu=11.617s t_cond=0.317s norm1=5.857e+06 inv_norm1_est=3.006e-02 rcond_est=5.679e-06 min|U_kk|=2.200e+03 max|U_kk|=8.872e+05 zero_pivots=0 mu=1.065e-03 assembly=colored factor=banded applications=256 color_period=8 kl=1279 ku=1279
    COARSE apply applications=101 t_apply_avg=49.547ms t_host_solve_avg=47.507ms
    LINEAR gmres+P-A+CC(mult,2) its=100 rel=7.1e-02 t=5.41s cycles=1 reorth=98 rec=7.1e-02 status=converged t_fact=0.01s singular_modes=0 mu=1.065e-03
  NEWTON gaussian:0.25:64:i1o4 it=16 r_F=5.207e-03 r_out=2.037e-05 lambda=1 |dx|max=4.88e-03 lin=gmres+P-A+CC(mult,2) rel=7.1e-02 lits=100 t_lin=5.4s |dx|2=8.02e-01 t_fact=12.08s eta=1.00e-01 mu=1.065e-03 retries=0
    COARSE build mode=mult profiles=2 K=16384 t_assembly=0.132s t_lu=11.559s t_cond=0.291s norm1=5.897e+06 inv_norm1_est=3.760e-02 rcond_est=4.510e-06 min|U_kk|=2.391e+03 max|U_kk|=8.871e+05 zero_pivots=0 mu=7.086e-04 assembly=colored factor=banded applications=256 color_period=8 kl=1279 ku=1279
    COARSE apply applications=101 t_apply_avg=49.142ms t_host_solve_avg=47.106ms
    LINEAR gmres+P-A+CC(mult,2) its=100 rel=5.8e-02 t=5.37s cycles=1 reorth=98 rec=5.8e-02 status=converged t_fact=0.01s singular_modes=0 mu=7.086e-04
  NEWTON gaussian:0.25:64:i1o4 it=17 r_F=2.989e-03 r_out=1.189e-05 lambda=1 |dx|max=4.16e-03 lin=gmres+P-A+CC(mult,2) rel=5.8e-02 lits=100 t_lin=5.4s |dx|2=6.89e-01 t_fact=11.99s eta=1.00e-01 mu=7.086e-04 retries=0
    COARSE build mode=mult profiles=2 K=16384 t_assembly=0.132s t_lu=11.553s t_cond=0.301s norm1=5.927e+06 inv_norm1_est=4.692e-02 rcond_est=3.596e-06 min|U_kk|=1.847e+03 max|U_kk|=8.870e+05 zero_pivots=0 mu=4.067e-04 assembly=colored factor=banded applications=256 color_period=8 kl=1279 ku=1279
    COARSE apply applications=101 t_apply_avg=50.114ms t_host_solve_avg=47.914ms
    LINEAR gmres+P-A+CC(mult,2) its=100 rel=6.0e-02 t=5.48s cycles=1 reorth=99 rec=6.0e-02 status=converged t_fact=0.01s singular_modes=0 mu=4.067e-04
  NEWTON gaussian:0.25:64:i1o4 it=18 r_F=1.347e-03 r_out=7.138e-06 lambda=1 |dx|max=3.10e-03 lin=gmres+P-A+CC(mult,2) rel=6.0e-02 lits=100 t_lin=5.5s |dx|2=5.22e-01 t_fact=11.99s eta=1.00e-01 mu=4.067e-04 retries=0
    COARSE build mode=mult profiles=2 K=16384 t_assembly=0.149s t_lu=11.552s t_cond=0.327s norm1=5.947e+06 inv_norm1_est=5.662e-02 rcond_est=2.970e-06 min|U_kk|=1.860e+03 max|U_kk|=8.869e+05 zero_pivots=0 mu=1.833e-04 assembly=colored factor=banded applications=256 color_period=8 kl=1279 ku=1279
    COARSE apply applications=101 t_apply_avg=49.041ms t_host_solve_avg=46.978ms
    LINEAR gmres+P-A+CC(mult,2) its=100 rel=9.1e-02 t=5.36s cycles=1 reorth=99 rec=9.1e-02 status=converged t_fact=0.01s singular_modes=0 mu=1.833e-04
  NEWTON gaussian:0.25:64:i1o4 it=19 r_F=4.187e-04 r_out=4.321e-06 lambda=1 |dx|max=1.77e-03 lin=gmres+P-A+CC(mult,2) rel=9.1e-02 lits=100 t_lin=5.4s |dx|2=3.02e-01 t_fact=12.03s eta=1.00e-01 mu=1.833e-04 retries=0
    COARSE build mode=mult profiles=2 K=16384 t_assembly=0.133s t_lu=11.589s t_cond=0.415s norm1=5.958e+06 inv_norm1_est=6.371e-02 rcond_est=2.634e-06 min|U_kk|=2.007e+03 max|U_kk|=8.868e+05 zero_pivots=0 mu=5.698e-05 assembly=colored factor=banded applications=256 color_period=8 kl=1279 ku=1279
    COARSE apply applications=202 t_apply_avg=49.180ms t_host_solve_avg=47.008ms
    LINEAR gmres+P-A+CC(mult,2) its=200 rel=3.0e-02 t=10.77s cycles=2 reorth=196 rec=3.0e-02 status=converged t_fact=0.01s singular_modes=0 mu=5.698e-05
  NEWTON gaussian:0.25:64:i1o4 it=20 r_F=5.807e-05 r_out=4.470e-07 lambda=1 |dx|max=5.83e-04 lin=gmres+P-A+CC(mult,2) rel=3.0e-02 lits=200 t_lin=10.8s |dx|2=9.92e-02 t_fact=12.14s eta=8.70e-02 mu=5.698e-05 retries=0
    COARSE build mode=mult profiles=2 K=16384 t_assembly=0.149s t_lu=11.694s t_cond=0.472s norm1=5.962e+06 inv_norm1_est=6.687e-02 rcond_est=2.508e-06 min|U_kk|=1.585e+03 max|U_kk|=8.868e+05 zero_pivots=0 mu=7.902e-06 assembly=colored factor=banded applications=256 color_period=8 kl=1279 ku=1279
    COARSE apply applications=303 t_apply_avg=49.173ms t_host_solve_avg=47.110ms
    LINEAR gmres+P-A+CC(mult,2) its=300 rel=8.1e-03 t=16.12s cycles=3 reorth=295 rec=8.1e-03 status=converged t_fact=0.01s singular_modes=0 mu=7.902e-06
  NEWTON gaussian:0.25:64:i1o4 it=21 r_F=1.428e-06 r_out=1.303e-08 lambda=1 |dx|max=7.79e-05 lin=gmres+P-A+CC(mult,2) rel=8.1e-03 lits=300 t_lin=16.1s |dx|2=1.17e-02 t_fact=12.32s eta=1.73e-02 mu=7.902e-06 retries=0
    COARSE build mode=mult profiles=2 K=16384 t_assembly=0.134s t_lu=11.637s t_cond=0.417s norm1=5.962e+06 inv_norm1_est=6.739e-02 rcond_est=2.489e-06 min|U_kk|=1.599e+03 max|U_kk|=8.868e+05 zero_pivots=0 mu=1.944e-07 assembly=colored factor=banded applications=256 color_period=8 kl=1279 ku=1279
    COARSE apply applications=606 t_apply_avg=49.353ms t_host_solve_avg=47.157ms
    LINEAR gmres+P-A+CC(mult,2) its=600 rel=4.8e-04 t=32.41s cycles=6 reorth=588 rec=4.8e-04 status=converged t_fact=0.01s singular_modes=0 mu=1.944e-07
  NEWTON gaussian:0.25:64:i1o4 it=22 r_F=1.169e-09 r_out=1.387e-11 lambda=1 |dx|max=1.52e-06 lin=gmres+P-A+CC(mult,2) rel=4.8e-04 lits=600 t_lin=32.4s |dx|2=2.03e-04 t_fact=12.19s eta=5.45e-04 mu=1.944e-07 retries=0
    COARSE build mode=mult profiles=2 K=16384 t_assembly=0.149s t_lu=11.662s t_cond=0.417s norm1=5.962e+06 inv_norm1_est=6.741e-02 rcond_est=2.488e-06 min|U_kk|=1.599e+03 max|U_kk|=8.868e+05 zero_pivots=0 mu=1.591e-10 assembly=colored factor=banded applications=256 color_period=8 kl=1279 ku=1279
    COARSE apply applications=1010 t_apply_avg=49.252ms t_host_solve_avg=47.055ms
    LINEAR gmres+P-A+CC(mult,2) its=1000 rel=3.7e-05 t=53.92s cycles=10 reorth=985 rec=3.7e-05 status=converged t_fact=0.01s singular_modes=0 mu=1.591e-10
  NEWTON gaussian:0.25:64:i1o4 it=23 r_F=5.839e-14 r_out=1.256e-15 lambda=1 |dx|max=7.71e-10 lin=gmres+P-A+CC(mult,2) rel=3.7e-05 lits=1000 t_lin=53.9s |dx|2=9.70e-08 t_fact=12.23s eta=4.28e-05 mu=1.591e-10 retries=0
  STAGE_END field=gaussian eps=0.25 N=64 cand=i1o4 status=converged its=23 r_F=5.839e-14 r_out=1.256e-15 -> accepted
PATH field=gaussian eps=0.25 N=64 cand=i1o4 continuation path: 0.25(fail)->0.125->0.25
GMRES_STATS field=gaussian eps=0.25 N=64 stage_eps=0.25 status=linear_failure newton_its=14 steps=14 its_max=400 its_median=3.0 its_total=990 rel_max=3.3e-01 linear_failures=1 forcing=ew etas=1.00e-01,1.00e-01,1.00e-01,1.00e-01,1.00e-01,1.00e-01,1.00e-01,1.00e-01,1.00e-01,1.00e-01,1.00e-01,1.00e-01,1.00e-01,1.00e-01 psitc=on mus=1.00e+00,4.84e-01,2.42e-01,1.41e-01,9.16e-02,6.05e-02,3.91e-02,2.43e-02,1.44e-02,8.17e-03,4.64e-03,3.05e-03,2.35e-03,1.91e-03
GMRES_STATS field=gaussian eps=0.25 N=64 stage_eps=0.125 status=converged newton_its=23 steps=23 its_max=57 its_median=3.0 its_total=185 rel_max=9.6e-03 linear_failures=0 forcing=ew etas=1.00e-01,1.00e-01,1.00e-01,1.00e-01,1.00e-01,1.00e-01,1.00e-01,1.00e-01,1.00e-01,1.00e-01,1.00e-01,1.00e-01,1.00e-01,1.00e-01,1.00e-01,1.00e-01,1.00e-01,1.00e-01,1.00e-01,1.00e-01,2.63e-02,1.12e-03,7.96e-06 psitc=on mus=1.00e+00,4.90e-01,2.47e-01,1.46e-01,9.72e-02,6.59e-02,4.38e-02,2.82e-02,1.74e-02,1.02e-02,5.94e-03,3.79e-03,2.83e-03,2.27e-03,1.80e-03,1.36e-03,9.59e-04,6.02e-04,3.11e-04,1.11e-04,1.90e-05,6.73e-07,9.07e-10
GMRES_STATS field=gaussian eps=0.25 N=64 stage_eps=0.25 status=converged newton_its=23 steps=23 its_max=1000 its_median=100.0 its_total=3078 rel_max=9.1e-02 linear_failures=0 forcing=ew etas=1.00e-01,1.00e-01,1.00e-01,1.00e-01,1.00e-01,1.00e-01,1.00e-01,1.00e-01,1.00e-01,1.00e-01,1.00e-01,1.00e-01,1.00e-01,1.00e-01,1.00e-01,1.00e-01,1.00e-01,1.00e-01,1.00e-01,8.70e-02,1.73e-02,5.45e-04,4.28e-05 psitc=on mus=1.00e+00,4.90e-01,2.45e-01,1.42e-01,9.26e-02,6.13e-02,3.97e-02,2.47e-02,1.46e-02,8.26e-03,4.69e-03,3.07e-03,2.35e-03,1.88e-03,1.46e-03,1.07e-03,7.09e-04,4.07e-04,1.83e-04,5.70e-05,7.90e-06,1.94e-07,1.59e-10
ORACLE_CONFIG primary hmax=h/8=1.953125e-03 tol=1.0e-08 (SF-30 default h gives step-limited round trips; orchestrator decision: h/8) | ladder: + (h/16, tol) + (h/16, 1e-10)
ORACLE_RUN hmax=1.953125e-03 (h/8) tol=1.0e-08 threads=32 max_roundtrip_gate=1.0e-08
ORACLE hmax=1.953125e-03 tol=1.0e-08 plane=1 roundtrip=6.591e-12 nfev=282624 nfev_rt=282624 nonok=0 backflow_enc=0
ORACLE hmax=1.953125e-03 tol=1.0e-08 plane=2 roundtrip=1.168e-11 nfev=479232 nfev_rt=479232 nonok=0 backflow_enc=0
ORACLE hmax=1.953125e-03 tol=1.0e-08 plane=3 roundtrip=1.593e-11 nfev=675840 nfev_rt=675840 nonok=0 backflow_enc=0
ORACLE hmax=1.953125e-03 tol=1.0e-08 plane=4 roundtrip=1.882e-11 nfev=872448 nfev_rt=872448 nonok=0 backflow_enc=0
ORACLE hmax=1.953125e-03 tol=1.0e-08 plane=5 roundtrip=2.133e-11 nfev=1069056 nfev_rt=1069056 nonok=0 backflow_enc=0
ORACLE hmax=1.953125e-03 tol=1.0e-08 plane=6 roundtrip=3.051e-11 nfev=1265664 nfev_rt=1265664 nonok=0 backflow_enc=0
ORACLE hmax=1.953125e-03 tol=1.0e-08 plane=7 roundtrip=4.148e-11 nfev=1462272 nfev_rt=1462272 nonok=0 backflow_enc=0
ORACLE hmax=1.953125e-03 tol=1.0e-08 plane=8 roundtrip=5.044e-11 nfev=1658880 nfev_rt=1658880 nonok=0 backflow_enc=0
ORACLE hmax=1.953125e-03 tol=1.0e-08 plane=9 roundtrip=5.564e-11 nfev=1855494 nfev_rt=1855494 nonok=0 backflow_enc=0
ORACLE hmax=1.953125e-03 tol=1.0e-08 plane=10 roundtrip=5.368e-11 nfev=2052534 nfev_rt=2052534 nonok=0 backflow_enc=0
ORACLE hmax=1.953125e-03 tol=1.0e-08 plane=11 roundtrip=4.438e-11 nfev=2250066 nfev_rt=2250066 nonok=0 backflow_enc=0
ORACLE hmax=1.953125e-03 tol=1.0e-08 plane=12 roundtrip=3.784e-11 nfev=2447922 nfev_rt=2447922 nonok=0 backflow_enc=0
ORACLE hmax=1.953125e-03 tol=1.0e-08 plane=13 roundtrip=3.660e-11 nfev=2645736 nfev_rt=2645736 nonok=0 backflow_enc=0
ORACLE hmax=1.953125e-03 tol=1.0e-08 plane=14 roundtrip=3.460e-11 nfev=2843586 nfev_rt=2843586 nonok=0 backflow_enc=0
ORACLE hmax=1.953125e-03 tol=1.0e-08 plane=15 roundtrip=3.443e-11 nfev=3041676 nfev_rt=3041676 nonok=0 backflow_enc=0
ORACLE hmax=1.953125e-03 tol=1.0e-08 plane=16 roundtrip=3.859e-11 nfev=3239532 nfev_rt=3239532 nonok=0 backflow_enc=0
ORACLE hmax=1.953125e-03 tol=1.0e-08 plane=17 roundtrip=4.230e-11 nfev=3437220 nfev_rt=3437220 nonok=0 backflow_enc=0
ORACLE hmax=1.953125e-03 tol=1.0e-08 plane=18 roundtrip=4.547e-11 nfev=3634938 nfev_rt=3634938 nonok=0 backflow_enc=0
ORACLE hmax=1.953125e-03 tol=1.0e-08 plane=19 roundtrip=4.812e-11 nfev=3832434 nfev_rt=3832434 nonok=0 backflow_enc=0
ORACLE hmax=1.953125e-03 tol=1.0e-08 plane=20 roundtrip=5.138e-11 nfev=4029780 nfev_rt=4029780 nonok=0 backflow_enc=0
ORACLE hmax=1.953125e-03 tol=1.0e-08 plane=21 roundtrip=5.414e-11 nfev=4227300 nfev_rt=4227300 nonok=0 backflow_enc=0
ORACLE hmax=1.953125e-03 tol=1.0e-08 plane=22 roundtrip=5.637e-11 nfev=4424676 nfev_rt=4424676 nonok=0 backflow_enc=0
ORACLE hmax=1.953125e-03 tol=1.0e-08 plane=23 roundtrip=5.760e-11 nfev=4621896 nfev_rt=4621896 nonok=0 backflow_enc=0
ORACLE hmax=1.953125e-03 tol=1.0e-08 plane=24 roundtrip=5.817e-11 nfev=4818930 nfev_rt=4818930 nonok=0 backflow_enc=0
ORACLE hmax=1.953125e-03 tol=1.0e-08 plane=25 roundtrip=5.902e-11 nfev=5015958 nfev_rt=5015958 nonok=0 backflow_enc=0
ORACLE hmax=1.953125e-03 tol=1.0e-08 plane=26 roundtrip=5.915e-11 nfev=5212866 nfev_rt=5212866 nonok=0 backflow_enc=0
ORACLE hmax=1.953125e-03 tol=1.0e-08 plane=27 roundtrip=5.859e-11 nfev=5409762 nfev_rt=5409762 nonok=0 backflow_enc=0
ORACLE hmax=1.953125e-03 tol=1.0e-08 plane=28 roundtrip=5.666e-11 nfev=5606718 nfev_rt=5606718 nonok=0 backflow_enc=0
ORACLE hmax=1.953125e-03 tol=1.0e-08 plane=29 roundtrip=5.549e-11 nfev=5803692 nfev_rt=5803692 nonok=0 backflow_enc=0
ORACLE hmax=1.953125e-03 tol=1.0e-08 plane=30 roundtrip=5.460e-11 nfev=6000642 nfev_rt=6000642 nonok=0 backflow_enc=0
ORACLE hmax=1.953125e-03 tol=1.0e-08 plane=31 roundtrip=5.587e-11 nfev=6197634 nfev_rt=6197634 nonok=0 backflow_enc=0
ORACLE hmax=1.953125e-03 tol=1.0e-08 plane=32 roundtrip=6.250e-11 nfev=6394812 nfev_rt=6394812 nonok=0 backflow_enc=0
ORACLE hmax=1.953125e-03 tol=1.0e-08 plane=33 roundtrip=6.949e-11 nfev=6591966 nfev_rt=6591966 nonok=0 backflow_enc=0
ORACLE hmax=1.953125e-03 tol=1.0e-08 plane=34 roundtrip=7.297e-11 nfev=6789216 nfev_rt=6789216 nonok=0 backflow_enc=0
ORACLE hmax=1.953125e-03 tol=1.0e-08 plane=35 roundtrip=7.507e-11 nfev=6986520 nfev_rt=6986520 nonok=0 backflow_enc=0
ORACLE hmax=1.953125e-03 tol=1.0e-08 plane=36 roundtrip=7.058e-11 nfev=7183992 nfev_rt=7183992 nonok=0 backflow_enc=0
ORACLE hmax=1.953125e-03 tol=1.0e-08 plane=37 roundtrip=6.332e-11 nfev=7381578 nfev_rt=7381578 nonok=0 backflow_enc=0
ORACLE hmax=1.953125e-03 tol=1.0e-08 plane=38 roundtrip=5.669e-11 nfev=7579176 nfev_rt=7579176 nonok=0 backflow_enc=0
ORACLE hmax=1.953125e-03 tol=1.0e-08 plane=39 roundtrip=6.182e-11 nfev=7776702 nfev_rt=7776702 nonok=0 backflow_enc=0
ORACLE hmax=1.953125e-03 tol=1.0e-08 plane=40 roundtrip=7.130e-11 nfev=7974240 nfev_rt=7974240 nonok=0 backflow_enc=0
ORACLE hmax=1.953125e-03 tol=1.0e-08 plane=41 roundtrip=6.640e-11 nfev=8171688 nfev_rt=8171688 nonok=0 backflow_enc=0
ORACLE hmax=1.953125e-03 tol=1.0e-08 plane=42 roundtrip=6.118e-11 nfev=8368932 nfev_rt=8368932 nonok=0 backflow_enc=0
ORACLE hmax=1.953125e-03 tol=1.0e-08 plane=43 roundtrip=5.956e-11 nfev=8566344 nfev_rt=8566344 nonok=0 backflow_enc=0
ORACLE hmax=1.953125e-03 tol=1.0e-08 plane=44 roundtrip=5.758e-11 nfev=8763546 nfev_rt=8763546 nonok=0 backflow_enc=0
ORACLE hmax=1.953125e-03 tol=1.0e-08 plane=45 roundtrip=6.170e-11 nfev=8960772 nfev_rt=8960772 nonok=0 backflow_enc=0
ORACLE hmax=1.953125e-03 tol=1.0e-08 plane=46 roundtrip=6.654e-11 nfev=9158142 nfev_rt=9158142 nonok=0 backflow_enc=0
ORACLE hmax=1.953125e-03 tol=1.0e-08 plane=47 roundtrip=7.238e-11 nfev=9355536 nfev_rt=9355536 nonok=0 backflow_enc=0
ORACLE hmax=1.953125e-03 tol=1.0e-08 plane=48 roundtrip=7.824e-11 nfev=9552774 nfev_rt=9552774 nonok=0 backflow_enc=0
ORACLE hmax=1.953125e-03 tol=1.0e-08 plane=49 roundtrip=8.399e-11 nfev=9750036 nfev_rt=9750036 nonok=0 backflow_enc=0
ORACLE hmax=1.953125e-03 tol=1.0e-08 plane=50 roundtrip=8.524e-11 nfev=9947280 nfev_rt=9947280 nonok=0 backflow_enc=0
ORACLE hmax=1.953125e-03 tol=1.0e-08 plane=51 roundtrip=8.371e-11 nfev=10144506 nfev_rt=10144506 nonok=0 backflow_enc=0
ORACLE hmax=1.953125e-03 tol=1.0e-08 plane=52 roundtrip=7.684e-11 nfev=10342056 nfev_rt=10342056 nonok=0 backflow_enc=0
ORACLE hmax=1.953125e-03 tol=1.0e-08 plane=53 roundtrip=7.399e-11 nfev=10539396 nfev_rt=10539396 nonok=0 backflow_enc=0
ORACLE hmax=1.953125e-03 tol=1.0e-08 plane=54 roundtrip=8.322e-11 nfev=10736928 nfev_rt=10736928 nonok=0 backflow_enc=0
ORACLE hmax=1.953125e-03 tol=1.0e-08 plane=55 roundtrip=9.468e-11 nfev=10934466 nfev_rt=10934466 nonok=0 backflow_enc=0
ORACLE hmax=1.953125e-03 tol=1.0e-08 plane=56 roundtrip=1.027e-10 nfev=11131962 nfev_rt=11131962 nonok=0 backflow_enc=0
ORACLE hmax=1.953125e-03 tol=1.0e-08 plane=57 roundtrip=1.068e-10 nfev=11329584 nfev_rt=11329584 nonok=0 backflow_enc=0
ORACLE hmax=1.953125e-03 tol=1.0e-08 plane=58 roundtrip=1.069e-10 nfev=11527068 nfev_rt=11527068 nonok=0 backflow_enc=0
ORACLE hmax=1.953125e-03 tol=1.0e-08 plane=59 roundtrip=1.071e-10 nfev=11724438 nfev_rt=11724438 nonok=0 backflow_enc=0
ORACLE hmax=1.953125e-03 tol=1.0e-08 plane=60 roundtrip=1.029e-10 nfev=11921718 nfev_rt=11921718 nonok=0 backflow_enc=0
ORACLE hmax=1.953125e-03 tol=1.0e-08 plane=61 roundtrip=9.698e-11 nfev=12119010 nfev_rt=12119010 nonok=0 backflow_enc=0
ORACLE hmax=1.953125e-03 tol=1.0e-08 plane=62 roundtrip=9.012e-11 nfev=12316152 nfev_rt=12316152 nonok=0 backflow_enc=0
ORACLE hmax=1.953125e-03 tol=1.0e-08 plane=63 roundtrip=8.925e-11 nfev=12513366 nfev_rt=12513366 nonok=0 backflow_enc=0
ORACLE hmax=1.953125e-03 tol=1.0e-08 plane=64 roundtrip=8.962e-11 nfev=12710604 nfev_rt=12710604 nonok=0 backflow_enc=0
ORACLE_SUMMARY hmax=1.953125e-03 tol=1.0e-08 status=ok max_roundtrip=1.071e-10 non_ok=0 t_trace=11.22s t_labels=0.010s
ORACLE_RUN hmax=9.765625e-04 (h/16) tol=1.0e-08 threads=32 max_roundtrip_gate=1.0e-08
ORACLE hmax=9.765625e-04 tol=1.0e-08 plane=1 roundtrip=8.010e-13 nfev=479232 nfev_rt=479232 nonok=0 backflow_enc=0
ORACLE hmax=9.765625e-04 tol=1.0e-08 plane=2 roundtrip=1.307e-12 nfev=872448 nfev_rt=872448 nonok=0 backflow_enc=0
ORACLE hmax=9.765625e-04 tol=1.0e-08 plane=3 roundtrip=1.604e-12 nfev=1265664 nfev_rt=1265664 nonok=0 backflow_enc=0
ORACLE hmax=9.765625e-04 tol=1.0e-08 plane=4 roundtrip=1.722e-12 nfev=1658928 nfev_rt=1658928 nonok=0 backflow_enc=0
ORACLE hmax=9.765625e-04 tol=1.0e-08 plane=5 roundtrip=2.088e-12 nfev=2052678 nfev_rt=2052678 nonok=0 backflow_enc=0
ORACLE hmax=9.765625e-04 tol=1.0e-08 plane=6 roundtrip=3.200e-12 nfev=2446662 nfev_rt=2446662 nonok=0 backflow_enc=0
ORACLE hmax=9.765625e-04 tol=1.0e-08 plane=7 roundtrip=4.193e-12 nfev=2841210 nfev_rt=2841210 nonok=0 backflow_enc=0
ORACLE hmax=9.765625e-04 tol=1.0e-08 plane=8 roundtrip=4.664e-12 nfev=3236424 nfev_rt=3236424 nonok=0 backflow_enc=0
ORACLE hmax=9.765625e-04 tol=1.0e-08 plane=9 roundtrip=4.232e-12 nfev=3631788 nfev_rt=3631788 nonok=0 backflow_enc=0
ORACLE hmax=9.765625e-04 tol=1.0e-08 plane=10 roundtrip=4.004e-12 nfev=4026528 nfev_rt=4026528 nonok=0 backflow_enc=0
ORACLE hmax=9.765625e-04 tol=1.0e-08 plane=11 roundtrip=4.567e-12 nfev=4421982 nfev_rt=4421982 nonok=0 backflow_enc=0
ORACLE hmax=9.765625e-04 tol=1.0e-08 plane=12 roundtrip=4.826e-12 nfev=4817514 nfev_rt=4817514 nonok=0 backflow_enc=0
ORACLE hmax=9.765625e-04 tol=1.0e-08 plane=13 roundtrip=5.214e-12 nfev=5212602 nfev_rt=5212602 nonok=0 backflow_enc=0
ORACLE hmax=9.765625e-04 tol=1.0e-08 plane=14 roundtrip=5.063e-12 nfev=5607876 nfev_rt=5607876 nonok=0 backflow_enc=0
ORACLE hmax=9.765625e-04 tol=1.0e-08 plane=15 roundtrip=5.272e-12 nfev=6002970 nfev_rt=6002970 nonok=0 backflow_enc=0
ORACLE hmax=9.765625e-04 tol=1.0e-08 plane=16 roundtrip=5.253e-12 nfev=6397974 nfev_rt=6397974 nonok=0 backflow_enc=0
ORACLE hmax=9.765625e-04 tol=1.0e-08 plane=17 roundtrip=5.028e-12 nfev=6792972 nfev_rt=6792972 nonok=0 backflow_enc=0
ORACLE hmax=9.765625e-04 tol=1.0e-08 plane=18 roundtrip=4.555e-12 nfev=7187904 nfev_rt=7187904 nonok=0 backflow_enc=0
ORACLE hmax=9.765625e-04 tol=1.0e-08 plane=19 roundtrip=4.790e-12 nfev=7582662 nfev_rt=7582662 nonok=0 backflow_enc=0
ORACLE hmax=9.765625e-04 tol=1.0e-08 plane=20 roundtrip=4.987e-12 nfev=7977366 nfev_rt=7977366 nonok=0 backflow_enc=0
ORACLE hmax=9.765625e-04 tol=1.0e-08 plane=21 roundtrip=5.124e-12 nfev=8371806 nfev_rt=8371806 nonok=0 backflow_enc=0
ORACLE hmax=9.765625e-04 tol=1.0e-08 plane=22 roundtrip=5.210e-12 nfev=8766222 nfev_rt=8766222 nonok=0 backflow_enc=0
ORACLE hmax=9.765625e-04 tol=1.0e-08 plane=23 roundtrip=5.190e-12 nfev=9160428 nfev_rt=9160428 nonok=0 backflow_enc=0
ORACLE hmax=9.765625e-04 tol=1.0e-08 plane=24 roundtrip=5.157e-12 nfev=9554724 nfev_rt=9554724 nonok=0 backflow_enc=0
ORACLE hmax=9.765625e-04 tol=1.0e-08 plane=25 roundtrip=5.056e-12 nfev=9949302 nfev_rt=9949302 nonok=0 backflow_enc=0
ORACLE hmax=9.765625e-04 tol=1.0e-08 plane=26 roundtrip=5.116e-12 nfev=10343616 nfev_rt=10343616 nonok=0 backflow_enc=0
ORACLE hmax=9.765625e-04 tol=1.0e-08 plane=27 roundtrip=5.222e-12 nfev=10737660 nfev_rt=10737660 nonok=0 backflow_enc=0
ORACLE hmax=9.765625e-04 tol=1.0e-08 plane=28 roundtrip=5.205e-12 nfev=11131518 nfev_rt=11131518 nonok=0 backflow_enc=0
ORACLE hmax=9.765625e-04 tol=1.0e-08 plane=29 roundtrip=5.061e-12 nfev=11525598 nfev_rt=11525598 nonok=0 backflow_enc=0
ORACLE hmax=9.765625e-04 tol=1.0e-08 plane=30 roundtrip=4.966e-12 nfev=11919696 nfev_rt=11919696 nonok=0 backflow_enc=0
ORACLE hmax=9.765625e-04 tol=1.0e-08 plane=31 roundtrip=5.000e-12 nfev=12313884 nfev_rt=12313884 nonok=0 backflow_enc=0
ORACLE hmax=9.765625e-04 tol=1.0e-08 plane=32 roundtrip=4.875e-12 nfev=12708294 nfev_rt=12708294 nonok=0 backflow_enc=0
ORACLE hmax=9.765625e-04 tol=1.0e-08 plane=33 roundtrip=5.861e-12 nfev=13102764 nfev_rt=13102764 nonok=0 backflow_enc=0
ORACLE hmax=9.765625e-04 tol=1.0e-08 plane=34 roundtrip=6.706e-12 nfev=13497354 nfev_rt=13497354 nonok=0 backflow_enc=0
ORACLE hmax=9.765625e-04 tol=1.0e-08 plane=35 roundtrip=6.711e-12 nfev=13892106 nfev_rt=13892106 nonok=0 backflow_enc=0
ORACLE hmax=9.765625e-04 tol=1.0e-08 plane=36 roundtrip=6.184e-12 nfev=14286894 nfev_rt=14286894 nonok=0 backflow_enc=0
ORACLE hmax=9.765625e-04 tol=1.0e-08 plane=37 roundtrip=6.126e-12 nfev=14681802 nfev_rt=14681802 nonok=0 backflow_enc=0
ORACLE hmax=9.765625e-04 tol=1.0e-08 plane=38 roundtrip=6.676e-12 nfev=15076650 nfev_rt=15076650 nonok=0 backflow_enc=0
ORACLE hmax=9.765625e-04 tol=1.0e-08 plane=39 roundtrip=6.793e-12 nfev=15471732 nfev_rt=15471732 nonok=0 backflow_enc=0
ORACLE hmax=9.765625e-04 tol=1.0e-08 plane=40 roundtrip=6.306e-12 nfev=15866652 nfev_rt=15866652 nonok=0 backflow_enc=0
ORACLE hmax=9.765625e-04 tol=1.0e-08 plane=41 roundtrip=6.271e-12 nfev=16261338 nfev_rt=16261338 nonok=0 backflow_enc=0
ORACLE hmax=9.765625e-04 tol=1.0e-08 plane=42 roundtrip=6.158e-12 nfev=16655904 nfev_rt=16655904 nonok=0 backflow_enc=0
ORACLE hmax=9.765625e-04 tol=1.0e-08 plane=43 roundtrip=7.144e-12 nfev=17050458 nfev_rt=17050458 nonok=0 backflow_enc=0
ORACLE hmax=9.765625e-04 tol=1.0e-08 plane=44 roundtrip=6.298e-12 nfev=17445078 nfev_rt=17445078 nonok=0 backflow_enc=0
ORACLE hmax=9.765625e-04 tol=1.0e-08 plane=45 roundtrip=7.064e-12 nfev=17839560 nfev_rt=17839560 nonok=0 backflow_enc=0
ORACLE hmax=9.765625e-04 tol=1.0e-08 plane=46 roundtrip=8.851e-12 nfev=18234078 nfev_rt=18234078 nonok=0 backflow_enc=0
ORACLE hmax=9.765625e-04 tol=1.0e-08 plane=47 roundtrip=1.019e-11 nfev=18628596 nfev_rt=18628596 nonok=0 backflow_enc=0
ORACLE hmax=9.765625e-04 tol=1.0e-08 plane=48 roundtrip=1.065e-11 nfev=19023204 nfev_rt=19023204 nonok=0 backflow_enc=0
ORACLE hmax=9.765625e-04 tol=1.0e-08 plane=49 roundtrip=1.003e-11 nfev=19417740 nfev_rt=19417740 nonok=0 backflow_enc=0
ORACLE hmax=9.765625e-04 tol=1.0e-08 plane=50 roundtrip=8.354e-12 nfev=19812180 nfev_rt=19812180 nonok=0 backflow_enc=0
ORACLE hmax=9.765625e-04 tol=1.0e-08 plane=51 roundtrip=8.066e-12 nfev=20206674 nfev_rt=20206674 nonok=0 backflow_enc=0
ORACLE hmax=9.765625e-04 tol=1.0e-08 plane=52 roundtrip=7.982e-12 nfev=20601384 nfev_rt=20601384 nonok=0 backflow_enc=0
ORACLE hmax=9.765625e-04 tol=1.0e-08 plane=53 roundtrip=8.350e-12 nfev=20996184 nfev_rt=20996184 nonok=0 backflow_enc=0
ORACLE hmax=9.765625e-04 tol=1.0e-08 plane=54 roundtrip=8.515e-12 nfev=21390912 nfev_rt=21390912 nonok=0 backflow_enc=0
ORACLE hmax=9.765625e-04 tol=1.0e-08 plane=55 roundtrip=7.946e-12 nfev=21785700 nfev_rt=21785700 nonok=0 backflow_enc=0
ORACLE hmax=9.765625e-04 tol=1.0e-08 plane=56 roundtrip=7.471e-12 nfev=22180596 nfev_rt=22180596 nonok=0 backflow_enc=0
ORACLE hmax=9.765625e-04 tol=1.0e-08 plane=57 roundtrip=8.446e-12 nfev=22575444 nfev_rt=22575444 nonok=0 backflow_enc=0
ORACLE hmax=9.765625e-04 tol=1.0e-08 plane=58 roundtrip=7.678e-12 nfev=22970076 nfev_rt=22970076 nonok=0 backflow_enc=0
ORACLE hmax=9.765625e-04 tol=1.0e-08 plane=59 roundtrip=5.737e-12 nfev=23364888 nfev_rt=23364888 nonok=0 backflow_enc=0
ORACLE hmax=9.765625e-04 tol=1.0e-08 plane=60 roundtrip=7.164e-12 nfev=23759712 nfev_rt=23759712 nonok=0 backflow_enc=0
ORACLE hmax=9.765625e-04 tol=1.0e-08 plane=61 roundtrip=7.592e-12 nfev=24154374 nfev_rt=24154374 nonok=0 backflow_enc=0
ORACLE hmax=9.765625e-04 tol=1.0e-08 plane=62 roundtrip=8.184e-12 nfev=24548784 nfev_rt=24548784 nonok=0 backflow_enc=0
ORACLE hmax=9.765625e-04 tol=1.0e-08 plane=63 roundtrip=8.567e-12 nfev=24943272 nfev_rt=24943272 nonok=0 backflow_enc=0
ORACLE hmax=9.765625e-04 tol=1.0e-08 plane=64 roundtrip=8.645e-12 nfev=25337622 nfev_rt=25337622 nonok=0 backflow_enc=0
ORACLE_SUMMARY hmax=9.765625e-04 tol=1.0e-08 status=ok max_roundtrip=1.065e-11 non_ok=0 t_trace=22.05s t_labels=0.016s
ORACLE_RUN hmax=9.765625e-04 (h/16) tol=1.0e-10 threads=32 max_roundtrip_gate=1.0e-08
ORACLE hmax=9.765625e-04 tol=1.0e-10 plane=1 roundtrip=8.010e-13 nfev=479232 nfev_rt=479232 nonok=0 backflow_enc=0
ORACLE hmax=9.765625e-04 tol=1.0e-10 plane=2 roundtrip=1.307e-12 nfev=872448 nfev_rt=872448 nonok=0 backflow_enc=0
ORACLE hmax=9.765625e-04 tol=1.0e-10 plane=3 roundtrip=1.604e-12 nfev=1265664 nfev_rt=1265664 nonok=0 backflow_enc=0
ORACLE hmax=9.765625e-04 tol=1.0e-10 plane=4 roundtrip=1.722e-12 nfev=1658928 nfev_rt=1658928 nonok=0 backflow_enc=0
ORACLE hmax=9.765625e-04 tol=1.0e-10 plane=5 roundtrip=2.088e-12 nfev=2052678 nfev_rt=2052678 nonok=0 backflow_enc=0
ORACLE hmax=9.765625e-04 tol=1.0e-10 plane=6 roundtrip=3.200e-12 nfev=2446662 nfev_rt=2446662 nonok=0 backflow_enc=0
ORACLE hmax=9.765625e-04 tol=1.0e-10 plane=7 roundtrip=4.193e-12 nfev=2841210 nfev_rt=2841210 nonok=0 backflow_enc=0
ORACLE hmax=9.765625e-04 tol=1.0e-10 plane=8 roundtrip=4.664e-12 nfev=3236424 nfev_rt=3236424 nonok=0 backflow_enc=0
ORACLE hmax=9.765625e-04 tol=1.0e-10 plane=9 roundtrip=4.232e-12 nfev=3631788 nfev_rt=3631788 nonok=0 backflow_enc=0
ORACLE hmax=9.765625e-04 tol=1.0e-10 plane=10 roundtrip=4.004e-12 nfev=4026528 nfev_rt=4026528 nonok=0 backflow_enc=0
ORACLE hmax=9.765625e-04 tol=1.0e-10 plane=11 roundtrip=4.567e-12 nfev=4421982 nfev_rt=4421982 nonok=0 backflow_enc=0
ORACLE hmax=9.765625e-04 tol=1.0e-10 plane=12 roundtrip=4.826e-12 nfev=4817514 nfev_rt=4817514 nonok=0 backflow_enc=0
ORACLE hmax=9.765625e-04 tol=1.0e-10 plane=13 roundtrip=5.214e-12 nfev=5212602 nfev_rt=5212602 nonok=0 backflow_enc=0
ORACLE hmax=9.765625e-04 tol=1.0e-10 plane=14 roundtrip=5.063e-12 nfev=5607876 nfev_rt=5607876 nonok=0 backflow_enc=0
ORACLE hmax=9.765625e-04 tol=1.0e-10 plane=15 roundtrip=5.272e-12 nfev=6002970 nfev_rt=6002970 nonok=0 backflow_enc=0
ORACLE hmax=9.765625e-04 tol=1.0e-10 plane=16 roundtrip=5.253e-12 nfev=6397974 nfev_rt=6397974 nonok=0 backflow_enc=0
ORACLE hmax=9.765625e-04 tol=1.0e-10 plane=17 roundtrip=5.028e-12 nfev=6792972 nfev_rt=6792972 nonok=0 backflow_enc=0
ORACLE hmax=9.765625e-04 tol=1.0e-10 plane=18 roundtrip=4.555e-12 nfev=7187904 nfev_rt=7187904 nonok=0 backflow_enc=0
ORACLE hmax=9.765625e-04 tol=1.0e-10 plane=19 roundtrip=4.790e-12 nfev=7582662 nfev_rt=7582662 nonok=0 backflow_enc=0
ORACLE hmax=9.765625e-04 tol=1.0e-10 plane=20 roundtrip=4.987e-12 nfev=7977366 nfev_rt=7977366 nonok=0 backflow_enc=0
ORACLE hmax=9.765625e-04 tol=1.0e-10 plane=21 roundtrip=5.124e-12 nfev=8371806 nfev_rt=8371806 nonok=0 backflow_enc=0
ORACLE hmax=9.765625e-04 tol=1.0e-10 plane=22 roundtrip=5.210e-12 nfev=8766222 nfev_rt=8766222 nonok=0 backflow_enc=0
ORACLE hmax=9.765625e-04 tol=1.0e-10 plane=23 roundtrip=5.190e-12 nfev=9160428 nfev_rt=9160428 nonok=0 backflow_enc=0
ORACLE hmax=9.765625e-04 tol=1.0e-10 plane=24 roundtrip=5.157e-12 nfev=9554724 nfev_rt=9554724 nonok=0 backflow_enc=0
ORACLE hmax=9.765625e-04 tol=1.0e-10 plane=25 roundtrip=5.056e-12 nfev=9949302 nfev_rt=9949302 nonok=0 backflow_enc=0
ORACLE hmax=9.765625e-04 tol=1.0e-10 plane=26 roundtrip=5.116e-12 nfev=10343616 nfev_rt=10343616 nonok=0 backflow_enc=0
ORACLE hmax=9.765625e-04 tol=1.0e-10 plane=27 roundtrip=5.222e-12 nfev=10737660 nfev_rt=10737660 nonok=0 backflow_enc=0
ORACLE hmax=9.765625e-04 tol=1.0e-10 plane=28 roundtrip=5.205e-12 nfev=11131518 nfev_rt=11131518 nonok=0 backflow_enc=0
ORACLE hmax=9.765625e-04 tol=1.0e-10 plane=29 roundtrip=5.061e-12 nfev=11525598 nfev_rt=11525598 nonok=0 backflow_enc=0
ORACLE hmax=9.765625e-04 tol=1.0e-10 plane=30 roundtrip=4.966e-12 nfev=11919696 nfev_rt=11919696 nonok=0 backflow_enc=0
ORACLE hmax=9.765625e-04 tol=1.0e-10 plane=31 roundtrip=5.000e-12 nfev=12313884 nfev_rt=12313884 nonok=0 backflow_enc=0
ORACLE hmax=9.765625e-04 tol=1.0e-10 plane=32 roundtrip=4.875e-12 nfev=12708294 nfev_rt=12708294 nonok=0 backflow_enc=0
ORACLE hmax=9.765625e-04 tol=1.0e-10 plane=33 roundtrip=5.861e-12 nfev=13102764 nfev_rt=13102764 nonok=0 backflow_enc=0
ORACLE hmax=9.765625e-04 tol=1.0e-10 plane=34 roundtrip=6.706e-12 nfev=13497354 nfev_rt=13497354 nonok=0 backflow_enc=0
ORACLE hmax=9.765625e-04 tol=1.0e-10 plane=35 roundtrip=6.711e-12 nfev=13892106 nfev_rt=13892106 nonok=0 backflow_enc=0
ORACLE hmax=9.765625e-04 tol=1.0e-10 plane=36 roundtrip=6.184e-12 nfev=14286894 nfev_rt=14286894 nonok=0 backflow_enc=0
ORACLE hmax=9.765625e-04 tol=1.0e-10 plane=37 roundtrip=6.126e-12 nfev=14681802 nfev_rt=14681802 nonok=0 backflow_enc=0
ORACLE hmax=9.765625e-04 tol=1.0e-10 plane=38 roundtrip=6.676e-12 nfev=15076650 nfev_rt=15076650 nonok=0 backflow_enc=0
ORACLE hmax=9.765625e-04 tol=1.0e-10 plane=39 roundtrip=6.793e-12 nfev=15471732 nfev_rt=15471732 nonok=0 backflow_enc=0
ORACLE hmax=9.765625e-04 tol=1.0e-10 plane=40 roundtrip=6.306e-12 nfev=15866652 nfev_rt=15866652 nonok=0 backflow_enc=0
ORACLE hmax=9.765625e-04 tol=1.0e-10 plane=41 roundtrip=6.271e-12 nfev=16261338 nfev_rt=16261338 nonok=0 backflow_enc=0
ORACLE hmax=9.765625e-04 tol=1.0e-10 plane=42 roundtrip=6.158e-12 nfev=16655904 nfev_rt=16655904 nonok=0 backflow_enc=0
ORACLE hmax=9.765625e-04 tol=1.0e-10 plane=43 roundtrip=7.144e-12 nfev=17050458 nfev_rt=17050458 nonok=0 backflow_enc=0
ORACLE hmax=9.765625e-04 tol=1.0e-10 plane=44 roundtrip=6.298e-12 nfev=17445078 nfev_rt=17445078 nonok=0 backflow_enc=0
ORACLE hmax=9.765625e-04 tol=1.0e-10 plane=45 roundtrip=7.064e-12 nfev=17839560 nfev_rt=17839560 nonok=0 backflow_enc=0
ORACLE hmax=9.765625e-04 tol=1.0e-10 plane=46 roundtrip=8.851e-12 nfev=18234078 nfev_rt=18234078 nonok=0 backflow_enc=0
ORACLE hmax=9.765625e-04 tol=1.0e-10 plane=47 roundtrip=1.019e-11 nfev=18628596 nfev_rt=18628596 nonok=0 backflow_enc=0
ORACLE hmax=9.765625e-04 tol=1.0e-10 plane=48 roundtrip=1.065e-11 nfev=19023204 nfev_rt=19023204 nonok=0 backflow_enc=0
ORACLE hmax=9.765625e-04 tol=1.0e-10 plane=49 roundtrip=1.003e-11 nfev=19417740 nfev_rt=19417740 nonok=0 backflow_enc=0
ORACLE hmax=9.765625e-04 tol=1.0e-10 plane=50 roundtrip=8.354e-12 nfev=19812180 nfev_rt=19812180 nonok=0 backflow_enc=0
ORACLE hmax=9.765625e-04 tol=1.0e-10 plane=51 roundtrip=8.066e-12 nfev=20206674 nfev_rt=20206674 nonok=0 backflow_enc=0
ORACLE hmax=9.765625e-04 tol=1.0e-10 plane=52 roundtrip=7.982e-12 nfev=20601384 nfev_rt=20601384 nonok=0 backflow_enc=0
ORACLE hmax=9.765625e-04 tol=1.0e-10 plane=53 roundtrip=8.350e-12 nfev=20996184 nfev_rt=20996184 nonok=0 backflow_enc=0
ORACLE hmax=9.765625e-04 tol=1.0e-10 plane=54 roundtrip=8.515e-12 nfev=21390912 nfev_rt=21390912 nonok=0 backflow_enc=0
ORACLE hmax=9.765625e-04 tol=1.0e-10 plane=55 roundtrip=7.946e-12 nfev=21785700 nfev_rt=21785700 nonok=0 backflow_enc=0
ORACLE hmax=9.765625e-04 tol=1.0e-10 plane=56 roundtrip=7.471e-12 nfev=22180596 nfev_rt=22180596 nonok=0 backflow_enc=0
ORACLE hmax=9.765625e-04 tol=1.0e-10 plane=57 roundtrip=8.446e-12 nfev=22575444 nfev_rt=22575444 nonok=0 backflow_enc=0
ORACLE hmax=9.765625e-04 tol=1.0e-10 plane=58 roundtrip=7.678e-12 nfev=22970076 nfev_rt=22970076 nonok=0 backflow_enc=0
ORACLE hmax=9.765625e-04 tol=1.0e-10 plane=59 roundtrip=5.737e-12 nfev=23364888 nfev_rt=23364888 nonok=0 backflow_enc=0
ORACLE hmax=9.765625e-04 tol=1.0e-10 plane=60 roundtrip=7.164e-12 nfev=23759712 nfev_rt=23759712 nonok=0 backflow_enc=0
ORACLE hmax=9.765625e-04 tol=1.0e-10 plane=61 roundtrip=7.592e-12 nfev=24154374 nfev_rt=24154374 nonok=0 backflow_enc=0
ORACLE hmax=9.765625e-04 tol=1.0e-10 plane=62 roundtrip=8.184e-12 nfev=24548784 nfev_rt=24548784 nonok=0 backflow_enc=0
ORACLE hmax=9.765625e-04 tol=1.0e-10 plane=63 roundtrip=8.567e-12 nfev=24943272 nfev_rt=24943272 nonok=0 backflow_enc=0
ORACLE hmax=9.765625e-04 tol=1.0e-10 plane=64 roundtrip=8.645e-12 nfev=25337622 nfev_rt=25337622 nonok=0 backflow_enc=0
ORACLE_SUMMARY hmax=9.765625e-04 tol=1.0e-10 status=ok max_roundtrip=1.065e-11 non_ok=0 t_trace=22.11s t_labels=0.016s
ORACLE_LABELDIFF (hmax=9.765625e-04 tol=1.0e-08) vs primary: max|dpsi1|=6.275e-11 max|dpsi2|=5.274e-11
ORACLE_LABELDIFF (hmax=9.765625e-04 tol=1.0e-10) vs primary: max|dpsi1|=6.275e-11 max|dpsi2|=5.274e-11
CASE field=gaussian eps=0.25 N=64 cand=i1o4 | r_F=5.839e-14 its=23 | e_v=3.904e-04 e_psi=1.555e-03 e_i=(1.449e-04,1.155e-04) e_div=5.528e-05 min_c=4.946e-01 p0.1=5.184e-01 p1=5.873e-01 p5=7.052e-01 p50=9.937e-01 | t=884.9 | e_psi1=1.483e-03 e_psi2=1.555e-03
CASE field=gaussian eps=0.25 N=64 cand=oracle_fd4 | r_F=nan its=nan | e_v=5.684e-04 e_psi=4.590e-18 e_i=(9.110e-06,7.396e-06) e_div=5.742e-05 min_c=4.947e-01 p0.1=5.185e-01 p1=5.874e-01 p5=7.049e-01 p50=9.937e-01 | t=0.0 | e_psi1=4.590e-18 e_psi2=4.569e-18
EXTRA field=gaussian eps=0.25 N=64 cand=i1o4 status=converged r_F=5.839e-14 r_out=1.256e-15 | outlet c_perp-vperp_in: cand=1.256e-15 oracle_fd=4.328e-05 | inlet oblique defect (c x e1 - vperp_in x e1)/v_rms: j=0(one-sided) cand=2.834e-04 oracle_fd=3.432e-05; j=1 cand=1.100e-02 oracle_fd=1.116e-02; j=1 vs vD(j=1) cand=2.517e-04 oracle_fd=2.862e-05 | min|c|/v_rms=0.4847 min|vD|/v_rms=0.4843 e_i1=1.449e-04 e_i2=1.155e-04 | t=884.9s | a_psi1=5.022e-05 a_psi2=3.383e-05 (FD order 4)
HISTORY field=gaussian eps=0.25 N=64 cand=i1o4 r_F: 7.35e+00 3.60e+00 1.80e+00 1.05e+00 6.80e-01 4.51e-01 2.92e-01 1.81e-01 1.08e-01 6.07e-02 3.45e-02 2.25e-02 1.73e-02 1.38e-02 1.07e-02 7.83e-03 5.21e-03 2.99e-03 1.35e-03 4.19e-04 5.81e-05 1.43e-06 1.17e-09 5.84e-14
HISTORY field=gaussian eps=0.25 N=64 cand=i1o4 r_out: 3.63e-02 3.21e-04 6.29e-05 9.99e-05 1.28e-04 1.38e-04 1.33e-04 2.36e-05 1.99e-05 1.80e-05 7.06e-06 6.06e-06 1.20e-05 3.46e-05 3.55e-05 2.76e-05 2.04e-05 1.19e-05 7.14e-06 4.32e-06 4.47e-07 1.30e-08 1.39e-11 1.26e-15
HISTORY_FULL field=gaussian eps=0.25 N=64 cand=i1o4 r_F: 7.34840383874021352e+00 3.59810634657983464e+00 1.79987768705142903e+00 1.04700523158177616e+00 6.80232289821470326e-01 4.50629437480255690e-01 2.91588894330902126e-01 1.81453020855471187e-01 1.07554615681926341e-01 6.06967583223969875e-02 3.44906382592468433e-02 2.25493059940101298e-02 1.72708925172915632e-02 1.38060917036106831e-02 1.07232962156320905e-02 7.82737977049922408e-03 5.20693276665055993e-03 2.98889744558354870e-03 1.34704672774616191e-03 4.18681785740544527e-04 5.80697228461301770e-05 1.42844309011928869e-06 1.16901969802380334e-09 5.83893914758203563e-14
HISTORY_FULL field=gaussian eps=0.25 N=64 cand=i1o4 r_out: 3.63075657164637772e-02 3.21287303376675631e-04 6.28932455815310181e-05 9.98773571551426115e-05 1.27986119333184844e-04 1.37653293314216968e-04 1.33376339844177422e-04 2.35588712732957866e-05 1.98797942815236609e-05 1.79617425060492966e-05 7.06055422993996822e-06 6.05658805569880063e-06 1.20141668975136321e-05 3.46199053064500395e-05 3.55182514263985348e-05 2.75938074386007709e-05 2.03673295572729743e-05 1.18889886335886860e-05 7.13821607117897729e-06 4.32057522159542730e-06 4.47029987098184783e-07 1.30260483788686811e-08 1.38711933144048854e-11 1.25610448927119845e-15
TIMING_SETUP stage_builds=2.192s (inside the solve phase; Newton-Krylov only = 882.711s)
TIMING field=0.090s metrics=0.011s oracle=55.475s prepare=0.294s solve=884.903s total=940.775s
MEMORY peak_device_bytes=1290797056 free_min=32798932992 total_device=34089730048 workspaces_bytes=728366599 (peak/free: cudaMemGetInfo polls before/after every phase, device-wide)
STATUS_DETAIL solver=converged oracle=ok
SUMMARY_JSON /home/sesquerre/MacroFlow3D-SF-33/docs/experiments/artifacts/2026-10-06-sf33-gpu-inlet-labels/raw/ladder_0.25/N64.json
STATUS converged
