command: /home/sesquerre/MacroFlow3D-SF-33/build/v100-release/inlet_slab --production --n 128 --eps 0.25 --sigma2 1 --ell 0.25 --seed 3001 --oracle-ladder --threads 32 --summary /home/sesquerre/MacroFlow3D-SF-33/docs/experiments/artifacts/2026-10-06-sf33-gpu-inlet-labels/raw/ladder_0.25_c4/N128.json
FIELD gaussian (SF-18) N=128 sigma2=1 ell=0.25 seed=3001 normalize_variance=1 applied_scale=1.602888711251e+00 raw_variance=3.892183071637e-01 final_variance=1.000000000000e+00 active_modes=1032255 | stage field k = exp(eps Y), eps = 0.25
SOLVER N=128 eps=0.25 cand=i1o4 newton_tol=1.0e-13 max_newton=120 lin_tol=1.0e-12 restart=100 max_inner=6000 bisect=4 prec=P-A ladder=(0.25,0.5,1) stage_ok=1e-09 forcing=ew ew_gamma=0.9 ew_alpha=2 ew_eta0=0.1 ew_eta_max=0.1 ew_eta_min=1.0e-12 psitc=on psitc_mu0=1 psitc_mu_max=100 psitc_norm=merit psitc_retries=4 psitc_retry_factor=4 stagnation_window=5 stagnation_factor=0.5 gmres_stagnation_factor=0.9 coarse=mult coarse_profiles=2 coarse_assembly=colored coarse_factor=banded psitc_h_ref=0.0625 psitc_mu0_eff=1.562500e-02
SOLVER_COARSE mode=mult profiles=2 K=65536 assembly=colored factor=banded (SF-33 N7c probe: Galerkin coarse correction on the x1-constant + x1-linear column subspace, rebuilt with P-A at every factor)
SETUP STAGE field=gaussian eps=0.25 N=128 status=ok
SETUP   SF-18: raw_mean=-4.770490e-18 raw_variance=3.892183071637e-01 applied_scale=1.602888711251e+00 final_variance=1.000000000000e+00 active_modes=1032255
SETUP   SF-19: mg_levels=6 converged=1 G=(9.898053215785e-01, 5.463871453182e-04, 3.366756905312e-03) mean_flux=(1.000e+00, 2.996e-18, -3.109e-19) div_max=1.787e-11 div_rms=2.002e-12
SETUP   SF-19 corrector x: status=converged its=10 rel_residual=1.130e-12 final_residual=2.921e-09
SETUP   SF-19 corrector y: status=converged its=10 rel_residual=7.893e-13 final_residual=2.222e-09
SETUP   SF-19 corrector z: status=converged its=10 rel_residual=8.129e-13 final_residual=2.141e-09
SETUP   inlet: vmin=5.070647e-01 mean(U plane 0)=1.000000000000008 (mean-1=7.994e-15) Q0-1=7.105e-15 v_rms=1.020255e+00
SETUP   v1(U-face) vs spline flow k g1: rms_rel=1.016317e-04 max_rel=3.699621e-04; spline potential GPU vs host prefilter rel=4.430e-15
SETUP stage eps=0.25 built in 1.735s (grad_lnk=spectral (band-limited cell samples, cuFFT))
STAGE field=gaussian eps=0.25 N=128 cand=i1o4 (from eps=0, u=0) psitc_mu0_eff=1.562500e-02 (mu0=1 h_ref=0.0625 h=0.0078125)
  NEWTON gaussian:0.25:128:i1o4 it= 0 r_F=4.158e+01 r_out=7.325e-02
    COARSE build mode=mult profiles=2 K=65536 t_assembly=1.225s t_lu=233.308s t_cond=3.369s norm1=3.658e+07 inv_norm1_est=1.138e-03 rcond_est=2.402e-05 min|U_kk|=3.998e+04 max|U_kk|=7.197e+06 zero_pivots=0 mu=1.562e-02 assembly=colored factor=banded applications=256 color_period=8 kl=2559 ku=2559
    COARSE apply applications=3 t_apply_avg=385.710ms t_host_solve_avg=376.372ms
    LINEAR gmres+P-A+CC(mult,2) its=2 rel=6.8e-03 t=1.17s cycles=1 reorth=2 rec=6.8e-03 status=converged t_fact=0.02s singular_modes=0 mu=1.562e-02
  NEWTON gaussian:0.25:128:i1o4 it= 1 r_F=1.870e+00 r_out=3.322e-03 lambda=1 |dx|max=9.97e-02 lin=gmres+P-A+CC(mult,2) rel=6.8e-03 lits=2 t_lin=1.2s |dx|2=1.33e+01 t_fact=237.92s eta=1.00e-01 mu=1.562e-02 retries=0
    COARSE build mode=mult profiles=2 K=65536 t_assembly=1.032s t_lu=340.888s t_cond=3.307s norm1=3.786e+07 inv_norm1_est=1.731e-02 rcond_est=1.526e-06 min|U_kk|=1.836e+04 max|U_kk|=7.157e+06 zero_pivots=0 mu=7.027e-04 assembly=colored factor=banded applications=256 color_period=8 kl=2559 ku=2559
    COARSE apply applications=89 t_apply_avg=395.116ms t_host_solve_avg=386.734ms
    LINEAR gmres+P-A+CC(mult,2) its=88 rel=1.8e-04 t=37.22s cycles=1 reorth=85 rec=1.8e-04 status=converged t_fact=0.02s singular_modes=0 mu=7.027e-04
  NEWTON gaussian:0.25:128:i1o4 it= 2 r_F=4.923e-01 r_out=1.010e-03 lambda=1 |dx|max=6.61e-02 lin=gmres+P-A+CC(mult,2) rel=1.8e-04 lits=88 t_lin=37.2s |dx|2=2.34e+01 t_fact=345.25s eta=1.82e-03 mu=7.027e-04 retries=0
    COARSE build mode=mult profiles=2 K=65536 t_assembly=1.026s t_lu=331.170s t_cond=4.307s norm1=3.963e+07 inv_norm1_est=3.693e+00 rcond_est=6.833e-09 min|U_kk|=1.267e+04 max|U_kk|=1.484e+07 zero_pivots=0 mu=1.850e-04 assembly=colored factor=banded applications=256 color_period=8 kl=2559 ku=2559
    COARSE apply applications=303 t_apply_avg=393.229ms t_host_solve_avg=384.869ms
    LINEAR gmres+P-A+CC(mult,2) its=300 rel=3.5e-01 t=127.03s cycles=3 reorth=285 rec=3.5e-01 status=stagnation t_fact=0.02s singular_modes=0 mu=1.850e-04
  NEWTON gaussian:0.25:128:i1o4 it= 3 linear_failure: GMRES status=stagnation rel=3.5e-01 lits=300 prec singular modes=0 (step not taken) eta=6.24e-02 mu=1.850e-04
  STAGE_END field=gaussian eps=0.25 N=128 cand=i1o4 status=linear_failure its=3 r_F=4.923e-01 r_out=1.010e-03 -> FAILED
  CONTINUATION bisection 1/4: retry from eps=0 at eps=0.125
SETUP STAGE field=gaussian eps=0.125 N=128 status=ok
SETUP   SF-18: raw_mean=-4.770490e-18 raw_variance=3.892183071637e-01 applied_scale=1.602888711251e+00 final_variance=1.000000000000e+00 active_modes=1032255
SETUP   SF-19: mg_levels=6 converged=1 G=(9.973977958203e-01, 1.715507027370e-04, 7.742599201405e-04) mean_flux=(1.000e+00, 3.708e-19, 1.337e-18) div_max=3.340e-12 div_rms=5.117e-13
SETUP   SF-19 corrector x: status=converged its=10 rel_residual=5.883e-13 final_residual=7.370e-10
SETUP   SF-19 corrector y: status=converged its=10 rel_residual=4.381e-13 final_residual=5.924e-10
SETUP   SF-19 corrector z: status=converged its=10 rel_residual=4.904e-13 final_residual=6.152e-10
SETUP   inlet: vmin=7.178421e-01 mean(U plane 0)=1.000000000000003 (mean-1=2.887e-15) Q0-1=-1.776e-15 v_rms=1.005144e+00
SETUP   v1(U-face) vs spline flow k g1: rms_rel=5.696902e-05 max_rel=1.922683e-04; spline potential GPU vs host prefilter rel=3.702e-15
SETUP stage eps=0.125 built in 1.744s (grad_lnk=spectral (band-limited cell samples, cuFFT))
STAGE field=gaussian eps=0.125 N=128 cand=i1o4 (from eps=0, u=0) psitc_mu0_eff=1.562500e-02 (mu0=1 h_ref=0.0625 h=0.0078125)
  NEWTON gaussian:0.125:128:i1o4 it= 0 r_F=1.928e+01 r_out=3.779e-02
    COARSE build mode=mult profiles=2 K=65536 t_assembly=1.225s t_lu=220.735s t_cond=3.305s norm1=2.934e+07 inv_norm1_est=1.028e-03 rcond_est=3.316e-05 min|U_kk|=3.805e+04 max|U_kk|=6.094e+06 zero_pivots=0 mu=1.562e-02 assembly=colored factor=banded applications=256 color_period=8 kl=2559 ku=2559
    COARSE apply applications=3 t_apply_avg=390.646ms t_host_solve_avg=381.253ms
    LINEAR gmres+P-A+CC(mult,2) its=2 rel=3.2e-03 t=1.19s cycles=1 reorth=2 rec=3.2e-03 status=converged t_fact=0.02s singular_modes=0 mu=1.562e-02
  NEWTON gaussian:0.125:128:i1o4 it= 1 r_F=8.759e-01 r_out=8.980e-04 lambda=1 |dx|max=5.14e-02 lin=gmres+P-A+CC(mult,2) rel=3.2e-03 lits=2 t_lin=1.2s |dx|2=6.72e+00 t_fact=225.28s eta=1.00e-01 mu=1.562e-02 retries=0
    COARSE build mode=mult profiles=2 K=65536 t_assembly=1.033s t_lu=341.476s t_cond=3.336s norm1=2.965e+07 inv_norm1_est=1.085e-02 rcond_est=3.108e-06 min|U_kk|=1.485e+04 max|U_kk|=6.056e+06 zero_pivots=0 mu=7.097e-04 assembly=colored factor=banded applications=256 color_period=8 kl=2559 ku=2559
    COARSE apply applications=17 t_apply_avg=388.810ms t_host_solve_avg=380.465ms
    LINEAR gmres+P-A+CC(mult,2) its=16 rel=1.5e-04 t=6.73s cycles=1 reorth=15 rec=1.5e-04 status=converged t_fact=0.02s singular_modes=0 mu=7.097e-04
  NEWTON gaussian:0.125:128:i1o4 it= 2 r_F=9.608e-02 r_out=1.389e-04 lambda=1 |dx|max=3.43e-02 lin=gmres+P-A+CC(mult,2) rel=1.5e-04 lits=16 t_lin=6.7s |dx|2=1.17e+01 t_fact=345.87s eta=1.86e-03 mu=7.097e-04 retries=0
    COARSE build mode=mult profiles=2 K=65536 t_assembly=1.025s t_lu=341.243s t_cond=3.338s norm1=3.052e+07 inv_norm1_est=1.923e-02 rcond_est=1.704e-06 min|U_kk|=9.431e+03 max|U_kk|=6.055e+06 zero_pivots=0 mu=7.785e-05 assembly=colored factor=banded applications=256 color_period=8 kl=2559 ku=2559
    COARSE apply applications=101 t_apply_avg=394.252ms t_host_solve_avg=385.871ms
    LINEAR gmres+P-A+CC(mult,2) its=100 rel=5.7e-03 t=41.69s cycles=1 reorth=22 rec=5.7e-03 status=converged t_fact=0.02s singular_modes=0 mu=7.785e-05
  NEWTON gaussian:0.125:128:i1o4 it= 3 r_F=2.298e-02 r_out=9.053e-05 lambda=1 |dx|max=2.33e-02 lin=gmres+P-A+CC(mult,2) rel=5.7e-03 lits=100 t_lin=41.7s |dx|2=1.28e+01 t_fact=345.63s eta=1.08e-02 mu=7.785e-05 retries=0
    COARSE build mode=mult profiles=2 K=65536 t_assembly=1.014s t_lu=340.354s t_cond=3.312s norm1=3.321e+07 inv_norm1_est=2.984e-02 rcond_est=1.009e-06 min|U_kk|=8.021e+03 max|U_kk|=6.054e+06 zero_pivots=0 mu=1.862e-05 assembly=colored factor=banded applications=256 color_period=8 kl=2559 ku=2559
    COARSE apply applications=101 t_apply_avg=394.749ms t_host_solve_avg=386.381ms
    LINEAR gmres+P-A+CC(mult,2) its=100 rel=4.1e-02 t=42.50s cycles=1 reorth=97 rec=4.1e-02 status=converged t_fact=0.02s singular_modes=0 mu=1.862e-05
  NEWTON gaussian:0.125:128:i1o4 it= 4 r_F=8.227e-03 r_out=3.732e-05 lambda=1 |dx|max=1.42e-02 lin=gmres+P-A+CC(mult,2) rel=4.1e-02 lits=100 t_lin=42.5s |dx|2=5.50e+00 t_fact=344.70s eta=5.15e-02 mu=1.862e-05 retries=0
    COARSE build mode=mult profiles=2 K=65536 t_assembly=1.018s t_lu=339.145s t_cond=3.314s norm1=3.504e+07 inv_norm1_est=2.700e-02 rcond_est=1.057e-06 min|U_kk|=6.869e+03 max|U_kk|=7.326e+06 zero_pivots=0 mu=6.665e-06 assembly=colored factor=banded applications=256 color_period=8 kl=2559 ku=2559
    COARSE apply applications=101 t_apply_avg=394.653ms t_host_solve_avg=386.291ms
    LINEAR gmres+P-A+CC(mult,2) its=100 rel=1.1e-02 t=42.49s cycles=1 reorth=98 rec=1.1e-02 status=converged t_fact=0.02s singular_modes=0 mu=6.665e-06
  NEWTON gaussian:0.125:128:i1o4 it= 5 r_F=2.497e-03 r_out=5.473e-06 lambda=1 |dx|max=3.58e-03 lin=gmres+P-A+CC(mult,2) rel=1.1e-02 lits=100 t_lin=42.5s |dx|2=1.15e+00 t_fact=343.50s eta=1.00e-01 mu=6.665e-06 retries=0
    COARSE build mode=mult profiles=2 K=65536 t_assembly=1.016s t_lu=338.885s t_cond=3.309s norm1=3.518e+07 inv_norm1_est=2.495e-02 rcond_est=1.139e-06 min|U_kk|=5.578e+03 max|U_kk|=6.395e+06 zero_pivots=0 mu=2.023e-06 assembly=colored factor=banded applications=256 color_period=8 kl=2559 ku=2559
    COARSE apply applications=101 t_apply_avg=394.566ms t_host_solve_avg=386.185ms
    LINEAR gmres+P-A+CC(mult,2) its=100 rel=1.3e-02 t=42.49s cycles=1 reorth=99 rec=1.3e-02 status=converged t_fact=0.02s singular_modes=0 mu=2.023e-06
  NEWTON gaussian:0.125:128:i1o4 it= 6 r_F=1.653e-04 r_out=7.919e-07 lambda=1 |dx|max=5.27e-04 lin=gmres+P-A+CC(mult,2) rel=1.3e-02 lits=100 t_lin=42.5s |dx|2=8.16e-02 t_fact=343.23s eta=8.29e-02 mu=2.023e-06 retries=0
    COARSE build mode=mult profiles=2 K=65536 t_assembly=1.018s t_lu=338.860s t_cond=3.366s norm1=3.527e+07 inv_norm1_est=2.528e-02 rcond_est=1.122e-06 min|U_kk|=6.561e+03 max|U_kk|=6.400e+06 zero_pivots=0 mu=1.339e-07 assembly=colored factor=banded applications=256 color_period=8 kl=2559 ku=2559
    COARSE apply applications=303 t_apply_avg=393.753ms t_host_solve_avg=385.405ms
    LINEAR gmres+P-A+CC(mult,2) its=300 rel=1.1e-03 t=127.21s cycles=3 reorth=297 rec=1.1e-03 status=converged t_fact=0.02s singular_modes=0 mu=1.339e-07
  NEWTON gaussian:0.125:128:i1o4 it= 7 r_F=2.842e-06 r_out=3.726e-09 lambda=1 |dx|max=4.29e-05 lin=gmres+P-A+CC(mult,2) rel=1.1e-03 lits=300 t_lin=127.2s |dx|2=5.11e-03 t_fact=343.27s eta=3.94e-03 mu=1.339e-07 retries=0
    COARSE build mode=mult profiles=2 K=65536 t_assembly=1.022s t_lu=338.750s t_cond=3.341s norm1=3.526e+07 inv_norm1_est=2.529e-02 rcond_est=1.121e-06 min|U_kk|=6.566e+03 max|U_kk|=6.399e+06 zero_pivots=0 mu=2.303e-09 assembly=colored factor=banded applications=256 color_period=8 kl=2559 ku=2559
    COARSE apply applications=505 t_apply_avg=393.704ms t_host_solve_avg=385.353ms
    LINEAR gmres+P-A+CC(mult,2) its=500 rel=1.8e-04 t=211.99s cycles=5 reorth=495 rec=1.8e-04 status=converged t_fact=0.02s singular_modes=0 mu=2.303e-09
  NEWTON gaussian:0.125:128:i1o4 it= 8 r_F=1.015e-09 r_out=6.974e-12 lambda=1 |dx|max=1.25e-06 lin=gmres+P-A+CC(mult,2) rel=1.8e-04 lits=500 t_lin=212.0s |dx|2=6.92e-05 t_fact=343.13s eta=2.66e-04 mu=2.303e-09 retries=0
    COARSE build mode=mult profiles=2 K=65536 t_assembly=1.021s t_lu=338.882s t_cond=3.337s norm1=3.526e+07 inv_norm1_est=2.529e-02 rcond_est=1.121e-06 min|U_kk|=6.566e+03 max|U_kk|=6.399e+06 zero_pivots=0 mu=8.224e-13 assembly=colored factor=banded applications=256 color_period=8 kl=2559 ku=2559
    COARSE apply applications=909 t_apply_avg=393.521ms t_host_solve_avg=385.171ms
    LINEAR gmres+P-A+CC(mult,2) its=900 rel=1.5e-05 t=381.41s cycles=9 reorth=890 rec=1.5e-05 status=converged t_fact=0.02s singular_modes=0 mu=8.224e-13
  NEWTON gaussian:0.125:128:i1o4 it= 9 r_F=7.938e-14 r_out=8.620e-16 lambda=1 |dx|max=3.72e-10 lin=gmres+P-A+CC(mult,2) rel=1.5e-05 lits=900 t_lin=381.4s |dx|2=3.71e-08 t_fact=343.26s eta=4.93e-05 mu=8.224e-13 retries=0
  STAGE_END field=gaussian eps=0.125 N=128 cand=i1o4 status=converged its=9 r_F=7.938e-14 r_out=8.620e-16 -> accepted
STAGE field=gaussian eps=0.25 N=128 cand=i1o4 (from eps=0.125, warm start) psitc_mu0_eff=1.562500e-02 (mu0=1 h_ref=0.0625 h=0.0078125)
  NEWTON gaussian:0.25:128:i1o4 it= 0 r_F=2.046e+01 r_out=3.633e-02
    COARSE build mode=mult profiles=2 K=65536 t_assembly=1.015s t_lu=242.015s t_cond=3.361s norm1=4.230e+07 inv_norm1_est=1.316e-03 rcond_est=1.797e-05 min|U_kk|=3.791e+04 max|U_kk|=7.184e+06 zero_pivots=0 mu=1.562e-02 assembly=colored factor=banded applications=256 color_period=8 kl=2559 ku=2559
    COARSE apply applications=3 t_apply_avg=384.772ms t_host_solve_avg=376.418ms
    LINEAR gmres+P-A+CC(mult,2) its=2 rel=3.3e-03 t=1.17s cycles=1 reorth=2 rec=3.3e-03 status=converged t_fact=0.02s singular_modes=0 mu=1.562e-02
  NEWTON gaussian:0.25:128:i1o4 it= 1 r_F=9.158e-01 r_out=1.008e-03 lambda=1 |dx|max=4.83e-02 lin=gmres+P-A+CC(mult,2) rel=3.3e-03 lits=2 t_lin=1.2s |dx|2=6.63e+00 t_fact=246.41s eta=1.00e-01 mu=1.562e-02 retries=0
    COARSE build mode=mult profiles=2 K=65536 t_assembly=1.034s t_lu=333.597s t_cond=3.390s norm1=4.273e+07 inv_norm1_est=9.588e-03 rcond_est=2.441e-06 min|U_kk|=1.231e+04 max|U_kk|=7.140e+06 zero_pivots=0 mu=6.995e-04 assembly=colored factor=banded applications=256 color_period=8 kl=2559 ku=2559
    COARSE apply applications=303 t_apply_avg=393.357ms t_host_solve_avg=385.000ms
    LINEAR gmres+P-A+CC(mult,2) its=300 rel=4.7e-03 t=124.94s cycles=3 reorth=104 rec=4.7e-03 status=stagnation t_fact=0.02s singular_modes=0 mu=6.995e-04
  NEWTON gaussian:0.25:128:i1o4 it= 2 linear_failure: GMRES status=stagnation rel=4.7e-03 lits=300 prec singular modes=0 (step not taken) eta=1.80e-03 mu=6.995e-04
  STAGE_END field=gaussian eps=0.25 N=128 cand=i1o4 status=linear_failure its=2 r_F=9.158e-01 r_out=1.008e-03 -> FAILED
  CONTINUATION bisection 2/4: retry from eps=0.125 at eps=0.1875
SETUP STAGE field=gaussian eps=0.1875 N=128 status=ok
SETUP   SF-18: raw_mean=-4.770490e-18 raw_variance=3.892183071637e-01 applied_scale=1.602888711251e+00 final_variance=1.000000000000e+00 active_modes=1032255
SETUP   SF-19: mg_levels=6 converged=1 G=(9.942026825398e-01, 3.471447709769e-04, 1.820628216410e-03) mean_flux=(1.000e+00, -1.425e-19, -2.290e-18) div_max=7.053e-12 div_rms=1.036e-12
SETUP   SF-19 corrector x: status=converged its=10 rel_residual=7.899e-13 final_residual=1.502e-09
SETUP   SF-19 corrector y: status=converged its=10 rel_residual=5.696e-13 final_residual=1.174e-09
SETUP   SF-19 corrector z: status=converged its=10 rel_residual=6.013e-13 final_residual=1.155e-09
SETUP   inlet: vmin=6.044971e-01 mean(U plane 0)=0.999999999999997 (mean-1=-2.887e-15) Q0-1=8.882e-16 v_rms=1.011480e+00
SETUP   v1(U-face) vs spline flow k g1: rms_rel=8.038467e-05 max_rel=2.824312e-04; spline potential GPU vs host prefilter rel=4.012e-15
SETUP stage eps=0.1875 built in 1.735s (grad_lnk=spectral (band-limited cell samples, cuFFT))
STAGE field=gaussian eps=0.1875 N=128 cand=i1o4 (from eps=0.125, warm start) psitc_mu0_eff=1.562500e-02 (mu0=1 h_ref=0.0625 h=0.0078125)
  NEWTON gaussian:0.1875:128:i1o4 it= 0 r_F=9.841e+00 r_out=1.839e-02
    COARSE build mode=mult profiles=2 K=65536 t_assembly=1.010s t_lu=243.179s t_cond=3.333s norm1=3.841e+07 inv_norm1_est=1.274e-03 rcond_est=2.043e-05 min|U_kk|=3.637e+04 max|U_kk|=6.600e+06 zero_pivots=0 mu=1.562e-02 assembly=colored factor=banded applications=256 color_period=8 kl=2559 ku=2559
    COARSE apply applications=2 t_apply_avg=385.138ms t_host_solve_avg=376.774ms
    LINEAR gmres+P-A+CC(mult,2) its=1 rel=9.4e-03 t=0.78s cycles=1 reorth=1 rec=9.4e-03 status=converged t_fact=0.02s singular_modes=0 mu=1.562e-02
  NEWTON gaussian:0.1875:128:i1o4 it= 1 r_F=4.418e-01 r_out=2.219e-03 lambda=1 |dx|max=2.46e-02 lin=gmres+P-A+CC(mult,2) rel=9.4e-03 lits=1 t_lin=0.8s |dx|2=3.33e+00 t_fact=247.54s eta=1.00e-01 mu=1.562e-02 retries=0
    COARSE build mode=mult profiles=2 K=65536 t_assembly=1.016s t_lu=335.858s t_cond=3.313s norm1=3.854e+07 inv_norm1_est=7.504e-03 rcond_est=3.458e-06 min|U_kk|=1.320e+04 max|U_kk|=6.561e+06 zero_pivots=0 mu=7.015e-04 assembly=colored factor=banded applications=256 color_period=8 kl=2559 ku=2559
    COARSE apply applications=101 t_apply_avg=394.532ms t_host_solve_avg=386.137ms
    LINEAR gmres+P-A+CC(mult,2) its=100 rel=3.7e-04 t=42.45s cycles=1 reorth=97 rec=3.7e-04 status=converged t_fact=0.02s singular_modes=0 mu=7.015e-04
  NEWTON gaussian:0.1875:128:i1o4 it= 2 r_F=3.575e-02 r_out=8.027e-05 lambda=1 |dx|max=1.68e-02 lin=gmres+P-A+CC(mult,2) rel=3.7e-04 lits=100 t_lin=42.4s |dx|2=5.75e+00 t_fact=340.21s eta=1.81e-03 mu=7.015e-04 retries=0
    COARSE build mode=mult profiles=2 K=65536 t_assembly=1.015s t_lu=372.839s t_cond=6.087s norm1=3.936e+07 inv_norm1_est=7.306e+00 rcond_est=3.477e-09 min|U_kk|=8.671e+03 max|U_kk|=8.465e+06 zero_pivots=0 mu=5.675e-05 assembly=colored factor=banded applications=256 color_period=8 kl=2559 ku=2559
    COARSE apply applications=303 t_apply_avg=414.303ms t_host_solve_avg=405.950ms
    LINEAR gmres+P-A+CC(mult,2) its=300 rel=1.1e-01 t=133.40s cycles=3 reorth=289 rec=1.1e-01 status=stagnation t_fact=0.02s singular_modes=0 mu=5.675e-05
  NEWTON gaussian:0.1875:128:i1o4 it= 3 linear_failure: GMRES status=stagnation rel=1.1e-01 lits=300 prec singular modes=0 (step not taken) eta=5.89e-03 mu=5.675e-05
  STAGE_END field=gaussian eps=0.1875 N=128 cand=i1o4 status=linear_failure its=3 r_F=3.575e-02 r_out=8.027e-05 -> FAILED
  CONTINUATION bisection 3/4: retry from eps=0.125 at eps=0.15625
SETUP STAGE field=gaussian eps=0.15625 N=128 status=ok
SETUP   SF-18: raw_mean=-4.770490e-18 raw_variance=3.892183071637e-01 applied_scale=1.602888711251e+00 final_variance=1.000000000000e+00 active_modes=1032255
SETUP   SF-19: mg_levels=6 converged=1 G=(9.959536125022e-01, 2.546578829164e-04, 1.237490671540e-03) mean_flux=(1.000e+00, 1.003e-18, -4.951e-19) div_max=4.904e-12 div_rms=7.394e-13
SETUP   SF-19 corrector x: status=converged its=10 rel_residual=6.788e-13 final_residual=1.068e-09
SETUP   SF-19 corrector y: status=converged its=10 rel_residual=4.968e-13 final_residual=8.458e-10
SETUP   SF-19 corrector z: status=converged its=10 rel_residual=5.344e-13 final_residual=8.458e-10
SETUP   inlet: vmin=6.590633e-01 mean(U plane 0)=0.999999999999996 (mean-1=-3.886e-15) Q0-1=-1.110e-16 v_rms=1.008004e+00
SETUP   v1(U-face) vs spline flow k g1: rms_rel=6.900584e-05 max_rel=2.377044e-04; spline potential GPU vs host prefilter rel=4.210e-15
SETUP stage eps=0.15625 built in 1.722s (grad_lnk=spectral (band-limited cell samples, cuFFT))
STAGE field=gaussian eps=0.15625 N=128 cand=i1o4 (from eps=0.125, warm start) psitc_mu0_eff=1.562500e-02 (mu0=1 h_ref=0.0625 h=0.0078125)
  NEWTON gaussian:0.15625:128:i1o4 it= 0 r_F=4.836e+00 r_out=9.251e-03
    COARSE build mode=mult profiles=2 K=65536 t_assembly=1.010s t_lu=247.040s t_cond=3.368s norm1=3.675e+07 inv_norm1_est=1.259e-03 rcond_est=2.162e-05 min|U_kk|=3.537e+04 max|U_kk|=6.337e+06 zero_pivots=0 mu=1.562e-02 assembly=colored factor=banded applications=256 color_period=8 kl=2559 ku=2559
    COARSE apply applications=2 t_apply_avg=434.480ms t_host_solve_avg=426.151ms
    LINEAR gmres+P-A+CC(mult,2) its=1 rel=8.2e-03 t=0.88s cycles=1 reorth=1 rec=8.2e-03 status=converged t_fact=0.02s singular_modes=0 mu=1.562e-02
  NEWTON gaussian:0.15625:128:i1o4 it= 1 r_F=2.183e-01 r_out=1.091e-03 lambda=1 |dx|max=1.24e-02 lin=gmres+P-A+CC(mult,2) rel=8.2e-03 lits=1 t_lin=0.9s |dx|2=1.67e+00 t_fact=251.44s eta=1.00e-01 mu=1.562e-02 retries=0
    COARSE build mode=mult profiles=2 K=65536 t_assembly=1.062s t_lu=342.501s t_cond=3.405s norm1=3.678e+07 inv_norm1_est=7.036e-03 rcond_est=3.864e-06 min|U_kk|=9.063e+03 max|U_kk|=6.300e+06 zero_pivots=0 mu=7.052e-04 assembly=colored factor=banded applications=256 color_period=8 kl=2559 ku=2559
    COARSE apply applications=20 t_apply_avg=399.889ms t_host_solve_avg=391.530ms
    LINEAR gmres+P-A+CC(mult,2) its=19 rel=1.8e-04 t=8.15s cycles=1 reorth=19 rec=1.8e-04 status=converged t_fact=0.02s singular_modes=0 mu=7.052e-04
  NEWTON gaussian:0.15625:128:i1o4 it= 2 r_F=1.645e-02 r_out=1.876e-05 lambda=1 |dx|max=8.44e-03 lin=gmres+P-A+CC(mult,2) rel=1.8e-04 lits=19 t_lin=8.2s |dx|2=2.86e+00 t_fact=346.99s eta=1.83e-03 mu=7.052e-04 retries=0
    COARSE build mode=mult profiles=2 K=65536 t_assembly=1.022s t_lu=342.005s t_cond=3.371s norm1=3.723e+07 inv_norm1_est=2.507e-02 rcond_est=1.072e-06 min|U_kk|=7.884e+03 max|U_kk|=6.300e+06 zero_pivots=0 mu=5.314e-05 assembly=colored factor=banded applications=256 color_period=8 kl=2559 ku=2559
    COARSE apply applications=303 t_apply_avg=405.862ms t_host_solve_avg=397.515ms
    LINEAR gmres+P-A+CC(mult,2) its=300 rel=3.9e-02 t=130.72s cycles=3 reorth=274 rec=3.9e-02 status=stagnation t_fact=0.02s singular_modes=0 mu=5.314e-05
  NEWTON gaussian:0.15625:128:i1o4 it= 3 linear_failure: GMRES status=stagnation rel=3.9e-02 lits=300 prec singular modes=0 (step not taken) eta=5.11e-03 mu=5.314e-05
  STAGE_END field=gaussian eps=0.15625 N=128 cand=i1o4 status=linear_failure its=3 r_F=1.645e-02 r_out=1.876e-05 -> FAILED
  CONTINUATION bisection 4/4: retry from eps=0.125 at eps=0.140625
SETUP STAGE field=gaussian eps=0.140625 N=128 status=ok
SETUP   SF-18: raw_mean=-4.770490e-18 raw_variance=3.892183071637e-01 applied_scale=1.602888711251e+00 final_variance=1.000000000000e+00 active_modes=1032255
SETUP   SF-19: mg_levels=6 converged=1 G=(9.967144120786e-01, 2.117170557046e-04, 9.912306423744e-04) mean_flux=(1.000e+00, 6.850e-19, 8.301e-19) div_max=3.865e-12 div_rms=6.186e-13
SETUP   SF-19 corrector x: status=converged its=10 rel_residual=6.318e-13 final_residual=8.925e-10
SETUP   SF-19 corrector y: status=converged its=10 rel_residual=4.661e-13 final_residual=7.113e-10
SETUP   SF-19 corrector z: status=converged its=10 rel_residual=5.101e-13 final_residual=7.231e-10
SETUP   inlet: vmin=6.879111e-01 mean(U plane 0)=0.999999999999998 (mean-1=-2.109e-15) Q0-1=-5.551e-16 v_rms=1.006497e+00
SETUP   v1(U-face) vs spline flow k g1: rms_rel=6.307686e-05 max_rel=2.150884e-04; spline potential GPU vs host prefilter rel=4.666e-15
SETUP stage eps=0.140625 built in 1.822s (grad_lnk=spectral (band-limited cell samples, cuFFT))
STAGE field=gaussian eps=0.140625 N=128 cand=i1o4 (from eps=0.125, warm start) psitc_mu0_eff=1.562500e-02 (mu0=1 h_ref=0.0625 h=0.0078125)
  NEWTON gaussian:0.140625:128:i1o4 it= 0 r_F=2.399e+00 r_out=4.639e-03
    COARSE build mode=mult profiles=2 K=65536 t_assembly=1.011s t_lu=247.104s t_cond=3.513s norm1=3.600e+07 inv_norm1_est=1.245e-03 rcond_est=2.230e-05 min|U_kk|=3.476e+04 max|U_kk|=6.212e+06 zero_pivots=0 mu=1.562e-02 assembly=colored factor=banded applications=256 color_period=8 kl=2559 ku=2559
    COARSE apply applications=2 t_apply_avg=407.231ms t_host_solve_avg=398.899ms
    LINEAR gmres+P-A+CC(mult,2) its=1 rel=7.5e-03 t=0.82s cycles=1 reorth=1 rec=7.5e-03 status=converged t_fact=0.02s singular_modes=0 mu=1.562e-02
  NEWTON gaussian:0.140625:128:i1o4 it= 1 r_F=1.087e-01 r_out=5.402e-04 lambda=1 |dx|max=6.23e-03 lin=gmres+P-A+CC(mult,2) rel=7.5e-03 lits=1 t_lin=0.8s |dx|2=8.37e-01 t_fact=251.65s eta=1.00e-01 mu=1.562e-02 retries=0
    COARSE build mode=mult profiles=2 K=65536 t_assembly=1.022s t_lu=343.183s t_cond=3.392s norm1=3.600e+07 inv_norm1_est=7.116e-03 rcond_est=3.904e-06 min|U_kk|=9.175e+03 max|U_kk|=6.176e+06 zero_pivots=0 mu=7.082e-04 assembly=colored factor=banded applications=256 color_period=8 kl=2559 ku=2559
    COARSE apply applications=16 t_apply_avg=400.084ms t_host_solve_avg=391.705ms
    LINEAR gmres+P-A+CC(mult,2) its=15 rel=1.7e-04 t=6.51s cycles=1 reorth=15 rec=1.7e-04 status=converged t_fact=0.02s singular_modes=0 mu=7.082e-04
  NEWTON gaussian:0.140625:128:i1o4 it= 2 r_F=8.119e-03 r_out=4.497e-06 lambda=1 |dx|max=4.23e-03 lin=gmres+P-A+CC(mult,2) rel=1.7e-04 lits=15 t_lin=6.5s |dx|2=1.43e+00 t_fact=347.62s eta=1.85e-03 mu=7.082e-04 retries=0
    COARSE build mode=mult profiles=2 K=65536 t_assembly=1.024s t_lu=342.484s t_cond=3.424s norm1=3.622e+07 inv_norm1_est=2.344e-02 rcond_est=1.178e-06 min|U_kk|=6.719e+03 max|U_kk|=6.386e+06 zero_pivots=0 mu=5.289e-05 assembly=colored factor=banded applications=256 color_period=8 kl=2559 ku=2559
    COARSE apply applications=606 t_apply_avg=406.003ms t_host_solve_avg=397.645ms
    LINEAR gmres+P-A+CC(mult,2) its=600 rel=8.4e-03 t=261.84s cycles=6 reorth=591 rec=8.4e-03 status=stagnation t_fact=0.02s singular_modes=0 mu=5.289e-05
  NEWTON gaussian:0.140625:128:i1o4 it= 3 linear_failure: GMRES status=stagnation rel=8.4e-03 lits=600 prec singular modes=0 (step not taken) eta=5.02e-03 mu=5.289e-05
  STAGE_END field=gaussian eps=0.140625 N=128 cand=i1o4 status=linear_failure its=3 r_F=8.119e-03 r_out=4.497e-06 -> FAILED
  CONTINUATION gave up after 4 bisections at the failed stage eps=0.140625
STAGE field=gaussian eps=0.25 N=128 cand=i1o4 (final attempt from eps=0.125) psitc_mu0_eff=1.562500e-02 (mu0=1 h_ref=0.0625 h=0.0078125)
  NEWTON gaussian:0.25:128:i1o4 it= 0 r_F=2.046e+01 r_out=3.633e-02
    COARSE build mode=mult profiles=2 K=65536 t_assembly=1.023s t_lu=244.954s t_cond=3.400s norm1=4.230e+07 inv_norm1_est=1.316e-03 rcond_est=1.797e-05 min|U_kk|=3.791e+04 max|U_kk|=7.184e+06 zero_pivots=0 mu=1.562e-02 assembly=colored factor=banded applications=256 color_period=8 kl=2559 ku=2559
    COARSE apply applications=3 t_apply_avg=397.166ms t_host_solve_avg=388.822ms
    LINEAR gmres+P-A+CC(mult,2) its=2 rel=3.3e-03 t=1.20s cycles=1 reorth=2 rec=3.3e-03 status=converged t_fact=0.02s singular_modes=0 mu=1.562e-02
  NEWTON gaussian:0.25:128:i1o4 it= 1 r_F=9.158e-01 r_out=1.008e-03 lambda=1 |dx|max=4.83e-02 lin=gmres+P-A+CC(mult,2) rel=3.3e-03 lits=2 t_lin=1.2s |dx|2=6.63e+00 t_fact=249.40s eta=1.00e-01 mu=1.562e-02 retries=0
    COARSE build mode=mult profiles=2 K=65536 t_assembly=1.032s t_lu=337.844s t_cond=3.400s norm1=4.273e+07 inv_norm1_est=9.588e-03 rcond_est=2.441e-06 min|U_kk|=1.231e+04 max|U_kk|=7.140e+06 zero_pivots=0 mu=6.995e-04 assembly=colored factor=banded applications=256 color_period=8 kl=2559 ku=2559
    COARSE apply applications=303 t_apply_avg=405.363ms t_host_solve_avg=397.000ms
    LINEAR gmres+P-A+CC(mult,2) its=300 rel=4.7e-03 t=128.58s cycles=3 reorth=104 rec=4.7e-03 status=stagnation t_fact=0.02s singular_modes=0 mu=6.995e-04
  NEWTON gaussian:0.25:128:i1o4 it= 2 linear_failure: GMRES status=stagnation rel=4.7e-03 lits=300 prec singular modes=0 (step not taken) eta=1.80e-03 mu=6.995e-04
  STAGE_END field=gaussian eps=0.25 N=128 cand=i1o4 status=linear_failure its=2 r_F=9.158e-01 r_out=1.008e-03 (final attempt) -> FAILED
  CONTINUATION reporting the state of the final attempt at eps=0.25 (status=linear_failure)
PATH field=gaussian eps=0.25 N=128 cand=i1o4 continuation path: 0.25(fail)->0.125->0.25(fail)->0.1875(fail)->0.15625(fail)->0.140625(fail)->0.25(final)
GMRES_STATS field=gaussian eps=0.25 N=128 stage_eps=0.25 status=linear_failure newton_its=3 steps=3 its_max=300 its_median=88.0 its_total=390 rel_max=3.5e-01 linear_failures=1 forcing=ew etas=1.00e-01,1.82e-03,6.24e-02 psitc=on mus=1.56e-02,7.03e-04,1.85e-04
GMRES_STATS field=gaussian eps=0.25 N=128 stage_eps=0.125 status=converged newton_its=9 steps=9 its_max=900 its_median=100.0 its_total=2118 rel_max=4.1e-02 linear_failures=0 forcing=ew etas=1.00e-01,1.86e-03,1.08e-02,5.15e-02,1.00e-01,8.29e-02,3.94e-03,2.66e-04,4.93e-05 psitc=on mus=1.56e-02,7.10e-04,7.78e-05,1.86e-05,6.67e-06,2.02e-06,1.34e-07,2.30e-09,8.22e-13
GMRES_STATS field=gaussian eps=0.25 N=128 stage_eps=0.25 status=linear_failure newton_its=2 steps=2 its_max=300 its_median=151.0 its_total=302 rel_max=4.7e-03 linear_failures=1 forcing=ew etas=1.00e-01,1.80e-03 psitc=on mus=1.56e-02,7.00e-04
GMRES_STATS field=gaussian eps=0.25 N=128 stage_eps=0.1875 status=linear_failure newton_its=3 steps=3 its_max=300 its_median=100.0 its_total=401 rel_max=1.1e-01 linear_failures=1 forcing=ew etas=1.00e-01,1.81e-03,5.89e-03 psitc=on mus=1.56e-02,7.01e-04,5.68e-05
GMRES_STATS field=gaussian eps=0.25 N=128 stage_eps=0.15625 status=linear_failure newton_its=3 steps=3 its_max=300 its_median=19.0 its_total=320 rel_max=3.9e-02 linear_failures=1 forcing=ew etas=1.00e-01,1.83e-03,5.11e-03 psitc=on mus=1.56e-02,7.05e-04,5.31e-05
GMRES_STATS field=gaussian eps=0.25 N=128 stage_eps=0.140625 status=linear_failure newton_its=3 steps=3 its_max=600 its_median=15.0 its_total=616 rel_max=8.4e-03 linear_failures=1 forcing=ew etas=1.00e-01,1.85e-03,5.02e-03 psitc=on mus=1.56e-02,7.08e-04,5.29e-05
GMRES_STATS field=gaussian eps=0.25 N=128 stage_eps=0.25(final) status=linear_failure newton_its=2 steps=2 its_max=300 its_median=151.0 its_total=302 rel_max=4.7e-03 linear_failures=1 forcing=ew etas=1.00e-01,1.80e-03 psitc=on mus=1.56e-02,7.00e-04
ORACLE_CONFIG primary hmax=h/8=9.765625e-04 tol=1.0e-08 (SF-30 default h gives step-limited round trips; orchestrator decision: h/8) | ladder: + (h/16, tol) + (h/16, 1e-10)
ORACLE_RUN hmax=9.765625e-04 (h/8) tol=1.0e-08 threads=32 max_roundtrip_gate=1.0e-08
ORACLE hmax=9.765625e-04 tol=1.0e-08 plane=1 roundtrip=4.264e-13 nfev=1130496 nfev_rt=1130496 nonok=0 backflow_enc=0
ORACLE hmax=9.765625e-04 tol=1.0e-08 plane=2 roundtrip=7.967e-13 nfev=1916928 nfev_rt=1916928 nonok=0 backflow_enc=0
ORACLE hmax=9.765625e-04 tol=1.0e-08 plane=3 roundtrip=1.088e-12 nfev=2703360 nfev_rt=2703360 nonok=0 backflow_enc=0
ORACLE hmax=9.765625e-04 tol=1.0e-08 plane=4 roundtrip=1.307e-12 nfev=3489792 nfev_rt=3489792 nonok=0 backflow_enc=0
ORACLE hmax=9.765625e-04 tol=1.0e-08 plane=5 roundtrip=1.487e-12 nfev=4276224 nfev_rt=4276224 nonok=0 backflow_enc=0
ORACLE hmax=9.765625e-04 tol=1.0e-08 plane=6 roundtrip=1.602e-12 nfev=5062656 nfev_rt=5062656 nonok=0 backflow_enc=0
ORACLE hmax=9.765625e-04 tol=1.0e-08 plane=7 roundtrip=1.673e-12 nfev=5849088 nfev_rt=5849088 nonok=0 backflow_enc=0
ORACLE hmax=9.765625e-04 tol=1.0e-08 plane=8 roundtrip=1.725e-12 nfev=6635712 nfev_rt=6635712 nonok=0 backflow_enc=0
ORACLE hmax=9.765625e-04 tol=1.0e-08 plane=9 roundtrip=1.805e-12 nfev=7423176 nfev_rt=7423176 nonok=0 backflow_enc=0
ORACLE hmax=9.765625e-04 tol=1.0e-08 plane=10 roundtrip=2.109e-12 nfev=8210652 nfev_rt=8210652 nonok=0 backflow_enc=0
ORACLE hmax=9.765625e-04 tol=1.0e-08 plane=11 roundtrip=2.674e-12 nfev=8998338 nfev_rt=8998338 nonok=0 backflow_enc=0
ORACLE hmax=9.765625e-04 tol=1.0e-08 plane=12 roundtrip=3.242e-12 nfev=9786606 nfev_rt=9786606 nonok=0 backflow_enc=0
ORACLE hmax=9.765625e-04 tol=1.0e-08 plane=13 roundtrip=3.777e-12 nfev=10575468 nfev_rt=10575468 nonok=0 backflow_enc=0
ORACLE hmax=9.765625e-04 tol=1.0e-08 plane=14 roundtrip=4.231e-12 nfev=11364774 nfev_rt=11364774 nonok=0 backflow_enc=0
ORACLE hmax=9.765625e-04 tol=1.0e-08 plane=15 roundtrip=4.563e-12 nfev=12154716 nfev_rt=12154716 nonok=0 backflow_enc=0
ORACLE hmax=9.765625e-04 tol=1.0e-08 plane=16 roundtrip=4.718e-12 nfev=12945714 nfev_rt=12945714 nonok=0 backflow_enc=0
ORACLE hmax=9.765625e-04 tol=1.0e-08 plane=17 roundtrip=4.635e-12 nfev=13736850 nfev_rt=13736850 nonok=0 backflow_enc=0
ORACLE hmax=9.765625e-04 tol=1.0e-08 plane=18 roundtrip=4.280e-12 nfev=14527188 nfev_rt=14527188 nonok=0 backflow_enc=0
ORACLE hmax=9.765625e-04 tol=1.0e-08 plane=19 roundtrip=3.657e-12 nfev=15316764 nfev_rt=15316764 nonok=0 backflow_enc=0
ORACLE hmax=9.765625e-04 tol=1.0e-08 plane=20 roundtrip=4.033e-12 nfev=16106436 nfev_rt=16106436 nonok=0 backflow_enc=0
ORACLE hmax=9.765625e-04 tol=1.0e-08 plane=21 roundtrip=4.410e-12 nfev=16897692 nfev_rt=16897692 nonok=0 backflow_enc=0
ORACLE hmax=9.765625e-04 tol=1.0e-08 plane=22 roundtrip=4.662e-12 nfev=17687970 nfev_rt=17687970 nonok=0 backflow_enc=0
ORACLE hmax=9.765625e-04 tol=1.0e-08 plane=23 roundtrip=4.861e-12 nfev=18479004 nfev_rt=18479004 nonok=0 backflow_enc=0
ORACLE hmax=9.765625e-04 tol=1.0e-08 plane=24 roundtrip=5.043e-12 nfev=19269930 nfev_rt=19269930 nonok=0 backflow_enc=0
ORACLE hmax=9.765625e-04 tol=1.0e-08 plane=25 roundtrip=5.131e-12 nfev=20060190 nfev_rt=20060190 nonok=0 backflow_enc=0
ORACLE hmax=9.765625e-04 tol=1.0e-08 plane=26 roundtrip=5.261e-12 nfev=20850396 nfev_rt=20850396 nonok=0 backflow_enc=0
ORACLE hmax=9.765625e-04 tol=1.0e-08 plane=27 roundtrip=5.279e-12 nfev=21640836 nfev_rt=21640836 nonok=0 backflow_enc=0
ORACLE hmax=9.765625e-04 tol=1.0e-08 plane=28 roundtrip=5.404e-12 nfev=22431486 nfev_rt=22431486 nonok=0 backflow_enc=0
ORACLE hmax=9.765625e-04 tol=1.0e-08 plane=29 roundtrip=5.437e-12 nfev=23221626 nfev_rt=23221626 nonok=0 backflow_enc=0
ORACLE hmax=9.765625e-04 tol=1.0e-08 plane=30 roundtrip=5.339e-12 nfev=24012168 nfev_rt=24012168 nonok=0 backflow_enc=0
ORACLE hmax=9.765625e-04 tol=1.0e-08 plane=31 roundtrip=5.433e-12 nfev=24802194 nfev_rt=24802194 nonok=0 backflow_enc=0
ORACLE hmax=9.765625e-04 tol=1.0e-08 plane=32 roundtrip=5.420e-12 nfev=25591998 nfev_rt=25591998 nonok=0 backflow_enc=0
ORACLE hmax=9.765625e-04 tol=1.0e-08 plane=33 roundtrip=5.270e-12 nfev=26381946 nfev_rt=26381946 nonok=0 backflow_enc=0
ORACLE hmax=9.765625e-04 tol=1.0e-08 plane=34 roundtrip=5.207e-12 nfev=27172050 nfev_rt=27172050 nonok=0 backflow_enc=0
ORACLE hmax=9.765625e-04 tol=1.0e-08 plane=35 roundtrip=5.224e-12 nfev=27962028 nfev_rt=27962028 nonok=0 backflow_enc=0
ORACLE hmax=9.765625e-04 tol=1.0e-08 plane=36 roundtrip=5.198e-12 nfev=28751874 nfev_rt=28751874 nonok=0 backflow_enc=0
ORACLE hmax=9.765625e-04 tol=1.0e-08 plane=37 roundtrip=5.034e-12 nfev=29541420 nfev_rt=29541420 nonok=0 backflow_enc=0
ORACLE hmax=9.765625e-04 tol=1.0e-08 plane=38 roundtrip=4.867e-12 nfev=30330774 nfev_rt=30330774 nonok=0 backflow_enc=0
ORACLE hmax=9.765625e-04 tol=1.0e-08 plane=39 roundtrip=4.938e-12 nfev=31120362 nfev_rt=31120362 nonok=0 backflow_enc=0
ORACLE hmax=9.765625e-04 tol=1.0e-08 plane=40 roundtrip=5.034e-12 nfev=31909482 nfev_rt=31909482 nonok=0 backflow_enc=0
ORACLE hmax=9.765625e-04 tol=1.0e-08 plane=41 roundtrip=5.105e-12 nfev=32698578 nfev_rt=32698578 nonok=0 backflow_enc=0
ORACLE hmax=9.765625e-04 tol=1.0e-08 plane=42 roundtrip=5.167e-12 nfev=33487470 nfev_rt=33487470 nonok=0 backflow_enc=0
ORACLE hmax=9.765625e-04 tol=1.0e-08 plane=43 roundtrip=5.227e-12 nfev=34276410 nfev_rt=34276410 nonok=0 backflow_enc=0
ORACLE hmax=9.765625e-04 tol=1.0e-08 plane=44 roundtrip=5.278e-12 nfev=35065044 nfev_rt=35065044 nonok=0 backflow_enc=0
ORACLE hmax=9.765625e-04 tol=1.0e-08 plane=45 roundtrip=5.319e-12 nfev=35853426 nfev_rt=35853426 nonok=0 backflow_enc=0
ORACLE hmax=9.765625e-04 tol=1.0e-08 plane=46 roundtrip=5.348e-12 nfev=36641826 nfev_rt=36641826 nonok=0 backflow_enc=0
ORACLE hmax=9.765625e-04 tol=1.0e-08 plane=47 roundtrip=5.358e-12 nfev=37430382 nfev_rt=37430382 nonok=0 backflow_enc=0
ORACLE hmax=9.765625e-04 tol=1.0e-08 plane=48 roundtrip=5.352e-12 nfev=38219214 nfev_rt=38219214 nonok=0 backflow_enc=0
ORACLE hmax=9.765625e-04 tol=1.0e-08 plane=49 roundtrip=5.327e-12 nfev=39008664 nfev_rt=39008664 nonok=0 backflow_enc=0
ORACLE hmax=9.765625e-04 tol=1.0e-08 plane=50 roundtrip=5.332e-12 nfev=39797484 nfev_rt=39797484 nonok=0 backflow_enc=0
ORACLE hmax=9.765625e-04 tol=1.0e-08 plane=51 roundtrip=5.448e-12 nfev=40585896 nfev_rt=40585896 nonok=0 backflow_enc=0
ORACLE hmax=9.765625e-04 tol=1.0e-08 plane=52 roundtrip=5.524e-12 nfev=41374362 nfev_rt=41374362 nonok=0 backflow_enc=0
ORACLE hmax=9.765625e-04 tol=1.0e-08 plane=53 roundtrip=5.576e-12 nfev=42162540 nfev_rt=42162540 nonok=0 backflow_enc=0
ORACLE hmax=9.765625e-04 tol=1.0e-08 plane=54 roundtrip=5.598e-12 nfev=42950598 nfev_rt=42950598 nonok=0 backflow_enc=0
ORACLE hmax=9.765625e-04 tol=1.0e-08 plane=55 roundtrip=5.582e-12 nfev=43738626 nfev_rt=43738626 nonok=0 backflow_enc=0
ORACLE hmax=9.765625e-04 tol=1.0e-08 plane=56 roundtrip=5.537e-12 nfev=44526696 nfev_rt=44526696 nonok=0 backflow_enc=0
ORACLE hmax=9.765625e-04 tol=1.0e-08 plane=57 roundtrip=5.453e-12 nfev=45314718 nfev_rt=45314718 nonok=0 backflow_enc=0
ORACLE hmax=9.765625e-04 tol=1.0e-08 plane=58 roundtrip=5.342e-12 nfev=46102746 nfev_rt=46102746 nonok=0 backflow_enc=0
ORACLE hmax=9.765625e-04 tol=1.0e-08 plane=59 roundtrip=5.188e-12 nfev=46890810 nfev_rt=46890810 nonok=0 backflow_enc=0
ORACLE hmax=9.765625e-04 tol=1.0e-08 plane=60 roundtrip=5.133e-12 nfev=47678904 nfev_rt=47678904 nonok=0 backflow_enc=0
ORACLE hmax=9.765625e-04 tol=1.0e-08 plane=61 roundtrip=5.067e-12 nfev=48467424 nfev_rt=48467424 nonok=0 backflow_enc=0
ORACLE hmax=9.765625e-04 tol=1.0e-08 plane=62 roundtrip=5.058e-12 nfev=49255734 nfev_rt=49255734 nonok=0 backflow_enc=0
ORACLE hmax=9.765625e-04 tol=1.0e-08 plane=63 roundtrip=5.021e-12 nfev=50044650 nfev_rt=50044650 nonok=0 backflow_enc=0
ORACLE hmax=9.765625e-04 tol=1.0e-08 plane=64 roundtrip=5.202e-12 nfev=50833452 nfev_rt=50833452 nonok=0 backflow_enc=0
ORACLE hmax=9.765625e-04 tol=1.0e-08 plane=65 roundtrip=5.625e-12 nfev=51622242 nfev_rt=51622242 nonok=0 backflow_enc=0
ORACLE hmax=9.765625e-04 tol=1.0e-08 plane=66 roundtrip=5.969e-12 nfev=52411218 nfev_rt=52411218 nonok=0 backflow_enc=0
ORACLE hmax=9.765625e-04 tol=1.0e-08 plane=67 roundtrip=6.436e-12 nfev=53200110 nfev_rt=53200110 nonok=0 backflow_enc=0
ORACLE hmax=9.765625e-04 tol=1.0e-08 plane=68 roundtrip=6.793e-12 nfev=53989644 nfev_rt=53989644 nonok=0 backflow_enc=0
ORACLE hmax=9.765625e-04 tol=1.0e-08 plane=69 roundtrip=6.924e-12 nfev=54779250 nfev_rt=54779250 nonok=0 backflow_enc=0
ORACLE hmax=9.765625e-04 tol=1.0e-08 plane=70 roundtrip=6.938e-12 nfev=55568796 nfev_rt=55568796 nonok=0 backflow_enc=0
ORACLE hmax=9.765625e-04 tol=1.0e-08 plane=71 roundtrip=6.970e-12 nfev=56358654 nfev_rt=56358654 nonok=0 backflow_enc=0
ORACLE hmax=9.765625e-04 tol=1.0e-08 plane=72 roundtrip=6.795e-12 nfev=57148188 nfev_rt=57148188 nonok=0 backflow_enc=0
ORACLE hmax=9.765625e-04 tol=1.0e-08 plane=73 roundtrip=6.887e-12 nfev=57937746 nfev_rt=57937746 nonok=0 backflow_enc=0
ORACLE hmax=9.765625e-04 tol=1.0e-08 plane=74 roundtrip=6.676e-12 nfev=58727328 nfev_rt=58727328 nonok=0 backflow_enc=0
ORACLE hmax=9.765625e-04 tol=1.0e-08 plane=75 roundtrip=6.527e-12 nfev=59517048 nfev_rt=59517048 nonok=0 backflow_enc=0
ORACLE hmax=9.765625e-04 tol=1.0e-08 plane=76 roundtrip=6.683e-12 nfev=60306780 nfev_rt=60306780 nonok=0 backflow_enc=0
ORACLE hmax=9.765625e-04 tol=1.0e-08 plane=77 roundtrip=6.884e-12 nfev=61097232 nfev_rt=61097232 nonok=0 backflow_enc=0
ORACLE hmax=9.765625e-04 tol=1.0e-08 plane=78 roundtrip=6.872e-12 nfev=61887228 nfev_rt=61887228 nonok=0 backflow_enc=0
ORACLE hmax=9.765625e-04 tol=1.0e-08 plane=79 roundtrip=6.898e-12 nfev=62677260 nfev_rt=62677260 nonok=0 backflow_enc=0
ORACLE hmax=9.765625e-04 tol=1.0e-08 plane=80 roundtrip=6.839e-12 nfev=63466884 nfev_rt=63466884 nonok=0 backflow_enc=0
ORACLE hmax=9.765625e-04 tol=1.0e-08 plane=81 roundtrip=6.649e-12 nfev=64256448 nfev_rt=64256448 nonok=0 backflow_enc=0
ORACLE hmax=9.765625e-04 tol=1.0e-08 plane=82 roundtrip=6.591e-12 nfev=65045586 nfev_rt=65045586 nonok=0 backflow_enc=0
ORACLE hmax=9.765625e-04 tol=1.0e-08 plane=83 roundtrip=6.521e-12 nfev=65834712 nfev_rt=65834712 nonok=0 backflow_enc=0
ORACLE hmax=9.765625e-04 tol=1.0e-08 plane=84 roundtrip=6.420e-12 nfev=66623850 nfev_rt=66623850 nonok=0 backflow_enc=0
ORACLE hmax=9.765625e-04 tol=1.0e-08 plane=85 roundtrip=6.930e-12 nfev=67413018 nfev_rt=67413018 nonok=0 backflow_enc=0
ORACLE hmax=9.765625e-04 tol=1.0e-08 plane=86 roundtrip=7.188e-12 nfev=68202138 nfev_rt=68202138 nonok=0 backflow_enc=0
ORACLE hmax=9.765625e-04 tol=1.0e-08 plane=87 roundtrip=7.070e-12 nfev=68991246 nfev_rt=68991246 nonok=0 backflow_enc=0
ORACLE hmax=9.765625e-04 tol=1.0e-08 plane=88 roundtrip=6.891e-12 nfev=69780450 nfev_rt=69780450 nonok=0 backflow_enc=0
ORACLE hmax=9.765625e-04 tol=1.0e-08 plane=89 roundtrip=7.129e-12 nfev=70569474 nfev_rt=70569474 nonok=0 backflow_enc=0
ORACLE hmax=9.765625e-04 tol=1.0e-08 plane=90 roundtrip=7.374e-12 nfev=71358240 nfev_rt=71358240 nonok=0 backflow_enc=0
ORACLE hmax=9.765625e-04 tol=1.0e-08 plane=91 roundtrip=8.240e-12 nfev=72147504 nfev_rt=72147504 nonok=0 backflow_enc=0
ORACLE hmax=9.765625e-04 tol=1.0e-08 plane=92 roundtrip=9.036e-12 nfev=72936894 nfev_rt=72936894 nonok=0 backflow_enc=0
ORACLE hmax=9.765625e-04 tol=1.0e-08 plane=93 roundtrip=9.791e-12 nfev=73726098 nfev_rt=73726098 nonok=0 backflow_enc=0
ORACLE hmax=9.765625e-04 tol=1.0e-08 plane=94 roundtrip=1.036e-11 nfev=74515170 nfev_rt=74515170 nonok=0 backflow_enc=0
ORACLE hmax=9.765625e-04 tol=1.0e-08 plane=95 roundtrip=1.076e-11 nfev=75304134 nfev_rt=75304134 nonok=0 backflow_enc=0
ORACLE hmax=9.765625e-04 tol=1.0e-08 plane=96 roundtrip=1.085e-11 nfev=76093086 nfev_rt=76093086 nonok=0 backflow_enc=0
ORACLE hmax=9.765625e-04 tol=1.0e-08 plane=97 roundtrip=1.066e-11 nfev=76882080 nfev_rt=76882080 nonok=0 backflow_enc=0
ORACLE hmax=9.765625e-04 tol=1.0e-08 plane=98 roundtrip=1.092e-11 nfev=77671188 nfev_rt=77671188 nonok=0 backflow_enc=0
ORACLE hmax=9.765625e-04 tol=1.0e-08 plane=99 roundtrip=1.123e-11 nfev=78460158 nfev_rt=78460158 nonok=0 backflow_enc=0
ORACLE hmax=9.765625e-04 tol=1.0e-08 plane=100 roundtrip=1.127e-11 nfev=79249242 nfev_rt=79249242 nonok=0 backflow_enc=0
ORACLE hmax=9.765625e-04 tol=1.0e-08 plane=101 roundtrip=1.119e-11 nfev=80038380 nfev_rt=80038380 nonok=0 backflow_enc=0
ORACLE hmax=9.765625e-04 tol=1.0e-08 plane=102 roundtrip=1.098e-11 nfev=80827368 nfev_rt=80827368 nonok=0 backflow_enc=0
ORACLE hmax=9.765625e-04 tol=1.0e-08 plane=103 roundtrip=1.057e-11 nfev=81616530 nfev_rt=81616530 nonok=0 backflow_enc=0
ORACLE hmax=9.765625e-04 tol=1.0e-08 plane=104 roundtrip=1.085e-11 nfev=82406064 nfev_rt=82406064 nonok=0 backflow_enc=0
ORACLE hmax=9.765625e-04 tol=1.0e-08 plane=105 roundtrip=1.106e-11 nfev=83195478 nfev_rt=83195478 nonok=0 backflow_enc=0
ORACLE hmax=9.765625e-04 tol=1.0e-08 plane=106 roundtrip=1.104e-11 nfev=83984946 nfev_rt=83984946 nonok=0 backflow_enc=0
ORACLE hmax=9.765625e-04 tol=1.0e-08 plane=107 roundtrip=1.095e-11 nfev=84774444 nfev_rt=84774444 nonok=0 backflow_enc=0
ORACLE hmax=9.765625e-04 tol=1.0e-08 plane=108 roundtrip=1.071e-11 nfev=85563882 nfev_rt=85563882 nonok=0 backflow_enc=0
ORACLE hmax=9.765625e-04 tol=1.0e-08 plane=109 roundtrip=1.038e-11 nfev=86353590 nfev_rt=86353590 nonok=0 backflow_enc=0
ORACLE hmax=9.765625e-04 tol=1.0e-08 plane=110 roundtrip=9.859e-12 nfev=87143100 nfev_rt=87143100 nonok=0 backflow_enc=0
ORACLE hmax=9.765625e-04 tol=1.0e-08 plane=111 roundtrip=9.630e-12 nfev=87932706 nfev_rt=87932706 nonok=0 backflow_enc=0
ORACLE hmax=9.765625e-04 tol=1.0e-08 plane=112 roundtrip=9.291e-12 nfev=88722534 nfev_rt=88722534 nonok=0 backflow_enc=0
ORACLE hmax=9.765625e-04 tol=1.0e-08 plane=113 roundtrip=8.667e-12 nfev=89512416 nfev_rt=89512416 nonok=0 backflow_enc=0
ORACLE hmax=9.765625e-04 tol=1.0e-08 plane=114 roundtrip=8.536e-12 nfev=90302064 nfev_rt=90302064 nonok=0 backflow_enc=0
ORACLE hmax=9.765625e-04 tol=1.0e-08 plane=115 roundtrip=8.327e-12 nfev=91091688 nfev_rt=91091688 nonok=0 backflow_enc=0
ORACLE hmax=9.765625e-04 tol=1.0e-08 plane=116 roundtrip=8.056e-12 nfev=91880886 nfev_rt=91880886 nonok=0 backflow_enc=0
ORACLE hmax=9.765625e-04 tol=1.0e-08 plane=117 roundtrip=8.044e-12 nfev=92670330 nfev_rt=92670330 nonok=0 backflow_enc=0
ORACLE hmax=9.765625e-04 tol=1.0e-08 plane=118 roundtrip=7.801e-12 nfev=93459960 nfev_rt=93459960 nonok=0 backflow_enc=0
ORACLE hmax=9.765625e-04 tol=1.0e-08 plane=119 roundtrip=7.969e-12 nfev=94249866 nfev_rt=94249866 nonok=0 backflow_enc=0
ORACLE hmax=9.765625e-04 tol=1.0e-08 plane=120 roundtrip=8.374e-12 nfev=95039298 nfev_rt=95039298 nonok=0 backflow_enc=0
ORACLE hmax=9.765625e-04 tol=1.0e-08 plane=121 roundtrip=8.724e-12 nfev=95828646 nfev_rt=95828646 nonok=0 backflow_enc=0
ORACLE hmax=9.765625e-04 tol=1.0e-08 plane=122 roundtrip=9.067e-12 nfev=96617820 nfev_rt=96617820 nonok=0 backflow_enc=0
ORACLE hmax=9.765625e-04 tol=1.0e-08 plane=123 roundtrip=9.347e-12 nfev=97406898 nfev_rt=97406898 nonok=0 backflow_enc=0
ORACLE hmax=9.765625e-04 tol=1.0e-08 plane=124 roundtrip=9.559e-12 nfev=98195724 nfev_rt=98195724 nonok=0 backflow_enc=0
ORACLE hmax=9.765625e-04 tol=1.0e-08 plane=125 roundtrip=9.720e-12 nfev=98984724 nfev_rt=98984724 nonok=0 backflow_enc=0
ORACLE hmax=9.765625e-04 tol=1.0e-08 plane=126 roundtrip=9.809e-12 nfev=99773598 nfev_rt=99773598 nonok=0 backflow_enc=0
ORACLE hmax=9.765625e-04 tol=1.0e-08 plane=127 roundtrip=9.834e-12 nfev=100562304 nfev_rt=100562304 nonok=0 backflow_enc=0
ORACLE hmax=9.765625e-04 tol=1.0e-08 plane=128 roundtrip=9.776e-12 nfev=101350794 nfev_rt=101350794 nonok=0 backflow_enc=0
ORACLE_SUMMARY hmax=9.765625e-04 tol=1.0e-08 status=ok max_roundtrip=1.127e-11 non_ok=0 t_trace=179.52s t_labels=0.114s
ORACLE_RUN hmax=4.882812e-04 (h/16) tol=1.0e-08 threads=32 max_roundtrip_gate=1.0e-08
ORACLE hmax=4.882812e-04 tol=1.0e-08 plane=1 roundtrip=5.229e-14 nfev=1916928 nfev_rt=1916928 nonok=0 backflow_enc=0
ORACLE hmax=4.882812e-04 tol=1.0e-08 plane=2 roundtrip=9.159e-14 nfev=3489792 nfev_rt=3489792 nonok=0 backflow_enc=0
ORACLE hmax=4.882812e-04 tol=1.0e-08 plane=3 roundtrip=1.151e-13 nfev=5062656 nfev_rt=5062656 nonok=0 backflow_enc=0
ORACLE hmax=4.882812e-04 tol=1.0e-08 plane=4 roundtrip=1.293e-13 nfev=6636702 nfev_rt=6636702 nonok=0 backflow_enc=0
ORACLE hmax=4.882812e-04 tol=1.0e-08 plane=5 roundtrip=1.353e-13 nfev=8212122 nfev_rt=8212122 nonok=0 backflow_enc=0
ORACLE hmax=4.882812e-04 tol=1.0e-08 plane=6 roundtrip=1.382e-13 nfev=9787494 nfev_rt=9787494 nonok=0 backflow_enc=0
ORACLE hmax=4.882812e-04 tol=1.0e-08 plane=7 roundtrip=1.507e-13 nfev=11363916 nfev_rt=11363916 nonok=0 backflow_enc=0
ORACLE hmax=4.882812e-04 tol=1.0e-08 plane=8 roundtrip=1.587e-13 nfev=12942192 nfev_rt=12942192 nonok=0 backflow_enc=0
ORACLE hmax=4.882812e-04 tol=1.0e-08 plane=9 roundtrip=1.619e-13 nfev=14520582 nfev_rt=14520582 nonok=0 backflow_enc=0
ORACLE hmax=4.882812e-04 tol=1.0e-08 plane=10 roundtrip=2.167e-13 nfev=16098162 nfev_rt=16098162 nonok=0 backflow_enc=0
ORACLE hmax=4.882812e-04 tol=1.0e-08 plane=11 roundtrip=2.705e-13 nfev=17676114 nfev_rt=17676114 nonok=0 backflow_enc=0
ORACLE hmax=4.882812e-04 tol=1.0e-08 plane=12 roundtrip=3.177e-13 nfev=19255410 nfev_rt=19255410 nonok=0 backflow_enc=0
ORACLE hmax=4.882812e-04 tol=1.0e-08 plane=13 roundtrip=3.518e-13 nfev=20833848 nfev_rt=20833848 nonok=0 backflow_enc=0
ORACLE hmax=4.882812e-04 tol=1.0e-08 plane=14 roundtrip=3.649e-13 nfev=22411728 nfev_rt=22411728 nonok=0 backflow_enc=0
ORACLE hmax=4.882812e-04 tol=1.0e-08 plane=15 roundtrip=3.489e-13 nfev=23990580 nfev_rt=23990580 nonok=0 backflow_enc=0
ORACLE hmax=4.882812e-04 tol=1.0e-08 plane=16 roundtrip=3.429e-13 nfev=25569690 nfev_rt=25569690 nonok=0 backflow_enc=0
ORACLE hmax=4.882812e-04 tol=1.0e-08 plane=17 roundtrip=3.713e-13 nfev=27150678 nfev_rt=27150678 nonok=0 backflow_enc=0
ORACLE hmax=4.882812e-04 tol=1.0e-08 plane=18 roundtrip=3.920e-13 nfev=28731288 nfev_rt=28731288 nonok=0 backflow_enc=0
ORACLE hmax=4.882812e-04 tol=1.0e-08 plane=19 roundtrip=4.068e-13 nfev=30311634 nfev_rt=30311634 nonok=0 backflow_enc=0
ORACLE hmax=4.882812e-04 tol=1.0e-08 plane=20 roundtrip=4.315e-13 nfev=31892136 nfev_rt=31892136 nonok=0 backflow_enc=0
ORACLE hmax=4.882812e-04 tol=1.0e-08 plane=21 roundtrip=4.433e-13 nfev=33472452 nfev_rt=33472452 nonok=0 backflow_enc=0
ORACLE hmax=4.882812e-04 tol=1.0e-08 plane=22 roundtrip=3.884e-13 nfev=35052474 nfev_rt=35052474 nonok=0 backflow_enc=0
ORACLE hmax=4.882812e-04 tol=1.0e-08 plane=23 roundtrip=3.750e-13 nfev=36632910 nfev_rt=36632910 nonok=0 backflow_enc=0
ORACLE hmax=4.882812e-04 tol=1.0e-08 plane=24 roundtrip=3.764e-13 nfev=38214222 nfev_rt=38214222 nonok=0 backflow_enc=0
ORACLE hmax=4.882812e-04 tol=1.0e-08 plane=25 roundtrip=3.828e-13 nfev=39794946 nfev_rt=39794946 nonok=0 backflow_enc=0
ORACLE hmax=4.882812e-04 tol=1.0e-08 plane=26 roundtrip=3.990e-13 nfev=41375490 nfev_rt=41375490 nonok=0 backflow_enc=0
ORACLE hmax=4.882812e-04 tol=1.0e-08 plane=27 roundtrip=4.201e-13 nfev=42955614 nfev_rt=42955614 nonok=0 backflow_enc=0
ORACLE hmax=4.882812e-04 tol=1.0e-08 plane=28 roundtrip=4.250e-13 nfev=44535906 nfev_rt=44535906 nonok=0 backflow_enc=0
ORACLE hmax=4.882812e-04 tol=1.0e-08 plane=29 roundtrip=4.413e-13 nfev=46116030 nfev_rt=46116030 nonok=0 backflow_enc=0
ORACLE hmax=4.882812e-04 tol=1.0e-08 plane=30 roundtrip=4.414e-13 nfev=47696448 nfev_rt=47696448 nonok=0 backflow_enc=0
ORACLE hmax=4.882812e-04 tol=1.0e-08 plane=31 roundtrip=4.475e-13 nfev=49276740 nfev_rt=49276740 nonok=0 backflow_enc=0
ORACLE hmax=4.882812e-04 tol=1.0e-08 plane=32 roundtrip=4.571e-13 nfev=50856552 nfev_rt=50856552 nonok=0 backflow_enc=0
ORACLE hmax=4.882812e-04 tol=1.0e-08 plane=33 roundtrip=4.821e-13 nfev=52435824 nfev_rt=52435824 nonok=0 backflow_enc=0
ORACLE hmax=4.882812e-04 tol=1.0e-08 plane=34 roundtrip=4.928e-13 nfev=54014622 nfev_rt=54014622 nonok=0 backflow_enc=0
ORACLE hmax=4.882812e-04 tol=1.0e-08 plane=35 roundtrip=5.006e-13 nfev=55593684 nfev_rt=55593684 nonok=0 backflow_enc=0
ORACLE hmax=4.882812e-04 tol=1.0e-08 plane=36 roundtrip=5.095e-13 nfev=57172728 nfev_rt=57172728 nonok=0 backflow_enc=0
ORACLE hmax=4.882812e-04 tol=1.0e-08 plane=37 roundtrip=5.035e-13 nfev=58751808 nfev_rt=58751808 nonok=0 backflow_enc=0
ORACLE hmax=4.882812e-04 tol=1.0e-08 plane=38 roundtrip=5.071e-13 nfev=60330534 nfev_rt=60330534 nonok=0 backflow_enc=0
ORACLE hmax=4.882812e-04 tol=1.0e-08 plane=39 roundtrip=4.921e-13 nfev=61908534 nfev_rt=61908534 nonok=0 backflow_enc=0
ORACLE hmax=4.882812e-04 tol=1.0e-08 plane=40 roundtrip=4.843e-13 nfev=63486264 nfev_rt=63486264 nonok=0 backflow_enc=0
ORACLE hmax=4.882812e-04 tol=1.0e-08 plane=41 roundtrip=4.884e-13 nfev=65063790 nfev_rt=65063790 nonok=0 backflow_enc=0
ORACLE hmax=4.882812e-04 tol=1.0e-08 plane=42 roundtrip=4.862e-13 nfev=66641022 nfev_rt=66641022 nonok=0 backflow_enc=0
ORACLE hmax=4.882812e-04 tol=1.0e-08 plane=43 roundtrip=4.966e-13 nfev=68218062 nfev_rt=68218062 nonok=0 backflow_enc=0
ORACLE hmax=4.882812e-04 tol=1.0e-08 plane=44 roundtrip=4.869e-13 nfev=69795918 nfev_rt=69795918 nonok=0 backflow_enc=0
ORACLE hmax=4.882812e-04 tol=1.0e-08 plane=45 roundtrip=4.744e-13 nfev=71373576 nfev_rt=71373576 nonok=0 backflow_enc=0
ORACLE hmax=4.882812e-04 tol=1.0e-08 plane=46 roundtrip=4.379e-13 nfev=72950688 nfev_rt=72950688 nonok=0 backflow_enc=0
ORACLE hmax=4.882812e-04 tol=1.0e-08 plane=47 roundtrip=3.908e-13 nfev=74527416 nfev_rt=74527416 nonok=0 backflow_enc=0
ORACLE hmax=4.882812e-04 tol=1.0e-08 plane=48 roundtrip=3.955e-13 nfev=76104108 nfev_rt=76104108 nonok=0 backflow_enc=0
ORACLE hmax=4.882812e-04 tol=1.0e-08 plane=49 roundtrip=3.990e-13 nfev=77680722 nfev_rt=77680722 nonok=0 backflow_enc=0
ORACLE hmax=4.882812e-04 tol=1.0e-08 plane=50 roundtrip=3.919e-13 nfev=79257228 nfev_rt=79257228 nonok=0 backflow_enc=0
ORACLE hmax=4.882812e-04 tol=1.0e-08 plane=51 roundtrip=3.992e-13 nfev=80833692 nfev_rt=80833692 nonok=0 backflow_enc=0
ORACLE hmax=4.882812e-04 tol=1.0e-08 plane=52 roundtrip=4.108e-13 nfev=82410624 nfev_rt=82410624 nonok=0 backflow_enc=0
ORACLE hmax=4.882812e-04 tol=1.0e-08 plane=53 roundtrip=4.243e-13 nfev=83987142 nfev_rt=83987142 nonok=0 backflow_enc=0
ORACLE hmax=4.882812e-04 tol=1.0e-08 plane=54 roundtrip=4.258e-13 nfev=85563516 nfev_rt=85563516 nonok=0 backflow_enc=0
ORACLE hmax=4.882812e-04 tol=1.0e-08 plane=55 roundtrip=4.379e-13 nfev=87139980 nfev_rt=87139980 nonok=0 backflow_enc=0
ORACLE hmax=4.882812e-04 tol=1.0e-08 plane=56 roundtrip=4.561e-13 nfev=88716528 nfev_rt=88716528 nonok=0 backflow_enc=0
ORACLE hmax=4.882812e-04 tol=1.0e-08 plane=57 roundtrip=4.324e-13 nfev=90293382 nfev_rt=90293382 nonok=0 backflow_enc=0
ORACLE hmax=4.882812e-04 tol=1.0e-08 plane=58 roundtrip=4.290e-13 nfev=91870110 nfev_rt=91870110 nonok=0 backflow_enc=0
ORACLE hmax=4.882812e-04 tol=1.0e-08 plane=59 roundtrip=4.281e-13 nfev=93447372 nfev_rt=93447372 nonok=0 backflow_enc=0
ORACLE hmax=4.882812e-04 tol=1.0e-08 plane=60 roundtrip=4.352e-13 nfev=95024388 nfev_rt=95024388 nonok=0 backflow_enc=0
ORACLE hmax=4.882812e-04 tol=1.0e-08 plane=61 roundtrip=4.572e-13 nfev=96601410 nfev_rt=96601410 nonok=0 backflow_enc=0
ORACLE hmax=4.882812e-04 tol=1.0e-08 plane=62 roundtrip=4.792e-13 nfev=98178588 nfev_rt=98178588 nonok=0 backflow_enc=0
ORACLE hmax=4.882812e-04 tol=1.0e-08 plane=63 roundtrip=5.049e-13 nfev=99755616 nfev_rt=99755616 nonok=0 backflow_enc=0
ORACLE hmax=4.882812e-04 tol=1.0e-08 plane=64 roundtrip=5.316e-13 nfev=101333370 nfev_rt=101333370 nonok=0 backflow_enc=0
ORACLE hmax=4.882812e-04 tol=1.0e-08 plane=65 roundtrip=5.563e-13 nfev=102911202 nfev_rt=102911202 nonok=0 backflow_enc=0
ORACLE hmax=4.882812e-04 tol=1.0e-08 plane=66 roundtrip=5.775e-13 nfev=104488854 nfev_rt=104488854 nonok=0 backflow_enc=0
ORACLE hmax=4.882812e-04 tol=1.0e-08 plane=67 roundtrip=6.309e-13 nfev=106066410 nfev_rt=106066410 nonok=0 backflow_enc=0
ORACLE hmax=4.882812e-04 tol=1.0e-08 plane=68 roundtrip=6.949e-13 nfev=107644458 nfev_rt=107644458 nonok=0 backflow_enc=0
ORACLE hmax=4.882812e-04 tol=1.0e-08 plane=69 roundtrip=7.494e-13 nfev=109222476 nfev_rt=109222476 nonok=0 backflow_enc=0
ORACLE hmax=4.882812e-04 tol=1.0e-08 plane=70 roundtrip=8.032e-13 nfev=110801166 nfev_rt=110801166 nonok=0 backflow_enc=0
ORACLE hmax=4.882812e-04 tol=1.0e-08 plane=71 roundtrip=8.327e-13 nfev=112379952 nfev_rt=112379952 nonok=0 backflow_enc=0
ORACLE hmax=4.882812e-04 tol=1.0e-08 plane=72 roundtrip=8.437e-13 nfev=113959206 nfev_rt=113959206 nonok=0 backflow_enc=0
ORACLE hmax=4.882812e-04 tol=1.0e-08 plane=73 roundtrip=8.511e-13 nfev=115538268 nfev_rt=115538268 nonok=0 backflow_enc=0
ORACLE hmax=4.882812e-04 tol=1.0e-08 plane=74 roundtrip=8.417e-13 nfev=117117396 nfev_rt=117117396 nonok=0 backflow_enc=0
ORACLE hmax=4.882812e-04 tol=1.0e-08 plane=75 roundtrip=7.965e-13 nfev=118696578 nfev_rt=118696578 nonok=0 backflow_enc=0
ORACLE hmax=4.882812e-04 tol=1.0e-08 plane=76 roundtrip=7.101e-13 nfev=120275856 nfev_rt=120275856 nonok=0 backflow_enc=0
ORACLE hmax=4.882812e-04 tol=1.0e-08 plane=77 roundtrip=6.067e-13 nfev=121854834 nfev_rt=121854834 nonok=0 backflow_enc=0
ORACLE hmax=4.882812e-04 tol=1.0e-08 plane=78 roundtrip=6.112e-13 nfev=123434304 nfev_rt=123434304 nonok=0 backflow_enc=0
ORACLE hmax=4.882812e-04 tol=1.0e-08 plane=79 roundtrip=6.030e-13 nfev=125013966 nfev_rt=125013966 nonok=0 backflow_enc=0
ORACLE hmax=4.882812e-04 tol=1.0e-08 plane=80 roundtrip=5.933e-13 nfev=126593460 nfev_rt=126593460 nonok=0 backflow_enc=0
ORACLE hmax=4.882812e-04 tol=1.0e-08 plane=81 roundtrip=6.130e-13 nfev=128172996 nfev_rt=128172996 nonok=0 backflow_enc=0
ORACLE hmax=4.882812e-04 tol=1.0e-08 plane=82 roundtrip=6.731e-13 nfev=129752370 nfev_rt=129752370 nonok=0 backflow_enc=0
ORACLE hmax=4.882812e-04 tol=1.0e-08 plane=83 roundtrip=7.117e-13 nfev=131331180 nfev_rt=131331180 nonok=0 backflow_enc=0
ORACLE hmax=4.882812e-04 tol=1.0e-08 plane=84 roundtrip=7.039e-13 nfev=132910140 nfev_rt=132910140 nonok=0 backflow_enc=0
ORACLE hmax=4.882812e-04 tol=1.0e-08 plane=85 roundtrip=6.994e-13 nfev=134488926 nfev_rt=134488926 nonok=0 backflow_enc=0
ORACLE hmax=4.882812e-04 tol=1.0e-08 plane=86 roundtrip=7.224e-13 nfev=136067748 nfev_rt=136067748 nonok=0 backflow_enc=0
ORACLE hmax=4.882812e-04 tol=1.0e-08 plane=87 roundtrip=7.058e-13 nfev=137646450 nfev_rt=137646450 nonok=0 backflow_enc=0
ORACLE hmax=4.882812e-04 tol=1.0e-08 plane=88 roundtrip=6.727e-13 nfev=139224834 nfev_rt=139224834 nonok=0 backflow_enc=0
ORACLE hmax=4.882812e-04 tol=1.0e-08 plane=89 roundtrip=6.957e-13 nfev=140803086 nfev_rt=140803086 nonok=0 backflow_enc=0
ORACLE hmax=4.882812e-04 tol=1.0e-08 plane=90 roundtrip=7.324e-13 nfev=142381170 nfev_rt=142381170 nonok=0 backflow_enc=0
ORACLE hmax=4.882812e-04 tol=1.0e-08 plane=91 roundtrip=7.416e-13 nfev=143958930 nfev_rt=143958930 nonok=0 backflow_enc=0
ORACLE hmax=4.882812e-04 tol=1.0e-08 plane=92 roundtrip=7.164e-13 nfev=145536612 nfev_rt=145536612 nonok=0 backflow_enc=0
ORACLE hmax=4.882812e-04 tol=1.0e-08 plane=93 roundtrip=6.760e-13 nfev=147114234 nfev_rt=147114234 nonok=0 backflow_enc=0
ORACLE hmax=4.882812e-04 tol=1.0e-08 plane=94 roundtrip=6.829e-13 nfev=148692156 nfev_rt=148692156 nonok=0 backflow_enc=0
ORACLE hmax=4.882812e-04 tol=1.0e-08 plane=95 roundtrip=6.872e-13 nfev=150270558 nfev_rt=150270558 nonok=0 backflow_enc=0
ORACLE hmax=4.882812e-04 tol=1.0e-08 plane=96 roundtrip=6.412e-13 nfev=151848654 nfev_rt=151848654 nonok=0 backflow_enc=0
ORACLE hmax=4.882812e-04 tol=1.0e-08 plane=97 roundtrip=6.878e-13 nfev=153426390 nfev_rt=153426390 nonok=0 backflow_enc=0
ORACLE hmax=4.882812e-04 tol=1.0e-08 plane=98 roundtrip=7.258e-13 nfev=155004480 nfev_rt=155004480 nonok=0 backflow_enc=0
ORACLE hmax=4.882812e-04 tol=1.0e-08 plane=99 roundtrip=7.085e-13 nfev=156582252 nfev_rt=156582252 nonok=0 backflow_enc=0
ORACLE hmax=4.882812e-04 tol=1.0e-08 plane=100 roundtrip=7.120e-13 nfev=158160342 nfev_rt=158160342 nonok=0 backflow_enc=0
ORACLE hmax=4.882812e-04 tol=1.0e-08 plane=101 roundtrip=7.270e-13 nfev=159738810 nfev_rt=159738810 nonok=0 backflow_enc=0
ORACLE hmax=4.882812e-04 tol=1.0e-08 plane=102 roundtrip=7.901e-13 nfev=161317350 nfev_rt=161317350 nonok=0 backflow_enc=0
ORACLE hmax=4.882812e-04 tol=1.0e-08 plane=103 roundtrip=7.861e-13 nfev=162895842 nfev_rt=162895842 nonok=0 backflow_enc=0
ORACLE hmax=4.882812e-04 tol=1.0e-08 plane=104 roundtrip=8.270e-13 nfev=164474322 nfev_rt=164474322 nonok=0 backflow_enc=0
ORACLE hmax=4.882812e-04 tol=1.0e-08 plane=105 roundtrip=7.659e-13 nfev=166053012 nfev_rt=166053012 nonok=0 backflow_enc=0
ORACLE hmax=4.882812e-04 tol=1.0e-08 plane=106 roundtrip=7.691e-13 nfev=167632128 nfev_rt=167632128 nonok=0 backflow_enc=0
ORACLE hmax=4.882812e-04 tol=1.0e-08 plane=107 roundtrip=7.981e-13 nfev=169211568 nfev_rt=169211568 nonok=0 backflow_enc=0
ORACLE hmax=4.882812e-04 tol=1.0e-08 plane=108 roundtrip=7.148e-13 nfev=170790756 nfev_rt=170790756 nonok=0 backflow_enc=0
ORACLE hmax=4.882812e-04 tol=1.0e-08 plane=109 roundtrip=6.899e-13 nfev=172370400 nfev_rt=172370400 nonok=0 backflow_enc=0
ORACLE hmax=4.882812e-04 tol=1.0e-08 plane=110 roundtrip=6.910e-13 nfev=173950068 nfev_rt=173950068 nonok=0 backflow_enc=0
ORACLE hmax=4.882812e-04 tol=1.0e-08 plane=111 roundtrip=7.354e-13 nfev=175529550 nfev_rt=175529550 nonok=0 backflow_enc=0
ORACLE hmax=4.882812e-04 tol=1.0e-08 plane=112 roundtrip=7.416e-13 nfev=177109230 nfev_rt=177109230 nonok=0 backflow_enc=0
ORACLE hmax=4.882812e-04 tol=1.0e-08 plane=113 roundtrip=7.109e-13 nfev=178688814 nfev_rt=178688814 nonok=0 backflow_enc=0
ORACLE hmax=4.882812e-04 tol=1.0e-08 plane=114 roundtrip=6.825e-13 nfev=180267774 nfev_rt=180267774 nonok=0 backflow_enc=0
ORACLE hmax=4.882812e-04 tol=1.0e-08 plane=115 roundtrip=8.180e-13 nfev=181847532 nfev_rt=181847532 nonok=0 backflow_enc=0
ORACLE hmax=4.882812e-04 tol=1.0e-08 plane=116 roundtrip=9.083e-13 nfev=183426912 nfev_rt=183426912 nonok=0 backflow_enc=0
ORACLE hmax=4.882812e-04 tol=1.0e-08 plane=117 roundtrip=9.331e-13 nfev=185006412 nfev_rt=185006412 nonok=0 backflow_enc=0
ORACLE hmax=4.882812e-04 tol=1.0e-08 plane=118 roundtrip=8.650e-13 nfev=186585708 nfev_rt=186585708 nonok=0 backflow_enc=0
ORACLE hmax=4.882812e-04 tol=1.0e-08 plane=119 roundtrip=7.458e-13 nfev=188164632 nfev_rt=188164632 nonok=0 backflow_enc=0
ORACLE hmax=4.882812e-04 tol=1.0e-08 plane=120 roundtrip=6.825e-13 nfev=189743346 nfev_rt=189743346 nonok=0 backflow_enc=0
ORACLE hmax=4.882812e-04 tol=1.0e-08 plane=121 roundtrip=7.354e-13 nfev=191321874 nfev_rt=191321874 nonok=0 backflow_enc=0
ORACLE hmax=4.882812e-04 tol=1.0e-08 plane=122 roundtrip=8.070e-13 nfev=192900546 nfev_rt=192900546 nonok=0 backflow_enc=0
ORACLE hmax=4.882812e-04 tol=1.0e-08 plane=123 roundtrip=8.279e-13 nfev=194478852 nfev_rt=194478852 nonok=0 backflow_enc=0
ORACLE hmax=4.882812e-04 tol=1.0e-08 plane=124 roundtrip=8.180e-13 nfev=196057062 nfev_rt=196057062 nonok=0 backflow_enc=0
ORACLE hmax=4.882812e-04 tol=1.0e-08 plane=125 roundtrip=7.895e-13 nfev=197634702 nfev_rt=197634702 nonok=0 backflow_enc=0
ORACLE hmax=4.882812e-04 tol=1.0e-08 plane=126 roundtrip=7.477e-13 nfev=199212282 nfev_rt=199212282 nonok=0 backflow_enc=0
ORACLE hmax=4.882812e-04 tol=1.0e-08 plane=127 roundtrip=7.097e-13 nfev=200789826 nfev_rt=200789826 nonok=0 backflow_enc=0
ORACLE hmax=4.882812e-04 tol=1.0e-08 plane=128 roundtrip=6.735e-13 nfev=202367316 nfev_rt=202367316 nonok=0 backflow_enc=0
ORACLE_SUMMARY hmax=4.882812e-04 tol=1.0e-08 status=ok max_roundtrip=9.331e-13 non_ok=0 t_trace=357.27s t_labels=0.138s
ORACLE_RUN hmax=4.882812e-04 (h/16) tol=1.0e-10 threads=32 max_roundtrip_gate=1.0e-08
ORACLE hmax=4.882812e-04 tol=1.0e-10 plane=1 roundtrip=5.229e-14 nfev=1916928 nfev_rt=1916928 nonok=0 backflow_enc=0
ORACLE hmax=4.882812e-04 tol=1.0e-10 plane=2 roundtrip=9.159e-14 nfev=3489792 nfev_rt=3489792 nonok=0 backflow_enc=0
ORACLE hmax=4.882812e-04 tol=1.0e-10 plane=3 roundtrip=1.151e-13 nfev=5062656 nfev_rt=5062656 nonok=0 backflow_enc=0
ORACLE hmax=4.882812e-04 tol=1.0e-10 plane=4 roundtrip=1.293e-13 nfev=6636702 nfev_rt=6636702 nonok=0 backflow_enc=0
ORACLE hmax=4.882812e-04 tol=1.0e-10 plane=5 roundtrip=1.353e-13 nfev=8212122 nfev_rt=8212122 nonok=0 backflow_enc=0
ORACLE hmax=4.882812e-04 tol=1.0e-10 plane=6 roundtrip=1.382e-13 nfev=9787494 nfev_rt=9787494 nonok=0 backflow_enc=0
ORACLE hmax=4.882812e-04 tol=1.0e-10 plane=7 roundtrip=1.507e-13 nfev=11363916 nfev_rt=11363916 nonok=0 backflow_enc=0
ORACLE hmax=4.882812e-04 tol=1.0e-10 plane=8 roundtrip=1.587e-13 nfev=12942192 nfev_rt=12942192 nonok=0 backflow_enc=0
ORACLE hmax=4.882812e-04 tol=1.0e-10 plane=9 roundtrip=1.619e-13 nfev=14520582 nfev_rt=14520582 nonok=0 backflow_enc=0
ORACLE hmax=4.882812e-04 tol=1.0e-10 plane=10 roundtrip=2.167e-13 nfev=16098162 nfev_rt=16098162 nonok=0 backflow_enc=0
ORACLE hmax=4.882812e-04 tol=1.0e-10 plane=11 roundtrip=2.705e-13 nfev=17676114 nfev_rt=17676114 nonok=0 backflow_enc=0
ORACLE hmax=4.882812e-04 tol=1.0e-10 plane=12 roundtrip=3.177e-13 nfev=19255410 nfev_rt=19255410 nonok=0 backflow_enc=0
ORACLE hmax=4.882812e-04 tol=1.0e-10 plane=13 roundtrip=3.518e-13 nfev=20833848 nfev_rt=20833848 nonok=0 backflow_enc=0
ORACLE hmax=4.882812e-04 tol=1.0e-10 plane=14 roundtrip=3.649e-13 nfev=22411728 nfev_rt=22411728 nonok=0 backflow_enc=0
ORACLE hmax=4.882812e-04 tol=1.0e-10 plane=15 roundtrip=3.489e-13 nfev=23990580 nfev_rt=23990580 nonok=0 backflow_enc=0
ORACLE hmax=4.882812e-04 tol=1.0e-10 plane=16 roundtrip=3.429e-13 nfev=25569690 nfev_rt=25569690 nonok=0 backflow_enc=0
ORACLE hmax=4.882812e-04 tol=1.0e-10 plane=17 roundtrip=3.713e-13 nfev=27150678 nfev_rt=27150678 nonok=0 backflow_enc=0
ORACLE hmax=4.882812e-04 tol=1.0e-10 plane=18 roundtrip=3.920e-13 nfev=28731288 nfev_rt=28731288 nonok=0 backflow_enc=0
ORACLE hmax=4.882812e-04 tol=1.0e-10 plane=19 roundtrip=4.068e-13 nfev=30311634 nfev_rt=30311634 nonok=0 backflow_enc=0
ORACLE hmax=4.882812e-04 tol=1.0e-10 plane=20 roundtrip=4.315e-13 nfev=31892136 nfev_rt=31892136 nonok=0 backflow_enc=0
ORACLE hmax=4.882812e-04 tol=1.0e-10 plane=21 roundtrip=4.433e-13 nfev=33472452 nfev_rt=33472452 nonok=0 backflow_enc=0
ORACLE hmax=4.882812e-04 tol=1.0e-10 plane=22 roundtrip=3.884e-13 nfev=35052474 nfev_rt=35052474 nonok=0 backflow_enc=0
ORACLE hmax=4.882812e-04 tol=1.0e-10 plane=23 roundtrip=3.750e-13 nfev=36632910 nfev_rt=36632910 nonok=0 backflow_enc=0
ORACLE hmax=4.882812e-04 tol=1.0e-10 plane=24 roundtrip=3.764e-13 nfev=38214222 nfev_rt=38214222 nonok=0 backflow_enc=0
ORACLE hmax=4.882812e-04 tol=1.0e-10 plane=25 roundtrip=3.828e-13 nfev=39794946 nfev_rt=39794946 nonok=0 backflow_enc=0
ORACLE hmax=4.882812e-04 tol=1.0e-10 plane=26 roundtrip=3.990e-13 nfev=41375490 nfev_rt=41375490 nonok=0 backflow_enc=0
ORACLE hmax=4.882812e-04 tol=1.0e-10 plane=27 roundtrip=4.201e-13 nfev=42955614 nfev_rt=42955614 nonok=0 backflow_enc=0
ORACLE hmax=4.882812e-04 tol=1.0e-10 plane=28 roundtrip=4.250e-13 nfev=44535906 nfev_rt=44535906 nonok=0 backflow_enc=0
ORACLE hmax=4.882812e-04 tol=1.0e-10 plane=29 roundtrip=4.413e-13 nfev=46116030 nfev_rt=46116030 nonok=0 backflow_enc=0
ORACLE hmax=4.882812e-04 tol=1.0e-10 plane=30 roundtrip=4.414e-13 nfev=47696448 nfev_rt=47696448 nonok=0 backflow_enc=0
ORACLE hmax=4.882812e-04 tol=1.0e-10 plane=31 roundtrip=4.475e-13 nfev=49276740 nfev_rt=49276740 nonok=0 backflow_enc=0
ORACLE hmax=4.882812e-04 tol=1.0e-10 plane=32 roundtrip=4.571e-13 nfev=50856552 nfev_rt=50856552 nonok=0 backflow_enc=0
ORACLE hmax=4.882812e-04 tol=1.0e-10 plane=33 roundtrip=4.821e-13 nfev=52435824 nfev_rt=52435824 nonok=0 backflow_enc=0
ORACLE hmax=4.882812e-04 tol=1.0e-10 plane=34 roundtrip=4.928e-13 nfev=54014622 nfev_rt=54014622 nonok=0 backflow_enc=0
ORACLE hmax=4.882812e-04 tol=1.0e-10 plane=35 roundtrip=5.006e-13 nfev=55593684 nfev_rt=55593684 nonok=0 backflow_enc=0
ORACLE hmax=4.882812e-04 tol=1.0e-10 plane=36 roundtrip=5.095e-13 nfev=57172728 nfev_rt=57172728 nonok=0 backflow_enc=0
ORACLE hmax=4.882812e-04 tol=1.0e-10 plane=37 roundtrip=5.035e-13 nfev=58751808 nfev_rt=58751808 nonok=0 backflow_enc=0
ORACLE hmax=4.882812e-04 tol=1.0e-10 plane=38 roundtrip=5.071e-13 nfev=60330534 nfev_rt=60330534 nonok=0 backflow_enc=0
ORACLE hmax=4.882812e-04 tol=1.0e-10 plane=39 roundtrip=4.921e-13 nfev=61908534 nfev_rt=61908534 nonok=0 backflow_enc=0
ORACLE hmax=4.882812e-04 tol=1.0e-10 plane=40 roundtrip=4.843e-13 nfev=63486264 nfev_rt=63486264 nonok=0 backflow_enc=0
ORACLE hmax=4.882812e-04 tol=1.0e-10 plane=41 roundtrip=4.884e-13 nfev=65063790 nfev_rt=65063790 nonok=0 backflow_enc=0
ORACLE hmax=4.882812e-04 tol=1.0e-10 plane=42 roundtrip=4.862e-13 nfev=66641022 nfev_rt=66641022 nonok=0 backflow_enc=0
ORACLE hmax=4.882812e-04 tol=1.0e-10 plane=43 roundtrip=4.966e-13 nfev=68218062 nfev_rt=68218062 nonok=0 backflow_enc=0
ORACLE hmax=4.882812e-04 tol=1.0e-10 plane=44 roundtrip=4.869e-13 nfev=69795918 nfev_rt=69795918 nonok=0 backflow_enc=0
ORACLE hmax=4.882812e-04 tol=1.0e-10 plane=45 roundtrip=4.744e-13 nfev=71373576 nfev_rt=71373576 nonok=0 backflow_enc=0
ORACLE hmax=4.882812e-04 tol=1.0e-10 plane=46 roundtrip=4.379e-13 nfev=72950688 nfev_rt=72950688 nonok=0 backflow_enc=0
ORACLE hmax=4.882812e-04 tol=1.0e-10 plane=47 roundtrip=3.908e-13 nfev=74527416 nfev_rt=74527416 nonok=0 backflow_enc=0
ORACLE hmax=4.882812e-04 tol=1.0e-10 plane=48 roundtrip=3.955e-13 nfev=76104108 nfev_rt=76104108 nonok=0 backflow_enc=0
ORACLE hmax=4.882812e-04 tol=1.0e-10 plane=49 roundtrip=3.990e-13 nfev=77680722 nfev_rt=77680722 nonok=0 backflow_enc=0
ORACLE hmax=4.882812e-04 tol=1.0e-10 plane=50 roundtrip=3.919e-13 nfev=79257228 nfev_rt=79257228 nonok=0 backflow_enc=0
ORACLE hmax=4.882812e-04 tol=1.0e-10 plane=51 roundtrip=3.992e-13 nfev=80833692 nfev_rt=80833692 nonok=0 backflow_enc=0
ORACLE hmax=4.882812e-04 tol=1.0e-10 plane=52 roundtrip=4.108e-13 nfev=82410624 nfev_rt=82410624 nonok=0 backflow_enc=0
ORACLE hmax=4.882812e-04 tol=1.0e-10 plane=53 roundtrip=4.243e-13 nfev=83987142 nfev_rt=83987142 nonok=0 backflow_enc=0
ORACLE hmax=4.882812e-04 tol=1.0e-10 plane=54 roundtrip=4.258e-13 nfev=85563516 nfev_rt=85563516 nonok=0 backflow_enc=0
ORACLE hmax=4.882812e-04 tol=1.0e-10 plane=55 roundtrip=4.379e-13 nfev=87139980 nfev_rt=87139980 nonok=0 backflow_enc=0
ORACLE hmax=4.882812e-04 tol=1.0e-10 plane=56 roundtrip=4.561e-13 nfev=88716528 nfev_rt=88716528 nonok=0 backflow_enc=0
ORACLE hmax=4.882812e-04 tol=1.0e-10 plane=57 roundtrip=4.324e-13 nfev=90293382 nfev_rt=90293382 nonok=0 backflow_enc=0
ORACLE hmax=4.882812e-04 tol=1.0e-10 plane=58 roundtrip=4.290e-13 nfev=91870110 nfev_rt=91870110 nonok=0 backflow_enc=0
ORACLE hmax=4.882812e-04 tol=1.0e-10 plane=59 roundtrip=4.281e-13 nfev=93447372 nfev_rt=93447372 nonok=0 backflow_enc=0
ORACLE hmax=4.882812e-04 tol=1.0e-10 plane=60 roundtrip=4.352e-13 nfev=95024388 nfev_rt=95024388 nonok=0 backflow_enc=0
ORACLE hmax=4.882812e-04 tol=1.0e-10 plane=61 roundtrip=4.572e-13 nfev=96601410 nfev_rt=96601410 nonok=0 backflow_enc=0
ORACLE hmax=4.882812e-04 tol=1.0e-10 plane=62 roundtrip=4.792e-13 nfev=98178588 nfev_rt=98178588 nonok=0 backflow_enc=0
ORACLE hmax=4.882812e-04 tol=1.0e-10 plane=63 roundtrip=5.049e-13 nfev=99755616 nfev_rt=99755616 nonok=0 backflow_enc=0
ORACLE hmax=4.882812e-04 tol=1.0e-10 plane=64 roundtrip=5.316e-13 nfev=101333370 nfev_rt=101333370 nonok=0 backflow_enc=0
ORACLE hmax=4.882812e-04 tol=1.0e-10 plane=65 roundtrip=5.563e-13 nfev=102911202 nfev_rt=102911202 nonok=0 backflow_enc=0
ORACLE hmax=4.882812e-04 tol=1.0e-10 plane=66 roundtrip=5.775e-13 nfev=104488854 nfev_rt=104488854 nonok=0 backflow_enc=0
ORACLE hmax=4.882812e-04 tol=1.0e-10 plane=67 roundtrip=6.309e-13 nfev=106066410 nfev_rt=106066410 nonok=0 backflow_enc=0
ORACLE hmax=4.882812e-04 tol=1.0e-10 plane=68 roundtrip=6.949e-13 nfev=107644458 nfev_rt=107644458 nonok=0 backflow_enc=0
ORACLE hmax=4.882812e-04 tol=1.0e-10 plane=69 roundtrip=7.494e-13 nfev=109222476 nfev_rt=109222476 nonok=0 backflow_enc=0
ORACLE hmax=4.882812e-04 tol=1.0e-10 plane=70 roundtrip=8.032e-13 nfev=110801166 nfev_rt=110801166 nonok=0 backflow_enc=0
ORACLE hmax=4.882812e-04 tol=1.0e-10 plane=71 roundtrip=8.327e-13 nfev=112379952 nfev_rt=112379952 nonok=0 backflow_enc=0
ORACLE hmax=4.882812e-04 tol=1.0e-10 plane=72 roundtrip=8.437e-13 nfev=113959206 nfev_rt=113959206 nonok=0 backflow_enc=0
ORACLE hmax=4.882812e-04 tol=1.0e-10 plane=73 roundtrip=8.511e-13 nfev=115538268 nfev_rt=115538268 nonok=0 backflow_enc=0
ORACLE hmax=4.882812e-04 tol=1.0e-10 plane=74 roundtrip=8.417e-13 nfev=117117396 nfev_rt=117117396 nonok=0 backflow_enc=0
ORACLE hmax=4.882812e-04 tol=1.0e-10 plane=75 roundtrip=7.965e-13 nfev=118696578 nfev_rt=118696578 nonok=0 backflow_enc=0
ORACLE hmax=4.882812e-04 tol=1.0e-10 plane=76 roundtrip=7.101e-13 nfev=120275856 nfev_rt=120275856 nonok=0 backflow_enc=0
ORACLE hmax=4.882812e-04 tol=1.0e-10 plane=77 roundtrip=6.067e-13 nfev=121854834 nfev_rt=121854834 nonok=0 backflow_enc=0
ORACLE hmax=4.882812e-04 tol=1.0e-10 plane=78 roundtrip=6.112e-13 nfev=123434304 nfev_rt=123434304 nonok=0 backflow_enc=0
ORACLE hmax=4.882812e-04 tol=1.0e-10 plane=79 roundtrip=6.030e-13 nfev=125013966 nfev_rt=125013966 nonok=0 backflow_enc=0
ORACLE hmax=4.882812e-04 tol=1.0e-10 plane=80 roundtrip=5.933e-13 nfev=126593460 nfev_rt=126593460 nonok=0 backflow_enc=0
ORACLE hmax=4.882812e-04 tol=1.0e-10 plane=81 roundtrip=6.130e-13 nfev=128172996 nfev_rt=128172996 nonok=0 backflow_enc=0
ORACLE hmax=4.882812e-04 tol=1.0e-10 plane=82 roundtrip=6.731e-13 nfev=129752370 nfev_rt=129752370 nonok=0 backflow_enc=0
ORACLE hmax=4.882812e-04 tol=1.0e-10 plane=83 roundtrip=7.117e-13 nfev=131331180 nfev_rt=131331180 nonok=0 backflow_enc=0
ORACLE hmax=4.882812e-04 tol=1.0e-10 plane=84 roundtrip=7.039e-13 nfev=132910140 nfev_rt=132910140 nonok=0 backflow_enc=0
ORACLE hmax=4.882812e-04 tol=1.0e-10 plane=85 roundtrip=6.994e-13 nfev=134488926 nfev_rt=134488926 nonok=0 backflow_enc=0
ORACLE hmax=4.882812e-04 tol=1.0e-10 plane=86 roundtrip=7.224e-13 nfev=136067748 nfev_rt=136067748 nonok=0 backflow_enc=0
ORACLE hmax=4.882812e-04 tol=1.0e-10 plane=87 roundtrip=7.058e-13 nfev=137646450 nfev_rt=137646450 nonok=0 backflow_enc=0
ORACLE hmax=4.882812e-04 tol=1.0e-10 plane=88 roundtrip=6.727e-13 nfev=139224834 nfev_rt=139224834 nonok=0 backflow_enc=0
ORACLE hmax=4.882812e-04 tol=1.0e-10 plane=89 roundtrip=6.957e-13 nfev=140803086 nfev_rt=140803086 nonok=0 backflow_enc=0
ORACLE hmax=4.882812e-04 tol=1.0e-10 plane=90 roundtrip=7.324e-13 nfev=142381170 nfev_rt=142381170 nonok=0 backflow_enc=0
ORACLE hmax=4.882812e-04 tol=1.0e-10 plane=91 roundtrip=7.416e-13 nfev=143958930 nfev_rt=143958930 nonok=0 backflow_enc=0
ORACLE hmax=4.882812e-04 tol=1.0e-10 plane=92 roundtrip=7.164e-13 nfev=145536612 nfev_rt=145536612 nonok=0 backflow_enc=0
ORACLE hmax=4.882812e-04 tol=1.0e-10 plane=93 roundtrip=6.760e-13 nfev=147114234 nfev_rt=147114234 nonok=0 backflow_enc=0
ORACLE hmax=4.882812e-04 tol=1.0e-10 plane=94 roundtrip=6.829e-13 nfev=148692156 nfev_rt=148692156 nonok=0 backflow_enc=0
ORACLE hmax=4.882812e-04 tol=1.0e-10 plane=95 roundtrip=6.872e-13 nfev=150270558 nfev_rt=150270558 nonok=0 backflow_enc=0
ORACLE hmax=4.882812e-04 tol=1.0e-10 plane=96 roundtrip=6.412e-13 nfev=151848654 nfev_rt=151848654 nonok=0 backflow_enc=0
ORACLE hmax=4.882812e-04 tol=1.0e-10 plane=97 roundtrip=6.878e-13 nfev=153426390 nfev_rt=153426390 nonok=0 backflow_enc=0
ORACLE hmax=4.882812e-04 tol=1.0e-10 plane=98 roundtrip=7.258e-13 nfev=155004480 nfev_rt=155004480 nonok=0 backflow_enc=0
ORACLE hmax=4.882812e-04 tol=1.0e-10 plane=99 roundtrip=7.085e-13 nfev=156582252 nfev_rt=156582252 nonok=0 backflow_enc=0
ORACLE hmax=4.882812e-04 tol=1.0e-10 plane=100 roundtrip=7.120e-13 nfev=158160342 nfev_rt=158160342 nonok=0 backflow_enc=0
ORACLE hmax=4.882812e-04 tol=1.0e-10 plane=101 roundtrip=7.270e-13 nfev=159738810 nfev_rt=159738810 nonok=0 backflow_enc=0
ORACLE hmax=4.882812e-04 tol=1.0e-10 plane=102 roundtrip=7.901e-13 nfev=161317350 nfev_rt=161317350 nonok=0 backflow_enc=0
ORACLE hmax=4.882812e-04 tol=1.0e-10 plane=103 roundtrip=7.861e-13 nfev=162895842 nfev_rt=162895842 nonok=0 backflow_enc=0
ORACLE hmax=4.882812e-04 tol=1.0e-10 plane=104 roundtrip=8.270e-13 nfev=164474322 nfev_rt=164474322 nonok=0 backflow_enc=0
ORACLE hmax=4.882812e-04 tol=1.0e-10 plane=105 roundtrip=7.659e-13 nfev=166053012 nfev_rt=166053012 nonok=0 backflow_enc=0
ORACLE hmax=4.882812e-04 tol=1.0e-10 plane=106 roundtrip=7.691e-13 nfev=167632128 nfev_rt=167632128 nonok=0 backflow_enc=0
ORACLE hmax=4.882812e-04 tol=1.0e-10 plane=107 roundtrip=7.981e-13 nfev=169211568 nfev_rt=169211568 nonok=0 backflow_enc=0
ORACLE hmax=4.882812e-04 tol=1.0e-10 plane=108 roundtrip=7.148e-13 nfev=170790756 nfev_rt=170790756 nonok=0 backflow_enc=0
ORACLE hmax=4.882812e-04 tol=1.0e-10 plane=109 roundtrip=6.899e-13 nfev=172370400 nfev_rt=172370400 nonok=0 backflow_enc=0
ORACLE hmax=4.882812e-04 tol=1.0e-10 plane=110 roundtrip=6.910e-13 nfev=173950068 nfev_rt=173950068 nonok=0 backflow_enc=0
ORACLE hmax=4.882812e-04 tol=1.0e-10 plane=111 roundtrip=7.354e-13 nfev=175529550 nfev_rt=175529550 nonok=0 backflow_enc=0
ORACLE hmax=4.882812e-04 tol=1.0e-10 plane=112 roundtrip=7.416e-13 nfev=177109230 nfev_rt=177109230 nonok=0 backflow_enc=0
ORACLE hmax=4.882812e-04 tol=1.0e-10 plane=113 roundtrip=7.109e-13 nfev=178688814 nfev_rt=178688814 nonok=0 backflow_enc=0
ORACLE hmax=4.882812e-04 tol=1.0e-10 plane=114 roundtrip=6.825e-13 nfev=180267774 nfev_rt=180267774 nonok=0 backflow_enc=0
ORACLE hmax=4.882812e-04 tol=1.0e-10 plane=115 roundtrip=8.180e-13 nfev=181847532 nfev_rt=181847532 nonok=0 backflow_enc=0
ORACLE hmax=4.882812e-04 tol=1.0e-10 plane=116 roundtrip=9.083e-13 nfev=183426912 nfev_rt=183426912 nonok=0 backflow_enc=0
ORACLE hmax=4.882812e-04 tol=1.0e-10 plane=117 roundtrip=9.331e-13 nfev=185006412 nfev_rt=185006412 nonok=0 backflow_enc=0
ORACLE hmax=4.882812e-04 tol=1.0e-10 plane=118 roundtrip=8.650e-13 nfev=186585708 nfev_rt=186585708 nonok=0 backflow_enc=0
ORACLE hmax=4.882812e-04 tol=1.0e-10 plane=119 roundtrip=7.458e-13 nfev=188164632 nfev_rt=188164632 nonok=0 backflow_enc=0
ORACLE hmax=4.882812e-04 tol=1.0e-10 plane=120 roundtrip=6.825e-13 nfev=189743346 nfev_rt=189743346 nonok=0 backflow_enc=0
ORACLE hmax=4.882812e-04 tol=1.0e-10 plane=121 roundtrip=7.354e-13 nfev=191321874 nfev_rt=191321874 nonok=0 backflow_enc=0
ORACLE hmax=4.882812e-04 tol=1.0e-10 plane=122 roundtrip=8.070e-13 nfev=192900546 nfev_rt=192900546 nonok=0 backflow_enc=0
ORACLE hmax=4.882812e-04 tol=1.0e-10 plane=123 roundtrip=8.279e-13 nfev=194478852 nfev_rt=194478852 nonok=0 backflow_enc=0
ORACLE hmax=4.882812e-04 tol=1.0e-10 plane=124 roundtrip=8.180e-13 nfev=196057062 nfev_rt=196057062 nonok=0 backflow_enc=0
ORACLE hmax=4.882812e-04 tol=1.0e-10 plane=125 roundtrip=7.895e-13 nfev=197634702 nfev_rt=197634702 nonok=0 backflow_enc=0
ORACLE hmax=4.882812e-04 tol=1.0e-10 plane=126 roundtrip=7.477e-13 nfev=199212282 nfev_rt=199212282 nonok=0 backflow_enc=0
ORACLE hmax=4.882812e-04 tol=1.0e-10 plane=127 roundtrip=7.097e-13 nfev=200789826 nfev_rt=200789826 nonok=0 backflow_enc=0
ORACLE hmax=4.882812e-04 tol=1.0e-10 plane=128 roundtrip=6.735e-13 nfev=202367316 nfev_rt=202367316 nonok=0 backflow_enc=0
ORACLE_SUMMARY hmax=4.882812e-04 tol=1.0e-10 status=ok max_roundtrip=9.331e-13 non_ok=0 t_trace=356.74s t_labels=0.139s
ORACLE_LABELDIFF (hmax=4.882812e-04 tol=1.0e-08) vs primary: max|dpsi1|=5.801e-12 max|dpsi2|=5.521e-12
ORACLE_LABELDIFF (hmax=4.882812e-04 tol=1.0e-10) vs primary: max|dpsi1|=5.801e-12 max|dpsi2|=5.521e-12
CASE field=gaussian eps=0.25 N=128 cand=i1o4 | r_F=9.158e-01 its=2 | e_v=8.219e-02 e_psi=4.500e-01 e_i=(4.818e-02,3.457e-02) e_div=5.993e-04 min_c=5.810e-01 p0.1=6.228e-01 p1=6.969e-01 p5=7.910e-01 p50=9.978e-01 | t=9846.0 | e_psi1=4.429e-01 e_psi2=4.500e-01
CASE field=gaussian eps=0.25 N=128 cand=oracle_fd4 | r_F=nan its=nan | e_v=1.427e-04 e_psi=4.747e-18 e_i=(1.368e-06,1.198e-06) e_div=3.750e-06 min_c=4.943e-01 p0.1=5.184e-01 p1=5.882e-01 p5=7.055e-01 p50=9.936e-01 | t=0.0 | e_psi1=4.514e-18 e_psi2=4.747e-18
EXTRA field=gaussian eps=0.25 N=128 cand=i1o4 status=linear_failure r_F=9.158e-01 r_out=1.008e-03 | outlet c_perp-vperp_in: cand=1.008e-03 oracle_fd=9.984e-06 | inlet oblique defect (c x e1 - vperp_in x e1)/v_rms: j=0(one-sided) cand=2.932e-01 oracle_fd=7.493e-06; j=1 cand=2.527e-01 oracle_fd=5.551e-03; j=1 vs vD(j=1) cand=2.507e-01 oracle_fd=7.250e-06 | min|c|/v_rms=0.5695 min|vD|/v_rms=0.4843 e_i1=4.818e-02 e_i2=3.457e-02 | t=9846.0s | a_psi1=1.500e-02 a_psi2=9.787e-03 (FD order 4)
HISTORY field=gaussian eps=0.25 N=128 cand=i1o4 r_F: 2.05e+01 9.16e-01
HISTORY field=gaussian eps=0.25 N=128 cand=i1o4 r_out: 3.63e-02 1.01e-03
HISTORY_FULL field=gaussian eps=0.25 N=128 cand=i1o4 r_F: 2.04565334303300261e+01 9.15837036424900330e-01
HISTORY_FULL field=gaussian eps=0.25 N=128 cand=i1o4 r_out: 3.63259174182694461e-02 1.00844531856046117e-03
TIMING_SETUP stage_builds=8.757s (inside the solve phase; Newton-Krylov only = 9837.288s)
TIMING field=0.598s metrics=0.059s oracle=894.332s prepare=2.211s solve=9846.045s total=10743.273s
MEMORY peak_device_bytes=6506414080 free_min=27583315968 total_device=34089730048 workspaces_bytes=5960464391 (peak/free: cudaMemGetInfo polls before/after every phase, device-wide)
STATUS_DETAIL solver=continuation_floor oracle=ok
SUMMARY_JSON /home/sesquerre/MacroFlow3D-SF-33/docs/experiments/artifacts/2026-10-06-sf33-gpu-inlet-labels/raw/ladder_0.25_c4/N128.json
STATUS continuation_floor
